?   	github.com/zenmuharom/zenfunction/domain	[no test files]
=== RUN   TestNew
{"pid":"270102944fe1450488c8a24bb66e3184","severity":"Debug","timestamp":"2025-05-02T16:17:24+0700","caller":"assigner.go:389","message":{"title":"ReadCommand","values":{"str":"dateNow()"}}}

{"pid":"270102944fe1450488c8a24bb66e3184","severity":"Debug","timestamp":"2025-05-02T16:17:24+0700","caller":"assigner.go:500","message":{"title":"CALL dateNow: ","values":{"loop":0}}}

{"pid":"270102944fe1450488c8a24bb66e3184","severity":"Debug","timestamp":"2025-05-02T16:17:24+0700","caller":"assigner.go:945","message":{"title":"execute dateNow","values":{"loop":0,"param":""}}}

{"pid":"270102944fe1450488c8a24bb66e3184","severity":"Debug","timestamp":"2025-05-02T16:17:24+0700","caller":"dateNow.go:10","message":{"title":"DateNow","values":{"format":""}}}

{"pid":"270102944fe1450488c8a24bb66e3184","severity":"Debug","timestamp":"2025-05-02T16:17:24+0700","caller":"assigner.go:956","message":{"title":"execute dateNow","values":{"loop":0,"result":"2025-05-02T16:17:24+07:00"}}}

--- PASS: TestNew (0.00s)
PASS
ok  	github.com/zenmuharom/zenfunction	(cached)
?   	github.com/zenmuharom/zenfunction/variable	[no test files]
=== RUN   TestAddProperty
{"pid":"b44d378b3ffe4dedb820eb7da59112fa","severity":"Debug","timestamp":"2025-05-02T16:17:24+0700","caller":"assigner.go:389","message":{"title":"ReadCommand","values":{"str":"addPropertyToArray([{\"alamat\": \"JL.TEBET TIMUR DALAM III NO.15\", \"amount\": \"329400\", \"amount_bunga\": \"0\", \"amount_denda\": \"0\", \"amount_pokok\": \"329400\", \"amount_sanksi\": \"0\", \"bulan_pajak\": \"\", \"jns_pajak\": \"REKLAME\", \"kd_rek_bunga\": \"4149707001\", \"kd_rek_denda\": \"4149707002\", \"kd_rek_pokok\": \"4110801\", \"kd_rek_sanksi\": \"0\", \"kode_billing\": \"311508030804300010\", \"nama\": \"PT. JCO DONUTS   COFFE\", \"no_skpd\": \"\", \"nop\": \"311508030804300010\", \"tahun_pajak\": \"\" }, { \"alamat\": \"JL. TEBET TIMUR DALAM III/15\", \"amount\": \"292800\", \"amount_bunga\": \"0\", \"amount_denda\": \"0\", \"amount_pokok\": \"292800\", \"amount_sanksi\": \"0\", \"bulan_pajak\": \"\", \"jns_pajak\": \"REKLAME\", \"kd_rek_bunga\": \"4149707001\", \"kd_rek_denda\": \"4149707002\", \"kd_rek_pokok\": \"4110801\", \"kd_rek_sanksi\": \"0\", \"kode_billing\": \"311508030805260090\", \"nama\": \"JCO DONUTS   COFFEE\", \"no_skpd\": \"\", \"nop\": \"311508030805260090\", \"tahun_pajak\": \"\" }, { \"alamat\": \"JL.TEBET TIMUR DALAM III NO.15\", \"amount\": \"512400\", \"amount_bunga\": \"0\", \"amount_denda\": \"0\", \"amount_pokok\": \"512400\", \"amount_sanksi\": \"0\", \"bulan_pajak\": \"\", \"jns_pajak\": \"REKLAME\", \"kd_rek_bunga\": \"4149707001\", \"kd_rek_denda\": \"4149707002\", \"kd_rek_pokok\": \"4110801\", \"kd_rek_sanksi\": \"0\", \"kode_billing\": \"311508030804330016\", \"nama\": \"PT. JCO DONUTS   COFFEE\", \"no_skpd\": \"\", \"nop\": \"311508030804330016\", \"tahun_pajak\": \"\" }, { \"alamat\": \"JL. TAMAN RATU INDAH BLOK A-1/15 JAKARTA 1151\", \"amount\": \"118950\", \"amount_bunga\": \"0\", \"amount_denda\": \"0\", \"amount_pokok\": \"118950\", \"amount_sanksi\": \"0\", \"bulan_pajak\": \"\", \"jns_pajak\": \"REKLAME\", \"kd_rek_bunga\": \"4149707001\", \"kd_rek_denda\": \"4149707002\", \"kd_rek_pokok\": \"4110801\", \"kd_rek_sanksi\": \"0\", \"kode_billing\": \"311507310804270022\", \"nama\": \"TALKINDO SELAKSA ANUGRAH, PT\", \"no_skpd\": \"\", \"nop\": \"311507310804270022\", \"tahun_pajak\": \"\" }, { \"alamat\": \"JL. TEBET TIMUR DALAM III NO. 15\", \"amount\": \"291657\", \"amount_bunga\": \"0\", \"amount_denda\": \"5719\", \"amount_pokok\": \"285938\", \"amount_sanksi\": \"0\", \"bulan_pajak\": \"\", \"jns_pajak\": \"REKLAME\", \"kd_rek_bunga\": \"4149707001\", \"kd_rek_denda\": \"4149707002\", \"kd_rek_pokok\": \"4110801\", \"kd_rek_sanksi\": \"0\", \"kode_billing\": \"311508030805170070\", \"nama\": \"PT. J.CO DONUTS COFFEE\", \"no_skpd\": \"\", \"nop\": \"311508030805170070\", \"tahun_pajak\": \"\" }, { \"alamat\": \"JLN. CASABLANCA KAV. 88 MALL KOTA KASABLANKA\", \"amount\": \"714488\", \"amount_bunga\": \"0\", \"amount_denda\": \"98550\", \"amount_pokok\": \"615938\", \"amount_sanksi\": \"0\", \"bulan_pajak\": \"\", \"jns_pajak\": \"REKLAME\", \"kd_rek_bunga\": \"4149707001\", \"kd_rek_denda\": \"4149707002\", \"kd_rek_pokok\": \"4110801\", \"kd_rek_sanksi\": \"0\", \"kode_billing\": \"311509020810490002\", \"nama\": \"ROYAL PANCA PERSADA ANUGERAH,\", \"no_skpd\": \"\", \"nop\": \"311509020810490002\", \"tahun_pajak\": \"\" }, { \"alamat\": \"JL. TAMAN RATU INDAH BLOK A-1/15 JAKARTA 1151\", \"amount\": \"1363350\", \"amount_bunga\": \"0\", \"amount_denda\": \"0\", \"amount_pokok\": \"1363350\", \"amount_sanksi\": \"0\", \"bulan_pajak\": \"\", \"jns_pajak\": \"REKLAME\", \"kd_rek_bunga\": \"4149707001\", \"kd_rek_denda\": \"4149707002\", \"kd_rek_pokok\": \"4110801\", \"kd_rek_sanksi\": \"0\", \"kode_billing\": \"311507310804250018\", \"nama\": \"TALKINDO SELAKSA ANUGRAH, PT\", \"no_skpd\": \"\", \"nop\": \"311507310804250018\", \"tahun_pajak\": \"\" }, { \"alamat\": \"JLN. SULTAN ISKANDAR MUDA /\", \"amount\": \"446063\", \"amount_bunga\": \"0\", \"amount_denda\": \"0\", \"amount_pokok\": \"446063\", \"amount_sanksi\": \"0\", \"bulan_pajak\": \"\", \"jns_pajak\": \"REKLAME\", \"kd_rek_bunga\": \"4149707001\", \"kd_rek_denda\": \"4149707002\", \"kd_rek_pokok\": \"4110801\", \"kd_rek_sanksi\": \"0\", \"kode_billing\": \"311508310811230002\", \"nama\": \"JOHNNY ANDREAN\", \"no_skpd\": \"\", \"nop\": \"311508310811230002\", \"tahun_pajak\": \"\" }, { \"alamat\": \"JL.TEBET TIMUR DALAM III NO.15\", \"amount\": \"146400\", \"amount_bunga\": \"0\", \"amount_denda\": \"0\", \"amount_pokok\": \"146400\", \"amount_sanksi\": \"0\", \"bulan_pajak\": \"\", \"jns_pajak\": \"REKLAME\", \"kd_rek_bunga\": \"4149707001\", \"kd_rek_denda\": \"4149707002\", \"kd_rek_pokok\": \"4110801\", \"kd_rek_sanksi\": \"0\", \"kode_billing\": \"311508030804320014\", \"nama\": \"PT. JCO DONUTS   COFFE\", \"no_skpd\": \"\", \"nop\": \"311508030804320014\", \"tahun_pajak\": \"\" }, { \"alamat\": \"JL. TEBET TIMUR DALAM III/15\", \"amount\": \"576450\", \"amount_bunga\": \"0\", \"amount_denda\": \"0\", \"amount_pokok\": \"576450\", \"amount_sanksi\": \"0\", \"bulan_pajak\": \"\", \"jns_pajak\": \"REKLAME\", \"kd_rek_bunga\": \"4149707001\", \"kd_rek_denda\": \"4149707002\", \"kd_rek_pokok\": \"4110801\", \"kd_rek_sanksi\": \"0\", \"kode_billing\": \"311508030805220082\", \"nama\": \"JCO DONUTS   COFFEE\", \"no_skpd\": \"\", \"nop\": \"311508030805220082\", \"tahun_pajak\": \"\"}], ntb, item.randomInt(12))"}}}

{"pid":"b44d378b3ffe4dedb820eb7da59112fa","severity":"Debug","timestamp":"2025-05-02T16:17:24+0700","caller":"assigner.go:489","message":"send to coreReadCommand: \"[{\\\"alamat\\\": \\\"JL.TEBET TIMUR DALAM III NO.15\\\", \\\"amount\\\": \\\"329400\\\", \\\"amount_bunga\\\": \\\"0\\\", \\\"amount_denda\\\": \\\"0\\\", \\\"amount_pokok\\\": \\\"329400\\\", \\\"amount_sanksi\\\": \\\"0\\\", \\\"bulan_pajak\\\": \\\"\\\", \\\"jns_pajak\\\": \\\"REKLAME\\\", \\\"kd_rek_bunga\\\": \\\"4149707001\\\", \\\"kd_rek_denda\\\": \\\"4149707002\\\", \\\"kd_rek_pokok\\\": \\\"4110801\\\", \\\"kd_rek_sanksi\\\": \\\"0\\\", \\\"kode_billing\\\": \\\"311508030804300010\\\", \\\"nama\\\": \\\"PT. JCO DONUTS   COFFE\\\", \\\"no_skpd\\\": \\\"\\\", \\\"nop\\\": \\\"311508030804300010\\\", \\\"tahun_pajak\\\": \\\"\\\" }, { \\\"alamat\\\": \\\"JL. TEBET TIMUR DALAM III/15\\\", \\\"amount\\\": \\\"292800\\\", \\\"amount_bunga\\\": \\\"0\\\", \\\"amount_denda\\\": \\\"0\\\", \\\"amount_pokok\\\": \\\"292800\\\", \\\"amount_sanksi\\\": \\\"0\\\", \\\"bulan_pajak\\\": \\\"\\\", \\\"jns_pajak\\\": \\\"REKLAME\\\", \\\"kd_rek_bunga\\\": \\\"4149707001\\\", \\\"kd_rek_denda\\\": \\\"4149707002\\\", \\\"kd_rek_pokok\\\": \\\"4110801\\\", \\\"kd_rek_sanksi\\\": \\\"0\\\", \\\"kode_billing\\\": \\\"311508030805260090\\\", \\\"nama\\\": \\\"JCO DONUTS   COFFEE\\\", \\\"no_skpd\\\": \\\"\\\", \\\"nop\\\": \\\"311508030805260090\\\", \\\"tahun_pajak\\\": \\\"\\\" }, { \\\"alamat\\\": \\\"JL.TEBET TIMUR DALAM III NO.15\\\", \\\"amount\\\": \\\"512400\\\", \\\"amount_bunga\\\": \\\"0\\\", \\\"amount_denda\\\": \\\"0\\\", \\\"amount_pokok\\\": \\\"512400\\\", \\\"amount_sanksi\\\": \\\"0\\\", \\\"bulan_pajak\\\": \\\"\\\", \\\"jns_pajak\\\": \\\"REKLAME\\\", \\\"kd_rek_bunga\\\": \\\"4149707001\\\", \\\"kd_rek_denda\\\": \\\"4149707002\\\", \\\"kd_rek_pokok\\\": \\\"4110801\\\", \\\"kd_rek_sanksi\\\": \\\"0\\\", \\\"kode_billing\\\": \\\"311508030804330016\\\", \\\"nama\\\": \\\"PT. JCO DONUTS   COFFEE\\\", \\\"no_skpd\\\": \\\"\\\", \\\"nop\\\": \\\"311508030804330016\\\", \\\"tahun_pajak\\\": \\\"\\\" }, { \\\"alamat\\\": \\\"JL. TAMAN RATU INDAH BLOK A-1/15 JAKARTA 1151\\\", \\\"amount\\\": \\\"118950\\\", \\\"amount_bunga\\\": \\\"0\\\", \\\"amount_denda\\\": \\\"0\\\", \\\"amount_pokok\\\": \\\"118950\\\", \\\"amount_sanksi\\\": \\\"0\\\", \\\"bulan_pajak\\\": \\\"\\\", \\\"jns_pajak\\\": \\\"REKLAME\\\", \\\"kd_rek_bunga\\\": \\\"4149707001\\\", \\\"kd_rek_denda\\\": \\\"4149707002\\\", \\\"kd_rek_pokok\\\": \\\"4110801\\\", \\\"kd_rek_sanksi\\\": \\\"0\\\", \\\"kode_billing\\\": \\\"311507310804270022\\\", \\\"nama\\\": \\\"TALKINDO SELAKSA ANUGRAH, PT\\\", \\\"no_skpd\\\": \\\"\\\", \\\"nop\\\": \\\"311507310804270022\\\", \\\"tahun_pajak\\\": \\\"\\\" }, { \\\"alamat\\\": \\\"JL. TEBET TIMUR DALAM III NO. 15\\\", \\\"amount\\\": \\\"291657\\\", \\\"amount_bunga\\\": \\\"0\\\", \\\"amount_denda\\\": \\\"5719\\\", \\\"amount_pokok\\\": \\\"285938\\\", \\\"amount_sanksi\\\": \\\"0\\\", \\\"bulan_pajak\\\": \\\"\\\", \\\"jns_pajak\\\": \\\"REKLAME\\\", \\\"kd_rek_bunga\\\": \\\"4149707001\\\", \\\"kd_rek_denda\\\": \\\"4149707002\\\", \\\"kd_rek_pokok\\\": \\\"4110801\\\", \\\"kd_rek_sanksi\\\": \\\"0\\\", \\\"kode_billing\\\": \\\"311508030805170070\\\", \\\"nama\\\": \\\"PT. J.CO DONUTS COFFEE\\\", \\\"no_skpd\\\": \\\"\\\", \\\"nop\\\": \\\"311508030805170070\\\", \\\"tahun_pajak\\\": \\\"\\\" }, { \\\"alamat\\\": \\\"JLN. CASABLANCA KAV. 88 MALL KOTA KASABLANKA\\\", \\\"amount\\\": \\\"714488\\\", \\\"amount_bunga\\\": \\\"0\\\", \\\"amount_denda\\\": \\\"98550\\\", \\\"amount_pokok\\\": \\\"615938\\\", \\\"amount_sanksi\\\": \\\"0\\\", \\\"bulan_pajak\\\": \\\"\\\", \\\"jns_pajak\\\": \\\"REKLAME\\\", \\\"kd_rek_bunga\\\": \\\"4149707001\\\", \\\"kd_rek_denda\\\": \\\"4149707002\\\", \\\"kd_rek_pokok\\\": \\\"4110801\\\", \\\"kd_rek_sanksi\\\": \\\"0\\\", \\\"kode_billing\\\": \\\"311509020810490002\\\", \\\"nama\\\": \\\"ROYAL PANCA PERSADA ANUGERAH,\\\", \\\"no_skpd\\\": \\\"\\\", \\\"nop\\\": \\\"311509020810490002\\\", \\\"tahun_pajak\\\": \\\"\\\" }, { \\\"alamat\\\": \\\"JL. TAMAN RATU INDAH BLOK A-1/15 JAKARTA 1151\\\", \\\"amount\\\": \\\"1363350\\\", \\\"amount_bunga\\\": \\\"0\\\", \\\"amount_denda\\\": \\\"0\\\", \\\"amount_pokok\\\": \\\"1363350\\\", \\\"amount_sanksi\\\": \\\"0\\\", \\\"bulan_pajak\\\": \\\"\\\", \\\"jns_pajak\\\": \\\"REKLAME\\\", \\\"kd_rek_bunga\\\": \\\"4149707001\\\", \\\"kd_rek_denda\\\": \\\"4149707002\\\", \\\"kd_rek_pokok\\\": \\\"4110801\\\", \\\"kd_rek_sanksi\\\": \\\"0\\\", \\\"kode_billing\\\": \\\"311507310804250018\\\", \\\"nama\\\": \\\"TALKINDO SELAKSA ANUGRAH, PT\\\", \\\"no_skpd\\\": \\\"\\\", \\\"nop\\\": \\\"311507310804250018\\\", \\\"tahun_pajak\\\": \\\"\\\" }, { \\\"alamat\\\": \\\"JLN. SULTAN ISKANDAR MUDA /\\\", \\\"amount\\\": \\\"446063\\\", \\\"amount_bunga\\\": \\\"0\\\", \\\"amount_denda\\\": \\\"0\\\", \\\"amount_pokok\\\": \\\"446063\\\", \\\"amount_sanksi\\\": \\\"0\\\", \\\"bulan_pajak\\\": \\\"\\\", \\\"jns_pajak\\\": \\\"REKLAME\\\", \\\"kd_rek_bunga\\\": \\\"4149707001\\\", \\\"kd_rek_denda\\\": \\\"4149707002\\\", \\\"kd_rek_pokok\\\": \\\"4110801\\\", \\\"kd_rek_sanksi\\\": \\\"0\\\", \\\"kode_billing\\\": \\\"311508310811230002\\\", \\\"nama\\\": \\\"JOHNNY ANDREAN\\\", \\\"no_skpd\\\": \\\"\\\", \\\"nop\\\": \\\"311508310811230002\\\", \\\"tahun_pajak\\\": \\\"\\\" }, { \\\"alamat\\\": \\\"JL.TEBET TIMUR DALAM III NO.15\\\", \\\"amount\\\": \\\"146400\\\", \\\"amount_bunga\\\": \\\"0\\\", \\\"amount_denda\\\": \\\"0\\\", \\\"amount_pokok\\\": \\\"146400\\\", \\\"amount_sanksi\\\": \\\"0\\\", \\\"bulan_pajak\\\": \\\"\\\", \\\"jns_pajak\\\": \\\"REKLAME\\\", \\\"kd_rek_bunga\\\": \\\"4149707001\\\", \\\"kd_rek_denda\\\": \\\"4149707002\\\", \\\"kd_rek_pokok\\\": \\\"4110801\\\", \\\"kd_rek_sanksi\\\": \\\"0\\\", \\\"kode_billing\\\": \\\"311508030804320014\\\", \\\"nama\\\": \\\"PT. JCO DONUTS   COFFE\\\", \\\"no_skpd\\\": \\\"\\\", \\\"nop\\\": \\\"311508030804320014\\\", \\\"tahun_pajak\\\": \\\"\\\" }, { \\\"alamat\\\": \\\"JL. TEBET TIMUR DALAM III/15\\\", \\\"amount\\\": \\\"576450\\\", \\\"amount_bunga\\\": \\\"0\\\", \\\"amount_denda\\\": \\\"0\\\", \\\"amount_pokok\\\": \\\"576450\\\", \\\"amount_sanksi\\\": \\\"0\\\", \\\"bulan_pajak\\\": \\\"\\\", \\\"jns_pajak\\\": \\\"REKLAME\\\", \\\"kd_rek_bunga\\\": \\\"4149707001\\\", \\\"kd_rek_denda\\\": \\\"4149707002\\\", \\\"kd_rek_pokok\\\": \\\"4110801\\\", \\\"kd_rek_sanksi\\\": \\\"0\\\", \\\"kode_billing\\\": \\\"311508030805220082\\\", \\\"nama\\\": \\\"JCO DONUTS   COFFEE\\\", \\\"no_skpd\\\": \\\"\\\", \\\"nop\\\": \\\"311508030805220082\\\", \\\"tahun_pajak\\\": \\\"\\\"}], ntb, item.randomInt(12)\""}

{"pid":"b44d378b3ffe4dedb820eb7da59112fa","severity":"Debug","timestamp":"2025-05-02T16:17:24+0700","caller":"assigner.go:389","message":{"title":"ReadCommand","values":{"str":"[{\"alamat\": \"JL.TEBET TIMUR DALAM III NO.15\", \"amount\": \"329400\", \"amount_bunga\": \"0\", \"amount_denda\": \"0\", \"amount_pokok\": \"329400\", \"amount_sanksi\": \"0\", \"bulan_pajak\": \"\", \"jns_pajak\": \"REKLAME\", \"kd_rek_bunga\": \"4149707001\", \"kd_rek_denda\": \"4149707002\", \"kd_rek_pokok\": \"4110801\", \"kd_rek_sanksi\": \"0\", \"kode_billing\": \"311508030804300010\", \"nama\": \"PT. JCO DONUTS   COFFE\", \"no_skpd\": \"\", \"nop\": \"311508030804300010\", \"tahun_pajak\": \"\" }, { \"alamat\": \"JL. TEBET TIMUR DALAM III/15\", \"amount\": \"292800\", \"amount_bunga\": \"0\", \"amount_denda\": \"0\", \"amount_pokok\": \"292800\", \"amount_sanksi\": \"0\", \"bulan_pajak\": \"\", \"jns_pajak\": \"REKLAME\", \"kd_rek_bunga\": \"4149707001\", \"kd_rek_denda\": \"4149707002\", \"kd_rek_pokok\": \"4110801\", \"kd_rek_sanksi\": \"0\", \"kode_billing\": \"311508030805260090\", \"nama\": \"JCO DONUTS   COFFEE\", \"no_skpd\": \"\", \"nop\": \"311508030805260090\", \"tahun_pajak\": \"\" }, { \"alamat\": \"JL.TEBET TIMUR DALAM III NO.15\", \"amount\": \"512400\", \"amount_bunga\": \"0\", \"amount_denda\": \"0\", \"amount_pokok\": \"512400\", \"amount_sanksi\": \"0\", \"bulan_pajak\": \"\", \"jns_pajak\": \"REKLAME\", \"kd_rek_bunga\": \"4149707001\", \"kd_rek_denda\": \"4149707002\", \"kd_rek_pokok\": \"4110801\", \"kd_rek_sanksi\": \"0\", \"kode_billing\": \"311508030804330016\", \"nama\": \"PT. JCO DONUTS   COFFEE\", \"no_skpd\": \"\", \"nop\": \"311508030804330016\", \"tahun_pajak\": \"\" }, { \"alamat\": \"JL. TAMAN RATU INDAH BLOK A-1/15 JAKARTA 1151\", \"amount\": \"118950\", \"amount_bunga\": \"0\", \"amount_denda\": \"0\", \"amount_pokok\": \"118950\", \"amount_sanksi\": \"0\", \"bulan_pajak\": \"\", \"jns_pajak\": \"REKLAME\", \"kd_rek_bunga\": \"4149707001\", \"kd_rek_denda\": \"4149707002\", \"kd_rek_pokok\": \"4110801\", \"kd_rek_sanksi\": \"0\", \"kode_billing\": \"311507310804270022\", \"nama\": \"TALKINDO SELAKSA ANUGRAH, PT\", \"no_skpd\": \"\", \"nop\": \"311507310804270022\", \"tahun_pajak\": \"\" }, { \"alamat\": \"JL. TEBET TIMUR DALAM III NO. 15\", \"amount\": \"291657\", \"amount_bunga\": \"0\", \"amount_denda\": \"5719\", \"amount_pokok\": \"285938\", \"amount_sanksi\": \"0\", \"bulan_pajak\": \"\", \"jns_pajak\": \"REKLAME\", \"kd_rek_bunga\": \"4149707001\", \"kd_rek_denda\": \"4149707002\", \"kd_rek_pokok\": \"4110801\", \"kd_rek_sanksi\": \"0\", \"kode_billing\": \"311508030805170070\", \"nama\": \"PT. J.CO DONUTS COFFEE\", \"no_skpd\": \"\", \"nop\": \"311508030805170070\", \"tahun_pajak\": \"\" }, { \"alamat\": \"JLN. CASABLANCA KAV. 88 MALL KOTA KASABLANKA\", \"amount\": \"714488\", \"amount_bunga\": \"0\", \"amount_denda\": \"98550\", \"amount_pokok\": \"615938\", \"amount_sanksi\": \"0\", \"bulan_pajak\": \"\", \"jns_pajak\": \"REKLAME\", \"kd_rek_bunga\": \"4149707001\", \"kd_rek_denda\": \"4149707002\", \"kd_rek_pokok\": \"4110801\", \"kd_rek_sanksi\": \"0\", \"kode_billing\": \"311509020810490002\", \"nama\": \"ROYAL PANCA PERSADA ANUGERAH,\", \"no_skpd\": \"\", \"nop\": \"311509020810490002\", \"tahun_pajak\": \"\" }, { \"alamat\": \"JL. TAMAN RATU INDAH BLOK A-1/15 JAKARTA 1151\", \"amount\": \"1363350\", \"amount_bunga\": \"0\", \"amount_denda\": \"0\", \"amount_pokok\": \"1363350\", \"amount_sanksi\": \"0\", \"bulan_pajak\": \"\", \"jns_pajak\": \"REKLAME\", \"kd_rek_bunga\": \"4149707001\", \"kd_rek_denda\": \"4149707002\", \"kd_rek_pokok\": \"4110801\", \"kd_rek_sanksi\": \"0\", \"kode_billing\": \"311507310804250018\", \"nama\": \"TALKINDO SELAKSA ANUGRAH, PT\", \"no_skpd\": \"\", \"nop\": \"311507310804250018\", \"tahun_pajak\": \"\" }, { \"alamat\": \"JLN. SULTAN ISKANDAR MUDA /\", \"amount\": \"446063\", \"amount_bunga\": \"0\", \"amount_denda\": \"0\", \"amount_pokok\": \"446063\", \"amount_sanksi\": \"0\", \"bulan_pajak\": \"\", \"jns_pajak\": \"REKLAME\", \"kd_rek_bunga\": \"4149707001\", \"kd_rek_denda\": \"4149707002\", \"kd_rek_pokok\": \"4110801\", \"kd_rek_sanksi\": \"0\", \"kode_billing\": \"311508310811230002\", \"nama\": \"JOHNNY ANDREAN\", \"no_skpd\": \"\", \"nop\": \"311508310811230002\", \"tahun_pajak\": \"\" }, { \"alamat\": \"JL.TEBET TIMUR DALAM III NO.15\", \"amount\": \"146400\", \"amount_bunga\": \"0\", \"amount_denda\": \"0\", \"amount_pokok\": \"146400\", \"amount_sanksi\": \"0\", \"bulan_pajak\": \"\", \"jns_pajak\": \"REKLAME\", \"kd_rek_bunga\": \"4149707001\", \"kd_rek_denda\": \"4149707002\", \"kd_rek_pokok\": \"4110801\", \"kd_rek_sanksi\": \"0\", \"kode_billing\": \"311508030804320014\", \"nama\": \"PT. JCO DONUTS   COFFE\", \"no_skpd\": \"\", \"nop\": \"311508030804320014\", \"tahun_pajak\": \"\" }, { \"alamat\": \"JL. TEBET TIMUR DALAM III/15\", \"amount\": \"576450\", \"amount_bunga\": \"0\", \"amount_denda\": \"0\", \"amount_pokok\": \"576450\", \"amount_sanksi\": \"0\", \"bulan_pajak\": \"\", \"jns_pajak\": \"REKLAME\", \"kd_rek_bunga\": \"4149707001\", \"kd_rek_denda\": \"4149707002\", \"kd_rek_pokok\": \"4110801\", \"kd_rek_sanksi\": \"0\", \"kode_billing\": \"311508030805220082\", \"nama\": \"JCO DONUTS   COFFEE\", \"no_skpd\": \"\", \"nop\": \"311508030805220082\", \"tahun_pajak\": \"\"}], ntb, item.randomInt(12)"}}}

{"pid":"b44d378b3ffe4dedb820eb7da59112fa","severity":"Debug","timestamp":"2025-05-02T16:17:24+0700","caller":"assigner.go:496","message":"subArg: [{\"alamat\": \"JL.TEBET TIMUR DALAM III NO.15\", \"amount\": \"329400\", \"amount_bunga\": \"0\", \"amount_denda\": \"0\", \"amount_pokok\": \"329400\", \"amount_sanksi\": \"0\", \"bulan_pajak\": \"\", \"jns_pajak\": \"REKLAME\", \"kd_rek_bunga\": \"4149707001\", \"kd_rek_denda\": \"4149707002\", \"kd_rek_pokok\": \"4110801\", \"kd_rek_sanksi\": \"0\", \"kode_billing\": \"311508030804300010\", \"nama\": \"PT. JCO DONUTS   COFFE\", \"no_skpd\": \"\", \"nop\": \"311508030804300010\", \"tahun_pajak\": \"\" }, { \"alamat\": \"JL. TEBET TIMUR DALAM III/15\", \"amount\": \"292800\", \"amount_bunga\": \"0\", \"amount_denda\": \"0\", \"amount_pokok\": \"292800\", \"amount_sanksi\": \"0\", \"bulan_pajak\": \"\", \"jns_pajak\": \"REKLAME\", \"kd_rek_bunga\": \"4149707001\", \"kd_rek_denda\": \"4149707002\", \"kd_rek_pokok\": \"4110801\", \"kd_rek_sanksi\": \"0\", \"kode_billing\": \"311508030805260090\", \"nama\": \"JCO DONUTS   COFFEE\", \"no_skpd\": \"\", \"nop\": \"311508030805260090\", \"tahun_pajak\": \"\" }, { \"alamat\": \"JL.TEBET TIMUR DALAM III NO.15\", \"amount\": \"512400\", \"amount_bunga\": \"0\", \"amount_denda\": \"0\", \"amount_pokok\": \"512400\", \"amount_sanksi\": \"0\", \"bulan_pajak\": \"\", \"jns_pajak\": \"REKLAME\", \"kd_rek_bunga\": \"4149707001\", \"kd_rek_denda\": \"4149707002\", \"kd_rek_pokok\": \"4110801\", \"kd_rek_sanksi\": \"0\", \"kode_billing\": \"311508030804330016\", \"nama\": \"PT. JCO DONUTS   COFFEE\", \"no_skpd\": \"\", \"nop\": \"311508030804330016\", \"tahun_pajak\": \"\" }, { \"alamat\": \"JL. TAMAN RATU INDAH BLOK A-1/15 JAKARTA 1151\", \"amount\": \"118950\", \"amount_bunga\": \"0\", \"amount_denda\": \"0\", \"amount_pokok\": \"118950\", \"amount_sanksi\": \"0\", \"bulan_pajak\": \"\", \"jns_pajak\": \"REKLAME\", \"kd_rek_bunga\": \"4149707001\", \"kd_rek_denda\": \"4149707002\", \"kd_rek_pokok\": \"4110801\", \"kd_rek_sanksi\": \"0\", \"kode_billing\": \"311507310804270022\", \"nama\": \"TALKINDO SELAKSA ANUGRAH, PT\", \"no_skpd\": \"\", \"nop\": \"311507310804270022\", \"tahun_pajak\": \"\" }, { \"alamat\": \"JL. TEBET TIMUR DALAM III NO. 15\", \"amount\": \"291657\", \"amount_bunga\": \"0\", \"amount_denda\": \"5719\", \"amount_pokok\": \"285938\", \"amount_sanksi\": \"0\", \"bulan_pajak\": \"\", \"jns_pajak\": \"REKLAME\", \"kd_rek_bunga\": \"4149707001\", \"kd_rek_denda\": \"4149707002\", \"kd_rek_pokok\": \"4110801\", \"kd_rek_sanksi\": \"0\", \"kode_billing\": \"311508030805170070\", \"nama\": \"PT. J.CO DONUTS COFFEE\", \"no_skpd\": \"\", \"nop\": \"311508030805170070\", \"tahun_pajak\": \"\" }, { \"alamat\": \"JLN. CASABLANCA KAV. 88 MALL KOTA KASABLANKA\", \"amount\": \"714488\", \"amount_bunga\": \"0\", \"amount_denda\": \"98550\", \"amount_pokok\": \"615938\", \"amount_sanksi\": \"0\", \"bulan_pajak\": \"\", \"jns_pajak\": \"REKLAME\", \"kd_rek_bunga\": \"4149707001\", \"kd_rek_denda\": \"4149707002\", \"kd_rek_pokok\": \"4110801\", \"kd_rek_sanksi\": \"0\", \"kode_billing\": \"311509020810490002\", \"nama\": \"ROYAL PANCA PERSADA ANUGERAH,\", \"no_skpd\": \"\", \"nop\": \"311509020810490002\", \"tahun_pajak\": \"\" }, { \"alamat\": \"JL. TAMAN RATU INDAH BLOK A-1/15 JAKARTA 1151\", \"amount\": \"1363350\", \"amount_bunga\": \"0\", \"amount_denda\": \"0\", \"amount_pokok\": \"1363350\", \"amount_sanksi\": \"0\", \"bulan_pajak\": \"\", \"jns_pajak\": \"REKLAME\", \"kd_rek_bunga\": \"4149707001\", \"kd_rek_denda\": \"4149707002\", \"kd_rek_pokok\": \"4110801\", \"kd_rek_sanksi\": \"0\", \"kode_billing\": \"311507310804250018\", \"nama\": \"TALKINDO SELAKSA ANUGRAH, PT\", \"no_skpd\": \"\", \"nop\": \"311507310804250018\", \"tahun_pajak\": \"\" }, { \"alamat\": \"JLN. SULTAN ISKANDAR MUDA /\", \"amount\": \"446063\", \"amount_bunga\": \"0\", \"amount_denda\": \"0\", \"amount_pokok\": \"446063\", \"amount_sanksi\": \"0\", \"bulan_pajak\": \"\", \"jns_pajak\": \"REKLAME\", \"kd_rek_bunga\": \"4149707001\", \"kd_rek_denda\": \"4149707002\", \"kd_rek_pokok\": \"4110801\", \"kd_rek_sanksi\": \"0\", \"kode_billing\": \"311508310811230002\", \"nama\": \"JOHNNY ANDREAN\", \"no_skpd\": \"\", \"nop\": \"311508310811230002\", \"tahun_pajak\": \"\" }, { \"alamat\": \"JL.TEBET TIMUR DALAM III NO.15\", \"amount\": \"146400\", \"amount_bunga\": \"0\", \"amount_denda\": \"0\", \"amount_pokok\": \"146400\", \"amount_sanksi\": \"0\", \"bulan_pajak\": \"\", \"jns_pajak\": \"REKLAME\", \"kd_rek_bunga\": \"4149707001\", \"kd_rek_denda\": \"4149707002\", \"kd_rek_pokok\": \"4110801\", \"kd_rek_sanksi\": \"0\", \"kode_billing\": \"311508030804320014\", \"nama\": \"PT. JCO DONUTS   COFFE\", \"no_skpd\": \"\", \"nop\": \"311508030804320014\", \"tahun_pajak\": \"\" }, { \"alamat\": \"JL. TEBET TIMUR DALAM III/15\", \"amount\": \"576450\", \"amount_bunga\": \"0\", \"amount_denda\": \"0\", \"amount_pokok\": \"576450\", \"amount_sanksi\": \"0\", \"bulan_pajak\": \"\", \"jns_pajak\": \"REKLAME\", \"kd_rek_bunga\": \"4149707001\", \"kd_rek_denda\": \"4149707002\", \"kd_rek_pokok\": \"4110801\", \"kd_rek_sanksi\": \"0\", \"kode_billing\": \"311508030805220082\", \"nama\": \"JCO DONUTS   COFFEE\", \"no_skpd\": \"\", \"nop\": \"311508030805220082\", \"tahun_pajak\": \"\"}], ntb, item.randomInt(12)"}

{"pid":"b44d378b3ffe4dedb820eb7da59112fa","severity":"Debug","timestamp":"2025-05-02T16:17:24+0700","caller":"assigner.go:500","message":{"title":"CALL addPropertyToArray: [{\"alamat\": \"JL.TEBET TIMUR DALAM III NO.15\", \"amount\": \"329400\", \"amount_bunga\": \"0\", \"amount_denda\": \"0\", \"amount_pokok\": \"329400\", \"amount_sanksi\": \"0\", \"bulan_pajak\": \"\", \"jns_pajak\": \"REKLAME\", \"kd_rek_bunga\": \"4149707001\", \"kd_rek_denda\": \"4149707002\", \"kd_rek_pokok\": \"4110801\", \"kd_rek_sanksi\": \"0\", \"kode_billing\": \"311508030804300010\", \"nama\": \"PT. JCO DONUTS   COFFE\", \"no_skpd\": \"\", \"nop\": \"311508030804300010\", \"tahun_pajak\": \"\" }, { \"alamat\": \"JL. TEBET TIMUR DALAM III/15\", \"amount\": \"292800\", \"amount_bunga\": \"0\", \"amount_denda\": \"0\", \"amount_pokok\": \"292800\", \"amount_sanksi\": \"0\", \"bulan_pajak\": \"\", \"jns_pajak\": \"REKLAME\", \"kd_rek_bunga\": \"4149707001\", \"kd_rek_denda\": \"4149707002\", \"kd_rek_pokok\": \"4110801\", \"kd_rek_sanksi\": \"0\", \"kode_billing\": \"311508030805260090\", \"nama\": \"JCO DONUTS   COFFEE\", \"no_skpd\": \"\", \"nop\": \"311508030805260090\", \"tahun_pajak\": \"\" }, { \"alamat\": \"JL.TEBET TIMUR DALAM III NO.15\", \"amount\": \"512400\", \"amount_bunga\": \"0\", \"amount_denda\": \"0\", \"amount_pokok\": \"512400\", \"amount_sanksi\": \"0\", \"bulan_pajak\": \"\", \"jns_pajak\": \"REKLAME\", \"kd_rek_bunga\": \"4149707001\", \"kd_rek_denda\": \"4149707002\", \"kd_rek_pokok\": \"4110801\", \"kd_rek_sanksi\": \"0\", \"kode_billing\": \"311508030804330016\", \"nama\": \"PT. JCO DONUTS   COFFEE\", \"no_skpd\": \"\", \"nop\": \"311508030804330016\", \"tahun_pajak\": \"\" }, { \"alamat\": \"JL. TAMAN RATU INDAH BLOK A-1/15 JAKARTA 1151\", \"amount\": \"118950\", \"amount_bunga\": \"0\", \"amount_denda\": \"0\", \"amount_pokok\": \"118950\", \"amount_sanksi\": \"0\", \"bulan_pajak\": \"\", \"jns_pajak\": \"REKLAME\", \"kd_rek_bunga\": \"4149707001\", \"kd_rek_denda\": \"4149707002\", \"kd_rek_pokok\": \"4110801\", \"kd_rek_sanksi\": \"0\", \"kode_billing\": \"311507310804270022\", \"nama\": \"TALKINDO SELAKSA ANUGRAH, PT\", \"no_skpd\": \"\", \"nop\": \"311507310804270022\", \"tahun_pajak\": \"\" }, { \"alamat\": \"JL. TEBET TIMUR DALAM III NO. 15\", \"amount\": \"291657\", \"amount_bunga\": \"0\", \"amount_denda\": \"5719\", \"amount_pokok\": \"285938\", \"amount_sanksi\": \"0\", \"bulan_pajak\": \"\", \"jns_pajak\": \"REKLAME\", \"kd_rek_bunga\": \"4149707001\", \"kd_rek_denda\": \"4149707002\", \"kd_rek_pokok\": \"4110801\", \"kd_rek_sanksi\": \"0\", \"kode_billing\": \"311508030805170070\", \"nama\": \"PT. J.CO DONUTS COFFEE\", \"no_skpd\": \"\", \"nop\": \"311508030805170070\", \"tahun_pajak\": \"\" }, { \"alamat\": \"JLN. CASABLANCA KAV. 88 MALL KOTA KASABLANKA\", \"amount\": \"714488\", \"amount_bunga\": \"0\", \"amount_denda\": \"98550\", \"amount_pokok\": \"615938\", \"amount_sanksi\": \"0\", \"bulan_pajak\": \"\", \"jns_pajak\": \"REKLAME\", \"kd_rek_bunga\": \"4149707001\", \"kd_rek_denda\": \"4149707002\", \"kd_rek_pokok\": \"4110801\", \"kd_rek_sanksi\": \"0\", \"kode_billing\": \"311509020810490002\", \"nama\": \"ROYAL PANCA PERSADA ANUGERAH,\", \"no_skpd\": \"\", \"nop\": \"311509020810490002\", \"tahun_pajak\": \"\" }, { \"alamat\": \"JL. TAMAN RATU INDAH BLOK A-1/15 JAKARTA 1151\", \"amount\": \"1363350\", \"amount_bunga\": \"0\", \"amount_denda\": \"0\", \"amount_pokok\": \"1363350\", \"amount_sanksi\": \"0\", \"bulan_pajak\": \"\", \"jns_pajak\": \"REKLAME\", \"kd_rek_bunga\": \"4149707001\", \"kd_rek_denda\": \"4149707002\", \"kd_rek_pokok\": \"4110801\", \"kd_rek_sanksi\": \"0\", \"kode_billing\": \"311507310804250018\", \"nama\": \"TALKINDO SELAKSA ANUGRAH, PT\", \"no_skpd\": \"\", \"nop\": \"311507310804250018\", \"tahun_pajak\": \"\" }, { \"alamat\": \"JLN. SULTAN ISKANDAR MUDA /\", \"amount\": \"446063\", \"amount_bunga\": \"0\", \"amount_denda\": \"0\", \"amount_pokok\": \"446063\", \"amount_sanksi\": \"0\", \"bulan_pajak\": \"\", \"jns_pajak\": \"REKLAME\", \"kd_rek_bunga\": \"4149707001\", \"kd_rek_denda\": \"4149707002\", \"kd_rek_pokok\": \"4110801\", \"kd_rek_sanksi\": \"0\", \"kode_billing\": \"311508310811230002\", \"nama\": \"JOHNNY ANDREAN\", \"no_skpd\": \"\", \"nop\": \"311508310811230002\", \"tahun_pajak\": \"\" }, { \"alamat\": \"JL.TEBET TIMUR DALAM III NO.15\", \"amount\": \"146400\", \"amount_bunga\": \"0\", \"amount_denda\": \"0\", \"amount_pokok\": \"146400\", \"amount_sanksi\": \"0\", \"bulan_pajak\": \"\", \"jns_pajak\": \"REKLAME\", \"kd_rek_bunga\": \"4149707001\", \"kd_rek_denda\": \"4149707002\", \"kd_rek_pokok\": \"4110801\", \"kd_rek_sanksi\": \"0\", \"kode_billing\": \"311508030804320014\", \"nama\": \"PT. JCO DONUTS   COFFE\", \"no_skpd\": \"\", \"nop\": \"311508030804320014\", \"tahun_pajak\": \"\" }, { \"alamat\": \"JL. TEBET TIMUR DALAM III/15\", \"amount\": \"576450\", \"amount_bunga\": \"0\", \"amount_denda\": \"0\", \"amount_pokok\": \"576450\", \"amount_sanksi\": \"0\", \"bulan_pajak\": \"\", \"jns_pajak\": \"REKLAME\", \"kd_rek_bunga\": \"4149707001\", \"kd_rek_denda\": \"4149707002\", \"kd_rek_pokok\": \"4110801\", \"kd_rek_sanksi\": \"0\", \"kode_billing\": \"311508030805220082\", \"nama\": \"JCO DONUTS   COFFEE\", \"no_skpd\": \"\", \"nop\": \"311508030805220082\", \"tahun_pajak\": \"\"}], ntb, item.randomInt(12)","values":{"loop":0}}}

{"pid":"b44d378b3ffe4dedb820eb7da59112fa","severity":"Debug","timestamp":"2025-05-02T16:17:24+0700","caller":"assigner.go:1181","message":{"title":"execute addPropertyToArray","values":{"loop":0,"param":"[{\"alamat\": \"JL.TEBET TIMUR DALAM III NO.15\", \"amount\": \"329400\", \"amount_bunga\": \"0\", \"amount_denda\": \"0\", \"amount_pokok\": \"329400\", \"amount_sanksi\": \"0\", \"bulan_pajak\": \"\", \"jns_pajak\": \"REKLAME\", \"kd_rek_bunga\": \"4149707001\", \"kd_rek_denda\": \"4149707002\", \"kd_rek_pokok\": \"4110801\", \"kd_rek_sanksi\": \"0\", \"kode_billing\": \"311508030804300010\", \"nama\": \"PT. JCO DONUTS   COFFE\", \"no_skpd\": \"\", \"nop\": \"311508030804300010\", \"tahun_pajak\": \"\" }, { \"alamat\": \"JL. TEBET TIMUR DALAM III/15\", \"amount\": \"292800\", \"amount_bunga\": \"0\", \"amount_denda\": \"0\", \"amount_pokok\": \"292800\", \"amount_sanksi\": \"0\", \"bulan_pajak\": \"\", \"jns_pajak\": \"REKLAME\", \"kd_rek_bunga\": \"4149707001\", \"kd_rek_denda\": \"4149707002\", \"kd_rek_pokok\": \"4110801\", \"kd_rek_sanksi\": \"0\", \"kode_billing\": \"311508030805260090\", \"nama\": \"JCO DONUTS   COFFEE\", \"no_skpd\": \"\", \"nop\": \"311508030805260090\", \"tahun_pajak\": \"\" }, { \"alamat\": \"JL.TEBET TIMUR DALAM III NO.15\", \"amount\": \"512400\", \"amount_bunga\": \"0\", \"amount_denda\": \"0\", \"amount_pokok\": \"512400\", \"amount_sanksi\": \"0\", \"bulan_pajak\": \"\", \"jns_pajak\": \"REKLAME\", \"kd_rek_bunga\": \"4149707001\", \"kd_rek_denda\": \"4149707002\", \"kd_rek_pokok\": \"4110801\", \"kd_rek_sanksi\": \"0\", \"kode_billing\": \"311508030804330016\", \"nama\": \"PT. JCO DONUTS   COFFEE\", \"no_skpd\": \"\", \"nop\": \"311508030804330016\", \"tahun_pajak\": \"\" }, { \"alamat\": \"JL. TAMAN RATU INDAH BLOK A-1/15 JAKARTA 1151\", \"amount\": \"118950\", \"amount_bunga\": \"0\", \"amount_denda\": \"0\", \"amount_pokok\": \"118950\", \"amount_sanksi\": \"0\", \"bulan_pajak\": \"\", \"jns_pajak\": \"REKLAME\", \"kd_rek_bunga\": \"4149707001\", \"kd_rek_denda\": \"4149707002\", \"kd_rek_pokok\": \"4110801\", \"kd_rek_sanksi\": \"0\", \"kode_billing\": \"311507310804270022\", \"nama\": \"TALKINDO SELAKSA ANUGRAH, PT\", \"no_skpd\": \"\", \"nop\": \"311507310804270022\", \"tahun_pajak\": \"\" }, { \"alamat\": \"JL. TEBET TIMUR DALAM III NO. 15\", \"amount\": \"291657\", \"amount_bunga\": \"0\", \"amount_denda\": \"5719\", \"amount_pokok\": \"285938\", \"amount_sanksi\": \"0\", \"bulan_pajak\": \"\", \"jns_pajak\": \"REKLAME\", \"kd_rek_bunga\": \"4149707001\", \"kd_rek_denda\": \"4149707002\", \"kd_rek_pokok\": \"4110801\", \"kd_rek_sanksi\": \"0\", \"kode_billing\": \"311508030805170070\", \"nama\": \"PT. J.CO DONUTS COFFEE\", \"no_skpd\": \"\", \"nop\": \"311508030805170070\", \"tahun_pajak\": \"\" }, { \"alamat\": \"JLN. CASABLANCA KAV. 88 MALL KOTA KASABLANKA\", \"amount\": \"714488\", \"amount_bunga\": \"0\", \"amount_denda\": \"98550\", \"amount_pokok\": \"615938\", \"amount_sanksi\": \"0\", \"bulan_pajak\": \"\", \"jns_pajak\": \"REKLAME\", \"kd_rek_bunga\": \"4149707001\", \"kd_rek_denda\": \"4149707002\", \"kd_rek_pokok\": \"4110801\", \"kd_rek_sanksi\": \"0\", \"kode_billing\": \"311509020810490002\", \"nama\": \"ROYAL PANCA PERSADA ANUGERAH,\", \"no_skpd\": \"\", \"nop\": \"311509020810490002\", \"tahun_pajak\": \"\" }, { \"alamat\": \"JL. TAMAN RATU INDAH BLOK A-1/15 JAKARTA 1151\", \"amount\": \"1363350\", \"amount_bunga\": \"0\", \"amount_denda\": \"0\", \"amount_pokok\": \"1363350\", \"amount_sanksi\": \"0\", \"bulan_pajak\": \"\", \"jns_pajak\": \"REKLAME\", \"kd_rek_bunga\": \"4149707001\", \"kd_rek_denda\": \"4149707002\", \"kd_rek_pokok\": \"4110801\", \"kd_rek_sanksi\": \"0\", \"kode_billing\": \"311507310804250018\", \"nama\": \"TALKINDO SELAKSA ANUGRAH, PT\", \"no_skpd\": \"\", \"nop\": \"311507310804250018\", \"tahun_pajak\": \"\" }, { \"alamat\": \"JLN. SULTAN ISKANDAR MUDA /\", \"amount\": \"446063\", \"amount_bunga\": \"0\", \"amount_denda\": \"0\", \"amount_pokok\": \"446063\", \"amount_sanksi\": \"0\", \"bulan_pajak\": \"\", \"jns_pajak\": \"REKLAME\", \"kd_rek_bunga\": \"4149707001\", \"kd_rek_denda\": \"4149707002\", \"kd_rek_pokok\": \"4110801\", \"kd_rek_sanksi\": \"0\", \"kode_billing\": \"311508310811230002\", \"nama\": \"JOHNNY ANDREAN\", \"no_skpd\": \"\", \"nop\": \"311508310811230002\", \"tahun_pajak\": \"\" }, { \"alamat\": \"JL.TEBET TIMUR DALAM III NO.15\", \"amount\": \"146400\", \"amount_bunga\": \"0\", \"amount_denda\": \"0\", \"amount_pokok\": \"146400\", \"amount_sanksi\": \"0\", \"bulan_pajak\": \"\", \"jns_pajak\": \"REKLAME\", \"kd_rek_bunga\": \"4149707001\", \"kd_rek_denda\": \"4149707002\", \"kd_rek_pokok\": \"4110801\", \"kd_rek_sanksi\": \"0\", \"kode_billing\": \"311508030804320014\", \"nama\": \"PT. JCO DONUTS   COFFE\", \"no_skpd\": \"\", \"nop\": \"311508030804320014\", \"tahun_pajak\": \"\" }, { \"alamat\": \"JL. TEBET TIMUR DALAM III/15\", \"amount\": \"576450\", \"amount_bunga\": \"0\", \"amount_denda\": \"0\", \"amount_pokok\": \"576450\", \"amount_sanksi\": \"0\", \"bulan_pajak\": \"\", \"jns_pajak\": \"REKLAME\", \"kd_rek_bunga\": \"4149707001\", \"kd_rek_denda\": \"4149707002\", \"kd_rek_pokok\": \"4110801\", \"kd_rek_sanksi\": \"0\", \"kode_billing\": \"311508030805220082\", \"nama\": \"JCO DONUTS   COFFEE\", \"no_skpd\": \"\", \"nop\": \"311508030805220082\", \"tahun_pajak\": \"\"}], ntb, item.randomInt(12)"}}}

{"pid":"b44d378b3ffe4dedb820eb7da59112fa","severity":"Debug","timestamp":"2025-05-02T16:17:24+0700","caller":"assigner.go:389","message":{"title":"ReadCommand","values":{"str":"randomInt(12)"}}}

{"pid":"b44d378b3ffe4dedb820eb7da59112fa","severity":"Debug","timestamp":"2025-05-02T16:17:24+0700","caller":"assigner.go:489","message":"send to coreReadCommand: \"12\""}

{"pid":"b44d378b3ffe4dedb820eb7da59112fa","severity":"Debug","timestamp":"2025-05-02T16:17:24+0700","caller":"assigner.go:389","message":{"title":"ReadCommand","values":{"str":12}}}

{"pid":"b44d378b3ffe4dedb820eb7da59112fa","severity":"Debug","timestamp":"2025-05-02T16:17:24+0700","caller":"assigner.go:496","message":"subArg: 12"}

{"pid":"b44d378b3ffe4dedb820eb7da59112fa","severity":"Debug","timestamp":"2025-05-02T16:17:24+0700","caller":"assigner.go:500","message":{"title":"CALL randomInt: 12","values":{"loop":0}}}

{"pid":"b44d378b3ffe4dedb820eb7da59112fa","severity":"Debug","timestamp":"2025-05-02T16:17:24+0700","caller":"assigner.go:884","message":{"title":"execute randomInt","values":{"loop":0,"param":12}}}

{"pid":"b44d378b3ffe4dedb820eb7da59112fa","severity":"Debug","timestamp":"2025-05-02T16:17:24+0700","caller":"randomInt.go:11","message":{"title":"RandomInt","values":{"from":0,"to":12}}}

{"pid":"b44d378b3ffe4dedb820eb7da59112fa","severity":"Debug","timestamp":"2025-05-02T16:17:24+0700","caller":"assigner.go:927","message":{"title":"execute randomInt","values":{"loop":0,"result":184439447581}}}

{"pid":"b44d378b3ffe4dedb820eb7da59112fa","severity":"Debug","timestamp":"2025-05-02T16:17:24+0700","caller":"assigner.go:389","message":{"title":"ReadCommand","values":{"str":"randomInt(12)"}}}

{"pid":"b44d378b3ffe4dedb820eb7da59112fa","severity":"Debug","timestamp":"2025-05-02T16:17:24+0700","caller":"assigner.go:489","message":"send to coreReadCommand: \"12\""}

{"pid":"b44d378b3ffe4dedb820eb7da59112fa","severity":"Debug","timestamp":"2025-05-02T16:17:24+0700","caller":"assigner.go:389","message":{"title":"ReadCommand","values":{"str":12}}}

{"pid":"b44d378b3ffe4dedb820eb7da59112fa","severity":"Debug","timestamp":"2025-05-02T16:17:24+0700","caller":"assigner.go:496","message":"subArg: 12"}

{"pid":"b44d378b3ffe4dedb820eb7da59112fa","severity":"Debug","timestamp":"2025-05-02T16:17:24+0700","caller":"assigner.go:500","message":{"title":"CALL randomInt: 12","values":{"loop":0}}}

{"pid":"b44d378b3ffe4dedb820eb7da59112fa","severity":"Debug","timestamp":"2025-05-02T16:17:24+0700","caller":"assigner.go:884","message":{"title":"execute randomInt","values":{"loop":0,"param":12}}}

{"pid":"b44d378b3ffe4dedb820eb7da59112fa","severity":"Debug","timestamp":"2025-05-02T16:17:24+0700","caller":"randomInt.go:11","message":{"title":"RandomInt","values":{"from":0,"to":12}}}

{"pid":"b44d378b3ffe4dedb820eb7da59112fa","severity":"Debug","timestamp":"2025-05-02T16:17:24+0700","caller":"assigner.go:927","message":{"title":"execute randomInt","values":{"loop":0,"result":"085360463863"}}}

{"pid":"b44d378b3ffe4dedb820eb7da59112fa","severity":"Debug","timestamp":"2025-05-02T16:17:24+0700","caller":"assigner.go:389","message":{"title":"ReadCommand","values":{"str":"randomInt(12)"}}}

{"pid":"b44d378b3ffe4dedb820eb7da59112fa","severity":"Debug","timestamp":"2025-05-02T16:17:24+0700","caller":"assigner.go:489","message":"send to coreReadCommand: \"12\""}

{"pid":"b44d378b3ffe4dedb820eb7da59112fa","severity":"Debug","timestamp":"2025-05-02T16:17:24+0700","caller":"assigner.go:389","message":{"title":"ReadCommand","values":{"str":12}}}

{"pid":"b44d378b3ffe4dedb820eb7da59112fa","severity":"Debug","timestamp":"2025-05-02T16:17:24+0700","caller":"assigner.go:496","message":"subArg: 12"}

{"pid":"b44d378b3ffe4dedb820eb7da59112fa","severity":"Debug","timestamp":"2025-05-02T16:17:24+0700","caller":"assigner.go:500","message":{"title":"CALL randomInt: 12","values":{"loop":0}}}

{"pid":"b44d378b3ffe4dedb820eb7da59112fa","severity":"Debug","timestamp":"2025-05-02T16:17:24+0700","caller":"assigner.go:884","message":{"title":"execute randomInt","values":{"loop":0,"param":12}}}

{"pid":"b44d378b3ffe4dedb820eb7da59112fa","severity":"Debug","timestamp":"2025-05-02T16:17:24+0700","caller":"randomInt.go:11","message":{"title":"RandomInt","values":{"from":0,"to":12}}}

{"pid":"b44d378b3ffe4dedb820eb7da59112fa","severity":"Debug","timestamp":"2025-05-02T16:17:24+0700","caller":"assigner.go:927","message":{"title":"execute randomInt","values":{"loop":0,"result":650651748730}}}

{"pid":"b44d378b3ffe4dedb820eb7da59112fa","severity":"Debug","timestamp":"2025-05-02T16:17:24+0700","caller":"assigner.go:389","message":{"title":"ReadCommand","values":{"str":"randomInt(12)"}}}

{"pid":"b44d378b3ffe4dedb820eb7da59112fa","severity":"Debug","timestamp":"2025-05-02T16:17:24+0700","caller":"assigner.go:489","message":"send to coreReadCommand: \"12\""}

{"pid":"b44d378b3ffe4dedb820eb7da59112fa","severity":"Debug","timestamp":"2025-05-02T16:17:24+0700","caller":"assigner.go:389","message":{"title":"ReadCommand","values":{"str":12}}}

{"pid":"b44d378b3ffe4dedb820eb7da59112fa","severity":"Debug","timestamp":"2025-05-02T16:17:24+0700","caller":"assigner.go:496","message":"subArg: 12"}

{"pid":"b44d378b3ffe4dedb820eb7da59112fa","severity":"Debug","timestamp":"2025-05-02T16:17:24+0700","caller":"assigner.go:500","message":{"title":"CALL randomInt: 12","values":{"loop":0}}}

{"pid":"b44d378b3ffe4dedb820eb7da59112fa","severity":"Debug","timestamp":"2025-05-02T16:17:24+0700","caller":"assigner.go:884","message":{"title":"execute randomInt","values":{"loop":0,"param":12}}}

{"pid":"b44d378b3ffe4dedb820eb7da59112fa","severity":"Debug","timestamp":"2025-05-02T16:17:24+0700","caller":"randomInt.go:11","message":{"title":"RandomInt","values":{"from":0,"to":12}}}

{"pid":"b44d378b3ffe4dedb820eb7da59112fa","severity":"Debug","timestamp":"2025-05-02T16:17:24+0700","caller":"assigner.go:927","message":{"title":"execute randomInt","values":{"loop":0,"result":744173446097}}}

{"pid":"b44d378b3ffe4dedb820eb7da59112fa","severity":"Debug","timestamp":"2025-05-02T16:17:24+0700","caller":"assigner.go:389","message":{"title":"ReadCommand","values":{"str":"randomInt(12)"}}}

{"pid":"b44d378b3ffe4dedb820eb7da59112fa","severity":"Debug","timestamp":"2025-05-02T16:17:24+0700","caller":"assigner.go:489","message":"send to coreReadCommand: \"12\""}

{"pid":"b44d378b3ffe4dedb820eb7da59112fa","severity":"Debug","timestamp":"2025-05-02T16:17:24+0700","caller":"assigner.go:389","message":{"title":"ReadCommand","values":{"str":12}}}

{"pid":"b44d378b3ffe4dedb820eb7da59112fa","severity":"Debug","timestamp":"2025-05-02T16:17:24+0700","caller":"assigner.go:496","message":"subArg: 12"}

{"pid":"b44d378b3ffe4dedb820eb7da59112fa","severity":"Debug","timestamp":"2025-05-02T16:17:24+0700","caller":"assigner.go:500","message":{"title":"CALL randomInt: 12","values":{"loop":0}}}

{"pid":"b44d378b3ffe4dedb820eb7da59112fa","severity":"Debug","timestamp":"2025-05-02T16:17:24+0700","caller":"assigner.go:884","message":{"title":"execute randomInt","values":{"loop":0,"param":12}}}

{"pid":"b44d378b3ffe4dedb820eb7da59112fa","severity":"Debug","timestamp":"2025-05-02T16:17:24+0700","caller":"randomInt.go:11","message":{"title":"RandomInt","values":{"from":0,"to":12}}}

{"pid":"b44d378b3ffe4dedb820eb7da59112fa","severity":"Debug","timestamp":"2025-05-02T16:17:24+0700","caller":"assigner.go:927","message":{"title":"execute randomInt","values":{"loop":0,"result":386526430468}}}

{"pid":"b44d378b3ffe4dedb820eb7da59112fa","severity":"Debug","timestamp":"2025-05-02T16:17:24+0700","caller":"assigner.go:389","message":{"title":"ReadCommand","values":{"str":"randomInt(12)"}}}

{"pid":"b44d378b3ffe4dedb820eb7da59112fa","severity":"Debug","timestamp":"2025-05-02T16:17:24+0700","caller":"assigner.go:489","message":"send to coreReadCommand: \"12\""}

{"pid":"b44d378b3ffe4dedb820eb7da59112fa","severity":"Debug","timestamp":"2025-05-02T16:17:24+0700","caller":"assigner.go:389","message":{"title":"ReadCommand","values":{"str":12}}}

{"pid":"b44d378b3ffe4dedb820eb7da59112fa","severity":"Debug","timestamp":"2025-05-02T16:17:24+0700","caller":"assigner.go:496","message":"subArg: 12"}

{"pid":"b44d378b3ffe4dedb820eb7da59112fa","severity":"Debug","timestamp":"2025-05-02T16:17:24+0700","caller":"assigner.go:500","message":{"title":"CALL randomInt: 12","values":{"loop":0}}}

{"pid":"b44d378b3ffe4dedb820eb7da59112fa","severity":"Debug","timestamp":"2025-05-02T16:17:24+0700","caller":"assigner.go:884","message":{"title":"execute randomInt","values":{"loop":0,"param":12}}}

{"pid":"b44d378b3ffe4dedb820eb7da59112fa","severity":"Debug","timestamp":"2025-05-02T16:17:24+0700","caller":"randomInt.go:11","message":{"title":"RandomInt","values":{"from":0,"to":12}}}

{"pid":"b44d378b3ffe4dedb820eb7da59112fa","severity":"Debug","timestamp":"2025-05-02T16:17:24+0700","caller":"assigner.go:927","message":{"title":"execute randomInt","values":{"loop":0,"result":634464728922}}}

{"pid":"b44d378b3ffe4dedb820eb7da59112fa","severity":"Debug","timestamp":"2025-05-02T16:17:24+0700","caller":"assigner.go:389","message":{"title":"ReadCommand","values":{"str":"randomInt(12)"}}}

{"pid":"b44d378b3ffe4dedb820eb7da59112fa","severity":"Debug","timestamp":"2025-05-02T16:17:24+0700","caller":"assigner.go:489","message":"send to coreReadCommand: \"12\""}

{"pid":"b44d378b3ffe4dedb820eb7da59112fa","severity":"Debug","timestamp":"2025-05-02T16:17:24+0700","caller":"assigner.go:389","message":{"title":"ReadCommand","values":{"str":12}}}

{"pid":"b44d378b3ffe4dedb820eb7da59112fa","severity":"Debug","timestamp":"2025-05-02T16:17:24+0700","caller":"assigner.go:496","message":"subArg: 12"}

{"pid":"b44d378b3ffe4dedb820eb7da59112fa","severity":"Debug","timestamp":"2025-05-02T16:17:24+0700","caller":"assigner.go:500","message":{"title":"CALL randomInt: 12","values":{"loop":0}}}

{"pid":"b44d378b3ffe4dedb820eb7da59112fa","severity":"Debug","timestamp":"2025-05-02T16:17:24+0700","caller":"assigner.go:884","message":{"title":"execute randomInt","values":{"loop":0,"param":12}}}

{"pid":"b44d378b3ffe4dedb820eb7da59112fa","severity":"Debug","timestamp":"2025-05-02T16:17:24+0700","caller":"randomInt.go:11","message":{"title":"RandomInt","values":{"from":0,"to":12}}}

{"pid":"b44d378b3ffe4dedb820eb7da59112fa","severity":"Debug","timestamp":"2025-05-02T16:17:24+0700","caller":"assigner.go:927","message":{"title":"execute randomInt","values":{"loop":0,"result":850572182487}}}

{"pid":"b44d378b3ffe4dedb820eb7da59112fa","severity":"Debug","timestamp":"2025-05-02T16:17:24+0700","caller":"assigner.go:389","message":{"title":"ReadCommand","values":{"str":"randomInt(12)"}}}

{"pid":"b44d378b3ffe4dedb820eb7da59112fa","severity":"Debug","timestamp":"2025-05-02T16:17:24+0700","caller":"assigner.go:489","message":"send to coreReadCommand: \"12\""}

{"pid":"b44d378b3ffe4dedb820eb7da59112fa","severity":"Debug","timestamp":"2025-05-02T16:17:24+0700","caller":"assigner.go:389","message":{"title":"ReadCommand","values":{"str":12}}}

{"pid":"b44d378b3ffe4dedb820eb7da59112fa","severity":"Debug","timestamp":"2025-05-02T16:17:24+0700","caller":"assigner.go:496","message":"subArg: 12"}

{"pid":"b44d378b3ffe4dedb820eb7da59112fa","severity":"Debug","timestamp":"2025-05-02T16:17:24+0700","caller":"assigner.go:500","message":{"title":"CALL randomInt: 12","values":{"loop":0}}}

{"pid":"b44d378b3ffe4dedb820eb7da59112fa","severity":"Debug","timestamp":"2025-05-02T16:17:24+0700","caller":"assigner.go:884","message":{"title":"execute randomInt","values":{"loop":0,"param":12}}}

{"pid":"b44d378b3ffe4dedb820eb7da59112fa","severity":"Debug","timestamp":"2025-05-02T16:17:24+0700","caller":"randomInt.go:11","message":{"title":"RandomInt","values":{"from":0,"to":12}}}

{"pid":"b44d378b3ffe4dedb820eb7da59112fa","severity":"Debug","timestamp":"2025-05-02T16:17:24+0700","caller":"assigner.go:927","message":{"title":"execute randomInt","values":{"loop":0,"result":308734760076}}}

{"pid":"b44d378b3ffe4dedb820eb7da59112fa","severity":"Debug","timestamp":"2025-05-02T16:17:24+0700","caller":"assigner.go:389","message":{"title":"ReadCommand","values":{"str":"randomInt(12)"}}}

{"pid":"b44d378b3ffe4dedb820eb7da59112fa","severity":"Debug","timestamp":"2025-05-02T16:17:24+0700","caller":"assigner.go:489","message":"send to coreReadCommand: \"12\""}

{"pid":"b44d378b3ffe4dedb820eb7da59112fa","severity":"Debug","timestamp":"2025-05-02T16:17:24+0700","caller":"assigner.go:389","message":{"title":"ReadCommand","values":{"str":12}}}

{"pid":"b44d378b3ffe4dedb820eb7da59112fa","severity":"Debug","timestamp":"2025-05-02T16:17:24+0700","caller":"assigner.go:496","message":"subArg: 12"}

{"pid":"b44d378b3ffe4dedb820eb7da59112fa","severity":"Debug","timestamp":"2025-05-02T16:17:24+0700","caller":"assigner.go:500","message":{"title":"CALL randomInt: 12","values":{"loop":0}}}

{"pid":"b44d378b3ffe4dedb820eb7da59112fa","severity":"Debug","timestamp":"2025-05-02T16:17:24+0700","caller":"assigner.go:884","message":{"title":"execute randomInt","values":{"loop":0,"param":12}}}

{"pid":"b44d378b3ffe4dedb820eb7da59112fa","severity":"Debug","timestamp":"2025-05-02T16:17:24+0700","caller":"randomInt.go:11","message":{"title":"RandomInt","values":{"from":0,"to":12}}}

{"pid":"b44d378b3ffe4dedb820eb7da59112fa","severity":"Debug","timestamp":"2025-05-02T16:17:24+0700","caller":"assigner.go:927","message":{"title":"execute randomInt","values":{"loop":0,"result":775924084637}}}

{"pid":"b44d378b3ffe4dedb820eb7da59112fa","severity":"Debug","timestamp":"2025-05-02T16:17:24+0700","caller":"assigner.go:389","message":{"title":"ReadCommand","values":{"str":"randomInt(12)"}}}

{"pid":"b44d378b3ffe4dedb820eb7da59112fa","severity":"Debug","timestamp":"2025-05-02T16:17:24+0700","caller":"assigner.go:489","message":"send to coreReadCommand: \"12\""}

{"pid":"b44d378b3ffe4dedb820eb7da59112fa","severity":"Debug","timestamp":"2025-05-02T16:17:24+0700","caller":"assigner.go:389","message":{"title":"ReadCommand","values":{"str":12}}}

{"pid":"b44d378b3ffe4dedb820eb7da59112fa","severity":"Debug","timestamp":"2025-05-02T16:17:24+0700","caller":"assigner.go:496","message":"subArg: 12"}

{"pid":"b44d378b3ffe4dedb820eb7da59112fa","severity":"Debug","timestamp":"2025-05-02T16:17:24+0700","caller":"assigner.go:500","message":{"title":"CALL randomInt: 12","values":{"loop":0}}}

{"pid":"b44d378b3ffe4dedb820eb7da59112fa","severity":"Debug","timestamp":"2025-05-02T16:17:24+0700","caller":"assigner.go:884","message":{"title":"execute randomInt","values":{"loop":0,"param":12}}}

{"pid":"b44d378b3ffe4dedb820eb7da59112fa","severity":"Debug","timestamp":"2025-05-02T16:17:24+0700","caller":"randomInt.go:11","message":{"title":"RandomInt","values":{"from":0,"to":12}}}

{"pid":"b44d378b3ffe4dedb820eb7da59112fa","severity":"Debug","timestamp":"2025-05-02T16:17:24+0700","caller":"assigner.go:927","message":{"title":"execute randomInt","values":{"loop":0,"result":469693994214}}}

{"pid":"b44d378b3ffe4dedb820eb7da59112fa","severity":"Debug","timestamp":"2025-05-02T16:17:24+0700","caller":"assigner.go:1269","message":{"title":"execute addPropertyToArray","values":{"loop":0,"result":[{"alamat":"JL.TEBET TIMUR DALAM III NO.15","amount":"329400","amount_bunga":"0","amount_denda":"0","amount_pokok":"329400","amount_sanksi":"0","bulan_pajak":"","jns_pajak":"REKLAME","kd_rek_bunga":"4149707001","kd_rek_denda":"4149707002","kd_rek_pokok":"4110801","kd_rek_sanksi":"0","kode_billing":"311508030804300010","nama":"PT. JCO DONUTS   COFFE","no_skpd":"","nop":"311508030804300010","ntb":"184439447581","tahun_pajak":""},{"alamat":"JL. TEBET TIMUR DALAM III/15","amount":"292800","amount_bunga":"0","amount_denda":"0","amount_pokok":"292800","amount_sanksi":"0","bulan_pajak":"","jns_pajak":"REKLAME","kd_rek_bunga":"4149707001","kd_rek_denda":"4149707002","kd_rek_pokok":"4110801","kd_rek_sanksi":"0","kode_billing":"311508030805260090","nama":"JCO DONUTS   COFFEE","no_skpd":"","nop":"311508030805260090","ntb":"085360463863","tahun_pajak":""},{"alamat":"JL.TEBET TIMUR DALAM III NO.15","amount":"512400","amount_bunga":"0","amount_denda":"0","amount_pokok":"512400","amount_sanksi":"0","bulan_pajak":"","jns_pajak":"REKLAME","kd_rek_bunga":"4149707001","kd_rek_denda":"4149707002","kd_rek_pokok":"4110801","kd_rek_sanksi":"0","kode_billing":"311508030804330016","nama":"PT. JCO DONUTS   COFFEE","no_skpd":"","nop":"311508030804330016","ntb":"650651748730","tahun_pajak":""},{"alamat":"JL. TAMAN RATU INDAH BLOK A-1/15 JAKARTA 1151","amount":"118950","amount_bunga":"0","amount_denda":"0","amount_pokok":"118950","amount_sanksi":"0","bulan_pajak":"","jns_pajak":"REKLAME","kd_rek_bunga":"4149707001","kd_rek_denda":"4149707002","kd_rek_pokok":"4110801","kd_rek_sanksi":"0","kode_billing":"311507310804270022","nama":"TALKINDO SELAKSA ANUGRAH, PT","no_skpd":"","nop":"311507310804270022","ntb":"744173446097","tahun_pajak":""},{"alamat":"JL. TEBET TIMUR DALAM III NO. 15","amount":"291657","amount_bunga":"0","amount_denda":"5719","amount_pokok":"285938","amount_sanksi":"0","bulan_pajak":"","jns_pajak":"REKLAME","kd_rek_bunga":"4149707001","kd_rek_denda":"4149707002","kd_rek_pokok":"4110801","kd_rek_sanksi":"0","kode_billing":"311508030805170070","nama":"PT. J.CO DONUTS COFFEE","no_skpd":"","nop":"311508030805170070","ntb":"386526430468","tahun_pajak":""},{"alamat":"JLN. CASABLANCA KAV. 88 MALL KOTA KASABLANKA","amount":"714488","amount_bunga":"0","amount_denda":"98550","amount_pokok":"615938","amount_sanksi":"0","bulan_pajak":"","jns_pajak":"REKLAME","kd_rek_bunga":"4149707001","kd_rek_denda":"4149707002","kd_rek_pokok":"4110801","kd_rek_sanksi":"0","kode_billing":"311509020810490002","nama":"ROYAL PANCA PERSADA ANUGERAH,","no_skpd":"","nop":"311509020810490002","ntb":"634464728922","tahun_pajak":""},{"alamat":"JL. TAMAN RATU INDAH BLOK A-1/15 JAKARTA 1151","amount":"1363350","amount_bunga":"0","amount_denda":"0","amount_pokok":"1363350","amount_sanksi":"0","bulan_pajak":"","jns_pajak":"REKLAME","kd_rek_bunga":"4149707001","kd_rek_denda":"4149707002","kd_rek_pokok":"4110801","kd_rek_sanksi":"0","kode_billing":"311507310804250018","nama":"TALKINDO SELAKSA ANUGRAH, PT","no_skpd":"","nop":"311507310804250018","ntb":"850572182487","tahun_pajak":""},{"alamat":"JLN. SULTAN ISKANDAR MUDA /","amount":"446063","amount_bunga":"0","amount_denda":"0","amount_pokok":"446063","amount_sanksi":"0","bulan_pajak":"","jns_pajak":"REKLAME","kd_rek_bunga":"4149707001","kd_rek_denda":"4149707002","kd_rek_pokok":"4110801","kd_rek_sanksi":"0","kode_billing":"311508310811230002","nama":"JOHNNY ANDREAN","no_skpd":"","nop":"311508310811230002","ntb":"308734760076","tahun_pajak":""},{"alamat":"JL.TEBET TIMUR DALAM III NO.15","amount":"146400","amount_bunga":"0","amount_denda":"0","amount_pokok":"146400","amount_sanksi":"0","bulan_pajak":"","jns_pajak":"REKLAME","kd_rek_bunga":"4149707001","kd_rek_denda":"4149707002","kd_rek_pokok":"4110801","kd_rek_sanksi":"0","kode_billing":"311508030804320014","nama":"PT. JCO DONUTS   COFFE","no_skpd":"","nop":"311508030804320014","ntb":"775924084637","tahun_pajak":""},{"alamat":"JL. TEBET TIMUR DALAM III/15","amount":"576450","amount_bunga":"0","amount_denda":"0","amount_pokok":"576450","amount_sanksi":"0","bulan_pajak":"","jns_pajak":"REKLAME","kd_rek_bunga":"4149707001","kd_rek_denda":"4149707002","kd_rek_pokok":"4110801","kd_rek_sanksi":"0","kode_billing":"311508030805220082","nama":"JCO DONUTS   COFFEE","no_skpd":"","nop":"311508030805220082","ntb":"469693994214","tahun_pajak":""}]}}}

[{"alamat":"JL.TEBET TIMUR DALAM III NO.15","amount":"329400","amount_bunga":"0","amount_denda":"0","amount_pokok":"329400","amount_sanksi":"0","bulan_pajak":"","jns_pajak":"REKLAME","kd_rek_bunga":"4149707001","kd_rek_denda":"4149707002","kd_rek_pokok":"4110801","kd_rek_sanksi":"0","kode_billing":"311508030804300010","nama":"PT. JCO DONUTS   COFFE","no_skpd":"","nop":"311508030804300010","ntb":"184439447581","tahun_pajak":""},{"alamat":"JL. TEBET TIMUR DALAM III/15","amount":"292800","amount_bunga":"0","amount_denda":"0","amount_pokok":"292800","amount_sanksi":"0","bulan_pajak":"","jns_pajak":"REKLAME","kd_rek_bunga":"4149707001","kd_rek_denda":"4149707002","kd_rek_pokok":"4110801","kd_rek_sanksi":"0","kode_billing":"311508030805260090","nama":"JCO DONUTS   COFFEE","no_skpd":"","nop":"311508030805260090","ntb":"085360463863","tahun_pajak":""},{"alamat":"JL.TEBET TIMUR DALAM III NO.15","amount":"512400","amount_bunga":"0","amount_denda":"0","amount_pokok":"512400","amount_sanksi":"0","bulan_pajak":"","jns_pajak":"REKLAME","kd_rek_bunga":"4149707001","kd_rek_denda":"4149707002","kd_rek_pokok":"4110801","kd_rek_sanksi":"0","kode_billing":"311508030804330016","nama":"PT. JCO DONUTS   COFFEE","no_skpd":"","nop":"311508030804330016","ntb":"650651748730","tahun_pajak":""},{"alamat":"JL. TAMAN RATU INDAH BLOK A-1/15 JAKARTA 1151","amount":"118950","amount_bunga":"0","amount_denda":"0","amount_pokok":"118950","amount_sanksi":"0","bulan_pajak":"","jns_pajak":"REKLAME","kd_rek_bunga":"4149707001","kd_rek_denda":"4149707002","kd_rek_pokok":"4110801","kd_rek_sanksi":"0","kode_billing":"311507310804270022","nama":"TALKINDO SELAKSA ANUGRAH, PT","no_skpd":"","nop":"311507310804270022","ntb":"744173446097","tahun_pajak":""},{"alamat":"JL. TEBET TIMUR DALAM III NO. 15","amount":"291657","amount_bunga":"0","amount_denda":"5719","amount_pokok":"285938","amount_sanksi":"0","bulan_pajak":"","jns_pajak":"REKLAME","kd_rek_bunga":"4149707001","kd_rek_denda":"4149707002","kd_rek_pokok":"4110801","kd_rek_sanksi":"0","kode_billing":"311508030805170070","nama":"PT. J.CO DONUTS COFFEE","no_skpd":"","nop":"311508030805170070","ntb":"386526430468","tahun_pajak":""},{"alamat":"JLN. CASABLANCA KAV. 88 MALL KOTA KASABLANKA","amount":"714488","amount_bunga":"0","amount_denda":"98550","amount_pokok":"615938","amount_sanksi":"0","bulan_pajak":"","jns_pajak":"REKLAME","kd_rek_bunga":"4149707001","kd_rek_denda":"4149707002","kd_rek_pokok":"4110801","kd_rek_sanksi":"0","kode_billing":"311509020810490002","nama":"ROYAL PANCA PERSADA ANUGERAH,","no_skpd":"","nop":"311509020810490002","ntb":"634464728922","tahun_pajak":""},{"alamat":"JL. TAMAN RATU INDAH BLOK A-1/15 JAKARTA 1151","amount":"1363350","amount_bunga":"0","amount_denda":"0","amount_pokok":"1363350","amount_sanksi":"0","bulan_pajak":"","jns_pajak":"REKLAME","kd_rek_bunga":"4149707001","kd_rek_denda":"4149707002","kd_rek_pokok":"4110801","kd_rek_sanksi":"0","kode_billing":"311507310804250018","nama":"TALKINDO SELAKSA ANUGRAH, PT","no_skpd":"","nop":"311507310804250018","ntb":"850572182487","tahun_pajak":""},{"alamat":"JLN. SULTAN ISKANDAR MUDA /","amount":"446063","amount_bunga":"0","amount_denda":"0","amount_pokok":"446063","amount_sanksi":"0","bulan_pajak":"","jns_pajak":"REKLAME","kd_rek_bunga":"4149707001","kd_rek_denda":"4149707002","kd_rek_pokok":"4110801","kd_rek_sanksi":"0","kode_billing":"311508310811230002","nama":"JOHNNY ANDREAN","no_skpd":"","nop":"311508310811230002","ntb":"308734760076","tahun_pajak":""},{"alamat":"JL.TEBET TIMUR DALAM III NO.15","amount":"146400","amount_bunga":"0","amount_denda":"0","amount_pokok":"146400","amount_sanksi":"0","bulan_pajak":"","jns_pajak":"REKLAME","kd_rek_bunga":"4149707001","kd_rek_denda":"4149707002","kd_rek_pokok":"4110801","kd_rek_sanksi":"0","kode_billing":"311508030804320014","nama":"PT. JCO DONUTS   COFFE","no_skpd":"","nop":"311508030804320014","ntb":"775924084637","tahun_pajak":""},{"alamat":"JL. TEBET TIMUR DALAM III/15","amount":"576450","amount_bunga":"0","amount_denda":"0","amount_pokok":"576450","amount_sanksi":"0","bulan_pajak":"","jns_pajak":"REKLAME","kd_rek_bunga":"4149707001","kd_rek_denda":"4149707002","kd_rek_pokok":"4110801","kd_rek_sanksi":"0","kode_billing":"311508030805220082","nama":"JCO DONUTS   COFFEE","no_skpd":"","nop":"311508030805220082","ntb":"469693994214","tahun_pajak":""}]
{"pid":"b44d378b3ffe4dedb820eb7da59112fa","severity":"Debug","timestamp":"2025-05-02T16:17:24+0700","caller":"assigner.go:389","message":{"title":"ReadCommand","values":{"str":"addPropertyToArray([{\"alamat\":\"JLN. MH. THAMRIN NO. 09 CIKOKOL TANGERANG\",\"amount\":\"5256000\",\"amount_bunga\":\"0\",\"amount_denda\":\"0\",\"amount_pokok\":\"5256000\",\"amount_sanksi\":\"0\",\"bulan_pajak\":\"\",\"jns_pajak\":\"REKLAME\",\"kd_rek_bunga\":\"4149707001\",\"kd_rek_denda\":\"4149707002\",\"kd_rek_pokok\":\"4110801\",\"kd_rek_sanksi\":\"0\",\"kode_billing\":\"312101250809030007\",\"nama\":\"SUMBER ALFARIA TRIJAYA, PT.\",\"no_skpd\":\"\",\"nop\":\"312101250809030007\",\"tahun_pajak\":\"\"},{\"alamat\":\"JL PECENONGAN NO. 67 ABC\",\"amount\":\"64209746\",\"amount_bunga\":\"0\",\"amount_denda\":\"0\",\"amount_pokok\":\"64209746\",\"amount_sanksi\":\"0\",\"bulan_pajak\":\"\",\"jns_pajak\":\"REKLAME\",\"kd_rek_bunga\":\"4149705001\",\"kd_rek_denda\":\"4149705002\",\"kd_rek_pokok\":\"4110601\",\"kd_rek_sanksi\":\"4149705003\",\"kode_billing\":\"312012040720470004\",\"nama\":\"MAGAL PECENONGAN\",\"no_skpd\":\"\",\"nop\":\"312012040720470004\",\"tahun_pajak\":\"\"},{\"alamat\":\"JL H KAMAD NO17 PAH REVOLUSI\",\"amount\":\"934597\",\"amount_bunga\":\"0\",\"amount_denda\":\"0\",\"amount_pokok\":\"934597\",\"amount_sanksi\":\"0\",\"bulan_pajak\":\"\",\"jns_pajak\":\"REKLAME\",\"kd_rek_bunga\":\"4149703001\",\"kd_rek_denda\":\"4149703002\",\"kd_rek_pokok\":\"4110401\",\"kd_rek_sanksi\":\"0\",\"kode_billing\":\"312106040418190034\",\"nama\":\"PT.BUNGKA PANCA JAYA\",\"no_skpd\":\"\",\"nop\":\"312106040418190034\",\"tahun_pajak\":\"\"},{\"alamat\":\"JATIKRAMAT RT.002/01\",\"amount\":\"4380000\",\"amount_bunga\":\"0\",\"amount_denda\":\"0\",\"amount_pokok\":\"4380000\",\"amount_sanksi\":\"0\",\"bulan_pajak\":\"\",\"jns_pajak\":\"REKLAME\",\"kd_rek_bunga\":\"4149707001\",\"kd_rek_denda\":\"4149707002\",\"kd_rek_pokok\":\"4110801\",\"kd_rek_sanksi\":\"0\",\"kode_billing\":\"312101250808420003\",\"nama\":\"ADE SARIP HIDAYAT\",\"no_skpd\":\"\",\"nop\":\"312101250808420003\",\"tahun_pajak\":\"\"},{\"alamat\":\"JL. RAYA CONDET GG ANGGREK NO. 41A\",\"amount\":\"1622500\",\"amount_bunga\":\"325000\",\"amount_denda\":\"12500\",\"amount_pokok\":\"1250000\",\"amount_sanksi\":\"35000\",\"bulan_pajak\":\"\",\"jns_pajak\":\"REKLAME\",\"kd_rek_bunga\":\"4149704001\",\"kd_rek_denda\":\"4149704002\",\"kd_rek_pokok\":\"4110514\",\"kd_rek_sanksi\":\"4149704003\",\"kode_billing\":\"312106040518120030\",\"nama\":\"RUMAH KOS H. SOETJIPTO SOEGIHA\",\"no_skpd\":\"\",\"nop\":\"312106040518120030\",\"tahun_pajak\":\"\"},{\"alamat\":\"MALL PURI INDAH\",\"amount\":\"2996448\",\"amount_bunga\":\"115248\",\"amount_denda\":\"0\",\"amount_pokok\":\"2881200\",\"amount_sanksi\":\"0\",\"bulan_pajak\":\"\",\"jns_pajak\":\"REKLAME\",\"kd_rek_bunga\":\"4149705001\",\"kd_rek_denda\":\"4149705002\",\"kd_rek_pokok\":\"4110602\",\"kd_rek_sanksi\":\"4149705003\",\"kode_billing\":\"312103250623380006\",\"nama\":\"BAKMI GM\",\"no_skpd\":\"\",\"nop\":\"312103250623380006\",\"tahun_pajak\":\"\"},{\"alamat\":\"JL ALTERNATIF BUPERTA CIBUBUR RT.005/09 CIMAN\",\"amount\":\"9102188\",\"amount_bunga\":\"0\",\"amount_denda\":\"0\",\"amount_pokok\":\"9102188\",\"amount_sanksi\":\"0\",\"bulan_pajak\":\"\",\"jns_pajak\":\"REKLAME\",\"kd_rek_bunga\":\"4149707001\",\"kd_rek_denda\":\"4149707002\",\"kd_rek_pokok\":\"4110801\",\"kd_rek_sanksi\":\"0\",\"kode_billing\":\"312101250814100019\",\"nama\":\"PT GUBUG UDANG SENTOSA\",\"no_skpd\":\"\",\"nop\":\"312101250814100019\",\"tahun_pajak\":\"\"},{\"alamat\":\"JL PECENONGAN NO. 67 ABC\",\"amount\":\"64209746\",\"amount_bunga\":\"0\",\"amount_denda\":\"0\",\"amount_pokok\":\"64209746\",\"amount_sanksi\":\"0\",\"bulan_pajak\":\"\",\"jns_pajak\":\"REKLAME\",\"kd_rek_bunga\":\"4149705001\",\"kd_rek_denda\":\"4149705002\",\"kd_rek_pokok\":\"4110601\",\"kd_rek_sanksi\":\"4149705003\",\"kode_billing\":\"312012040719220001\",\"nama\":\"MAGAL PECENONGAN\",\"no_skpd\":\"\",\"nop\":\"312012040719220001\",\"tahun_pajak\":\"\"},{\"alamat\":\"GEDUNG TITAN CENTER BLK B7/B1 JL.BOULEVARD BI\",\"amount\":\"18615000\",\"amount_bunga\":\"0\",\"amount_denda\":\"365000\",\"amount_pokok\":\"18250000\",\"amount_sanksi\":\"0\",\"bulan_pajak\":\"\",\"jns_pajak\":\"REKLAME\",\"kd_rek_bunga\":\"4149707001\",\"kd_rek_denda\":\"4149707002\",\"kd_rek_pokok\":\"4110801\",\"kd_rek_sanksi\":\"0\",\"kode_billing\":\"312101250809050008\",\"nama\":\"PT. ICI PAINT INDONESIA\",\"no_skpd\":\"\",\"nop\":\"312101250809050008\",\"tahun_pajak\":\"\"},{\"alamat\":\"SIDAMUKTI SUKAMAJU CILODONG DEPOK\",\"amount\":\"912500\",\"amount_bunga\":\"0\",\"amount_denda\":\"0\",\"amount_pokok\":\"912500\",\"amount_sanksi\":\"0\",\"bulan_pajak\":\"\",\"jns_pajak\":\"REKLAME\",\"kd_rek_bunga\":\"4149707001\",\"kd_rek_denda\":\"4149707002\",\"kd_rek_pokok\":\"4110801\",\"kd_rek_sanksi\":\"0\",\"kode_billing\":\"312101250808430005\",\"nama\":\"WANDA OLIVIA WEWENGKANG\",\"no_skpd\":\"\",\"nop\":\"312101250808430005\",\"tahun_pajak\":\"\"},{\"alamat\":\"JL. RAYA CONDET GG ANGGREK NO. 41A\",\"amount\":\"1622500\",\"amount_bunga\":\"325000\",\"amount_denda\":\"12500\",\"amount_pokok\":\"1250000\",\"amount_sanksi\":\"35000\",\"bulan_pajak\":\"\",\"jns_pajak\":\"REKLAME\",\"kd_rek_bunga\":\"4149704001\",\"kd_rek_denda\":\"4149704002\",\"kd_rek_pokok\":\"4110514\",\"kd_rek_sanksi\":\"4149704003\",\"kode_billing\":\"312106040518130031\",\"nama\":\"RUMAH KOS H. SOETJIPTO SOEGIHA\",\"no_skpd\":\"\",\"nop\":\"312106040518130031\",\"tahun_pajak\":\"\"},{\"alamat\":\"PEMUDA NO. 77\",\"amount\":\"474970\",\"amount_bunga\":\"9313\",\"amount_denda\":\"0\",\"amount_pokok\":\"465657\",\"amount_sanksi\":\"0\",\"bulan_pajak\":\"\",\"jns_pajak\":\"REKLAME\",\"kd_rek_bunga\":\"4149705001\",\"kd_rek_denda\":\"4149705002\",\"kd_rek_pokok\":\"4110602\",\"kd_rek_sanksi\":\"4149705003\",\"kode_billing\":\"312103270601210001\",\"nama\":\"LESEHAN GURAME\",\"no_skpd\":\"\",\"nop\":\"312103270601210001\",\"tahun_pajak\":\"\"},{\"alamat\":\"JL. RAYA CONDET GG ANGGREK NO. 41A\",\"amount\":\"1622500\",\"amount_bunga\":\"325000\",\"amount_denda\":\"12500\",\"amount_pokok\":\"1250000\",\"amount_sanksi\":\"35000\",\"bulan_pajak\":\"\",\"jns_pajak\":\"REKLAME\",\"kd_rek_bunga\":\"4149704001\",\"kd_rek_denda\":\"4149704002\",\"kd_rek_pokok\":\"4110514\",\"kd_rek_sanksi\":\"4149704003\",\"kode_billing\":\"312106040518140032\",\"nama\":\"RUMAH KOS H. SOETJIPTO SOEGIHA\",\"no_skpd\":\"\",\"nop\":\"312106040518140032\",\"tahun_pajak\":\"\"},{\"alamat\":\"JL PECENONGAN NO. 67 ABC\",\"amount\":\"64209746\",\"amount_bunga\":\"0\",\"amount_denda\":\"0\",\"amount_pokok\":\"64209746\",\"amount_sanksi\":\"0\",\"bulan_pajak\":\"\",\"jns_pajak\":\"REKLAME\",\"kd_rek_bunga\":\"4149705001\",\"kd_rek_denda\":\"4149705002\",\"kd_rek_pokok\":\"4110601\",\"kd_rek_sanksi\":\"4149705003\",\"kode_billing\":\"312012040719480002\",\"nama\":\"MAGAL PECENONGAN\",\"no_skpd\":\"\",\"nop\":\"312012040719480002\",\"tahun_pajak\":\"\"},{\"alamat\":\"JATIKRAMAT RT.002/01\",\"amount\":\"4380000\",\"amount_bunga\":\"0\",\"amount_denda\":\"0\",\"amount_pokok\":\"4380000\",\"amount_sanksi\":\"0\",\"bulan_pajak\":\"\",\"jns_pajak\":\"REKLAME\",\"kd_rek_bunga\":\"4149707001\",\"kd_rek_denda\":\"4149707002\",\"kd_rek_pokok\":\"4110801\",\"kd_rek_sanksi\":\"0\",\"kode_billing\":\"312101250808430004\",\"nama\":\"ADE SARIP HIDAYAT\",\"no_skpd\":\"\",\"nop\":\"312101250808430004\",\"tahun_pajak\":\"\"},{\"alamat\":\"JL PECENONGAN NO. 67 ABC\",\"amount\":\"51146664\",\"amount_bunga\":\"0\",\"amount_denda\":\"0\",\"amount_pokok\":\"51146664\",\"amount_sanksi\":\"0\",\"bulan_pajak\":\"\",\"jns_pajak\":\"REKLAME\",\"kd_rek_bunga\":\"4149705001\",\"kd_rek_denda\":\"4149705002\",\"kd_rek_pokok\":\"4110601\",\"kd_rek_sanksi\":\"4149705003\",\"kode_billing\":\"312012040720450003\",\"nama\":\"MAGAL PECENONGAN\",\"no_skpd\":\"\",\"nop\":\"312012040720450003\",\"tahun_pajak\":\"\"},{\"alamat\":\"JL. HR. RASUNA SAID KAV 1 GD MENARA IMPERIUM\",\"amount\":\"4022200\",\"amount_bunga\":\"0\",\"amount_denda\":\"154700\",\"amount_pokok\":\"3867500\",\"amount_sanksi\":\"0\",\"bulan_pajak\":\"\",\"jns_pajak\":\"REKLAME\",\"kd_rek_bunga\":\"4149707001\",\"kd_rek_denda\":\"4149707002\",\"kd_rek_pokok\":\"4110805\",\"kd_rek_sanksi\":\"0\",\"kode_billing\":\"312101250808290002\",\"nama\":\"PT AVABANINDO PERKASA (OTEGO M\",\"no_skpd\":\"\",\"nop\":\"312101250808290002\",\"tahun_pajak\":\"\"},{\"alamat\":\"JL. KEMANGGISAN NO. 9 RT.01/ 05 KEBON JERUK\",\"amount\":\"350325\",\"amount_bunga\":\"6869\",\"amount_denda\":\"0\",\"amount_pokok\":\"343456\",\"amount_sanksi\":\"0\",\"bulan_pajak\":\"\",\"jns_pajak\":\"REKLAME\",\"kd_rek_bunga\":\"4149704001\",\"kd_rek_denda\":\"4149704002\",\"kd_rek_pokok\":\"4110514\",\"kd_rek_sanksi\":\"4149704003\",\"kode_billing\":\"312103250523300004\",\"nama\":\"ROSELY SITI RUMAH KOST\",\"no_skpd\":\"\",\"nop\":\"312103250523300004\",\"tahun_pajak\":\"\"},{\"alamat\":\"JL TANAH ABANG TIMUR 16A\",\"amount\":\"37833850\",\"amount_bunga\":\"3661340\",\"amount_denda\":\"0\",\"amount_pokok\":\"34172510\",\"amount_sanksi\":\"0\",\"bulan_pajak\":\"\",\"jns_pajak\":\"REKLAME\",\"kd_rek_bunga\":\"4149713001\",\"kd_rek_denda\":\"4149713002\",\"kd_rek_pokok\":\"4111401\",\"kd_rek_sanksi\":\"4149713003\",\"kode_billing\":\"312103301308430001\",\"nama\":\"PT ELTEHA INTERNASIONAL LTD\",\"no_skpd\":\"\",\"nop\":\"312103301308430001\",\"tahun_pajak\":\"\"},{\"alamat\":\"JL. KEMANGGISAN NO. 9 RT.01/ 05 KEBON JERUK\",\"amount\":\"350325\",\"amount_bunga\":\"6869\",\"amount_denda\":\"0\",\"amount_pokok\":\"343456\",\"amount_sanksi\":\"0\",\"bulan_pajak\":\"\",\"jns_pajak\":\"REKLAME\",\"kd_rek_bunga\":\"4149704001\",\"kd_rek_denda\":\"4149704002\",\"kd_rek_pokok\":\"4110514\",\"kd_rek_sanksi\":\"4149704003\",\"kode_billing\":\"312103250523310005\",\"nama\":\"ROSELY SITI RUMAH KOST\",\"no_skpd\":\"\",\"nop\":\"312103250523310005\",\"tahun_pajak\":\"\"}], ntb, item.randomInt(12))"}}}

{"pid":"b44d378b3ffe4dedb820eb7da59112fa","severity":"Debug","timestamp":"2025-05-02T16:17:24+0700","caller":"assigner.go:489","message":"send to coreReadCommand: \"[{\\\"alamat\\\":\\\"JLN. MH. THAMRIN NO. 09 CIKOKOL TANGERANG\\\",\\\"amount\\\":\\\"5256000\\\",\\\"amount_bunga\\\":\\\"0\\\",\\\"amount_denda\\\":\\\"0\\\",\\\"amount_pokok\\\":\\\"5256000\\\",\\\"amount_sanksi\\\":\\\"0\\\",\\\"bulan_pajak\\\":\\\"\\\",\\\"jns_pajak\\\":\\\"REKLAME\\\",\\\"kd_rek_bunga\\\":\\\"4149707001\\\",\\\"kd_rek_denda\\\":\\\"4149707002\\\",\\\"kd_rek_pokok\\\":\\\"4110801\\\",\\\"kd_rek_sanksi\\\":\\\"0\\\",\\\"kode_billing\\\":\\\"312101250809030007\\\",\\\"nama\\\":\\\"SUMBER ALFARIA TRIJAYA, PT.\\\",\\\"no_skpd\\\":\\\"\\\",\\\"nop\\\":\\\"312101250809030007\\\",\\\"tahun_pajak\\\":\\\"\\\"},{\\\"alamat\\\":\\\"JL PECENONGAN NO. 67 ABC\\\",\\\"amount\\\":\\\"64209746\\\",\\\"amount_bunga\\\":\\\"0\\\",\\\"amount_denda\\\":\\\"0\\\",\\\"amount_pokok\\\":\\\"64209746\\\",\\\"amount_sanksi\\\":\\\"0\\\",\\\"bulan_pajak\\\":\\\"\\\",\\\"jns_pajak\\\":\\\"REKLAME\\\",\\\"kd_rek_bunga\\\":\\\"4149705001\\\",\\\"kd_rek_denda\\\":\\\"4149705002\\\",\\\"kd_rek_pokok\\\":\\\"4110601\\\",\\\"kd_rek_sanksi\\\":\\\"4149705003\\\",\\\"kode_billing\\\":\\\"312012040720470004\\\",\\\"nama\\\":\\\"MAGAL PECENONGAN\\\",\\\"no_skpd\\\":\\\"\\\",\\\"nop\\\":\\\"312012040720470004\\\",\\\"tahun_pajak\\\":\\\"\\\"},{\\\"alamat\\\":\\\"JL H KAMAD NO17 PAH REVOLUSI\\\",\\\"amount\\\":\\\"934597\\\",\\\"amount_bunga\\\":\\\"0\\\",\\\"amount_denda\\\":\\\"0\\\",\\\"amount_pokok\\\":\\\"934597\\\",\\\"amount_sanksi\\\":\\\"0\\\",\\\"bulan_pajak\\\":\\\"\\\",\\\"jns_pajak\\\":\\\"REKLAME\\\",\\\"kd_rek_bunga\\\":\\\"4149703001\\\",\\\"kd_rek_denda\\\":\\\"4149703002\\\",\\\"kd_rek_pokok\\\":\\\"4110401\\\",\\\"kd_rek_sanksi\\\":\\\"0\\\",\\\"kode_billing\\\":\\\"312106040418190034\\\",\\\"nama\\\":\\\"PT.BUNGKA PANCA JAYA\\\",\\\"no_skpd\\\":\\\"\\\",\\\"nop\\\":\\\"312106040418190034\\\",\\\"tahun_pajak\\\":\\\"\\\"},{\\\"alamat\\\":\\\"JATIKRAMAT RT.002/01\\\",\\\"amount\\\":\\\"4380000\\\",\\\"amount_bunga\\\":\\\"0\\\",\\\"amount_denda\\\":\\\"0\\\",\\\"amount_pokok\\\":\\\"4380000\\\",\\\"amount_sanksi\\\":\\\"0\\\",\\\"bulan_pajak\\\":\\\"\\\",\\\"jns_pajak\\\":\\\"REKLAME\\\",\\\"kd_rek_bunga\\\":\\\"4149707001\\\",\\\"kd_rek_denda\\\":\\\"4149707002\\\",\\\"kd_rek_pokok\\\":\\\"4110801\\\",\\\"kd_rek_sanksi\\\":\\\"0\\\",\\\"kode_billing\\\":\\\"312101250808420003\\\",\\\"nama\\\":\\\"ADE SARIP HIDAYAT\\\",\\\"no_skpd\\\":\\\"\\\",\\\"nop\\\":\\\"312101250808420003\\\",\\\"tahun_pajak\\\":\\\"\\\"},{\\\"alamat\\\":\\\"JL. RAYA CONDET GG ANGGREK NO. 41A\\\",\\\"amount\\\":\\\"1622500\\\",\\\"amount_bunga\\\":\\\"325000\\\",\\\"amount_denda\\\":\\\"12500\\\",\\\"amount_pokok\\\":\\\"1250000\\\",\\\"amount_sanksi\\\":\\\"35000\\\",\\\"bulan_pajak\\\":\\\"\\\",\\\"jns_pajak\\\":\\\"REKLAME\\\",\\\"kd_rek_bunga\\\":\\\"4149704001\\\",\\\"kd_rek_denda\\\":\\\"4149704002\\\",\\\"kd_rek_pokok\\\":\\\"4110514\\\",\\\"kd_rek_sanksi\\\":\\\"4149704003\\\",\\\"kode_billing\\\":\\\"312106040518120030\\\",\\\"nama\\\":\\\"RUMAH KOS H. SOETJIPTO SOEGIHA\\\",\\\"no_skpd\\\":\\\"\\\",\\\"nop\\\":\\\"312106040518120030\\\",\\\"tahun_pajak\\\":\\\"\\\"},{\\\"alamat\\\":\\\"MALL PURI INDAH\\\",\\\"amount\\\":\\\"2996448\\\",\\\"amount_bunga\\\":\\\"115248\\\",\\\"amount_denda\\\":\\\"0\\\",\\\"amount_pokok\\\":\\\"2881200\\\",\\\"amount_sanksi\\\":\\\"0\\\",\\\"bulan_pajak\\\":\\\"\\\",\\\"jns_pajak\\\":\\\"REKLAME\\\",\\\"kd_rek_bunga\\\":\\\"4149705001\\\",\\\"kd_rek_denda\\\":\\\"4149705002\\\",\\\"kd_rek_pokok\\\":\\\"4110602\\\",\\\"kd_rek_sanksi\\\":\\\"4149705003\\\",\\\"kode_billing\\\":\\\"312103250623380006\\\",\\\"nama\\\":\\\"BAKMI GM\\\",\\\"no_skpd\\\":\\\"\\\",\\\"nop\\\":\\\"312103250623380006\\\",\\\"tahun_pajak\\\":\\\"\\\"},{\\\"alamat\\\":\\\"JL ALTERNATIF BUPERTA CIBUBUR RT.005/09 CIMAN\\\",\\\"amount\\\":\\\"9102188\\\",\\\"amount_bunga\\\":\\\"0\\\",\\\"amount_denda\\\":\\\"0\\\",\\\"amount_pokok\\\":\\\"9102188\\\",\\\"amount_sanksi\\\":\\\"0\\\",\\\"bulan_pajak\\\":\\\"\\\",\\\"jns_pajak\\\":\\\"REKLAME\\\",\\\"kd_rek_bunga\\\":\\\"4149707001\\\",\\\"kd_rek_denda\\\":\\\"4149707002\\\",\\\"kd_rek_pokok\\\":\\\"4110801\\\",\\\"kd_rek_sanksi\\\":\\\"0\\\",\\\"kode_billing\\\":\\\"312101250814100019\\\",\\\"nama\\\":\\\"PT GUBUG UDANG SENTOSA\\\",\\\"no_skpd\\\":\\\"\\\",\\\"nop\\\":\\\"312101250814100019\\\",\\\"tahun_pajak\\\":\\\"\\\"},{\\\"alamat\\\":\\\"JL PECENONGAN NO. 67 ABC\\\",\\\"amount\\\":\\\"64209746\\\",\\\"amount_bunga\\\":\\\"0\\\",\\\"amount_denda\\\":\\\"0\\\",\\\"amount_pokok\\\":\\\"64209746\\\",\\\"amount_sanksi\\\":\\\"0\\\",\\\"bulan_pajak\\\":\\\"\\\",\\\"jns_pajak\\\":\\\"REKLAME\\\",\\\"kd_rek_bunga\\\":\\\"4149705001\\\",\\\"kd_rek_denda\\\":\\\"4149705002\\\",\\\"kd_rek_pokok\\\":\\\"4110601\\\",\\\"kd_rek_sanksi\\\":\\\"4149705003\\\",\\\"kode_billing\\\":\\\"312012040719220001\\\",\\\"nama\\\":\\\"MAGAL PECENONGAN\\\",\\\"no_skpd\\\":\\\"\\\",\\\"nop\\\":\\\"312012040719220001\\\",\\\"tahun_pajak\\\":\\\"\\\"},{\\\"alamat\\\":\\\"GEDUNG TITAN CENTER BLK B7/B1 JL.BOULEVARD BI\\\",\\\"amount\\\":\\\"18615000\\\",\\\"amount_bunga\\\":\\\"0\\\",\\\"amount_denda\\\":\\\"365000\\\",\\\"amount_pokok\\\":\\\"18250000\\\",\\\"amount_sanksi\\\":\\\"0\\\",\\\"bulan_pajak\\\":\\\"\\\",\\\"jns_pajak\\\":\\\"REKLAME\\\",\\\"kd_rek_bunga\\\":\\\"4149707001\\\",\\\"kd_rek_denda\\\":\\\"4149707002\\\",\\\"kd_rek_pokok\\\":\\\"4110801\\\",\\\"kd_rek_sanksi\\\":\\\"0\\\",\\\"kode_billing\\\":\\\"312101250809050008\\\",\\\"nama\\\":\\\"PT. ICI PAINT INDONESIA\\\",\\\"no_skpd\\\":\\\"\\\",\\\"nop\\\":\\\"312101250809050008\\\",\\\"tahun_pajak\\\":\\\"\\\"},{\\\"alamat\\\":\\\"SIDAMUKTI SUKAMAJU CILODONG DEPOK\\\",\\\"amount\\\":\\\"912500\\\",\\\"amount_bunga\\\":\\\"0\\\",\\\"amount_denda\\\":\\\"0\\\",\\\"amount_pokok\\\":\\\"912500\\\",\\\"amount_sanksi\\\":\\\"0\\\",\\\"bulan_pajak\\\":\\\"\\\",\\\"jns_pajak\\\":\\\"REKLAME\\\",\\\"kd_rek_bunga\\\":\\\"4149707001\\\",\\\"kd_rek_denda\\\":\\\"4149707002\\\",\\\"kd_rek_pokok\\\":\\\"4110801\\\",\\\"kd_rek_sanksi\\\":\\\"0\\\",\\\"kode_billing\\\":\\\"312101250808430005\\\",\\\"nama\\\":\\\"WANDA OLIVIA WEWENGKANG\\\",\\\"no_skpd\\\":\\\"\\\",\\\"nop\\\":\\\"312101250808430005\\\",\\\"tahun_pajak\\\":\\\"\\\"},{\\\"alamat\\\":\\\"JL. RAYA CONDET GG ANGGREK NO. 41A\\\",\\\"amount\\\":\\\"1622500\\\",\\\"amount_bunga\\\":\\\"325000\\\",\\\"amount_denda\\\":\\\"12500\\\",\\\"amount_pokok\\\":\\\"1250000\\\",\\\"amount_sanksi\\\":\\\"35000\\\",\\\"bulan_pajak\\\":\\\"\\\",\\\"jns_pajak\\\":\\\"REKLAME\\\",\\\"kd_rek_bunga\\\":\\\"4149704001\\\",\\\"kd_rek_denda\\\":\\\"4149704002\\\",\\\"kd_rek_pokok\\\":\\\"4110514\\\",\\\"kd_rek_sanksi\\\":\\\"4149704003\\\",\\\"kode_billing\\\":\\\"312106040518130031\\\",\\\"nama\\\":\\\"RUMAH KOS H. SOETJIPTO SOEGIHA\\\",\\\"no_skpd\\\":\\\"\\\",\\\"nop\\\":\\\"312106040518130031\\\",\\\"tahun_pajak\\\":\\\"\\\"},{\\\"alamat\\\":\\\"PEMUDA NO. 77\\\",\\\"amount\\\":\\\"474970\\\",\\\"amount_bunga\\\":\\\"9313\\\",\\\"amount_denda\\\":\\\"0\\\",\\\"amount_pokok\\\":\\\"465657\\\",\\\"amount_sanksi\\\":\\\"0\\\",\\\"bulan_pajak\\\":\\\"\\\",\\\"jns_pajak\\\":\\\"REKLAME\\\",\\\"kd_rek_bunga\\\":\\\"4149705001\\\",\\\"kd_rek_denda\\\":\\\"4149705002\\\",\\\"kd_rek_pokok\\\":\\\"4110602\\\",\\\"kd_rek_sanksi\\\":\\\"4149705003\\\",\\\"kode_billing\\\":\\\"312103270601210001\\\",\\\"nama\\\":\\\"LESEHAN GURAME\\\",\\\"no_skpd\\\":\\\"\\\",\\\"nop\\\":\\\"312103270601210001\\\",\\\"tahun_pajak\\\":\\\"\\\"},{\\\"alamat\\\":\\\"JL. RAYA CONDET GG ANGGREK NO. 41A\\\",\\\"amount\\\":\\\"1622500\\\",\\\"amount_bunga\\\":\\\"325000\\\",\\\"amount_denda\\\":\\\"12500\\\",\\\"amount_pokok\\\":\\\"1250000\\\",\\\"amount_sanksi\\\":\\\"35000\\\",\\\"bulan_pajak\\\":\\\"\\\",\\\"jns_pajak\\\":\\\"REKLAME\\\",\\\"kd_rek_bunga\\\":\\\"4149704001\\\",\\\"kd_rek_denda\\\":\\\"4149704002\\\",\\\"kd_rek_pokok\\\":\\\"4110514\\\",\\\"kd_rek_sanksi\\\":\\\"4149704003\\\",\\\"kode_billing\\\":\\\"312106040518140032\\\",\\\"nama\\\":\\\"RUMAH KOS H. SOETJIPTO SOEGIHA\\\",\\\"no_skpd\\\":\\\"\\\",\\\"nop\\\":\\\"312106040518140032\\\",\\\"tahun_pajak\\\":\\\"\\\"},{\\\"alamat\\\":\\\"JL PECENONGAN NO. 67 ABC\\\",\\\"amount\\\":\\\"64209746\\\",\\\"amount_bunga\\\":\\\"0\\\",\\\"amount_denda\\\":\\\"0\\\",\\\"amount_pokok\\\":\\\"64209746\\\",\\\"amount_sanksi\\\":\\\"0\\\",\\\"bulan_pajak\\\":\\\"\\\",\\\"jns_pajak\\\":\\\"REKLAME\\\",\\\"kd_rek_bunga\\\":\\\"4149705001\\\",\\\"kd_rek_denda\\\":\\\"4149705002\\\",\\\"kd_rek_pokok\\\":\\\"4110601\\\",\\\"kd_rek_sanksi\\\":\\\"4149705003\\\",\\\"kode_billing\\\":\\\"312012040719480002\\\",\\\"nama\\\":\\\"MAGAL PECENONGAN\\\",\\\"no_skpd\\\":\\\"\\\",\\\"nop\\\":\\\"312012040719480002\\\",\\\"tahun_pajak\\\":\\\"\\\"},{\\\"alamat\\\":\\\"JATIKRAMAT RT.002/01\\\",\\\"amount\\\":\\\"4380000\\\",\\\"amount_bunga\\\":\\\"0\\\",\\\"amount_denda\\\":\\\"0\\\",\\\"amount_pokok\\\":\\\"4380000\\\",\\\"amount_sanksi\\\":\\\"0\\\",\\\"bulan_pajak\\\":\\\"\\\",\\\"jns_pajak\\\":\\\"REKLAME\\\",\\\"kd_rek_bunga\\\":\\\"4149707001\\\",\\\"kd_rek_denda\\\":\\\"4149707002\\\",\\\"kd_rek_pokok\\\":\\\"4110801\\\",\\\"kd_rek_sanksi\\\":\\\"0\\\",\\\"kode_billing\\\":\\\"312101250808430004\\\",\\\"nama\\\":\\\"ADE SARIP HIDAYAT\\\",\\\"no_skpd\\\":\\\"\\\",\\\"nop\\\":\\\"312101250808430004\\\",\\\"tahun_pajak\\\":\\\"\\\"},{\\\"alamat\\\":\\\"JL PECENONGAN NO. 67 ABC\\\",\\\"amount\\\":\\\"51146664\\\",\\\"amount_bunga\\\":\\\"0\\\",\\\"amount_denda\\\":\\\"0\\\",\\\"amount_pokok\\\":\\\"51146664\\\",\\\"amount_sanksi\\\":\\\"0\\\",\\\"bulan_pajak\\\":\\\"\\\",\\\"jns_pajak\\\":\\\"REKLAME\\\",\\\"kd_rek_bunga\\\":\\\"4149705001\\\",\\\"kd_rek_denda\\\":\\\"4149705002\\\",\\\"kd_rek_pokok\\\":\\\"4110601\\\",\\\"kd_rek_sanksi\\\":\\\"4149705003\\\",\\\"kode_billing\\\":\\\"312012040720450003\\\",\\\"nama\\\":\\\"MAGAL PECENONGAN\\\",\\\"no_skpd\\\":\\\"\\\",\\\"nop\\\":\\\"312012040720450003\\\",\\\"tahun_pajak\\\":\\\"\\\"},{\\\"alamat\\\":\\\"JL. HR. RASUNA SAID KAV 1 GD MENARA IMPERIUM\\\",\\\"amount\\\":\\\"4022200\\\",\\\"amount_bunga\\\":\\\"0\\\",\\\"amount_denda\\\":\\\"154700\\\",\\\"amount_pokok\\\":\\\"3867500\\\",\\\"amount_sanksi\\\":\\\"0\\\",\\\"bulan_pajak\\\":\\\"\\\",\\\"jns_pajak\\\":\\\"REKLAME\\\",\\\"kd_rek_bunga\\\":\\\"4149707001\\\",\\\"kd_rek_denda\\\":\\\"4149707002\\\",\\\"kd_rek_pokok\\\":\\\"4110805\\\",\\\"kd_rek_sanksi\\\":\\\"0\\\",\\\"kode_billing\\\":\\\"312101250808290002\\\",\\\"nama\\\":\\\"PT AVABANINDO PERKASA (OTEGO M\\\",\\\"no_skpd\\\":\\\"\\\",\\\"nop\\\":\\\"312101250808290002\\\",\\\"tahun_pajak\\\":\\\"\\\"},{\\\"alamat\\\":\\\"JL. KEMANGGISAN NO. 9 RT.01/ 05 KEBON JERUK\\\",\\\"amount\\\":\\\"350325\\\",\\\"amount_bunga\\\":\\\"6869\\\",\\\"amount_denda\\\":\\\"0\\\",\\\"amount_pokok\\\":\\\"343456\\\",\\\"amount_sanksi\\\":\\\"0\\\",\\\"bulan_pajak\\\":\\\"\\\",\\\"jns_pajak\\\":\\\"REKLAME\\\",\\\"kd_rek_bunga\\\":\\\"4149704001\\\",\\\"kd_rek_denda\\\":\\\"4149704002\\\",\\\"kd_rek_pokok\\\":\\\"4110514\\\",\\\"kd_rek_sanksi\\\":\\\"4149704003\\\",\\\"kode_billing\\\":\\\"312103250523300004\\\",\\\"nama\\\":\\\"ROSELY SITI RUMAH KOST\\\",\\\"no_skpd\\\":\\\"\\\",\\\"nop\\\":\\\"312103250523300004\\\",\\\"tahun_pajak\\\":\\\"\\\"},{\\\"alamat\\\":\\\"JL TANAH ABANG TIMUR 16A\\\",\\\"amount\\\":\\\"37833850\\\",\\\"amount_bunga\\\":\\\"3661340\\\",\\\"amount_denda\\\":\\\"0\\\",\\\"amount_pokok\\\":\\\"34172510\\\",\\\"amount_sanksi\\\":\\\"0\\\",\\\"bulan_pajak\\\":\\\"\\\",\\\"jns_pajak\\\":\\\"REKLAME\\\",\\\"kd_rek_bunga\\\":\\\"4149713001\\\",\\\"kd_rek_denda\\\":\\\"4149713002\\\",\\\"kd_rek_pokok\\\":\\\"4111401\\\",\\\"kd_rek_sanksi\\\":\\\"4149713003\\\",\\\"kode_billing\\\":\\\"312103301308430001\\\",\\\"nama\\\":\\\"PT ELTEHA INTERNASIONAL LTD\\\",\\\"no_skpd\\\":\\\"\\\",\\\"nop\\\":\\\"312103301308430001\\\",\\\"tahun_pajak\\\":\\\"\\\"},{\\\"alamat\\\":\\\"JL. KEMANGGISAN NO. 9 RT.01/ 05 KEBON JERUK\\\",\\\"amount\\\":\\\"350325\\\",\\\"amount_bunga\\\":\\\"6869\\\",\\\"amount_denda\\\":\\\"0\\\",\\\"amount_pokok\\\":\\\"343456\\\",\\\"amount_sanksi\\\":\\\"0\\\",\\\"bulan_pajak\\\":\\\"\\\",\\\"jns_pajak\\\":\\\"REKLAME\\\",\\\"kd_rek_bunga\\\":\\\"4149704001\\\",\\\"kd_rek_denda\\\":\\\"4149704002\\\",\\\"kd_rek_pokok\\\":\\\"4110514\\\",\\\"kd_rek_sanksi\\\":\\\"4149704003\\\",\\\"kode_billing\\\":\\\"312103250523310005\\\",\\\"nama\\\":\\\"ROSELY SITI RUMAH KOST\\\",\\\"no_skpd\\\":\\\"\\\",\\\"nop\\\":\\\"312103250523310005\\\",\\\"tahun_pajak\\\":\\\"\\\"}], ntb, item.randomInt(12)\""}

{"pid":"b44d378b3ffe4dedb820eb7da59112fa","severity":"Debug","timestamp":"2025-05-02T16:17:24+0700","caller":"assigner.go:389","message":{"title":"ReadCommand","values":{"str":"[{\"alamat\":\"JLN. MH. THAMRIN NO. 09 CIKOKOL TANGERANG\",\"amount\":\"5256000\",\"amount_bunga\":\"0\",\"amount_denda\":\"0\",\"amount_pokok\":\"5256000\",\"amount_sanksi\":\"0\",\"bulan_pajak\":\"\",\"jns_pajak\":\"REKLAME\",\"kd_rek_bunga\":\"4149707001\",\"kd_rek_denda\":\"4149707002\",\"kd_rek_pokok\":\"4110801\",\"kd_rek_sanksi\":\"0\",\"kode_billing\":\"312101250809030007\",\"nama\":\"SUMBER ALFARIA TRIJAYA, PT.\",\"no_skpd\":\"\",\"nop\":\"312101250809030007\",\"tahun_pajak\":\"\"},{\"alamat\":\"JL PECENONGAN NO. 67 ABC\",\"amount\":\"64209746\",\"amount_bunga\":\"0\",\"amount_denda\":\"0\",\"amount_pokok\":\"64209746\",\"amount_sanksi\":\"0\",\"bulan_pajak\":\"\",\"jns_pajak\":\"REKLAME\",\"kd_rek_bunga\":\"4149705001\",\"kd_rek_denda\":\"4149705002\",\"kd_rek_pokok\":\"4110601\",\"kd_rek_sanksi\":\"4149705003\",\"kode_billing\":\"312012040720470004\",\"nama\":\"MAGAL PECENONGAN\",\"no_skpd\":\"\",\"nop\":\"312012040720470004\",\"tahun_pajak\":\"\"},{\"alamat\":\"JL H KAMAD NO17 PAH REVOLUSI\",\"amount\":\"934597\",\"amount_bunga\":\"0\",\"amount_denda\":\"0\",\"amount_pokok\":\"934597\",\"amount_sanksi\":\"0\",\"bulan_pajak\":\"\",\"jns_pajak\":\"REKLAME\",\"kd_rek_bunga\":\"4149703001\",\"kd_rek_denda\":\"4149703002\",\"kd_rek_pokok\":\"4110401\",\"kd_rek_sanksi\":\"0\",\"kode_billing\":\"312106040418190034\",\"nama\":\"PT.BUNGKA PANCA JAYA\",\"no_skpd\":\"\",\"nop\":\"312106040418190034\",\"tahun_pajak\":\"\"},{\"alamat\":\"JATIKRAMAT RT.002/01\",\"amount\":\"4380000\",\"amount_bunga\":\"0\",\"amount_denda\":\"0\",\"amount_pokok\":\"4380000\",\"amount_sanksi\":\"0\",\"bulan_pajak\":\"\",\"jns_pajak\":\"REKLAME\",\"kd_rek_bunga\":\"4149707001\",\"kd_rek_denda\":\"4149707002\",\"kd_rek_pokok\":\"4110801\",\"kd_rek_sanksi\":\"0\",\"kode_billing\":\"312101250808420003\",\"nama\":\"ADE SARIP HIDAYAT\",\"no_skpd\":\"\",\"nop\":\"312101250808420003\",\"tahun_pajak\":\"\"},{\"alamat\":\"JL. RAYA CONDET GG ANGGREK NO. 41A\",\"amount\":\"1622500\",\"amount_bunga\":\"325000\",\"amount_denda\":\"12500\",\"amount_pokok\":\"1250000\",\"amount_sanksi\":\"35000\",\"bulan_pajak\":\"\",\"jns_pajak\":\"REKLAME\",\"kd_rek_bunga\":\"4149704001\",\"kd_rek_denda\":\"4149704002\",\"kd_rek_pokok\":\"4110514\",\"kd_rek_sanksi\":\"4149704003\",\"kode_billing\":\"312106040518120030\",\"nama\":\"RUMAH KOS H. SOETJIPTO SOEGIHA\",\"no_skpd\":\"\",\"nop\":\"312106040518120030\",\"tahun_pajak\":\"\"},{\"alamat\":\"MALL PURI INDAH\",\"amount\":\"2996448\",\"amount_bunga\":\"115248\",\"amount_denda\":\"0\",\"amount_pokok\":\"2881200\",\"amount_sanksi\":\"0\",\"bulan_pajak\":\"\",\"jns_pajak\":\"REKLAME\",\"kd_rek_bunga\":\"4149705001\",\"kd_rek_denda\":\"4149705002\",\"kd_rek_pokok\":\"4110602\",\"kd_rek_sanksi\":\"4149705003\",\"kode_billing\":\"312103250623380006\",\"nama\":\"BAKMI GM\",\"no_skpd\":\"\",\"nop\":\"312103250623380006\",\"tahun_pajak\":\"\"},{\"alamat\":\"JL ALTERNATIF BUPERTA CIBUBUR RT.005/09 CIMAN\",\"amount\":\"9102188\",\"amount_bunga\":\"0\",\"amount_denda\":\"0\",\"amount_pokok\":\"9102188\",\"amount_sanksi\":\"0\",\"bulan_pajak\":\"\",\"jns_pajak\":\"REKLAME\",\"kd_rek_bunga\":\"4149707001\",\"kd_rek_denda\":\"4149707002\",\"kd_rek_pokok\":\"4110801\",\"kd_rek_sanksi\":\"0\",\"kode_billing\":\"312101250814100019\",\"nama\":\"PT GUBUG UDANG SENTOSA\",\"no_skpd\":\"\",\"nop\":\"312101250814100019\",\"tahun_pajak\":\"\"},{\"alamat\":\"JL PECENONGAN NO. 67 ABC\",\"amount\":\"64209746\",\"amount_bunga\":\"0\",\"amount_denda\":\"0\",\"amount_pokok\":\"64209746\",\"amount_sanksi\":\"0\",\"bulan_pajak\":\"\",\"jns_pajak\":\"REKLAME\",\"kd_rek_bunga\":\"4149705001\",\"kd_rek_denda\":\"4149705002\",\"kd_rek_pokok\":\"4110601\",\"kd_rek_sanksi\":\"4149705003\",\"kode_billing\":\"312012040719220001\",\"nama\":\"MAGAL PECENONGAN\",\"no_skpd\":\"\",\"nop\":\"312012040719220001\",\"tahun_pajak\":\"\"},{\"alamat\":\"GEDUNG TITAN CENTER BLK B7/B1 JL.BOULEVARD BI\",\"amount\":\"18615000\",\"amount_bunga\":\"0\",\"amount_denda\":\"365000\",\"amount_pokok\":\"18250000\",\"amount_sanksi\":\"0\",\"bulan_pajak\":\"\",\"jns_pajak\":\"REKLAME\",\"kd_rek_bunga\":\"4149707001\",\"kd_rek_denda\":\"4149707002\",\"kd_rek_pokok\":\"4110801\",\"kd_rek_sanksi\":\"0\",\"kode_billing\":\"312101250809050008\",\"nama\":\"PT. ICI PAINT INDONESIA\",\"no_skpd\":\"\",\"nop\":\"312101250809050008\",\"tahun_pajak\":\"\"},{\"alamat\":\"SIDAMUKTI SUKAMAJU CILODONG DEPOK\",\"amount\":\"912500\",\"amount_bunga\":\"0\",\"amount_denda\":\"0\",\"amount_pokok\":\"912500\",\"amount_sanksi\":\"0\",\"bulan_pajak\":\"\",\"jns_pajak\":\"REKLAME\",\"kd_rek_bunga\":\"4149707001\",\"kd_rek_denda\":\"4149707002\",\"kd_rek_pokok\":\"4110801\",\"kd_rek_sanksi\":\"0\",\"kode_billing\":\"312101250808430005\",\"nama\":\"WANDA OLIVIA WEWENGKANG\",\"no_skpd\":\"\",\"nop\":\"312101250808430005\",\"tahun_pajak\":\"\"},{\"alamat\":\"JL. RAYA CONDET GG ANGGREK NO. 41A\",\"amount\":\"1622500\",\"amount_bunga\":\"325000\",\"amount_denda\":\"12500\",\"amount_pokok\":\"1250000\",\"amount_sanksi\":\"35000\",\"bulan_pajak\":\"\",\"jns_pajak\":\"REKLAME\",\"kd_rek_bunga\":\"4149704001\",\"kd_rek_denda\":\"4149704002\",\"kd_rek_pokok\":\"4110514\",\"kd_rek_sanksi\":\"4149704003\",\"kode_billing\":\"312106040518130031\",\"nama\":\"RUMAH KOS H. SOETJIPTO SOEGIHA\",\"no_skpd\":\"\",\"nop\":\"312106040518130031\",\"tahun_pajak\":\"\"},{\"alamat\":\"PEMUDA NO. 77\",\"amount\":\"474970\",\"amount_bunga\":\"9313\",\"amount_denda\":\"0\",\"amount_pokok\":\"465657\",\"amount_sanksi\":\"0\",\"bulan_pajak\":\"\",\"jns_pajak\":\"REKLAME\",\"kd_rek_bunga\":\"4149705001\",\"kd_rek_denda\":\"4149705002\",\"kd_rek_pokok\":\"4110602\",\"kd_rek_sanksi\":\"4149705003\",\"kode_billing\":\"312103270601210001\",\"nama\":\"LESEHAN GURAME\",\"no_skpd\":\"\",\"nop\":\"312103270601210001\",\"tahun_pajak\":\"\"},{\"alamat\":\"JL. RAYA CONDET GG ANGGREK NO. 41A\",\"amount\":\"1622500\",\"amount_bunga\":\"325000\",\"amount_denda\":\"12500\",\"amount_pokok\":\"1250000\",\"amount_sanksi\":\"35000\",\"bulan_pajak\":\"\",\"jns_pajak\":\"REKLAME\",\"kd_rek_bunga\":\"4149704001\",\"kd_rek_denda\":\"4149704002\",\"kd_rek_pokok\":\"4110514\",\"kd_rek_sanksi\":\"4149704003\",\"kode_billing\":\"312106040518140032\",\"nama\":\"RUMAH KOS H. SOETJIPTO SOEGIHA\",\"no_skpd\":\"\",\"nop\":\"312106040518140032\",\"tahun_pajak\":\"\"},{\"alamat\":\"JL PECENONGAN NO. 67 ABC\",\"amount\":\"64209746\",\"amount_bunga\":\"0\",\"amount_denda\":\"0\",\"amount_pokok\":\"64209746\",\"amount_sanksi\":\"0\",\"bulan_pajak\":\"\",\"jns_pajak\":\"REKLAME\",\"kd_rek_bunga\":\"4149705001\",\"kd_rek_denda\":\"4149705002\",\"kd_rek_pokok\":\"4110601\",\"kd_rek_sanksi\":\"4149705003\",\"kode_billing\":\"312012040719480002\",\"nama\":\"MAGAL PECENONGAN\",\"no_skpd\":\"\",\"nop\":\"312012040719480002\",\"tahun_pajak\":\"\"},{\"alamat\":\"JATIKRAMAT RT.002/01\",\"amount\":\"4380000\",\"amount_bunga\":\"0\",\"amount_denda\":\"0\",\"amount_pokok\":\"4380000\",\"amount_sanksi\":\"0\",\"bulan_pajak\":\"\",\"jns_pajak\":\"REKLAME\",\"kd_rek_bunga\":\"4149707001\",\"kd_rek_denda\":\"4149707002\",\"kd_rek_pokok\":\"4110801\",\"kd_rek_sanksi\":\"0\",\"kode_billing\":\"312101250808430004\",\"nama\":\"ADE SARIP HIDAYAT\",\"no_skpd\":\"\",\"nop\":\"312101250808430004\",\"tahun_pajak\":\"\"},{\"alamat\":\"JL PECENONGAN NO. 67 ABC\",\"amount\":\"51146664\",\"amount_bunga\":\"0\",\"amount_denda\":\"0\",\"amount_pokok\":\"51146664\",\"amount_sanksi\":\"0\",\"bulan_pajak\":\"\",\"jns_pajak\":\"REKLAME\",\"kd_rek_bunga\":\"4149705001\",\"kd_rek_denda\":\"4149705002\",\"kd_rek_pokok\":\"4110601\",\"kd_rek_sanksi\":\"4149705003\",\"kode_billing\":\"312012040720450003\",\"nama\":\"MAGAL PECENONGAN\",\"no_skpd\":\"\",\"nop\":\"312012040720450003\",\"tahun_pajak\":\"\"},{\"alamat\":\"JL. HR. RASUNA SAID KAV 1 GD MENARA IMPERIUM\",\"amount\":\"4022200\",\"amount_bunga\":\"0\",\"amount_denda\":\"154700\",\"amount_pokok\":\"3867500\",\"amount_sanksi\":\"0\",\"bulan_pajak\":\"\",\"jns_pajak\":\"REKLAME\",\"kd_rek_bunga\":\"4149707001\",\"kd_rek_denda\":\"4149707002\",\"kd_rek_pokok\":\"4110805\",\"kd_rek_sanksi\":\"0\",\"kode_billing\":\"312101250808290002\",\"nama\":\"PT AVABANINDO PERKASA (OTEGO M\",\"no_skpd\":\"\",\"nop\":\"312101250808290002\",\"tahun_pajak\":\"\"},{\"alamat\":\"JL. KEMANGGISAN NO. 9 RT.01/ 05 KEBON JERUK\",\"amount\":\"350325\",\"amount_bunga\":\"6869\",\"amount_denda\":\"0\",\"amount_pokok\":\"343456\",\"amount_sanksi\":\"0\",\"bulan_pajak\":\"\",\"jns_pajak\":\"REKLAME\",\"kd_rek_bunga\":\"4149704001\",\"kd_rek_denda\":\"4149704002\",\"kd_rek_pokok\":\"4110514\",\"kd_rek_sanksi\":\"4149704003\",\"kode_billing\":\"312103250523300004\",\"nama\":\"ROSELY SITI RUMAH KOST\",\"no_skpd\":\"\",\"nop\":\"312103250523300004\",\"tahun_pajak\":\"\"},{\"alamat\":\"JL TANAH ABANG TIMUR 16A\",\"amount\":\"37833850\",\"amount_bunga\":\"3661340\",\"amount_denda\":\"0\",\"amount_pokok\":\"34172510\",\"amount_sanksi\":\"0\",\"bulan_pajak\":\"\",\"jns_pajak\":\"REKLAME\",\"kd_rek_bunga\":\"4149713001\",\"kd_rek_denda\":\"4149713002\",\"kd_rek_pokok\":\"4111401\",\"kd_rek_sanksi\":\"4149713003\",\"kode_billing\":\"312103301308430001\",\"nama\":\"PT ELTEHA INTERNASIONAL LTD\",\"no_skpd\":\"\",\"nop\":\"312103301308430001\",\"tahun_pajak\":\"\"},{\"alamat\":\"JL. KEMANGGISAN NO. 9 RT.01/ 05 KEBON JERUK\",\"amount\":\"350325\",\"amount_bunga\":\"6869\",\"amount_denda\":\"0\",\"amount_pokok\":\"343456\",\"amount_sanksi\":\"0\",\"bulan_pajak\":\"\",\"jns_pajak\":\"REKLAME\",\"kd_rek_bunga\":\"4149704001\",\"kd_rek_denda\":\"4149704002\",\"kd_rek_pokok\":\"4110514\",\"kd_rek_sanksi\":\"4149704003\",\"kode_billing\":\"312103250523310005\",\"nama\":\"ROSELY SITI RUMAH KOST\",\"no_skpd\":\"\",\"nop\":\"312103250523310005\",\"tahun_pajak\":\"\"}], ntb, item.randomInt(12)"}}}

{"pid":"b44d378b3ffe4dedb820eb7da59112fa","severity":"Debug","timestamp":"2025-05-02T16:17:24+0700","caller":"assigner.go:496","message":"subArg: [{\"alamat\":\"JLN. MH. THAMRIN NO. 09 CIKOKOL TANGERANG\",\"amount\":\"5256000\",\"amount_bunga\":\"0\",\"amount_denda\":\"0\",\"amount_pokok\":\"5256000\",\"amount_sanksi\":\"0\",\"bulan_pajak\":\"\",\"jns_pajak\":\"REKLAME\",\"kd_rek_bunga\":\"4149707001\",\"kd_rek_denda\":\"4149707002\",\"kd_rek_pokok\":\"4110801\",\"kd_rek_sanksi\":\"0\",\"kode_billing\":\"312101250809030007\",\"nama\":\"SUMBER ALFARIA TRIJAYA, PT.\",\"no_skpd\":\"\",\"nop\":\"312101250809030007\",\"tahun_pajak\":\"\"},{\"alamat\":\"JL PECENONGAN NO. 67 ABC\",\"amount\":\"64209746\",\"amount_bunga\":\"0\",\"amount_denda\":\"0\",\"amount_pokok\":\"64209746\",\"amount_sanksi\":\"0\",\"bulan_pajak\":\"\",\"jns_pajak\":\"REKLAME\",\"kd_rek_bunga\":\"4149705001\",\"kd_rek_denda\":\"4149705002\",\"kd_rek_pokok\":\"4110601\",\"kd_rek_sanksi\":\"4149705003\",\"kode_billing\":\"312012040720470004\",\"nama\":\"MAGAL PECENONGAN\",\"no_skpd\":\"\",\"nop\":\"312012040720470004\",\"tahun_pajak\":\"\"},{\"alamat\":\"JL H KAMAD NO17 PAH REVOLUSI\",\"amount\":\"934597\",\"amount_bunga\":\"0\",\"amount_denda\":\"0\",\"amount_pokok\":\"934597\",\"amount_sanksi\":\"0\",\"bulan_pajak\":\"\",\"jns_pajak\":\"REKLAME\",\"kd_rek_bunga\":\"4149703001\",\"kd_rek_denda\":\"4149703002\",\"kd_rek_pokok\":\"4110401\",\"kd_rek_sanksi\":\"0\",\"kode_billing\":\"312106040418190034\",\"nama\":\"PT.BUNGKA PANCA JAYA\",\"no_skpd\":\"\",\"nop\":\"312106040418190034\",\"tahun_pajak\":\"\"},{\"alamat\":\"JATIKRAMAT RT.002/01\",\"amount\":\"4380000\",\"amount_bunga\":\"0\",\"amount_denda\":\"0\",\"amount_pokok\":\"4380000\",\"amount_sanksi\":\"0\",\"bulan_pajak\":\"\",\"jns_pajak\":\"REKLAME\",\"kd_rek_bunga\":\"4149707001\",\"kd_rek_denda\":\"4149707002\",\"kd_rek_pokok\":\"4110801\",\"kd_rek_sanksi\":\"0\",\"kode_billing\":\"312101250808420003\",\"nama\":\"ADE SARIP HIDAYAT\",\"no_skpd\":\"\",\"nop\":\"312101250808420003\",\"tahun_pajak\":\"\"},{\"alamat\":\"JL. RAYA CONDET GG ANGGREK NO. 41A\",\"amount\":\"1622500\",\"amount_bunga\":\"325000\",\"amount_denda\":\"12500\",\"amount_pokok\":\"1250000\",\"amount_sanksi\":\"35000\",\"bulan_pajak\":\"\",\"jns_pajak\":\"REKLAME\",\"kd_rek_bunga\":\"4149704001\",\"kd_rek_denda\":\"4149704002\",\"kd_rek_pokok\":\"4110514\",\"kd_rek_sanksi\":\"4149704003\",\"kode_billing\":\"312106040518120030\",\"nama\":\"RUMAH KOS H. SOETJIPTO SOEGIHA\",\"no_skpd\":\"\",\"nop\":\"312106040518120030\",\"tahun_pajak\":\"\"},{\"alamat\":\"MALL PURI INDAH\",\"amount\":\"2996448\",\"amount_bunga\":\"115248\",\"amount_denda\":\"0\",\"amount_pokok\":\"2881200\",\"amount_sanksi\":\"0\",\"bulan_pajak\":\"\",\"jns_pajak\":\"REKLAME\",\"kd_rek_bunga\":\"4149705001\",\"kd_rek_denda\":\"4149705002\",\"kd_rek_pokok\":\"4110602\",\"kd_rek_sanksi\":\"4149705003\",\"kode_billing\":\"312103250623380006\",\"nama\":\"BAKMI GM\",\"no_skpd\":\"\",\"nop\":\"312103250623380006\",\"tahun_pajak\":\"\"},{\"alamat\":\"JL ALTERNATIF BUPERTA CIBUBUR RT.005/09 CIMAN\",\"amount\":\"9102188\",\"amount_bunga\":\"0\",\"amount_denda\":\"0\",\"amount_pokok\":\"9102188\",\"amount_sanksi\":\"0\",\"bulan_pajak\":\"\",\"jns_pajak\":\"REKLAME\",\"kd_rek_bunga\":\"4149707001\",\"kd_rek_denda\":\"4149707002\",\"kd_rek_pokok\":\"4110801\",\"kd_rek_sanksi\":\"0\",\"kode_billing\":\"312101250814100019\",\"nama\":\"PT GUBUG UDANG SENTOSA\",\"no_skpd\":\"\",\"nop\":\"312101250814100019\",\"tahun_pajak\":\"\"},{\"alamat\":\"JL PECENONGAN NO. 67 ABC\",\"amount\":\"64209746\",\"amount_bunga\":\"0\",\"amount_denda\":\"0\",\"amount_pokok\":\"64209746\",\"amount_sanksi\":\"0\",\"bulan_pajak\":\"\",\"jns_pajak\":\"REKLAME\",\"kd_rek_bunga\":\"4149705001\",\"kd_rek_denda\":\"4149705002\",\"kd_rek_pokok\":\"4110601\",\"kd_rek_sanksi\":\"4149705003\",\"kode_billing\":\"312012040719220001\",\"nama\":\"MAGAL PECENONGAN\",\"no_skpd\":\"\",\"nop\":\"312012040719220001\",\"tahun_pajak\":\"\"},{\"alamat\":\"GEDUNG TITAN CENTER BLK B7/B1 JL.BOULEVARD BI\",\"amount\":\"18615000\",\"amount_bunga\":\"0\",\"amount_denda\":\"365000\",\"amount_pokok\":\"18250000\",\"amount_sanksi\":\"0\",\"bulan_pajak\":\"\",\"jns_pajak\":\"REKLAME\",\"kd_rek_bunga\":\"4149707001\",\"kd_rek_denda\":\"4149707002\",\"kd_rek_pokok\":\"4110801\",\"kd_rek_sanksi\":\"0\",\"kode_billing\":\"312101250809050008\",\"nama\":\"PT. ICI PAINT INDONESIA\",\"no_skpd\":\"\",\"nop\":\"312101250809050008\",\"tahun_pajak\":\"\"},{\"alamat\":\"SIDAMUKTI SUKAMAJU CILODONG DEPOK\",\"amount\":\"912500\",\"amount_bunga\":\"0\",\"amount_denda\":\"0\",\"amount_pokok\":\"912500\",\"amount_sanksi\":\"0\",\"bulan_pajak\":\"\",\"jns_pajak\":\"REKLAME\",\"kd_rek_bunga\":\"4149707001\",\"kd_rek_denda\":\"4149707002\",\"kd_rek_pokok\":\"4110801\",\"kd_rek_sanksi\":\"0\",\"kode_billing\":\"312101250808430005\",\"nama\":\"WANDA OLIVIA WEWENGKANG\",\"no_skpd\":\"\",\"nop\":\"312101250808430005\",\"tahun_pajak\":\"\"},{\"alamat\":\"JL. RAYA CONDET GG ANGGREK NO. 41A\",\"amount\":\"1622500\",\"amount_bunga\":\"325000\",\"amount_denda\":\"12500\",\"amount_pokok\":\"1250000\",\"amount_sanksi\":\"35000\",\"bulan_pajak\":\"\",\"jns_pajak\":\"REKLAME\",\"kd_rek_bunga\":\"4149704001\",\"kd_rek_denda\":\"4149704002\",\"kd_rek_pokok\":\"4110514\",\"kd_rek_sanksi\":\"4149704003\",\"kode_billing\":\"312106040518130031\",\"nama\":\"RUMAH KOS H. SOETJIPTO SOEGIHA\",\"no_skpd\":\"\",\"nop\":\"312106040518130031\",\"tahun_pajak\":\"\"},{\"alamat\":\"PEMUDA NO. 77\",\"amount\":\"474970\",\"amount_bunga\":\"9313\",\"amount_denda\":\"0\",\"amount_pokok\":\"465657\",\"amount_sanksi\":\"0\",\"bulan_pajak\":\"\",\"jns_pajak\":\"REKLAME\",\"kd_rek_bunga\":\"4149705001\",\"kd_rek_denda\":\"4149705002\",\"kd_rek_pokok\":\"4110602\",\"kd_rek_sanksi\":\"4149705003\",\"kode_billing\":\"312103270601210001\",\"nama\":\"LESEHAN GURAME\",\"no_skpd\":\"\",\"nop\":\"312103270601210001\",\"tahun_pajak\":\"\"},{\"alamat\":\"JL. RAYA CONDET GG ANGGREK NO. 41A\",\"amount\":\"1622500\",\"amount_bunga\":\"325000\",\"amount_denda\":\"12500\",\"amount_pokok\":\"1250000\",\"amount_sanksi\":\"35000\",\"bulan_pajak\":\"\",\"jns_pajak\":\"REKLAME\",\"kd_rek_bunga\":\"4149704001\",\"kd_rek_denda\":\"4149704002\",\"kd_rek_pokok\":\"4110514\",\"kd_rek_sanksi\":\"4149704003\",\"kode_billing\":\"312106040518140032\",\"nama\":\"RUMAH KOS H. SOETJIPTO SOEGIHA\",\"no_skpd\":\"\",\"nop\":\"312106040518140032\",\"tahun_pajak\":\"\"},{\"alamat\":\"JL PECENONGAN NO. 67 ABC\",\"amount\":\"64209746\",\"amount_bunga\":\"0\",\"amount_denda\":\"0\",\"amount_pokok\":\"64209746\",\"amount_sanksi\":\"0\",\"bulan_pajak\":\"\",\"jns_pajak\":\"REKLAME\",\"kd_rek_bunga\":\"4149705001\",\"kd_rek_denda\":\"4149705002\",\"kd_rek_pokok\":\"4110601\",\"kd_rek_sanksi\":\"4149705003\",\"kode_billing\":\"312012040719480002\",\"nama\":\"MAGAL PECENONGAN\",\"no_skpd\":\"\",\"nop\":\"312012040719480002\",\"tahun_pajak\":\"\"},{\"alamat\":\"JATIKRAMAT RT.002/01\",\"amount\":\"4380000\",\"amount_bunga\":\"0\",\"amount_denda\":\"0\",\"amount_pokok\":\"4380000\",\"amount_sanksi\":\"0\",\"bulan_pajak\":\"\",\"jns_pajak\":\"REKLAME\",\"kd_rek_bunga\":\"4149707001\",\"kd_rek_denda\":\"4149707002\",\"kd_rek_pokok\":\"4110801\",\"kd_rek_sanksi\":\"0\",\"kode_billing\":\"312101250808430004\",\"nama\":\"ADE SARIP HIDAYAT\",\"no_skpd\":\"\",\"nop\":\"312101250808430004\",\"tahun_pajak\":\"\"},{\"alamat\":\"JL PECENONGAN NO. 67 ABC\",\"amount\":\"51146664\",\"amount_bunga\":\"0\",\"amount_denda\":\"0\",\"amount_pokok\":\"51146664\",\"amount_sanksi\":\"0\",\"bulan_pajak\":\"\",\"jns_pajak\":\"REKLAME\",\"kd_rek_bunga\":\"4149705001\",\"kd_rek_denda\":\"4149705002\",\"kd_rek_pokok\":\"4110601\",\"kd_rek_sanksi\":\"4149705003\",\"kode_billing\":\"312012040720450003\",\"nama\":\"MAGAL PECENONGAN\",\"no_skpd\":\"\",\"nop\":\"312012040720450003\",\"tahun_pajak\":\"\"},{\"alamat\":\"JL. HR. RASUNA SAID KAV 1 GD MENARA IMPERIUM\",\"amount\":\"4022200\",\"amount_bunga\":\"0\",\"amount_denda\":\"154700\",\"amount_pokok\":\"3867500\",\"amount_sanksi\":\"0\",\"bulan_pajak\":\"\",\"jns_pajak\":\"REKLAME\",\"kd_rek_bunga\":\"4149707001\",\"kd_rek_denda\":\"4149707002\",\"kd_rek_pokok\":\"4110805\",\"kd_rek_sanksi\":\"0\",\"kode_billing\":\"312101250808290002\",\"nama\":\"PT AVABANINDO PERKASA (OTEGO M\",\"no_skpd\":\"\",\"nop\":\"312101250808290002\",\"tahun_pajak\":\"\"},{\"alamat\":\"JL. KEMANGGISAN NO. 9 RT.01/ 05 KEBON JERUK\",\"amount\":\"350325\",\"amount_bunga\":\"6869\",\"amount_denda\":\"0\",\"amount_pokok\":\"343456\",\"amount_sanksi\":\"0\",\"bulan_pajak\":\"\",\"jns_pajak\":\"REKLAME\",\"kd_rek_bunga\":\"4149704001\",\"kd_rek_denda\":\"4149704002\",\"kd_rek_pokok\":\"4110514\",\"kd_rek_sanksi\":\"4149704003\",\"kode_billing\":\"312103250523300004\",\"nama\":\"ROSELY SITI RUMAH KOST\",\"no_skpd\":\"\",\"nop\":\"312103250523300004\",\"tahun_pajak\":\"\"},{\"alamat\":\"JL TANAH ABANG TIMUR 16A\",\"amount\":\"37833850\",\"amount_bunga\":\"3661340\",\"amount_denda\":\"0\",\"amount_pokok\":\"34172510\",\"amount_sanksi\":\"0\",\"bulan_pajak\":\"\",\"jns_pajak\":\"REKLAME\",\"kd_rek_bunga\":\"4149713001\",\"kd_rek_denda\":\"4149713002\",\"kd_rek_pokok\":\"4111401\",\"kd_rek_sanksi\":\"4149713003\",\"kode_billing\":\"312103301308430001\",\"nama\":\"PT ELTEHA INTERNASIONAL LTD\",\"no_skpd\":\"\",\"nop\":\"312103301308430001\",\"tahun_pajak\":\"\"},{\"alamat\":\"JL. KEMANGGISAN NO. 9 RT.01/ 05 KEBON JERUK\",\"amount\":\"350325\",\"amount_bunga\":\"6869\",\"amount_denda\":\"0\",\"amount_pokok\":\"343456\",\"amount_sanksi\":\"0\",\"bulan_pajak\":\"\",\"jns_pajak\":\"REKLAME\",\"kd_rek_bunga\":\"4149704001\",\"kd_rek_denda\":\"4149704002\",\"kd_rek_pokok\":\"4110514\",\"kd_rek_sanksi\":\"4149704003\",\"kode_billing\":\"312103250523310005\",\"nama\":\"ROSELY SITI RUMAH KOST\",\"no_skpd\":\"\",\"nop\":\"312103250523310005\",\"tahun_pajak\":\"\"}], ntb, item.randomInt(12)"}

{"pid":"b44d378b3ffe4dedb820eb7da59112fa","severity":"Debug","timestamp":"2025-05-02T16:17:24+0700","caller":"assigner.go:500","message":{"title":"CALL addPropertyToArray: [{\"alamat\":\"JLN. MH. THAMRIN NO. 09 CIKOKOL TANGERANG\",\"amount\":\"5256000\",\"amount_bunga\":\"0\",\"amount_denda\":\"0\",\"amount_pokok\":\"5256000\",\"amount_sanksi\":\"0\",\"bulan_pajak\":\"\",\"jns_pajak\":\"REKLAME\",\"kd_rek_bunga\":\"4149707001\",\"kd_rek_denda\":\"4149707002\",\"kd_rek_pokok\":\"4110801\",\"kd_rek_sanksi\":\"0\",\"kode_billing\":\"312101250809030007\",\"nama\":\"SUMBER ALFARIA TRIJAYA, PT.\",\"no_skpd\":\"\",\"nop\":\"312101250809030007\",\"tahun_pajak\":\"\"},{\"alamat\":\"JL PECENONGAN NO. 67 ABC\",\"amount\":\"64209746\",\"amount_bunga\":\"0\",\"amount_denda\":\"0\",\"amount_pokok\":\"64209746\",\"amount_sanksi\":\"0\",\"bulan_pajak\":\"\",\"jns_pajak\":\"REKLAME\",\"kd_rek_bunga\":\"4149705001\",\"kd_rek_denda\":\"4149705002\",\"kd_rek_pokok\":\"4110601\",\"kd_rek_sanksi\":\"4149705003\",\"kode_billing\":\"312012040720470004\",\"nama\":\"MAGAL PECENONGAN\",\"no_skpd\":\"\",\"nop\":\"312012040720470004\",\"tahun_pajak\":\"\"},{\"alamat\":\"JL H KAMAD NO17 PAH REVOLUSI\",\"amount\":\"934597\",\"amount_bunga\":\"0\",\"amount_denda\":\"0\",\"amount_pokok\":\"934597\",\"amount_sanksi\":\"0\",\"bulan_pajak\":\"\",\"jns_pajak\":\"REKLAME\",\"kd_rek_bunga\":\"4149703001\",\"kd_rek_denda\":\"4149703002\",\"kd_rek_pokok\":\"4110401\",\"kd_rek_sanksi\":\"0\",\"kode_billing\":\"312106040418190034\",\"nama\":\"PT.BUNGKA PANCA JAYA\",\"no_skpd\":\"\",\"nop\":\"312106040418190034\",\"tahun_pajak\":\"\"},{\"alamat\":\"JATIKRAMAT RT.002/01\",\"amount\":\"4380000\",\"amount_bunga\":\"0\",\"amount_denda\":\"0\",\"amount_pokok\":\"4380000\",\"amount_sanksi\":\"0\",\"bulan_pajak\":\"\",\"jns_pajak\":\"REKLAME\",\"kd_rek_bunga\":\"4149707001\",\"kd_rek_denda\":\"4149707002\",\"kd_rek_pokok\":\"4110801\",\"kd_rek_sanksi\":\"0\",\"kode_billing\":\"312101250808420003\",\"nama\":\"ADE SARIP HIDAYAT\",\"no_skpd\":\"\",\"nop\":\"312101250808420003\",\"tahun_pajak\":\"\"},{\"alamat\":\"JL. RAYA CONDET GG ANGGREK NO. 41A\",\"amount\":\"1622500\",\"amount_bunga\":\"325000\",\"amount_denda\":\"12500\",\"amount_pokok\":\"1250000\",\"amount_sanksi\":\"35000\",\"bulan_pajak\":\"\",\"jns_pajak\":\"REKLAME\",\"kd_rek_bunga\":\"4149704001\",\"kd_rek_denda\":\"4149704002\",\"kd_rek_pokok\":\"4110514\",\"kd_rek_sanksi\":\"4149704003\",\"kode_billing\":\"312106040518120030\",\"nama\":\"RUMAH KOS H. SOETJIPTO SOEGIHA\",\"no_skpd\":\"\",\"nop\":\"312106040518120030\",\"tahun_pajak\":\"\"},{\"alamat\":\"MALL PURI INDAH\",\"amount\":\"2996448\",\"amount_bunga\":\"115248\",\"amount_denda\":\"0\",\"amount_pokok\":\"2881200\",\"amount_sanksi\":\"0\",\"bulan_pajak\":\"\",\"jns_pajak\":\"REKLAME\",\"kd_rek_bunga\":\"4149705001\",\"kd_rek_denda\":\"4149705002\",\"kd_rek_pokok\":\"4110602\",\"kd_rek_sanksi\":\"4149705003\",\"kode_billing\":\"312103250623380006\",\"nama\":\"BAKMI GM\",\"no_skpd\":\"\",\"nop\":\"312103250623380006\",\"tahun_pajak\":\"\"},{\"alamat\":\"JL ALTERNATIF BUPERTA CIBUBUR RT.005/09 CIMAN\",\"amount\":\"9102188\",\"amount_bunga\":\"0\",\"amount_denda\":\"0\",\"amount_pokok\":\"9102188\",\"amount_sanksi\":\"0\",\"bulan_pajak\":\"\",\"jns_pajak\":\"REKLAME\",\"kd_rek_bunga\":\"4149707001\",\"kd_rek_denda\":\"4149707002\",\"kd_rek_pokok\":\"4110801\",\"kd_rek_sanksi\":\"0\",\"kode_billing\":\"312101250814100019\",\"nama\":\"PT GUBUG UDANG SENTOSA\",\"no_skpd\":\"\",\"nop\":\"312101250814100019\",\"tahun_pajak\":\"\"},{\"alamat\":\"JL PECENONGAN NO. 67 ABC\",\"amount\":\"64209746\",\"amount_bunga\":\"0\",\"amount_denda\":\"0\",\"amount_pokok\":\"64209746\",\"amount_sanksi\":\"0\",\"bulan_pajak\":\"\",\"jns_pajak\":\"REKLAME\",\"kd_rek_bunga\":\"4149705001\",\"kd_rek_denda\":\"4149705002\",\"kd_rek_pokok\":\"4110601\",\"kd_rek_sanksi\":\"4149705003\",\"kode_billing\":\"312012040719220001\",\"nama\":\"MAGAL PECENONGAN\",\"no_skpd\":\"\",\"nop\":\"312012040719220001\",\"tahun_pajak\":\"\"},{\"alamat\":\"GEDUNG TITAN CENTER BLK B7/B1 JL.BOULEVARD BI\",\"amount\":\"18615000\",\"amount_bunga\":\"0\",\"amount_denda\":\"365000\",\"amount_pokok\":\"18250000\",\"amount_sanksi\":\"0\",\"bulan_pajak\":\"\",\"jns_pajak\":\"REKLAME\",\"kd_rek_bunga\":\"4149707001\",\"kd_rek_denda\":\"4149707002\",\"kd_rek_pokok\":\"4110801\",\"kd_rek_sanksi\":\"0\",\"kode_billing\":\"312101250809050008\",\"nama\":\"PT. ICI PAINT INDONESIA\",\"no_skpd\":\"\",\"nop\":\"312101250809050008\",\"tahun_pajak\":\"\"},{\"alamat\":\"SIDAMUKTI SUKAMAJU CILODONG DEPOK\",\"amount\":\"912500\",\"amount_bunga\":\"0\",\"amount_denda\":\"0\",\"amount_pokok\":\"912500\",\"amount_sanksi\":\"0\",\"bulan_pajak\":\"\",\"jns_pajak\":\"REKLAME\",\"kd_rek_bunga\":\"4149707001\",\"kd_rek_denda\":\"4149707002\",\"kd_rek_pokok\":\"4110801\",\"kd_rek_sanksi\":\"0\",\"kode_billing\":\"312101250808430005\",\"nama\":\"WANDA OLIVIA WEWENGKANG\",\"no_skpd\":\"\",\"nop\":\"312101250808430005\",\"tahun_pajak\":\"\"},{\"alamat\":\"JL. RAYA CONDET GG ANGGREK NO. 41A\",\"amount\":\"1622500\",\"amount_bunga\":\"325000\",\"amount_denda\":\"12500\",\"amount_pokok\":\"1250000\",\"amount_sanksi\":\"35000\",\"bulan_pajak\":\"\",\"jns_pajak\":\"REKLAME\",\"kd_rek_bunga\":\"4149704001\",\"kd_rek_denda\":\"4149704002\",\"kd_rek_pokok\":\"4110514\",\"kd_rek_sanksi\":\"4149704003\",\"kode_billing\":\"312106040518130031\",\"nama\":\"RUMAH KOS H. SOETJIPTO SOEGIHA\",\"no_skpd\":\"\",\"nop\":\"312106040518130031\",\"tahun_pajak\":\"\"},{\"alamat\":\"PEMUDA NO. 77\",\"amount\":\"474970\",\"amount_bunga\":\"9313\",\"amount_denda\":\"0\",\"amount_pokok\":\"465657\",\"amount_sanksi\":\"0\",\"bulan_pajak\":\"\",\"jns_pajak\":\"REKLAME\",\"kd_rek_bunga\":\"4149705001\",\"kd_rek_denda\":\"4149705002\",\"kd_rek_pokok\":\"4110602\",\"kd_rek_sanksi\":\"4149705003\",\"kode_billing\":\"312103270601210001\",\"nama\":\"LESEHAN GURAME\",\"no_skpd\":\"\",\"nop\":\"312103270601210001\",\"tahun_pajak\":\"\"},{\"alamat\":\"JL. RAYA CONDET GG ANGGREK NO. 41A\",\"amount\":\"1622500\",\"amount_bunga\":\"325000\",\"amount_denda\":\"12500\",\"amount_pokok\":\"1250000\",\"amount_sanksi\":\"35000\",\"bulan_pajak\":\"\",\"jns_pajak\":\"REKLAME\",\"kd_rek_bunga\":\"4149704001\",\"kd_rek_denda\":\"4149704002\",\"kd_rek_pokok\":\"4110514\",\"kd_rek_sanksi\":\"4149704003\",\"kode_billing\":\"312106040518140032\",\"nama\":\"RUMAH KOS H. SOETJIPTO SOEGIHA\",\"no_skpd\":\"\",\"nop\":\"312106040518140032\",\"tahun_pajak\":\"\"},{\"alamat\":\"JL PECENONGAN NO. 67 ABC\",\"amount\":\"64209746\",\"amount_bunga\":\"0\",\"amount_denda\":\"0\",\"amount_pokok\":\"64209746\",\"amount_sanksi\":\"0\",\"bulan_pajak\":\"\",\"jns_pajak\":\"REKLAME\",\"kd_rek_bunga\":\"4149705001\",\"kd_rek_denda\":\"4149705002\",\"kd_rek_pokok\":\"4110601\",\"kd_rek_sanksi\":\"4149705003\",\"kode_billing\":\"312012040719480002\",\"nama\":\"MAGAL PECENONGAN\",\"no_skpd\":\"\",\"nop\":\"312012040719480002\",\"tahun_pajak\":\"\"},{\"alamat\":\"JATIKRAMAT RT.002/01\",\"amount\":\"4380000\",\"amount_bunga\":\"0\",\"amount_denda\":\"0\",\"amount_pokok\":\"4380000\",\"amount_sanksi\":\"0\",\"bulan_pajak\":\"\",\"jns_pajak\":\"REKLAME\",\"kd_rek_bunga\":\"4149707001\",\"kd_rek_denda\":\"4149707002\",\"kd_rek_pokok\":\"4110801\",\"kd_rek_sanksi\":\"0\",\"kode_billing\":\"312101250808430004\",\"nama\":\"ADE SARIP HIDAYAT\",\"no_skpd\":\"\",\"nop\":\"312101250808430004\",\"tahun_pajak\":\"\"},{\"alamat\":\"JL PECENONGAN NO. 67 ABC\",\"amount\":\"51146664\",\"amount_bunga\":\"0\",\"amount_denda\":\"0\",\"amount_pokok\":\"51146664\",\"amount_sanksi\":\"0\",\"bulan_pajak\":\"\",\"jns_pajak\":\"REKLAME\",\"kd_rek_bunga\":\"4149705001\",\"kd_rek_denda\":\"4149705002\",\"kd_rek_pokok\":\"4110601\",\"kd_rek_sanksi\":\"4149705003\",\"kode_billing\":\"312012040720450003\",\"nama\":\"MAGAL PECENONGAN\",\"no_skpd\":\"\",\"nop\":\"312012040720450003\",\"tahun_pajak\":\"\"},{\"alamat\":\"JL. HR. RASUNA SAID KAV 1 GD MENARA IMPERIUM\",\"amount\":\"4022200\",\"amount_bunga\":\"0\",\"amount_denda\":\"154700\",\"amount_pokok\":\"3867500\",\"amount_sanksi\":\"0\",\"bulan_pajak\":\"\",\"jns_pajak\":\"REKLAME\",\"kd_rek_bunga\":\"4149707001\",\"kd_rek_denda\":\"4149707002\",\"kd_rek_pokok\":\"4110805\",\"kd_rek_sanksi\":\"0\",\"kode_billing\":\"312101250808290002\",\"nama\":\"PT AVABANINDO PERKASA (OTEGO M\",\"no_skpd\":\"\",\"nop\":\"312101250808290002\",\"tahun_pajak\":\"\"},{\"alamat\":\"JL. KEMANGGISAN NO. 9 RT.01/ 05 KEBON JERUK\",\"amount\":\"350325\",\"amount_bunga\":\"6869\",\"amount_denda\":\"0\",\"amount_pokok\":\"343456\",\"amount_sanksi\":\"0\",\"bulan_pajak\":\"\",\"jns_pajak\":\"REKLAME\",\"kd_rek_bunga\":\"4149704001\",\"kd_rek_denda\":\"4149704002\",\"kd_rek_pokok\":\"4110514\",\"kd_rek_sanksi\":\"4149704003\",\"kode_billing\":\"312103250523300004\",\"nama\":\"ROSELY SITI RUMAH KOST\",\"no_skpd\":\"\",\"nop\":\"312103250523300004\",\"tahun_pajak\":\"\"},{\"alamat\":\"JL TANAH ABANG TIMUR 16A\",\"amount\":\"37833850\",\"amount_bunga\":\"3661340\",\"amount_denda\":\"0\",\"amount_pokok\":\"34172510\",\"amount_sanksi\":\"0\",\"bulan_pajak\":\"\",\"jns_pajak\":\"REKLAME\",\"kd_rek_bunga\":\"4149713001\",\"kd_rek_denda\":\"4149713002\",\"kd_rek_pokok\":\"4111401\",\"kd_rek_sanksi\":\"4149713003\",\"kode_billing\":\"312103301308430001\",\"nama\":\"PT ELTEHA INTERNASIONAL LTD\",\"no_skpd\":\"\",\"nop\":\"312103301308430001\",\"tahun_pajak\":\"\"},{\"alamat\":\"JL. KEMANGGISAN NO. 9 RT.01/ 05 KEBON JERUK\",\"amount\":\"350325\",\"amount_bunga\":\"6869\",\"amount_denda\":\"0\",\"amount_pokok\":\"343456\",\"amount_sanksi\":\"0\",\"bulan_pajak\":\"\",\"jns_pajak\":\"REKLAME\",\"kd_rek_bunga\":\"4149704001\",\"kd_rek_denda\":\"4149704002\",\"kd_rek_pokok\":\"4110514\",\"kd_rek_sanksi\":\"4149704003\",\"kode_billing\":\"312103250523310005\",\"nama\":\"ROSELY SITI RUMAH KOST\",\"no_skpd\":\"\",\"nop\":\"312103250523310005\",\"tahun_pajak\":\"\"}], ntb, item.randomInt(12)","values":{"loop":0}}}

{"pid":"b44d378b3ffe4dedb820eb7da59112fa","severity":"Debug","timestamp":"2025-05-02T16:17:24+0700","caller":"assigner.go:1181","message":{"title":"execute addPropertyToArray","values":{"loop":0,"param":"[{\"alamat\":\"JLN. MH. THAMRIN NO. 09 CIKOKOL TANGERANG\",\"amount\":\"5256000\",\"amount_bunga\":\"0\",\"amount_denda\":\"0\",\"amount_pokok\":\"5256000\",\"amount_sanksi\":\"0\",\"bulan_pajak\":\"\",\"jns_pajak\":\"REKLAME\",\"kd_rek_bunga\":\"4149707001\",\"kd_rek_denda\":\"4149707002\",\"kd_rek_pokok\":\"4110801\",\"kd_rek_sanksi\":\"0\",\"kode_billing\":\"312101250809030007\",\"nama\":\"SUMBER ALFARIA TRIJAYA, PT.\",\"no_skpd\":\"\",\"nop\":\"312101250809030007\",\"tahun_pajak\":\"\"},{\"alamat\":\"JL PECENONGAN NO. 67 ABC\",\"amount\":\"64209746\",\"amount_bunga\":\"0\",\"amount_denda\":\"0\",\"amount_pokok\":\"64209746\",\"amount_sanksi\":\"0\",\"bulan_pajak\":\"\",\"jns_pajak\":\"REKLAME\",\"kd_rek_bunga\":\"4149705001\",\"kd_rek_denda\":\"4149705002\",\"kd_rek_pokok\":\"4110601\",\"kd_rek_sanksi\":\"4149705003\",\"kode_billing\":\"312012040720470004\",\"nama\":\"MAGAL PECENONGAN\",\"no_skpd\":\"\",\"nop\":\"312012040720470004\",\"tahun_pajak\":\"\"},{\"alamat\":\"JL H KAMAD NO17 PAH REVOLUSI\",\"amount\":\"934597\",\"amount_bunga\":\"0\",\"amount_denda\":\"0\",\"amount_pokok\":\"934597\",\"amount_sanksi\":\"0\",\"bulan_pajak\":\"\",\"jns_pajak\":\"REKLAME\",\"kd_rek_bunga\":\"4149703001\",\"kd_rek_denda\":\"4149703002\",\"kd_rek_pokok\":\"4110401\",\"kd_rek_sanksi\":\"0\",\"kode_billing\":\"312106040418190034\",\"nama\":\"PT.BUNGKA PANCA JAYA\",\"no_skpd\":\"\",\"nop\":\"312106040418190034\",\"tahun_pajak\":\"\"},{\"alamat\":\"JATIKRAMAT RT.002/01\",\"amount\":\"4380000\",\"amount_bunga\":\"0\",\"amount_denda\":\"0\",\"amount_pokok\":\"4380000\",\"amount_sanksi\":\"0\",\"bulan_pajak\":\"\",\"jns_pajak\":\"REKLAME\",\"kd_rek_bunga\":\"4149707001\",\"kd_rek_denda\":\"4149707002\",\"kd_rek_pokok\":\"4110801\",\"kd_rek_sanksi\":\"0\",\"kode_billing\":\"312101250808420003\",\"nama\":\"ADE SARIP HIDAYAT\",\"no_skpd\":\"\",\"nop\":\"312101250808420003\",\"tahun_pajak\":\"\"},{\"alamat\":\"JL. RAYA CONDET GG ANGGREK NO. 41A\",\"amount\":\"1622500\",\"amount_bunga\":\"325000\",\"amount_denda\":\"12500\",\"amount_pokok\":\"1250000\",\"amount_sanksi\":\"35000\",\"bulan_pajak\":\"\",\"jns_pajak\":\"REKLAME\",\"kd_rek_bunga\":\"4149704001\",\"kd_rek_denda\":\"4149704002\",\"kd_rek_pokok\":\"4110514\",\"kd_rek_sanksi\":\"4149704003\",\"kode_billing\":\"312106040518120030\",\"nama\":\"RUMAH KOS H. SOETJIPTO SOEGIHA\",\"no_skpd\":\"\",\"nop\":\"312106040518120030\",\"tahun_pajak\":\"\"},{\"alamat\":\"MALL PURI INDAH\",\"amount\":\"2996448\",\"amount_bunga\":\"115248\",\"amount_denda\":\"0\",\"amount_pokok\":\"2881200\",\"amount_sanksi\":\"0\",\"bulan_pajak\":\"\",\"jns_pajak\":\"REKLAME\",\"kd_rek_bunga\":\"4149705001\",\"kd_rek_denda\":\"4149705002\",\"kd_rek_pokok\":\"4110602\",\"kd_rek_sanksi\":\"4149705003\",\"kode_billing\":\"312103250623380006\",\"nama\":\"BAKMI GM\",\"no_skpd\":\"\",\"nop\":\"312103250623380006\",\"tahun_pajak\":\"\"},{\"alamat\":\"JL ALTERNATIF BUPERTA CIBUBUR RT.005/09 CIMAN\",\"amount\":\"9102188\",\"amount_bunga\":\"0\",\"amount_denda\":\"0\",\"amount_pokok\":\"9102188\",\"amount_sanksi\":\"0\",\"bulan_pajak\":\"\",\"jns_pajak\":\"REKLAME\",\"kd_rek_bunga\":\"4149707001\",\"kd_rek_denda\":\"4149707002\",\"kd_rek_pokok\":\"4110801\",\"kd_rek_sanksi\":\"0\",\"kode_billing\":\"312101250814100019\",\"nama\":\"PT GUBUG UDANG SENTOSA\",\"no_skpd\":\"\",\"nop\":\"312101250814100019\",\"tahun_pajak\":\"\"},{\"alamat\":\"JL PECENONGAN NO. 67 ABC\",\"amount\":\"64209746\",\"amount_bunga\":\"0\",\"amount_denda\":\"0\",\"amount_pokok\":\"64209746\",\"amount_sanksi\":\"0\",\"bulan_pajak\":\"\",\"jns_pajak\":\"REKLAME\",\"kd_rek_bunga\":\"4149705001\",\"kd_rek_denda\":\"4149705002\",\"kd_rek_pokok\":\"4110601\",\"kd_rek_sanksi\":\"4149705003\",\"kode_billing\":\"312012040719220001\",\"nama\":\"MAGAL PECENONGAN\",\"no_skpd\":\"\",\"nop\":\"312012040719220001\",\"tahun_pajak\":\"\"},{\"alamat\":\"GEDUNG TITAN CENTER BLK B7/B1 JL.BOULEVARD BI\",\"amount\":\"18615000\",\"amount_bunga\":\"0\",\"amount_denda\":\"365000\",\"amount_pokok\":\"18250000\",\"amount_sanksi\":\"0\",\"bulan_pajak\":\"\",\"jns_pajak\":\"REKLAME\",\"kd_rek_bunga\":\"4149707001\",\"kd_rek_denda\":\"4149707002\",\"kd_rek_pokok\":\"4110801\",\"kd_rek_sanksi\":\"0\",\"kode_billing\":\"312101250809050008\",\"nama\":\"PT. ICI PAINT INDONESIA\",\"no_skpd\":\"\",\"nop\":\"312101250809050008\",\"tahun_pajak\":\"\"},{\"alamat\":\"SIDAMUKTI SUKAMAJU CILODONG DEPOK\",\"amount\":\"912500\",\"amount_bunga\":\"0\",\"amount_denda\":\"0\",\"amount_pokok\":\"912500\",\"amount_sanksi\":\"0\",\"bulan_pajak\":\"\",\"jns_pajak\":\"REKLAME\",\"kd_rek_bunga\":\"4149707001\",\"kd_rek_denda\":\"4149707002\",\"kd_rek_pokok\":\"4110801\",\"kd_rek_sanksi\":\"0\",\"kode_billing\":\"312101250808430005\",\"nama\":\"WANDA OLIVIA WEWENGKANG\",\"no_skpd\":\"\",\"nop\":\"312101250808430005\",\"tahun_pajak\":\"\"},{\"alamat\":\"JL. RAYA CONDET GG ANGGREK NO. 41A\",\"amount\":\"1622500\",\"amount_bunga\":\"325000\",\"amount_denda\":\"12500\",\"amount_pokok\":\"1250000\",\"amount_sanksi\":\"35000\",\"bulan_pajak\":\"\",\"jns_pajak\":\"REKLAME\",\"kd_rek_bunga\":\"4149704001\",\"kd_rek_denda\":\"4149704002\",\"kd_rek_pokok\":\"4110514\",\"kd_rek_sanksi\":\"4149704003\",\"kode_billing\":\"312106040518130031\",\"nama\":\"RUMAH KOS H. SOETJIPTO SOEGIHA\",\"no_skpd\":\"\",\"nop\":\"312106040518130031\",\"tahun_pajak\":\"\"},{\"alamat\":\"PEMUDA NO. 77\",\"amount\":\"474970\",\"amount_bunga\":\"9313\",\"amount_denda\":\"0\",\"amount_pokok\":\"465657\",\"amount_sanksi\":\"0\",\"bulan_pajak\":\"\",\"jns_pajak\":\"REKLAME\",\"kd_rek_bunga\":\"4149705001\",\"kd_rek_denda\":\"4149705002\",\"kd_rek_pokok\":\"4110602\",\"kd_rek_sanksi\":\"4149705003\",\"kode_billing\":\"312103270601210001\",\"nama\":\"LESEHAN GURAME\",\"no_skpd\":\"\",\"nop\":\"312103270601210001\",\"tahun_pajak\":\"\"},{\"alamat\":\"JL. RAYA CONDET GG ANGGREK NO. 41A\",\"amount\":\"1622500\",\"amount_bunga\":\"325000\",\"amount_denda\":\"12500\",\"amount_pokok\":\"1250000\",\"amount_sanksi\":\"35000\",\"bulan_pajak\":\"\",\"jns_pajak\":\"REKLAME\",\"kd_rek_bunga\":\"4149704001\",\"kd_rek_denda\":\"4149704002\",\"kd_rek_pokok\":\"4110514\",\"kd_rek_sanksi\":\"4149704003\",\"kode_billing\":\"312106040518140032\",\"nama\":\"RUMAH KOS H. SOETJIPTO SOEGIHA\",\"no_skpd\":\"\",\"nop\":\"312106040518140032\",\"tahun_pajak\":\"\"},{\"alamat\":\"JL PECENONGAN NO. 67 ABC\",\"amount\":\"64209746\",\"amount_bunga\":\"0\",\"amount_denda\":\"0\",\"amount_pokok\":\"64209746\",\"amount_sanksi\":\"0\",\"bulan_pajak\":\"\",\"jns_pajak\":\"REKLAME\",\"kd_rek_bunga\":\"4149705001\",\"kd_rek_denda\":\"4149705002\",\"kd_rek_pokok\":\"4110601\",\"kd_rek_sanksi\":\"4149705003\",\"kode_billing\":\"312012040719480002\",\"nama\":\"MAGAL PECENONGAN\",\"no_skpd\":\"\",\"nop\":\"312012040719480002\",\"tahun_pajak\":\"\"},{\"alamat\":\"JATIKRAMAT RT.002/01\",\"amount\":\"4380000\",\"amount_bunga\":\"0\",\"amount_denda\":\"0\",\"amount_pokok\":\"4380000\",\"amount_sanksi\":\"0\",\"bulan_pajak\":\"\",\"jns_pajak\":\"REKLAME\",\"kd_rek_bunga\":\"4149707001\",\"kd_rek_denda\":\"4149707002\",\"kd_rek_pokok\":\"4110801\",\"kd_rek_sanksi\":\"0\",\"kode_billing\":\"312101250808430004\",\"nama\":\"ADE SARIP HIDAYAT\",\"no_skpd\":\"\",\"nop\":\"312101250808430004\",\"tahun_pajak\":\"\"},{\"alamat\":\"JL PECENONGAN NO. 67 ABC\",\"amount\":\"51146664\",\"amount_bunga\":\"0\",\"amount_denda\":\"0\",\"amount_pokok\":\"51146664\",\"amount_sanksi\":\"0\",\"bulan_pajak\":\"\",\"jns_pajak\":\"REKLAME\",\"kd_rek_bunga\":\"4149705001\",\"kd_rek_denda\":\"4149705002\",\"kd_rek_pokok\":\"4110601\",\"kd_rek_sanksi\":\"4149705003\",\"kode_billing\":\"312012040720450003\",\"nama\":\"MAGAL PECENONGAN\",\"no_skpd\":\"\",\"nop\":\"312012040720450003\",\"tahun_pajak\":\"\"},{\"alamat\":\"JL. HR. RASUNA SAID KAV 1 GD MENARA IMPERIUM\",\"amount\":\"4022200\",\"amount_bunga\":\"0\",\"amount_denda\":\"154700\",\"amount_pokok\":\"3867500\",\"amount_sanksi\":\"0\",\"bulan_pajak\":\"\",\"jns_pajak\":\"REKLAME\",\"kd_rek_bunga\":\"4149707001\",\"kd_rek_denda\":\"4149707002\",\"kd_rek_pokok\":\"4110805\",\"kd_rek_sanksi\":\"0\",\"kode_billing\":\"312101250808290002\",\"nama\":\"PT AVABANINDO PERKASA (OTEGO M\",\"no_skpd\":\"\",\"nop\":\"312101250808290002\",\"tahun_pajak\":\"\"},{\"alamat\":\"JL. KEMANGGISAN NO. 9 RT.01/ 05 KEBON JERUK\",\"amount\":\"350325\",\"amount_bunga\":\"6869\",\"amount_denda\":\"0\",\"amount_pokok\":\"343456\",\"amount_sanksi\":\"0\",\"bulan_pajak\":\"\",\"jns_pajak\":\"REKLAME\",\"kd_rek_bunga\":\"4149704001\",\"kd_rek_denda\":\"4149704002\",\"kd_rek_pokok\":\"4110514\",\"kd_rek_sanksi\":\"4149704003\",\"kode_billing\":\"312103250523300004\",\"nama\":\"ROSELY SITI RUMAH KOST\",\"no_skpd\":\"\",\"nop\":\"312103250523300004\",\"tahun_pajak\":\"\"},{\"alamat\":\"JL TANAH ABANG TIMUR 16A\",\"amount\":\"37833850\",\"amount_bunga\":\"3661340\",\"amount_denda\":\"0\",\"amount_pokok\":\"34172510\",\"amount_sanksi\":\"0\",\"bulan_pajak\":\"\",\"jns_pajak\":\"REKLAME\",\"kd_rek_bunga\":\"4149713001\",\"kd_rek_denda\":\"4149713002\",\"kd_rek_pokok\":\"4111401\",\"kd_rek_sanksi\":\"4149713003\",\"kode_billing\":\"312103301308430001\",\"nama\":\"PT ELTEHA INTERNASIONAL LTD\",\"no_skpd\":\"\",\"nop\":\"312103301308430001\",\"tahun_pajak\":\"\"},{\"alamat\":\"JL. KEMANGGISAN NO. 9 RT.01/ 05 KEBON JERUK\",\"amount\":\"350325\",\"amount_bunga\":\"6869\",\"amount_denda\":\"0\",\"amount_pokok\":\"343456\",\"amount_sanksi\":\"0\",\"bulan_pajak\":\"\",\"jns_pajak\":\"REKLAME\",\"kd_rek_bunga\":\"4149704001\",\"kd_rek_denda\":\"4149704002\",\"kd_rek_pokok\":\"4110514\",\"kd_rek_sanksi\":\"4149704003\",\"kode_billing\":\"312103250523310005\",\"nama\":\"ROSELY SITI RUMAH KOST\",\"no_skpd\":\"\",\"nop\":\"312103250523310005\",\"tahun_pajak\":\"\"}], ntb, item.randomInt(12)"}}}

{"pid":"b44d378b3ffe4dedb820eb7da59112fa","severity":"Debug","timestamp":"2025-05-02T16:17:24+0700","caller":"assigner.go:389","message":{"title":"ReadCommand","values":{"str":"randomInt(12)"}}}

{"pid":"b44d378b3ffe4dedb820eb7da59112fa","severity":"Debug","timestamp":"2025-05-02T16:17:24+0700","caller":"assigner.go:489","message":"send to coreReadCommand: \"12\""}

{"pid":"b44d378b3ffe4dedb820eb7da59112fa","severity":"Debug","timestamp":"2025-05-02T16:17:24+0700","caller":"assigner.go:389","message":{"title":"ReadCommand","values":{"str":12}}}

{"pid":"b44d378b3ffe4dedb820eb7da59112fa","severity":"Debug","timestamp":"2025-05-02T16:17:24+0700","caller":"assigner.go:496","message":"subArg: 12"}

{"pid":"b44d378b3ffe4dedb820eb7da59112fa","severity":"Debug","timestamp":"2025-05-02T16:17:24+0700","caller":"assigner.go:500","message":{"title":"CALL randomInt: 12","values":{"loop":0}}}

{"pid":"b44d378b3ffe4dedb820eb7da59112fa","severity":"Debug","timestamp":"2025-05-02T16:17:24+0700","caller":"assigner.go:884","message":{"title":"execute randomInt","values":{"loop":0,"param":12}}}

{"pid":"b44d378b3ffe4dedb820eb7da59112fa","severity":"Debug","timestamp":"2025-05-02T16:17:24+0700","caller":"randomInt.go:11","message":{"title":"RandomInt","values":{"from":0,"to":12}}}

{"pid":"b44d378b3ffe4dedb820eb7da59112fa","severity":"Debug","timestamp":"2025-05-02T16:17:24+0700","caller":"assigner.go:927","message":{"title":"execute randomInt","values":{"loop":0,"result":467071643996}}}

{"pid":"b44d378b3ffe4dedb820eb7da59112fa","severity":"Debug","timestamp":"2025-05-02T16:17:24+0700","caller":"assigner.go:389","message":{"title":"ReadCommand","values":{"str":"randomInt(12)"}}}

{"pid":"b44d378b3ffe4dedb820eb7da59112fa","severity":"Debug","timestamp":"2025-05-02T16:17:24+0700","caller":"assigner.go:489","message":"send to coreReadCommand: \"12\""}

{"pid":"b44d378b3ffe4dedb820eb7da59112fa","severity":"Debug","timestamp":"2025-05-02T16:17:24+0700","caller":"assigner.go:389","message":{"title":"ReadCommand","values":{"str":12}}}

{"pid":"b44d378b3ffe4dedb820eb7da59112fa","severity":"Debug","timestamp":"2025-05-02T16:17:24+0700","caller":"assigner.go:496","message":"subArg: 12"}

{"pid":"b44d378b3ffe4dedb820eb7da59112fa","severity":"Debug","timestamp":"2025-05-02T16:17:24+0700","caller":"assigner.go:500","message":{"title":"CALL randomInt: 12","values":{"loop":0}}}

{"pid":"b44d378b3ffe4dedb820eb7da59112fa","severity":"Debug","timestamp":"2025-05-02T16:17:24+0700","caller":"assigner.go:884","message":{"title":"execute randomInt","values":{"loop":0,"param":12}}}

{"pid":"b44d378b3ffe4dedb820eb7da59112fa","severity":"Debug","timestamp":"2025-05-02T16:17:24+0700","caller":"randomInt.go:11","message":{"title":"RandomInt","values":{"from":0,"to":12}}}

{"pid":"b44d378b3ffe4dedb820eb7da59112fa","severity":"Debug","timestamp":"2025-05-02T16:17:24+0700","caller":"assigner.go:927","message":{"title":"execute randomInt","values":{"loop":0,"result":630677262447}}}

{"pid":"b44d378b3ffe4dedb820eb7da59112fa","severity":"Debug","timestamp":"2025-05-02T16:17:24+0700","caller":"assigner.go:389","message":{"title":"ReadCommand","values":{"str":"randomInt(12)"}}}

{"pid":"b44d378b3ffe4dedb820eb7da59112fa","severity":"Debug","timestamp":"2025-05-02T16:17:24+0700","caller":"assigner.go:489","message":"send to coreReadCommand: \"12\""}

{"pid":"b44d378b3ffe4dedb820eb7da59112fa","severity":"Debug","timestamp":"2025-05-02T16:17:24+0700","caller":"assigner.go:389","message":{"title":"ReadCommand","values":{"str":12}}}

{"pid":"b44d378b3ffe4dedb820eb7da59112fa","severity":"Debug","timestamp":"2025-05-02T16:17:24+0700","caller":"assigner.go:496","message":"subArg: 12"}

{"pid":"b44d378b3ffe4dedb820eb7da59112fa","severity":"Debug","timestamp":"2025-05-02T16:17:24+0700","caller":"assigner.go:500","message":{"title":"CALL randomInt: 12","values":{"loop":0}}}

{"pid":"b44d378b3ffe4dedb820eb7da59112fa","severity":"Debug","timestamp":"2025-05-02T16:17:24+0700","caller":"assigner.go:884","message":{"title":"execute randomInt","values":{"loop":0,"param":12}}}

{"pid":"b44d378b3ffe4dedb820eb7da59112fa","severity":"Debug","timestamp":"2025-05-02T16:17:24+0700","caller":"randomInt.go:11","message":{"title":"RandomInt","values":{"from":0,"to":12}}}

{"pid":"b44d378b3ffe4dedb820eb7da59112fa","severity":"Debug","timestamp":"2025-05-02T16:17:24+0700","caller":"assigner.go:927","message":{"title":"execute randomInt","values":{"loop":0,"result":"057455807409"}}}

{"pid":"b44d378b3ffe4dedb820eb7da59112fa","severity":"Debug","timestamp":"2025-05-02T16:17:24+0700","caller":"assigner.go:389","message":{"title":"ReadCommand","values":{"str":"randomInt(12)"}}}

{"pid":"b44d378b3ffe4dedb820eb7da59112fa","severity":"Debug","timestamp":"2025-05-02T16:17:24+0700","caller":"assigner.go:489","message":"send to coreReadCommand: \"12\""}

{"pid":"b44d378b3ffe4dedb820eb7da59112fa","severity":"Debug","timestamp":"2025-05-02T16:17:24+0700","caller":"assigner.go:389","message":{"title":"ReadCommand","values":{"str":12}}}

{"pid":"b44d378b3ffe4dedb820eb7da59112fa","severity":"Debug","timestamp":"2025-05-02T16:17:24+0700","caller":"assigner.go:496","message":"subArg: 12"}

{"pid":"b44d378b3ffe4dedb820eb7da59112fa","severity":"Debug","timestamp":"2025-05-02T16:17:24+0700","caller":"assigner.go:500","message":{"title":"CALL randomInt: 12","values":{"loop":0}}}

{"pid":"b44d378b3ffe4dedb820eb7da59112fa","severity":"Debug","timestamp":"2025-05-02T16:17:24+0700","caller":"assigner.go:884","message":{"title":"execute randomInt","values":{"loop":0,"param":12}}}

{"pid":"b44d378b3ffe4dedb820eb7da59112fa","severity":"Debug","timestamp":"2025-05-02T16:17:24+0700","caller":"randomInt.go:11","message":{"title":"RandomInt","values":{"from":0,"to":12}}}

{"pid":"b44d378b3ffe4dedb820eb7da59112fa","severity":"Debug","timestamp":"2025-05-02T16:17:24+0700","caller":"assigner.go:927","message":{"title":"execute randomInt","values":{"loop":0,"result":"066787413597"}}}

{"pid":"b44d378b3ffe4dedb820eb7da59112fa","severity":"Debug","timestamp":"2025-05-02T16:17:24+0700","caller":"assigner.go:389","message":{"title":"ReadCommand","values":{"str":"randomInt(12)"}}}

{"pid":"b44d378b3ffe4dedb820eb7da59112fa","severity":"Debug","timestamp":"2025-05-02T16:17:24+0700","caller":"assigner.go:489","message":"send to coreReadCommand: \"12\""}

{"pid":"b44d378b3ffe4dedb820eb7da59112fa","severity":"Debug","timestamp":"2025-05-02T16:17:24+0700","caller":"assigner.go:389","message":{"title":"ReadCommand","values":{"str":12}}}

{"pid":"b44d378b3ffe4dedb820eb7da59112fa","severity":"Debug","timestamp":"2025-05-02T16:17:24+0700","caller":"assigner.go:496","message":"subArg: 12"}

{"pid":"b44d378b3ffe4dedb820eb7da59112fa","severity":"Debug","timestamp":"2025-05-02T16:17:24+0700","caller":"assigner.go:500","message":{"title":"CALL randomInt: 12","values":{"loop":0}}}

{"pid":"b44d378b3ffe4dedb820eb7da59112fa","severity":"Debug","timestamp":"2025-05-02T16:17:24+0700","caller":"assigner.go:884","message":{"title":"execute randomInt","values":{"loop":0,"param":12}}}

{"pid":"b44d378b3ffe4dedb820eb7da59112fa","severity":"Debug","timestamp":"2025-05-02T16:17:24+0700","caller":"randomInt.go:11","message":{"title":"RandomInt","values":{"from":0,"to":12}}}

{"pid":"b44d378b3ffe4dedb820eb7da59112fa","severity":"Debug","timestamp":"2025-05-02T16:17:24+0700","caller":"assigner.go:927","message":{"title":"execute randomInt","values":{"loop":0,"result":812940614298}}}

{"pid":"b44d378b3ffe4dedb820eb7da59112fa","severity":"Debug","timestamp":"2025-05-02T16:17:24+0700","caller":"assigner.go:389","message":{"title":"ReadCommand","values":{"str":"randomInt(12)"}}}

{"pid":"b44d378b3ffe4dedb820eb7da59112fa","severity":"Debug","timestamp":"2025-05-02T16:17:24+0700","caller":"assigner.go:489","message":"send to coreReadCommand: \"12\""}

{"pid":"b44d378b3ffe4dedb820eb7da59112fa","severity":"Debug","timestamp":"2025-05-02T16:17:24+0700","caller":"assigner.go:389","message":{"title":"ReadCommand","values":{"str":12}}}

{"pid":"b44d378b3ffe4dedb820eb7da59112fa","severity":"Debug","timestamp":"2025-05-02T16:17:24+0700","caller":"assigner.go:496","message":"subArg: 12"}

{"pid":"b44d378b3ffe4dedb820eb7da59112fa","severity":"Debug","timestamp":"2025-05-02T16:17:24+0700","caller":"assigner.go:500","message":{"title":"CALL randomInt: 12","values":{"loop":0}}}

{"pid":"b44d378b3ffe4dedb820eb7da59112fa","severity":"Debug","timestamp":"2025-05-02T16:17:24+0700","caller":"assigner.go:884","message":{"title":"execute randomInt","values":{"loop":0,"param":12}}}

{"pid":"b44d378b3ffe4dedb820eb7da59112fa","severity":"Debug","timestamp":"2025-05-02T16:17:24+0700","caller":"randomInt.go:11","message":{"title":"RandomInt","values":{"from":0,"to":12}}}

{"pid":"b44d378b3ffe4dedb820eb7da59112fa","severity":"Debug","timestamp":"2025-05-02T16:17:24+0700","caller":"assigner.go:927","message":{"title":"execute randomInt","values":{"loop":0,"result":621824175436}}}

{"pid":"b44d378b3ffe4dedb820eb7da59112fa","severity":"Debug","timestamp":"2025-05-02T16:17:24+0700","caller":"assigner.go:389","message":{"title":"ReadCommand","values":{"str":"randomInt(12)"}}}

{"pid":"b44d378b3ffe4dedb820eb7da59112fa","severity":"Debug","timestamp":"2025-05-02T16:17:24+0700","caller":"assigner.go:489","message":"send to coreReadCommand: \"12\""}

{"pid":"b44d378b3ffe4dedb820eb7da59112fa","severity":"Debug","timestamp":"2025-05-02T16:17:24+0700","caller":"assigner.go:389","message":{"title":"ReadCommand","values":{"str":12}}}

{"pid":"b44d378b3ffe4dedb820eb7da59112fa","severity":"Debug","timestamp":"2025-05-02T16:17:24+0700","caller":"assigner.go:496","message":"subArg: 12"}

{"pid":"b44d378b3ffe4dedb820eb7da59112fa","severity":"Debug","timestamp":"2025-05-02T16:17:24+0700","caller":"assigner.go:500","message":{"title":"CALL randomInt: 12","values":{"loop":0}}}

{"pid":"b44d378b3ffe4dedb820eb7da59112fa","severity":"Debug","timestamp":"2025-05-02T16:17:24+0700","caller":"assigner.go:884","message":{"title":"execute randomInt","values":{"loop":0,"param":12}}}

{"pid":"b44d378b3ffe4dedb820eb7da59112fa","severity":"Debug","timestamp":"2025-05-02T16:17:24+0700","caller":"randomInt.go:11","message":{"title":"RandomInt","values":{"from":0,"to":12}}}

{"pid":"b44d378b3ffe4dedb820eb7da59112fa","severity":"Debug","timestamp":"2025-05-02T16:17:24+0700","caller":"assigner.go:927","message":{"title":"execute randomInt","values":{"loop":0,"result":"063050314631"}}}

{"pid":"b44d378b3ffe4dedb820eb7da59112fa","severity":"Debug","timestamp":"2025-05-02T16:17:24+0700","caller":"assigner.go:389","message":{"title":"ReadCommand","values":{"str":"randomInt(12)"}}}

{"pid":"b44d378b3ffe4dedb820eb7da59112fa","severity":"Debug","timestamp":"2025-05-02T16:17:24+0700","caller":"assigner.go:489","message":"send to coreReadCommand: \"12\""}

{"pid":"b44d378b3ffe4dedb820eb7da59112fa","severity":"Debug","timestamp":"2025-05-02T16:17:24+0700","caller":"assigner.go:389","message":{"title":"ReadCommand","values":{"str":12}}}

{"pid":"b44d378b3ffe4dedb820eb7da59112fa","severity":"Debug","timestamp":"2025-05-02T16:17:24+0700","caller":"assigner.go:496","message":"subArg: 12"}

{"pid":"b44d378b3ffe4dedb820eb7da59112fa","severity":"Debug","timestamp":"2025-05-02T16:17:24+0700","caller":"assigner.go:500","message":{"title":"CALL randomInt: 12","values":{"loop":0}}}

{"pid":"b44d378b3ffe4dedb820eb7da59112fa","severity":"Debug","timestamp":"2025-05-02T16:17:24+0700","caller":"assigner.go:884","message":{"title":"execute randomInt","values":{"loop":0,"param":12}}}

{"pid":"b44d378b3ffe4dedb820eb7da59112fa","severity":"Debug","timestamp":"2025-05-02T16:17:24+0700","caller":"randomInt.go:11","message":{"title":"RandomInt","values":{"from":0,"to":12}}}

{"pid":"b44d378b3ffe4dedb820eb7da59112fa","severity":"Debug","timestamp":"2025-05-02T16:17:24+0700","caller":"assigner.go:927","message":{"title":"execute randomInt","values":{"loop":0,"result":263482340381}}}

{"pid":"b44d378b3ffe4dedb820eb7da59112fa","severity":"Debug","timestamp":"2025-05-02T16:17:24+0700","caller":"assigner.go:389","message":{"title":"ReadCommand","values":{"str":"randomInt(12)"}}}

{"pid":"b44d378b3ffe4dedb820eb7da59112fa","severity":"Debug","timestamp":"2025-05-02T16:17:24+0700","caller":"assigner.go:489","message":"send to coreReadCommand: \"12\""}

{"pid":"b44d378b3ffe4dedb820eb7da59112fa","severity":"Debug","timestamp":"2025-05-02T16:17:24+0700","caller":"assigner.go:389","message":{"title":"ReadCommand","values":{"str":12}}}

{"pid":"b44d378b3ffe4dedb820eb7da59112fa","severity":"Debug","timestamp":"2025-05-02T16:17:24+0700","caller":"assigner.go:496","message":"subArg: 12"}

{"pid":"b44d378b3ffe4dedb820eb7da59112fa","severity":"Debug","timestamp":"2025-05-02T16:17:24+0700","caller":"assigner.go:500","message":{"title":"CALL randomInt: 12","values":{"loop":0}}}

{"pid":"b44d378b3ffe4dedb820eb7da59112fa","severity":"Debug","timestamp":"2025-05-02T16:17:24+0700","caller":"assigner.go:884","message":{"title":"execute randomInt","values":{"loop":0,"param":12}}}

{"pid":"b44d378b3ffe4dedb820eb7da59112fa","severity":"Debug","timestamp":"2025-05-02T16:17:24+0700","caller":"randomInt.go:11","message":{"title":"RandomInt","values":{"from":0,"to":12}}}

{"pid":"b44d378b3ffe4dedb820eb7da59112fa","severity":"Debug","timestamp":"2025-05-02T16:17:24+0700","caller":"assigner.go:927","message":{"title":"execute randomInt","values":{"loop":0,"result":818976446482}}}

{"pid":"b44d378b3ffe4dedb820eb7da59112fa","severity":"Debug","timestamp":"2025-05-02T16:17:24+0700","caller":"assigner.go:389","message":{"title":"ReadCommand","values":{"str":"randomInt(12)"}}}

{"pid":"b44d378b3ffe4dedb820eb7da59112fa","severity":"Debug","timestamp":"2025-05-02T16:17:24+0700","caller":"assigner.go:489","message":"send to coreReadCommand: \"12\""}

{"pid":"b44d378b3ffe4dedb820eb7da59112fa","severity":"Debug","timestamp":"2025-05-02T16:17:24+0700","caller":"assigner.go:389","message":{"title":"ReadCommand","values":{"str":12}}}

{"pid":"b44d378b3ffe4dedb820eb7da59112fa","severity":"Debug","timestamp":"2025-05-02T16:17:24+0700","caller":"assigner.go:496","message":"subArg: 12"}

{"pid":"b44d378b3ffe4dedb820eb7da59112fa","severity":"Debug","timestamp":"2025-05-02T16:17:24+0700","caller":"assigner.go:500","message":{"title":"CALL randomInt: 12","values":{"loop":0}}}

{"pid":"b44d378b3ffe4dedb820eb7da59112fa","severity":"Debug","timestamp":"2025-05-02T16:17:24+0700","caller":"assigner.go:884","message":{"title":"execute randomInt","values":{"loop":0,"param":12}}}

{"pid":"b44d378b3ffe4dedb820eb7da59112fa","severity":"Debug","timestamp":"2025-05-02T16:17:24+0700","caller":"randomInt.go:11","message":{"title":"RandomInt","values":{"from":0,"to":12}}}

{"pid":"b44d378b3ffe4dedb820eb7da59112fa","severity":"Debug","timestamp":"2025-05-02T16:17:24+0700","caller":"assigner.go:927","message":{"title":"execute randomInt","values":{"loop":0,"result":398792303437}}}

{"pid":"b44d378b3ffe4dedb820eb7da59112fa","severity":"Debug","timestamp":"2025-05-02T16:17:24+0700","caller":"assigner.go:389","message":{"title":"ReadCommand","values":{"str":"randomInt(12)"}}}

{"pid":"b44d378b3ffe4dedb820eb7da59112fa","severity":"Debug","timestamp":"2025-05-02T16:17:24+0700","caller":"assigner.go:489","message":"send to coreReadCommand: \"12\""}

{"pid":"b44d378b3ffe4dedb820eb7da59112fa","severity":"Debug","timestamp":"2025-05-02T16:17:24+0700","caller":"assigner.go:389","message":{"title":"ReadCommand","values":{"str":12}}}

{"pid":"b44d378b3ffe4dedb820eb7da59112fa","severity":"Debug","timestamp":"2025-05-02T16:17:24+0700","caller":"assigner.go:496","message":"subArg: 12"}

{"pid":"b44d378b3ffe4dedb820eb7da59112fa","severity":"Debug","timestamp":"2025-05-02T16:17:24+0700","caller":"assigner.go:500","message":{"title":"CALL randomInt: 12","values":{"loop":0}}}

{"pid":"b44d378b3ffe4dedb820eb7da59112fa","severity":"Debug","timestamp":"2025-05-02T16:17:24+0700","caller":"assigner.go:884","message":{"title":"execute randomInt","values":{"loop":0,"param":12}}}

{"pid":"b44d378b3ffe4dedb820eb7da59112fa","severity":"Debug","timestamp":"2025-05-02T16:17:24+0700","caller":"randomInt.go:11","message":{"title":"RandomInt","values":{"from":0,"to":12}}}

{"pid":"b44d378b3ffe4dedb820eb7da59112fa","severity":"Debug","timestamp":"2025-05-02T16:17:24+0700","caller":"assigner.go:927","message":{"title":"execute randomInt","values":{"loop":0,"result":757057946447}}}

{"pid":"b44d378b3ffe4dedb820eb7da59112fa","severity":"Debug","timestamp":"2025-05-02T16:17:24+0700","caller":"assigner.go:389","message":{"title":"ReadCommand","values":{"str":"randomInt(12)"}}}

{"pid":"b44d378b3ffe4dedb820eb7da59112fa","severity":"Debug","timestamp":"2025-05-02T16:17:24+0700","caller":"assigner.go:489","message":"send to coreReadCommand: \"12\""}

{"pid":"b44d378b3ffe4dedb820eb7da59112fa","severity":"Debug","timestamp":"2025-05-02T16:17:24+0700","caller":"assigner.go:389","message":{"title":"ReadCommand","values":{"str":12}}}

{"pid":"b44d378b3ffe4dedb820eb7da59112fa","severity":"Debug","timestamp":"2025-05-02T16:17:24+0700","caller":"assigner.go:496","message":"subArg: 12"}

{"pid":"b44d378b3ffe4dedb820eb7da59112fa","severity":"Debug","timestamp":"2025-05-02T16:17:24+0700","caller":"assigner.go:500","message":{"title":"CALL randomInt: 12","values":{"loop":0}}}

{"pid":"b44d378b3ffe4dedb820eb7da59112fa","severity":"Debug","timestamp":"2025-05-02T16:17:24+0700","caller":"assigner.go:884","message":{"title":"execute randomInt","values":{"loop":0,"param":12}}}

{"pid":"b44d378b3ffe4dedb820eb7da59112fa","severity":"Debug","timestamp":"2025-05-02T16:17:24+0700","caller":"randomInt.go:11","message":{"title":"RandomInt","values":{"from":0,"to":12}}}

{"pid":"b44d378b3ffe4dedb820eb7da59112fa","severity":"Debug","timestamp":"2025-05-02T16:17:24+0700","caller":"assigner.go:927","message":{"title":"execute randomInt","values":{"loop":0,"result":"018305844145"}}}

{"pid":"b44d378b3ffe4dedb820eb7da59112fa","severity":"Debug","timestamp":"2025-05-02T16:17:24+0700","caller":"assigner.go:389","message":{"title":"ReadCommand","values":{"str":"randomInt(12)"}}}

{"pid":"b44d378b3ffe4dedb820eb7da59112fa","severity":"Debug","timestamp":"2025-05-02T16:17:24+0700","caller":"assigner.go:489","message":"send to coreReadCommand: \"12\""}

{"pid":"b44d378b3ffe4dedb820eb7da59112fa","severity":"Debug","timestamp":"2025-05-02T16:17:24+0700","caller":"assigner.go:389","message":{"title":"ReadCommand","values":{"str":12}}}

{"pid":"b44d378b3ffe4dedb820eb7da59112fa","severity":"Debug","timestamp":"2025-05-02T16:17:24+0700","caller":"assigner.go:496","message":"subArg: 12"}

{"pid":"b44d378b3ffe4dedb820eb7da59112fa","severity":"Debug","timestamp":"2025-05-02T16:17:24+0700","caller":"assigner.go:500","message":{"title":"CALL randomInt: 12","values":{"loop":0}}}

{"pid":"b44d378b3ffe4dedb820eb7da59112fa","severity":"Debug","timestamp":"2025-05-02T16:17:24+0700","caller":"assigner.go:884","message":{"title":"execute randomInt","values":{"loop":0,"param":12}}}

{"pid":"b44d378b3ffe4dedb820eb7da59112fa","severity":"Debug","timestamp":"2025-05-02T16:17:24+0700","caller":"randomInt.go:11","message":{"title":"RandomInt","values":{"from":0,"to":12}}}

{"pid":"b44d378b3ffe4dedb820eb7da59112fa","severity":"Debug","timestamp":"2025-05-02T16:17:24+0700","caller":"assigner.go:927","message":{"title":"execute randomInt","values":{"loop":0,"result":654444200432}}}

{"pid":"b44d378b3ffe4dedb820eb7da59112fa","severity":"Debug","timestamp":"2025-05-02T16:17:24+0700","caller":"assigner.go:389","message":{"title":"ReadCommand","values":{"str":"randomInt(12)"}}}

{"pid":"b44d378b3ffe4dedb820eb7da59112fa","severity":"Debug","timestamp":"2025-05-02T16:17:24+0700","caller":"assigner.go:489","message":"send to coreReadCommand: \"12\""}

{"pid":"b44d378b3ffe4dedb820eb7da59112fa","severity":"Debug","timestamp":"2025-05-02T16:17:24+0700","caller":"assigner.go:389","message":{"title":"ReadCommand","values":{"str":12}}}

{"pid":"b44d378b3ffe4dedb820eb7da59112fa","severity":"Debug","timestamp":"2025-05-02T16:17:24+0700","caller":"assigner.go:496","message":"subArg: 12"}

{"pid":"b44d378b3ffe4dedb820eb7da59112fa","severity":"Debug","timestamp":"2025-05-02T16:17:24+0700","caller":"assigner.go:500","message":{"title":"CALL randomInt: 12","values":{"loop":0}}}

{"pid":"b44d378b3ffe4dedb820eb7da59112fa","severity":"Debug","timestamp":"2025-05-02T16:17:24+0700","caller":"assigner.go:884","message":{"title":"execute randomInt","values":{"loop":0,"param":12}}}

{"pid":"b44d378b3ffe4dedb820eb7da59112fa","severity":"Debug","timestamp":"2025-05-02T16:17:24+0700","caller":"randomInt.go:11","message":{"title":"RandomInt","values":{"from":0,"to":12}}}

{"pid":"b44d378b3ffe4dedb820eb7da59112fa","severity":"Debug","timestamp":"2025-05-02T16:17:24+0700","caller":"assigner.go:927","message":{"title":"execute randomInt","values":{"loop":0,"result":558782249473}}}

{"pid":"b44d378b3ffe4dedb820eb7da59112fa","severity":"Debug","timestamp":"2025-05-02T16:17:24+0700","caller":"assigner.go:389","message":{"title":"ReadCommand","values":{"str":"randomInt(12)"}}}

{"pid":"b44d378b3ffe4dedb820eb7da59112fa","severity":"Debug","timestamp":"2025-05-02T16:17:24+0700","caller":"assigner.go:489","message":"send to coreReadCommand: \"12\""}

{"pid":"b44d378b3ffe4dedb820eb7da59112fa","severity":"Debug","timestamp":"2025-05-02T16:17:24+0700","caller":"assigner.go:389","message":{"title":"ReadCommand","values":{"str":12}}}

{"pid":"b44d378b3ffe4dedb820eb7da59112fa","severity":"Debug","timestamp":"2025-05-02T16:17:24+0700","caller":"assigner.go:496","message":"subArg: 12"}

{"pid":"b44d378b3ffe4dedb820eb7da59112fa","severity":"Debug","timestamp":"2025-05-02T16:17:24+0700","caller":"assigner.go:500","message":{"title":"CALL randomInt: 12","values":{"loop":0}}}

{"pid":"b44d378b3ffe4dedb820eb7da59112fa","severity":"Debug","timestamp":"2025-05-02T16:17:24+0700","caller":"assigner.go:884","message":{"title":"execute randomInt","values":{"loop":0,"param":12}}}

{"pid":"b44d378b3ffe4dedb820eb7da59112fa","severity":"Debug","timestamp":"2025-05-02T16:17:24+0700","caller":"randomInt.go:11","message":{"title":"RandomInt","values":{"from":0,"to":12}}}

{"pid":"b44d378b3ffe4dedb820eb7da59112fa","severity":"Debug","timestamp":"2025-05-02T16:17:24+0700","caller":"assigner.go:927","message":{"title":"execute randomInt","values":{"loop":0,"result":161157970144}}}

{"pid":"b44d378b3ffe4dedb820eb7da59112fa","severity":"Debug","timestamp":"2025-05-02T16:17:24+0700","caller":"assigner.go:389","message":{"title":"ReadCommand","values":{"str":"randomInt(12)"}}}

{"pid":"b44d378b3ffe4dedb820eb7da59112fa","severity":"Debug","timestamp":"2025-05-02T16:17:24+0700","caller":"assigner.go:489","message":"send to coreReadCommand: \"12\""}

{"pid":"b44d378b3ffe4dedb820eb7da59112fa","severity":"Debug","timestamp":"2025-05-02T16:17:24+0700","caller":"assigner.go:389","message":{"title":"ReadCommand","values":{"str":12}}}

{"pid":"b44d378b3ffe4dedb820eb7da59112fa","severity":"Debug","timestamp":"2025-05-02T16:17:24+0700","caller":"assigner.go:496","message":"subArg: 12"}

{"pid":"b44d378b3ffe4dedb820eb7da59112fa","severity":"Debug","timestamp":"2025-05-02T16:17:24+0700","caller":"assigner.go:500","message":{"title":"CALL randomInt: 12","values":{"loop":0}}}

{"pid":"b44d378b3ffe4dedb820eb7da59112fa","severity":"Debug","timestamp":"2025-05-02T16:17:24+0700","caller":"assigner.go:884","message":{"title":"execute randomInt","values":{"loop":0,"param":12}}}

{"pid":"b44d378b3ffe4dedb820eb7da59112fa","severity":"Debug","timestamp":"2025-05-02T16:17:24+0700","caller":"randomInt.go:11","message":{"title":"RandomInt","values":{"from":0,"to":12}}}

{"pid":"b44d378b3ffe4dedb820eb7da59112fa","severity":"Debug","timestamp":"2025-05-02T16:17:24+0700","caller":"assigner.go:927","message":{"title":"execute randomInt","values":{"loop":0,"result":685508958438}}}

{"pid":"b44d378b3ffe4dedb820eb7da59112fa","severity":"Debug","timestamp":"2025-05-02T16:17:24+0700","caller":"assigner.go:389","message":{"title":"ReadCommand","values":{"str":"randomInt(12)"}}}

{"pid":"b44d378b3ffe4dedb820eb7da59112fa","severity":"Debug","timestamp":"2025-05-02T16:17:24+0700","caller":"assigner.go:489","message":"send to coreReadCommand: \"12\""}

{"pid":"b44d378b3ffe4dedb820eb7da59112fa","severity":"Debug","timestamp":"2025-05-02T16:17:24+0700","caller":"assigner.go:389","message":{"title":"ReadCommand","values":{"str":12}}}

{"pid":"b44d378b3ffe4dedb820eb7da59112fa","severity":"Debug","timestamp":"2025-05-02T16:17:24+0700","caller":"assigner.go:496","message":"subArg: 12"}

{"pid":"b44d378b3ffe4dedb820eb7da59112fa","severity":"Debug","timestamp":"2025-05-02T16:17:24+0700","caller":"assigner.go:500","message":{"title":"CALL randomInt: 12","values":{"loop":0}}}

{"pid":"b44d378b3ffe4dedb820eb7da59112fa","severity":"Debug","timestamp":"2025-05-02T16:17:24+0700","caller":"assigner.go:884","message":{"title":"execute randomInt","values":{"loop":0,"param":12}}}

{"pid":"b44d378b3ffe4dedb820eb7da59112fa","severity":"Debug","timestamp":"2025-05-02T16:17:24+0700","caller":"randomInt.go:11","message":{"title":"RandomInt","values":{"from":0,"to":12}}}

{"pid":"b44d378b3ffe4dedb820eb7da59112fa","severity":"Debug","timestamp":"2025-05-02T16:17:24+0700","caller":"assigner.go:927","message":{"title":"execute randomInt","values":{"loop":0,"result":541148148489}}}

{"pid":"b44d378b3ffe4dedb820eb7da59112fa","severity":"Debug","timestamp":"2025-05-02T16:17:24+0700","caller":"assigner.go:389","message":{"title":"ReadCommand","values":{"str":"randomInt(12)"}}}

{"pid":"b44d378b3ffe4dedb820eb7da59112fa","severity":"Debug","timestamp":"2025-05-02T16:17:24+0700","caller":"assigner.go:489","message":"send to coreReadCommand: \"12\""}

{"pid":"b44d378b3ffe4dedb820eb7da59112fa","severity":"Debug","timestamp":"2025-05-02T16:17:24+0700","caller":"assigner.go:389","message":{"title":"ReadCommand","values":{"str":12}}}

{"pid":"b44d378b3ffe4dedb820eb7da59112fa","severity":"Debug","timestamp":"2025-05-02T16:17:24+0700","caller":"assigner.go:496","message":"subArg: 12"}

{"pid":"b44d378b3ffe4dedb820eb7da59112fa","severity":"Debug","timestamp":"2025-05-02T16:17:24+0700","caller":"assigner.go:500","message":{"title":"CALL randomInt: 12","values":{"loop":0}}}

{"pid":"b44d378b3ffe4dedb820eb7da59112fa","severity":"Debug","timestamp":"2025-05-02T16:17:24+0700","caller":"assigner.go:884","message":{"title":"execute randomInt","values":{"loop":0,"param":12}}}

{"pid":"b44d378b3ffe4dedb820eb7da59112fa","severity":"Debug","timestamp":"2025-05-02T16:17:24+0700","caller":"randomInt.go:11","message":{"title":"RandomInt","values":{"from":0,"to":12}}}

{"pid":"b44d378b3ffe4dedb820eb7da59112fa","severity":"Debug","timestamp":"2025-05-02T16:17:24+0700","caller":"assigner.go:927","message":{"title":"execute randomInt","values":{"loop":0,"result":576703624570}}}

{"pid":"b44d378b3ffe4dedb820eb7da59112fa","severity":"Debug","timestamp":"2025-05-02T16:17:24+0700","caller":"assigner.go:389","message":{"title":"ReadCommand","values":{"str":"randomInt(12)"}}}

{"pid":"b44d378b3ffe4dedb820eb7da59112fa","severity":"Debug","timestamp":"2025-05-02T16:17:24+0700","caller":"assigner.go:489","message":"send to coreReadCommand: \"12\""}

{"pid":"b44d378b3ffe4dedb820eb7da59112fa","severity":"Debug","timestamp":"2025-05-02T16:17:24+0700","caller":"assigner.go:389","message":{"title":"ReadCommand","values":{"str":12}}}

{"pid":"b44d378b3ffe4dedb820eb7da59112fa","severity":"Debug","timestamp":"2025-05-02T16:17:24+0700","caller":"assigner.go:496","message":"subArg: 12"}

{"pid":"b44d378b3ffe4dedb820eb7da59112fa","severity":"Debug","timestamp":"2025-05-02T16:17:24+0700","caller":"assigner.go:500","message":{"title":"CALL randomInt: 12","values":{"loop":0}}}

{"pid":"b44d378b3ffe4dedb820eb7da59112fa","severity":"Debug","timestamp":"2025-05-02T16:17:24+0700","caller":"assigner.go:884","message":{"title":"execute randomInt","values":{"loop":0,"param":12}}}

{"pid":"b44d378b3ffe4dedb820eb7da59112fa","severity":"Debug","timestamp":"2025-05-02T16:17:24+0700","caller":"randomInt.go:11","message":{"title":"RandomInt","values":{"from":0,"to":12}}}

{"pid":"b44d378b3ffe4dedb820eb7da59112fa","severity":"Debug","timestamp":"2025-05-02T16:17:24+0700","caller":"assigner.go:927","message":{"title":"execute randomInt","values":{"loop":0,"result":458049504548}}}

{"pid":"b44d378b3ffe4dedb820eb7da59112fa","severity":"Debug","timestamp":"2025-05-02T16:17:24+0700","caller":"assigner.go:389","message":{"title":"ReadCommand","values":{"str":"randomInt(12)"}}}

{"pid":"b44d378b3ffe4dedb820eb7da59112fa","severity":"Debug","timestamp":"2025-05-02T16:17:24+0700","caller":"assigner.go:489","message":"send to coreReadCommand: \"12\""}

{"pid":"b44d378b3ffe4dedb820eb7da59112fa","severity":"Debug","timestamp":"2025-05-02T16:17:24+0700","caller":"assigner.go:389","message":{"title":"ReadCommand","values":{"str":12}}}

{"pid":"b44d378b3ffe4dedb820eb7da59112fa","severity":"Debug","timestamp":"2025-05-02T16:17:24+0700","caller":"assigner.go:496","message":"subArg: 12"}

{"pid":"b44d378b3ffe4dedb820eb7da59112fa","severity":"Debug","timestamp":"2025-05-02T16:17:24+0700","caller":"assigner.go:500","message":{"title":"CALL randomInt: 12","values":{"loop":0}}}

{"pid":"b44d378b3ffe4dedb820eb7da59112fa","severity":"Debug","timestamp":"2025-05-02T16:17:24+0700","caller":"assigner.go:884","message":{"title":"execute randomInt","values":{"loop":0,"param":12}}}

{"pid":"b44d378b3ffe4dedb820eb7da59112fa","severity":"Debug","timestamp":"2025-05-02T16:17:24+0700","caller":"randomInt.go:11","message":{"title":"RandomInt","values":{"from":0,"to":12}}}

{"pid":"b44d378b3ffe4dedb820eb7da59112fa","severity":"Debug","timestamp":"2025-05-02T16:17:24+0700","caller":"assigner.go:927","message":{"title":"execute randomInt","values":{"loop":0,"result":"012978641545"}}}

{"pid":"b44d378b3ffe4dedb820eb7da59112fa","severity":"Debug","timestamp":"2025-05-02T16:17:24+0700","caller":"assigner.go:1269","message":{"title":"execute addPropertyToArray","values":{"loop":0,"result":[{"alamat":"JLN. MH. THAMRIN NO. 09 CIKOKOL TANGERANG","amount":"5256000","amount_bunga":"0","amount_denda":"0","amount_pokok":"5256000","amount_sanksi":"0","bulan_pajak":"","jns_pajak":"REKLAME","kd_rek_bunga":"4149707001","kd_rek_denda":"4149707002","kd_rek_pokok":"4110801","kd_rek_sanksi":"0","kode_billing":"312101250809030007","nama":"SUMBER ALFARIA TRIJAYA, PT.","no_skpd":"","nop":"312101250809030007","ntb":"467071643996","tahun_pajak":""},{"alamat":"JL PECENONGAN NO. 67 ABC","amount":"64209746","amount_bunga":"0","amount_denda":"0","amount_pokok":"64209746","amount_sanksi":"0","bulan_pajak":"","jns_pajak":"REKLAME","kd_rek_bunga":"4149705001","kd_rek_denda":"4149705002","kd_rek_pokok":"4110601","kd_rek_sanksi":"4149705003","kode_billing":"312012040720470004","nama":"MAGAL PECENONGAN","no_skpd":"","nop":"312012040720470004","ntb":"630677262447","tahun_pajak":""},{"alamat":"JL H KAMAD NO17 PAH REVOLUSI","amount":"934597","amount_bunga":"0","amount_denda":"0","amount_pokok":"934597","amount_sanksi":"0","bulan_pajak":"","jns_pajak":"REKLAME","kd_rek_bunga":"4149703001","kd_rek_denda":"4149703002","kd_rek_pokok":"4110401","kd_rek_sanksi":"0","kode_billing":"312106040418190034","nama":"PT.BUNGKA PANCA JAYA","no_skpd":"","nop":"312106040418190034","ntb":"057455807409","tahun_pajak":""},{"alamat":"JATIKRAMAT RT.002/01","amount":"4380000","amount_bunga":"0","amount_denda":"0","amount_pokok":"4380000","amount_sanksi":"0","bulan_pajak":"","jns_pajak":"REKLAME","kd_rek_bunga":"4149707001","kd_rek_denda":"4149707002","kd_rek_pokok":"4110801","kd_rek_sanksi":"0","kode_billing":"312101250808420003","nama":"ADE SARIP HIDAYAT","no_skpd":"","nop":"312101250808420003","ntb":"066787413597","tahun_pajak":""},{"alamat":"JL. RAYA CONDET GG ANGGREK NO. 41A","amount":"1622500","amount_bunga":"325000","amount_denda":"12500","amount_pokok":"1250000","amount_sanksi":"35000","bulan_pajak":"","jns_pajak":"REKLAME","kd_rek_bunga":"4149704001","kd_rek_denda":"4149704002","kd_rek_pokok":"4110514","kd_rek_sanksi":"4149704003","kode_billing":"312106040518120030","nama":"RUMAH KOS H. SOETJIPTO SOEGIHA","no_skpd":"","nop":"312106040518120030","ntb":"812940614298","tahun_pajak":""},{"alamat":"MALL PURI INDAH","amount":"2996448","amount_bunga":"115248","amount_denda":"0","amount_pokok":"2881200","amount_sanksi":"0","bulan_pajak":"","jns_pajak":"REKLAME","kd_rek_bunga":"4149705001","kd_rek_denda":"4149705002","kd_rek_pokok":"4110602","kd_rek_sanksi":"4149705003","kode_billing":"312103250623380006","nama":"BAKMI GM","no_skpd":"","nop":"312103250623380006","ntb":"621824175436","tahun_pajak":""},{"alamat":"JL ALTERNATIF BUPERTA CIBUBUR RT.005/09 CIMAN","amount":"9102188","amount_bunga":"0","amount_denda":"0","amount_pokok":"9102188","amount_sanksi":"0","bulan_pajak":"","jns_pajak":"REKLAME","kd_rek_bunga":"4149707001","kd_rek_denda":"4149707002","kd_rek_pokok":"4110801","kd_rek_sanksi":"0","kode_billing":"312101250814100019","nama":"PT GUBUG UDANG SENTOSA","no_skpd":"","nop":"312101250814100019","ntb":"063050314631","tahun_pajak":""},{"alamat":"JL PECENONGAN NO. 67 ABC","amount":"64209746","amount_bunga":"0","amount_denda":"0","amount_pokok":"64209746","amount_sanksi":"0","bulan_pajak":"","jns_pajak":"REKLAME","kd_rek_bunga":"4149705001","kd_rek_denda":"4149705002","kd_rek_pokok":"4110601","kd_rek_sanksi":"4149705003","kode_billing":"312012040719220001","nama":"MAGAL PECENONGAN","no_skpd":"","nop":"312012040719220001","ntb":"263482340381","tahun_pajak":""},{"alamat":"GEDUNG TITAN CENTER BLK B7/B1 JL.BOULEVARD BI","amount":"18615000","amount_bunga":"0","amount_denda":"365000","amount_pokok":"18250000","amount_sanksi":"0","bulan_pajak":"","jns_pajak":"REKLAME","kd_rek_bunga":"4149707001","kd_rek_denda":"4149707002","kd_rek_pokok":"4110801","kd_rek_sanksi":"0","kode_billing":"312101250809050008","nama":"PT. ICI PAINT INDONESIA","no_skpd":"","nop":"312101250809050008","ntb":"818976446482","tahun_pajak":""},{"alamat":"SIDAMUKTI SUKAMAJU CILODONG DEPOK","amount":"912500","amount_bunga":"0","amount_denda":"0","amount_pokok":"912500","amount_sanksi":"0","bulan_pajak":"","jns_pajak":"REKLAME","kd_rek_bunga":"4149707001","kd_rek_denda":"4149707002","kd_rek_pokok":"4110801","kd_rek_sanksi":"0","kode_billing":"312101250808430005","nama":"WANDA OLIVIA WEWENGKANG","no_skpd":"","nop":"312101250808430005","ntb":"398792303437","tahun_pajak":""},{"alamat":"JL. RAYA CONDET GG ANGGREK NO. 41A","amount":"1622500","amount_bunga":"325000","amount_denda":"12500","amount_pokok":"1250000","amount_sanksi":"35000","bulan_pajak":"","jns_pajak":"REKLAME","kd_rek_bunga":"4149704001","kd_rek_denda":"4149704002","kd_rek_pokok":"4110514","kd_rek_sanksi":"4149704003","kode_billing":"312106040518130031","nama":"RUMAH KOS H. SOETJIPTO SOEGIHA","no_skpd":"","nop":"312106040518130031","ntb":"757057946447","tahun_pajak":""},{"alamat":"PEMUDA NO. 77","amount":"474970","amount_bunga":"9313","amount_denda":"0","amount_pokok":"465657","amount_sanksi":"0","bulan_pajak":"","jns_pajak":"REKLAME","kd_rek_bunga":"4149705001","kd_rek_denda":"4149705002","kd_rek_pokok":"4110602","kd_rek_sanksi":"4149705003","kode_billing":"312103270601210001","nama":"LESEHAN GURAME","no_skpd":"","nop":"312103270601210001","ntb":"018305844145","tahun_pajak":""},{"alamat":"JL. RAYA CONDET GG ANGGREK NO. 41A","amount":"1622500","amount_bunga":"325000","amount_denda":"12500","amount_pokok":"1250000","amount_sanksi":"35000","bulan_pajak":"","jns_pajak":"REKLAME","kd_rek_bunga":"4149704001","kd_rek_denda":"4149704002","kd_rek_pokok":"4110514","kd_rek_sanksi":"4149704003","kode_billing":"312106040518140032","nama":"RUMAH KOS H. SOETJIPTO SOEGIHA","no_skpd":"","nop":"312106040518140032","ntb":"654444200432","tahun_pajak":""},{"alamat":"JL PECENONGAN NO. 67 ABC","amount":"64209746","amount_bunga":"0","amount_denda":"0","amount_pokok":"64209746","amount_sanksi":"0","bulan_pajak":"","jns_pajak":"REKLAME","kd_rek_bunga":"4149705001","kd_rek_denda":"4149705002","kd_rek_pokok":"4110601","kd_rek_sanksi":"4149705003","kode_billing":"312012040719480002","nama":"MAGAL PECENONGAN","no_skpd":"","nop":"312012040719480002","ntb":"558782249473","tahun_pajak":""},{"alamat":"JATIKRAMAT RT.002/01","amount":"4380000","amount_bunga":"0","amount_denda":"0","amount_pokok":"4380000","amount_sanksi":"0","bulan_pajak":"","jns_pajak":"REKLAME","kd_rek_bunga":"4149707001","kd_rek_denda":"4149707002","kd_rek_pokok":"4110801","kd_rek_sanksi":"0","kode_billing":"312101250808430004","nama":"ADE SARIP HIDAYAT","no_skpd":"","nop":"312101250808430004","ntb":"161157970144","tahun_pajak":""},{"alamat":"JL PECENONGAN NO. 67 ABC","amount":"51146664","amount_bunga":"0","amount_denda":"0","amount_pokok":"51146664","amount_sanksi":"0","bulan_pajak":"","jns_pajak":"REKLAME","kd_rek_bunga":"4149705001","kd_rek_denda":"4149705002","kd_rek_pokok":"4110601","kd_rek_sanksi":"4149705003","kode_billing":"312012040720450003","nama":"MAGAL PECENONGAN","no_skpd":"","nop":"312012040720450003","ntb":"685508958438","tahun_pajak":""},{"alamat":"JL. HR. RASUNA SAID KAV 1 GD MENARA IMPERIUM","amount":"4022200","amount_bunga":"0","amount_denda":"154700","amount_pokok":"3867500","amount_sanksi":"0","bulan_pajak":"","jns_pajak":"REKLAME","kd_rek_bunga":"4149707001","kd_rek_denda":"4149707002","kd_rek_pokok":"4110805","kd_rek_sanksi":"0","kode_billing":"312101250808290002","nama":"PT AVABANINDO PERKASA (OTEGO M","no_skpd":"","nop":"312101250808290002","ntb":"541148148489","tahun_pajak":""},{"alamat":"JL. KEMANGGISAN NO. 9 RT.01/ 05 KEBON JERUK","amount":"350325","amount_bunga":"6869","amount_denda":"0","amount_pokok":"343456","amount_sanksi":"0","bulan_pajak":"","jns_pajak":"REKLAME","kd_rek_bunga":"4149704001","kd_rek_denda":"4149704002","kd_rek_pokok":"4110514","kd_rek_sanksi":"4149704003","kode_billing":"312103250523300004","nama":"ROSELY SITI RUMAH KOST","no_skpd":"","nop":"312103250523300004","ntb":"576703624570","tahun_pajak":""},{"alamat":"JL TANAH ABANG TIMUR 16A","amount":"37833850","amount_bunga":"3661340","amount_denda":"0","amount_pokok":"34172510","amount_sanksi":"0","bulan_pajak":"","jns_pajak":"REKLAME","kd_rek_bunga":"4149713001","kd_rek_denda":"4149713002","kd_rek_pokok":"4111401","kd_rek_sanksi":"4149713003","kode_billing":"312103301308430001","nama":"PT ELTEHA INTERNASIONAL LTD","no_skpd":"","nop":"312103301308430001","ntb":"458049504548","tahun_pajak":""},{"alamat":"JL. KEMANGGISAN NO. 9 RT.01/ 05 KEBON JERUK","amount":"350325","amount_bunga":"6869","amount_denda":"0","amount_pokok":"343456","amount_sanksi":"0","bulan_pajak":"","jns_pajak":"REKLAME","kd_rek_bunga":"4149704001","kd_rek_denda":"4149704002","kd_rek_pokok":"4110514","kd_rek_sanksi":"4149704003","kode_billing":"312103250523310005","nama":"ROSELY SITI RUMAH KOST","no_skpd":"","nop":"312103250523310005","ntb":"012978641545","tahun_pajak":""}]}}}

[{"alamat":"JLN. MH. THAMRIN NO. 09 CIKOKOL TANGERANG","amount":"5256000","amount_bunga":"0","amount_denda":"0","amount_pokok":"5256000","amount_sanksi":"0","bulan_pajak":"","jns_pajak":"REKLAME","kd_rek_bunga":"4149707001","kd_rek_denda":"4149707002","kd_rek_pokok":"4110801","kd_rek_sanksi":"0","kode_billing":"312101250809030007","nama":"SUMBER ALFARIA TRIJAYA, PT.","no_skpd":"","nop":"312101250809030007","ntb":"467071643996","tahun_pajak":""},{"alamat":"JL PECENONGAN NO. 67 ABC","amount":"64209746","amount_bunga":"0","amount_denda":"0","amount_pokok":"64209746","amount_sanksi":"0","bulan_pajak":"","jns_pajak":"REKLAME","kd_rek_bunga":"4149705001","kd_rek_denda":"4149705002","kd_rek_pokok":"4110601","kd_rek_sanksi":"4149705003","kode_billing":"312012040720470004","nama":"MAGAL PECENONGAN","no_skpd":"","nop":"312012040720470004","ntb":"630677262447","tahun_pajak":""},{"alamat":"JL H KAMAD NO17 PAH REVOLUSI","amount":"934597","amount_bunga":"0","amount_denda":"0","amount_pokok":"934597","amount_sanksi":"0","bulan_pajak":"","jns_pajak":"REKLAME","kd_rek_bunga":"4149703001","kd_rek_denda":"4149703002","kd_rek_pokok":"4110401","kd_rek_sanksi":"0","kode_billing":"312106040418190034","nama":"PT.BUNGKA PANCA JAYA","no_skpd":"","nop":"312106040418190034","ntb":"057455807409","tahun_pajak":""},{"alamat":"JATIKRAMAT RT.002/01","amount":"4380000","amount_bunga":"0","amount_denda":"0","amount_pokok":"4380000","amount_sanksi":"0","bulan_pajak":"","jns_pajak":"REKLAME","kd_rek_bunga":"4149707001","kd_rek_denda":"4149707002","kd_rek_pokok":"4110801","kd_rek_sanksi":"0","kode_billing":"312101250808420003","nama":"ADE SARIP HIDAYAT","no_skpd":"","nop":"312101250808420003","ntb":"066787413597","tahun_pajak":""},{"alamat":"JL. RAYA CONDET GG ANGGREK NO. 41A","amount":"1622500","amount_bunga":"325000","amount_denda":"12500","amount_pokok":"1250000","amount_sanksi":"35000","bulan_pajak":"","jns_pajak":"REKLAME","kd_rek_bunga":"4149704001","kd_rek_denda":"4149704002","kd_rek_pokok":"4110514","kd_rek_sanksi":"4149704003","kode_billing":"312106040518120030","nama":"RUMAH KOS H. SOETJIPTO SOEGIHA","no_skpd":"","nop":"312106040518120030","ntb":"812940614298","tahun_pajak":""},{"alamat":"MALL PURI INDAH","amount":"2996448","amount_bunga":"115248","amount_denda":"0","amount_pokok":"2881200","amount_sanksi":"0","bulan_pajak":"","jns_pajak":"REKLAME","kd_rek_bunga":"4149705001","kd_rek_denda":"4149705002","kd_rek_pokok":"4110602","kd_rek_sanksi":"4149705003","kode_billing":"312103250623380006","nama":"BAKMI GM","no_skpd":"","nop":"312103250623380006","ntb":"621824175436","tahun_pajak":""},{"alamat":"JL ALTERNATIF BUPERTA CIBUBUR RT.005/09 CIMAN","amount":"9102188","amount_bunga":"0","amount_denda":"0","amount_pokok":"9102188","amount_sanksi":"0","bulan_pajak":"","jns_pajak":"REKLAME","kd_rek_bunga":"4149707001","kd_rek_denda":"4149707002","kd_rek_pokok":"4110801","kd_rek_sanksi":"0","kode_billing":"312101250814100019","nama":"PT GUBUG UDANG SENTOSA","no_skpd":"","nop":"312101250814100019","ntb":"063050314631","tahun_pajak":""},{"alamat":"JL PECENONGAN NO. 67 ABC","amount":"64209746","amount_bunga":"0","amount_denda":"0","amount_pokok":"64209746","amount_sanksi":"0","bulan_pajak":"","jns_pajak":"REKLAME","kd_rek_bunga":"4149705001","kd_rek_denda":"4149705002","kd_rek_pokok":"4110601","kd_rek_sanksi":"4149705003","kode_billing":"312012040719220001","nama":"MAGAL PECENONGAN","no_skpd":"","nop":"312012040719220001","ntb":"263482340381","tahun_pajak":""},{"alamat":"GEDUNG TITAN CENTER BLK B7/B1 JL.BOULEVARD BI","amount":"18615000","amount_bunga":"0","amount_denda":"365000","amount_pokok":"18250000","amount_sanksi":"0","bulan_pajak":"","jns_pajak":"REKLAME","kd_rek_bunga":"4149707001","kd_rek_denda":"4149707002","kd_rek_pokok":"4110801","kd_rek_sanksi":"0","kode_billing":"312101250809050008","nama":"PT. ICI PAINT INDONESIA","no_skpd":"","nop":"312101250809050008","ntb":"818976446482","tahun_pajak":""},{"alamat":"SIDAMUKTI SUKAMAJU CILODONG DEPOK","amount":"912500","amount_bunga":"0","amount_denda":"0","amount_pokok":"912500","amount_sanksi":"0","bulan_pajak":"","jns_pajak":"REKLAME","kd_rek_bunga":"4149707001","kd_rek_denda":"4149707002","kd_rek_pokok":"4110801","kd_rek_sanksi":"0","kode_billing":"312101250808430005","nama":"WANDA OLIVIA WEWENGKANG","no_skpd":"","nop":"312101250808430005","ntb":"398792303437","tahun_pajak":""},{"alamat":"JL. RAYA CONDET GG ANGGREK NO. 41A","amount":"1622500","amount_bunga":"325000","amount_denda":"12500","amount_pokok":"1250000","amount_sanksi":"35000","bulan_pajak":"","jns_pajak":"REKLAME","kd_rek_bunga":"4149704001","kd_rek_denda":"4149704002","kd_rek_pokok":"4110514","kd_rek_sanksi":"4149704003","kode_billing":"312106040518130031","nama":"RUMAH KOS H. SOETJIPTO SOEGIHA","no_skpd":"","nop":"312106040518130031","ntb":"757057946447","tahun_pajak":""},{"alamat":"PEMUDA NO. 77","amount":"474970","amount_bunga":"9313","amount_denda":"0","amount_pokok":"465657","amount_sanksi":"0","bulan_pajak":"","jns_pajak":"REKLAME","kd_rek_bunga":"4149705001","kd_rek_denda":"4149705002","kd_rek_pokok":"4110602","kd_rek_sanksi":"4149705003","kode_billing":"312103270601210001","nama":"LESEHAN GURAME","no_skpd":"","nop":"312103270601210001","ntb":"018305844145","tahun_pajak":""},{"alamat":"JL. RAYA CONDET GG ANGGREK NO. 41A","amount":"1622500","amount_bunga":"325000","amount_denda":"12500","amount_pokok":"1250000","amount_sanksi":"35000","bulan_pajak":"","jns_pajak":"REKLAME","kd_rek_bunga":"4149704001","kd_rek_denda":"4149704002","kd_rek_pokok":"4110514","kd_rek_sanksi":"4149704003","kode_billing":"312106040518140032","nama":"RUMAH KOS H. SOETJIPTO SOEGIHA","no_skpd":"","nop":"312106040518140032","ntb":"654444200432","tahun_pajak":""},{"alamat":"JL PECENONGAN NO. 67 ABC","amount":"64209746","amount_bunga":"0","amount_denda":"0","amount_pokok":"64209746","amount_sanksi":"0","bulan_pajak":"","jns_pajak":"REKLAME","kd_rek_bunga":"4149705001","kd_rek_denda":"4149705002","kd_rek_pokok":"4110601","kd_rek_sanksi":"4149705003","kode_billing":"312012040719480002","nama":"MAGAL PECENONGAN","no_skpd":"","nop":"312012040719480002","ntb":"558782249473","tahun_pajak":""},{"alamat":"JATIKRAMAT RT.002/01","amount":"4380000","amount_bunga":"0","amount_denda":"0","amount_pokok":"4380000","amount_sanksi":"0","bulan_pajak":"","jns_pajak":"REKLAME","kd_rek_bunga":"4149707001","kd_rek_denda":"4149707002","kd_rek_pokok":"4110801","kd_rek_sanksi":"0","kode_billing":"312101250808430004","nama":"ADE SARIP HIDAYAT","no_skpd":"","nop":"312101250808430004","ntb":"161157970144","tahun_pajak":""},{"alamat":"JL PECENONGAN NO. 67 ABC","amount":"51146664","amount_bunga":"0","amount_denda":"0","amount_pokok":"51146664","amount_sanksi":"0","bulan_pajak":"","jns_pajak":"REKLAME","kd_rek_bunga":"4149705001","kd_rek_denda":"4149705002","kd_rek_pokok":"4110601","kd_rek_sanksi":"4149705003","kode_billing":"312012040720450003","nama":"MAGAL PECENONGAN","no_skpd":"","nop":"312012040720450003","ntb":"685508958438","tahun_pajak":""},{"alamat":"JL. HR. RASUNA SAID KAV 1 GD MENARA IMPERIUM","amount":"4022200","amount_bunga":"0","amount_denda":"154700","amount_pokok":"3867500","amount_sanksi":"0","bulan_pajak":"","jns_pajak":"REKLAME","kd_rek_bunga":"4149707001","kd_rek_denda":"4149707002","kd_rek_pokok":"4110805","kd_rek_sanksi":"0","kode_billing":"312101250808290002","nama":"PT AVABANINDO PERKASA (OTEGO M","no_skpd":"","nop":"312101250808290002","ntb":"541148148489","tahun_pajak":""},{"alamat":"JL. KEMANGGISAN NO. 9 RT.01/ 05 KEBON JERUK","amount":"350325","amount_bunga":"6869","amount_denda":"0","amount_pokok":"343456","amount_sanksi":"0","bulan_pajak":"","jns_pajak":"REKLAME","kd_rek_bunga":"4149704001","kd_rek_denda":"4149704002","kd_rek_pokok":"4110514","kd_rek_sanksi":"4149704003","kode_billing":"312103250523300004","nama":"ROSELY SITI RUMAH KOST","no_skpd":"","nop":"312103250523300004","ntb":"576703624570","tahun_pajak":""},{"alamat":"JL TANAH ABANG TIMUR 16A","amount":"37833850","amount_bunga":"3661340","amount_denda":"0","amount_pokok":"34172510","amount_sanksi":"0","bulan_pajak":"","jns_pajak":"REKLAME","kd_rek_bunga":"4149713001","kd_rek_denda":"4149713002","kd_rek_pokok":"4111401","kd_rek_sanksi":"4149713003","kode_billing":"312103301308430001","nama":"PT ELTEHA INTERNASIONAL LTD","no_skpd":"","nop":"312103301308430001","ntb":"458049504548","tahun_pajak":""},{"alamat":"JL. KEMANGGISAN NO. 9 RT.01/ 05 KEBON JERUK","amount":"350325","amount_bunga":"6869","amount_denda":"0","amount_pokok":"343456","amount_sanksi":"0","bulan_pajak":"","jns_pajak":"REKLAME","kd_rek_bunga":"4149704001","kd_rek_denda":"4149704002","kd_rek_pokok":"4110514","kd_rek_sanksi":"4149704003","kode_billing":"312103250523310005","nama":"ROSELY SITI RUMAH KOST","no_skpd":"","nop":"312103250523310005","ntb":"012978641545","tahun_pajak":""}]
{"pid":"b44d378b3ffe4dedb820eb7da59112fa","severity":"Debug","timestamp":"2025-05-02T16:17:24+0700","caller":"assigner.go:389","message":{"title":"ReadCommand","values":{"str":"addPropertyToArray([{\"alamat\": \"MH. THAMRIN KAV. 1, GRAND INDONESIA\", \"amount\": 226728, \"amount_bunga\": 2689, \"amount_denda\": 0, \"amount_pokok\": 224039, \"amount_sanksi\": 0, \"bulan_pajak\": \"\", \"jns_pajak\": \"Pajak Restoran\", \"kd_rek_bunga\": 4149705001, \"kd_rek_denda\": 4149705002, \"kd_rek_pokok\": 4110603, \"kd_rek_sanksi\": 4149705003, \"kode_billing\": 312402050610360000, \"nama\": \"THE COFFEE BEAN   TEA LEAF\", \"no_skpd\": \"01.00.05.753.1.12.2009\", \"nop\": 312402050610360000, \"tahun_pajak\": 2009 }], ntb, item.randomInt(12))"}}}

{"pid":"b44d378b3ffe4dedb820eb7da59112fa","severity":"Debug","timestamp":"2025-05-02T16:17:24+0700","caller":"assigner.go:489","message":"send to coreReadCommand: \"[{\\\"alamat\\\": \\\"MH. THAMRIN KAV. 1, GRAND INDONESIA\\\", \\\"amount\\\": 226728, \\\"amount_bunga\\\": 2689, \\\"amount_denda\\\": 0, \\\"amount_pokok\\\": 224039, \\\"amount_sanksi\\\": 0, \\\"bulan_pajak\\\": \\\"\\\", \\\"jns_pajak\\\": \\\"Pajak Restoran\\\", \\\"kd_rek_bunga\\\": 4149705001, \\\"kd_rek_denda\\\": 4149705002, \\\"kd_rek_pokok\\\": 4110603, \\\"kd_rek_sanksi\\\": 4149705003, \\\"kode_billing\\\": 312402050610360000, \\\"nama\\\": \\\"THE COFFEE BEAN   TEA LEAF\\\", \\\"no_skpd\\\": \\\"01.00.05.753.1.12.2009\\\", \\\"nop\\\": 312402050610360000, \\\"tahun_pajak\\\": 2009 }], ntb, item.randomInt(12)\""}

{"pid":"b44d378b3ffe4dedb820eb7da59112fa","severity":"Debug","timestamp":"2025-05-02T16:17:24+0700","caller":"assigner.go:389","message":{"title":"ReadCommand","values":{"str":"[{\"alamat\": \"MH. THAMRIN KAV. 1, GRAND INDONESIA\", \"amount\": 226728, \"amount_bunga\": 2689, \"amount_denda\": 0, \"amount_pokok\": 224039, \"amount_sanksi\": 0, \"bulan_pajak\": \"\", \"jns_pajak\": \"Pajak Restoran\", \"kd_rek_bunga\": 4149705001, \"kd_rek_denda\": 4149705002, \"kd_rek_pokok\": 4110603, \"kd_rek_sanksi\": 4149705003, \"kode_billing\": 312402050610360000, \"nama\": \"THE COFFEE BEAN   TEA LEAF\", \"no_skpd\": \"01.00.05.753.1.12.2009\", \"nop\": 312402050610360000, \"tahun_pajak\": 2009 }], ntb, item.randomInt(12)"}}}

{"pid":"b44d378b3ffe4dedb820eb7da59112fa","severity":"Debug","timestamp":"2025-05-02T16:17:24+0700","caller":"assigner.go:496","message":"subArg: [{\"alamat\": \"MH. THAMRIN KAV. 1, GRAND INDONESIA\", \"amount\": 226728, \"amount_bunga\": 2689, \"amount_denda\": 0, \"amount_pokok\": 224039, \"amount_sanksi\": 0, \"bulan_pajak\": \"\", \"jns_pajak\": \"Pajak Restoran\", \"kd_rek_bunga\": 4149705001, \"kd_rek_denda\": 4149705002, \"kd_rek_pokok\": 4110603, \"kd_rek_sanksi\": 4149705003, \"kode_billing\": 312402050610360000, \"nama\": \"THE COFFEE BEAN   TEA LEAF\", \"no_skpd\": \"01.00.05.753.1.12.2009\", \"nop\": 312402050610360000, \"tahun_pajak\": 2009 }], ntb, item.randomInt(12)"}

{"pid":"b44d378b3ffe4dedb820eb7da59112fa","severity":"Debug","timestamp":"2025-05-02T16:17:24+0700","caller":"assigner.go:500","message":{"title":"CALL addPropertyToArray: [{\"alamat\": \"MH. THAMRIN KAV. 1, GRAND INDONESIA\", \"amount\": 226728, \"amount_bunga\": 2689, \"amount_denda\": 0, \"amount_pokok\": 224039, \"amount_sanksi\": 0, \"bulan_pajak\": \"\", \"jns_pajak\": \"Pajak Restoran\", \"kd_rek_bunga\": 4149705001, \"kd_rek_denda\": 4149705002, \"kd_rek_pokok\": 4110603, \"kd_rek_sanksi\": 4149705003, \"kode_billing\": 312402050610360000, \"nama\": \"THE COFFEE BEAN   TEA LEAF\", \"no_skpd\": \"01.00.05.753.1.12.2009\", \"nop\": 312402050610360000, \"tahun_pajak\": 2009 }], ntb, item.randomInt(12)","values":{"loop":0}}}

{"pid":"b44d378b3ffe4dedb820eb7da59112fa","severity":"Debug","timestamp":"2025-05-02T16:17:24+0700","caller":"assigner.go:1181","message":{"title":"execute addPropertyToArray","values":{"loop":0,"param":"[{\"alamat\": \"MH. THAMRIN KAV. 1, GRAND INDONESIA\", \"amount\": 226728, \"amount_bunga\": 2689, \"amount_denda\": 0, \"amount_pokok\": 224039, \"amount_sanksi\": 0, \"bulan_pajak\": \"\", \"jns_pajak\": \"Pajak Restoran\", \"kd_rek_bunga\": 4149705001, \"kd_rek_denda\": 4149705002, \"kd_rek_pokok\": 4110603, \"kd_rek_sanksi\": 4149705003, \"kode_billing\": 312402050610360000, \"nama\": \"THE COFFEE BEAN   TEA LEAF\", \"no_skpd\": \"01.00.05.753.1.12.2009\", \"nop\": 312402050610360000, \"tahun_pajak\": 2009 }], ntb, item.randomInt(12)"}}}

{"pid":"b44d378b3ffe4dedb820eb7da59112fa","severity":"Debug","timestamp":"2025-05-02T16:17:24+0700","caller":"assigner.go:389","message":{"title":"ReadCommand","values":{"str":"randomInt(12)"}}}

{"pid":"b44d378b3ffe4dedb820eb7da59112fa","severity":"Debug","timestamp":"2025-05-02T16:17:24+0700","caller":"assigner.go:489","message":"send to coreReadCommand: \"12\""}

{"pid":"b44d378b3ffe4dedb820eb7da59112fa","severity":"Debug","timestamp":"2025-05-02T16:17:24+0700","caller":"assigner.go:389","message":{"title":"ReadCommand","values":{"str":12}}}

{"pid":"b44d378b3ffe4dedb820eb7da59112fa","severity":"Debug","timestamp":"2025-05-02T16:17:24+0700","caller":"assigner.go:496","message":"subArg: 12"}

{"pid":"b44d378b3ffe4dedb820eb7da59112fa","severity":"Debug","timestamp":"2025-05-02T16:17:24+0700","caller":"assigner.go:500","message":{"title":"CALL randomInt: 12","values":{"loop":0}}}

{"pid":"b44d378b3ffe4dedb820eb7da59112fa","severity":"Debug","timestamp":"2025-05-02T16:17:24+0700","caller":"assigner.go:884","message":{"title":"execute randomInt","values":{"loop":0,"param":12}}}

{"pid":"b44d378b3ffe4dedb820eb7da59112fa","severity":"Debug","timestamp":"2025-05-02T16:17:24+0700","caller":"randomInt.go:11","message":{"title":"RandomInt","values":{"from":0,"to":12}}}

{"pid":"b44d378b3ffe4dedb820eb7da59112fa","severity":"Debug","timestamp":"2025-05-02T16:17:24+0700","caller":"assigner.go:927","message":{"title":"execute randomInt","values":{"loop":0,"result":666848674593}}}

{"pid":"b44d378b3ffe4dedb820eb7da59112fa","severity":"Debug","timestamp":"2025-05-02T16:17:24+0700","caller":"assigner.go:1269","message":{"title":"execute addPropertyToArray","values":{"loop":0,"result":[{"alamat":"MH. THAMRIN KAV. 1, GRAND INDONESIA","amount":226728,"amount_bunga":2689,"amount_denda":0,"amount_pokok":224039,"amount_sanksi":0,"bulan_pajak":"","jns_pajak":"Pajak Restoran","kd_rek_bunga":4149705001,"kd_rek_denda":4149705002,"kd_rek_pokok":4110603,"kd_rek_sanksi":4149705003,"kode_billing":312402050610360000,"nama":"THE COFFEE BEAN   TEA LEAF","no_skpd":"01.00.05.753.1.12.2009","nop":312402050610360000,"ntb":"666848674593","tahun_pajak":2009}]}}}

[{"alamat":"MH. THAMRIN KAV. 1, GRAND INDONESIA","amount":226728,"amount_bunga":2689,"amount_denda":0,"amount_pokok":224039,"amount_sanksi":0,"bulan_pajak":"","jns_pajak":"Pajak Restoran","kd_rek_bunga":4149705001,"kd_rek_denda":4149705002,"kd_rek_pokok":4110603,"kd_rek_sanksi":4149705003,"kode_billing":312402050610360000,"nama":"THE COFFEE BEAN   TEA LEAF","no_skpd":"01.00.05.753.1.12.2009","nop":312402050610360000,"ntb":"666848674593","tahun_pajak":2009}]
--- PASS: TestAddProperty (0.03s)
=== RUN   TestReadCommand
{"pid":"0be3e93f5e134d76ab4b031211403531","severity":"Debug","timestamp":"2025-05-02T16:17:24+0700","caller":"assigner.go:389","message":{"title":"ReadCommand","values":{"str":""}}}

{"pid":"0be3e93f5e134d76ab4b031211403531","severity":"Debug","timestamp":"2025-05-02T16:17:24+0700","caller":"assigner.go:389","message":{"title":"ReadCommand","values":{"str":""}}}


{"pid":"0be3e93f5e134d76ab4b031211403531","severity":"Debug","timestamp":"2025-05-02T16:17:24+0700","caller":"assigner.go:389","message":{"title":"ReadCommand","values":{"str":"test"}}}

{"pid":"0be3e93f5e134d76ab4b031211403531","severity":"Debug","timestamp":"2025-05-02T16:17:24+0700","caller":"assigner.go:389","message":{"title":"ReadCommand","values":{"str":"test"}}}


{"pid":"0be3e93f5e134d76ab4b031211403531","severity":"Debug","timestamp":"2025-05-02T16:17:24+0700","caller":"assigner.go:389","message":{"title":"ReadCommand","values":{"str":"dateNow"}}}

{"pid":"0be3e93f5e134d76ab4b031211403531","severity":"Debug","timestamp":"2025-05-02T16:17:24+0700","caller":"assigner.go:389","message":{"title":"ReadCommand","values":{"str":"dateNow"}}}


{"pid":"0be3e93f5e134d76ab4b031211403531","severity":"Debug","timestamp":"2025-05-02T16:17:24+0700","caller":"assigner.go:389","message":{"title":"ReadCommand","values":{"str":"trim(dateNow(), 2025)"}}}

{"pid":"0be3e93f5e134d76ab4b031211403531","severity":"Debug","timestamp":"2025-05-02T16:17:24+0700","caller":"assigner.go:489","message":"send to coreReadCommand: \"dateNow(), 2025\""}

{"pid":"0be3e93f5e134d76ab4b031211403531","severity":"Debug","timestamp":"2025-05-02T16:17:24+0700","caller":"assigner.go:389","message":{"title":"ReadCommand","values":{"str":"dateNow(), 2025"}}}

{"pid":"0be3e93f5e134d76ab4b031211403531","severity":"Debug","timestamp":"2025-05-02T16:17:24+0700","caller":"assigner.go:500","message":{"title":"CALL dateNow: ","values":{"loop":0}}}

{"pid":"0be3e93f5e134d76ab4b031211403531","severity":"Debug","timestamp":"2025-05-02T16:17:24+0700","caller":"assigner.go:945","message":{"title":"execute dateNow","values":{"loop":0,"param":""}}}

{"pid":"0be3e93f5e134d76ab4b031211403531","severity":"Debug","timestamp":"2025-05-02T16:17:24+0700","caller":"dateNow.go:10","message":{"title":"DateNow","values":{"format":""}}}

{"pid":"0be3e93f5e134d76ab4b031211403531","severity":"Debug","timestamp":"2025-05-02T16:17:24+0700","caller":"assigner.go:956","message":{"title":"execute dateNow","values":{"loop":0,"result":"2025-05-02T16:17:24+07:00"}}}

{"pid":"0be3e93f5e134d76ab4b031211403531","severity":"Debug","timestamp":"2025-05-02T16:17:24+0700","caller":"assigner.go:496","message":"subArg: \"2025-05-02T16:17:24+07:00\", 2025"}

{"pid":"0be3e93f5e134d76ab4b031211403531","severity":"Debug","timestamp":"2025-05-02T16:17:24+0700","caller":"assigner.go:500","message":{"title":"CALL trim: \"2025-05-02T16:17:24+07:00\", 2025","values":{"loop":0}}}

{"pid":"0be3e93f5e134d76ab4b031211403531","severity":"Debug","timestamp":"2025-05-02T16:17:24+0700","caller":"assigner.go:506","message":{"title":"execute trim","values":{"loop":0,"param":"\"2025-05-02T16:17:24+07:00\", 2025"}}}

{"pid":"0be3e93f5e134d76ab4b031211403531","severity":"Debug","timestamp":"2025-05-02T16:17:24+0700","caller":"trim.go:11","message":{"title":"Trim","values":{"arg0":"2025-05-02T16:17:24+07:00","arg1":2025}}}

{"pid":"0be3e93f5e134d76ab4b031211403531","severity":"Debug","timestamp":"2025-05-02T16:17:24+0700","caller":"assigner.go:540","message":{"title":"execute trim","values":{"loop":0,"result":"-05-02T16:17:24+07:"}}}

{"pid":"0be3e93f5e134d76ab4b031211403531","severity":"Debug","timestamp":"2025-05-02T16:17:24+0700","caller":"assigner.go:389","message":{"title":"ReadCommand","values":{"str":"trim(dateNow(), 2025)"}}}

{"pid":"0be3e93f5e134d76ab4b031211403531","severity":"Debug","timestamp":"2025-05-02T16:17:24+0700","caller":"assigner.go:489","message":"send to coreReadCommand: \"dateNow(), 2025\""}

{"pid":"0be3e93f5e134d76ab4b031211403531","severity":"Debug","timestamp":"2025-05-02T16:17:24+0700","caller":"assigner.go:389","message":{"title":"ReadCommand","values":{"str":"dateNow(), 2025"}}}

{"pid":"0be3e93f5e134d76ab4b031211403531","severity":"Debug","timestamp":"2025-05-02T16:17:24+0700","caller":"assigner.go:500","message":{"title":"CALL dateNow: ","values":{"loop":0}}}

{"pid":"0be3e93f5e134d76ab4b031211403531","severity":"Debug","timestamp":"2025-05-02T16:17:24+0700","caller":"assigner.go:945","message":{"title":"execute dateNow","values":{"loop":0,"param":""}}}

{"pid":"0be3e93f5e134d76ab4b031211403531","severity":"Debug","timestamp":"2025-05-02T16:17:24+0700","caller":"dateNow.go:10","message":{"title":"DateNow","values":{"format":""}}}

{"pid":"0be3e93f5e134d76ab4b031211403531","severity":"Debug","timestamp":"2025-05-02T16:17:24+0700","caller":"assigner.go:956","message":{"title":"execute dateNow","values":{"loop":0,"result":"2025-05-02T16:17:24+07:00"}}}

{"pid":"0be3e93f5e134d76ab4b031211403531","severity":"Debug","timestamp":"2025-05-02T16:17:24+0700","caller":"assigner.go:496","message":"subArg: \"2025-05-02T16:17:24+07:00\", 2025"}

{"pid":"0be3e93f5e134d76ab4b031211403531","severity":"Debug","timestamp":"2025-05-02T16:17:24+0700","caller":"assigner.go:500","message":{"title":"CALL trim: \"2025-05-02T16:17:24+07:00\", 2025","values":{"loop":0}}}

{"pid":"0be3e93f5e134d76ab4b031211403531","severity":"Debug","timestamp":"2025-05-02T16:17:24+0700","caller":"assigner.go:506","message":{"title":"execute trim","values":{"loop":0,"param":"\"2025-05-02T16:17:24+07:00\", 2025"}}}

{"pid":"0be3e93f5e134d76ab4b031211403531","severity":"Debug","timestamp":"2025-05-02T16:17:24+0700","caller":"trim.go:11","message":{"title":"Trim","values":{"arg0":"2025-05-02T16:17:24+07:00","arg1":2025}}}

{"pid":"0be3e93f5e134d76ab4b031211403531","severity":"Debug","timestamp":"2025-05-02T16:17:24+0700","caller":"assigner.go:540","message":{"title":"execute trim","values":{"loop":0,"result":"-05-02T16:17:24+07:"}}}


{"pid":"0be3e93f5e134d76ab4b031211403531","severity":"Debug","timestamp":"2025-05-02T16:17:24+0700","caller":"assigner.go:389","message":{"title":"ReadCommand","values":{"str":"dateAdd(\"2006/01/02\", dateNow(), 30, day)"}}}

{"pid":"0be3e93f5e134d76ab4b031211403531","severity":"Debug","timestamp":"2025-05-02T16:17:24+0700","caller":"assigner.go:489","message":"send to coreReadCommand: \"\\\"2006/01/02\\\", dateNow(), 30, day\""}

{"pid":"0be3e93f5e134d76ab4b031211403531","severity":"Debug","timestamp":"2025-05-02T16:17:24+0700","caller":"assigner.go:389","message":{"title":"ReadCommand","values":{"str":"\"2006/01/02\", dateNow(), 30, day"}}}

{"pid":"0be3e93f5e134d76ab4b031211403531","severity":"Debug","timestamp":"2025-05-02T16:17:24+0700","caller":"assigner.go:500","message":{"title":"CALL dateNow: ","values":{"loop":0}}}

{"pid":"0be3e93f5e134d76ab4b031211403531","severity":"Debug","timestamp":"2025-05-02T16:17:24+0700","caller":"assigner.go:945","message":{"title":"execute dateNow","values":{"loop":0,"param":""}}}

{"pid":"0be3e93f5e134d76ab4b031211403531","severity":"Debug","timestamp":"2025-05-02T16:17:24+0700","caller":"dateNow.go:10","message":{"title":"DateNow","values":{"format":""}}}

{"pid":"0be3e93f5e134d76ab4b031211403531","severity":"Debug","timestamp":"2025-05-02T16:17:24+0700","caller":"assigner.go:956","message":{"title":"execute dateNow","values":{"loop":0,"result":"2025-05-02T16:17:24+07:00"}}}

{"pid":"0be3e93f5e134d76ab4b031211403531","severity":"Debug","timestamp":"2025-05-02T16:17:24+0700","caller":"assigner.go:496","message":"subArg: \"2006/01/02\",\"2025-05-02T16:17:24+07:00\", 30, day"}

{"pid":"0be3e93f5e134d76ab4b031211403531","severity":"Debug","timestamp":"2025-05-02T16:17:24+0700","caller":"assigner.go:500","message":{"title":"CALL dateAdd: \"2006/01/02\",\"2025-05-02T16:17:24+07:00\", 30, day","values":{"loop":0}}}

{"pid":"0be3e93f5e134d76ab4b031211403531","severity":"Debug","timestamp":"2025-05-02T16:17:24+0700","caller":"assigner.go:958","message":{"title":"execute dateAdd","values":{"loop":0,"param":"\"2006/01/02\",\"2025-05-02T16:17:24+07:00\", 30, day"}}}

4
{"pid":"0be3e93f5e134d76ab4b031211403531","severity":"Debug","timestamp":"2025-05-02T16:17:24+0700","caller":"dateAdd.go:12","message":{"title":"DateAdd","values":{"format":"2006/01/02"}}}

{"pid":"0be3e93f5e134d76ab4b031211403531","severity":"Error","timestamp":"2025-05-02T16:17:24+0700","caller":"dateAdd.go:18","message":{"title":"DateAdd","values":{"error":"parsing time \"2025-05-02T16:17:24+07:00\" as \"2006/01/02\": cannot parse \"-05-02T16:17:24+07:00\" as \"/\""}}}

{"pid":"0be3e93f5e134d76ab4b031211403531","severity":"Debug","timestamp":"2025-05-02T16:17:24+0700","caller":"assigner.go:985","message":{"title":"execute dateAdd","values":{"loop":0,"result":"2025/06/01"}}}

{"pid":"0be3e93f5e134d76ab4b031211403531","severity":"Debug","timestamp":"2025-05-02T16:17:24+0700","caller":"assigner.go:389","message":{"title":"ReadCommand","values":{"str":"dateAdd(\"2006/01/02\", dateNow(), 30, day)"}}}

{"pid":"0be3e93f5e134d76ab4b031211403531","severity":"Debug","timestamp":"2025-05-02T16:17:24+0700","caller":"assigner.go:489","message":"send to coreReadCommand: \"\\\"2006/01/02\\\", dateNow(), 30, day\""}

{"pid":"0be3e93f5e134d76ab4b031211403531","severity":"Debug","timestamp":"2025-05-02T16:17:24+0700","caller":"assigner.go:389","message":{"title":"ReadCommand","values":{"str":"\"2006/01/02\", dateNow(), 30, day"}}}

{"pid":"0be3e93f5e134d76ab4b031211403531","severity":"Debug","timestamp":"2025-05-02T16:17:24+0700","caller":"assigner.go:500","message":{"title":"CALL dateNow: ","values":{"loop":0}}}

{"pid":"0be3e93f5e134d76ab4b031211403531","severity":"Debug","timestamp":"2025-05-02T16:17:24+0700","caller":"assigner.go:945","message":{"title":"execute dateNow","values":{"loop":0,"param":""}}}

{"pid":"0be3e93f5e134d76ab4b031211403531","severity":"Debug","timestamp":"2025-05-02T16:17:24+0700","caller":"dateNow.go:10","message":{"title":"DateNow","values":{"format":""}}}

{"pid":"0be3e93f5e134d76ab4b031211403531","severity":"Debug","timestamp":"2025-05-02T16:17:24+0700","caller":"assigner.go:956","message":{"title":"execute dateNow","values":{"loop":0,"result":"2025-05-02T16:17:24+07:00"}}}

{"pid":"0be3e93f5e134d76ab4b031211403531","severity":"Debug","timestamp":"2025-05-02T16:17:24+0700","caller":"assigner.go:496","message":"subArg: \"2006/01/02\",\"2025-05-02T16:17:24+07:00\", 30, day"}

{"pid":"0be3e93f5e134d76ab4b031211403531","severity":"Debug","timestamp":"2025-05-02T16:17:24+0700","caller":"assigner.go:500","message":{"title":"CALL dateAdd: \"2006/01/02\",\"2025-05-02T16:17:24+07:00\", 30, day","values":{"loop":0}}}

{"pid":"0be3e93f5e134d76ab4b031211403531","severity":"Debug","timestamp":"2025-05-02T16:17:24+0700","caller":"assigner.go:958","message":{"title":"execute dateAdd","values":{"loop":0,"param":"\"2006/01/02\",\"2025-05-02T16:17:24+07:00\", 30, day"}}}

4
{"pid":"0be3e93f5e134d76ab4b031211403531","severity":"Debug","timestamp":"2025-05-02T16:17:24+0700","caller":"dateAdd.go:12","message":{"title":"DateAdd","values":{"format":"2006/01/02"}}}

{"pid":"0be3e93f5e134d76ab4b031211403531","severity":"Error","timestamp":"2025-05-02T16:17:24+0700","caller":"dateAdd.go:18","message":{"title":"DateAdd","values":{"error":"parsing time \"2025-05-02T16:17:24+07:00\" as \"2006/01/02\": cannot parse \"-05-02T16:17:24+07:00\" as \"/\""}}}

{"pid":"0be3e93f5e134d76ab4b031211403531","severity":"Debug","timestamp":"2025-05-02T16:17:24+0700","caller":"assigner.go:985","message":{"title":"execute dateAdd","values":{"loop":0,"result":"2025/06/01"}}}


{"pid":"0be3e93f5e134d76ab4b031211403531","severity":"Debug","timestamp":"2025-05-02T16:17:24+0700","caller":"assigner.go:389","message":{"title":"ReadCommand","values":{"str":"substr(dateAdd(2006, dateNow(2006), 1, year), 0, 2)"}}}

{"pid":"0be3e93f5e134d76ab4b031211403531","severity":"Debug","timestamp":"2025-05-02T16:17:24+0700","caller":"assigner.go:489","message":"send to coreReadCommand: \"dateAdd(2006, dateNow(2006), 1, year), 0, 2\""}

{"pid":"0be3e93f5e134d76ab4b031211403531","severity":"Debug","timestamp":"2025-05-02T16:17:24+0700","caller":"assigner.go:389","message":{"title":"ReadCommand","values":{"str":"dateAdd(2006, dateNow(2006), 1, year), 0, 2"}}}

{"pid":"0be3e93f5e134d76ab4b031211403531","severity":"Debug","timestamp":"2025-05-02T16:17:24+0700","caller":"assigner.go:489","message":"send to coreReadCommand: \"2006, dateNow(2006), 1, year\""}

{"pid":"0be3e93f5e134d76ab4b031211403531","severity":"Debug","timestamp":"2025-05-02T16:17:24+0700","caller":"assigner.go:389","message":{"title":"ReadCommand","values":{"str":"2006, dateNow(2006), 1, year"}}}

{"pid":"0be3e93f5e134d76ab4b031211403531","severity":"Debug","timestamp":"2025-05-02T16:17:24+0700","caller":"assigner.go:489","message":"send to coreReadCommand: \"2006\""}

{"pid":"0be3e93f5e134d76ab4b031211403531","severity":"Debug","timestamp":"2025-05-02T16:17:24+0700","caller":"assigner.go:389","message":{"title":"ReadCommand","values":{"str":2006}}}

{"pid":"0be3e93f5e134d76ab4b031211403531","severity":"Debug","timestamp":"2025-05-02T16:17:24+0700","caller":"assigner.go:496","message":"subArg: 2006"}

{"pid":"0be3e93f5e134d76ab4b031211403531","severity":"Debug","timestamp":"2025-05-02T16:17:24+0700","caller":"assigner.go:500","message":{"title":"CALL dateNow: 2006","values":{"loop":0}}}

{"pid":"0be3e93f5e134d76ab4b031211403531","severity":"Debug","timestamp":"2025-05-02T16:17:24+0700","caller":"assigner.go:945","message":{"title":"execute dateNow","values":{"loop":0,"param":2006}}}

{"pid":"0be3e93f5e134d76ab4b031211403531","severity":"Debug","timestamp":"2025-05-02T16:17:24+0700","caller":"dateNow.go:10","message":{"title":"DateNow","values":{"format":2006}}}

{"pid":"0be3e93f5e134d76ab4b031211403531","severity":"Debug","timestamp":"2025-05-02T16:17:24+0700","caller":"assigner.go:956","message":{"title":"execute dateNow","values":{"loop":0,"result":"2025"}}}

{"pid":"0be3e93f5e134d76ab4b031211403531","severity":"Debug","timestamp":"2025-05-02T16:17:24+0700","caller":"assigner.go:496","message":"subArg: 2006,\"2025\", 1, year"}

{"pid":"0be3e93f5e134d76ab4b031211403531","severity":"Debug","timestamp":"2025-05-02T16:17:24+0700","caller":"assigner.go:500","message":{"title":"CALL dateAdd: 2006,\"2025\", 1, year","values":{"loop":0}}}

{"pid":"0be3e93f5e134d76ab4b031211403531","severity":"Debug","timestamp":"2025-05-02T16:17:24+0700","caller":"assigner.go:958","message":{"title":"execute dateAdd","values":{"loop":0,"param":"2006,\"2025\", 1, year"}}}

4
{"pid":"0be3e93f5e134d76ab4b031211403531","severity":"Debug","timestamp":"2025-05-02T16:17:24+0700","caller":"dateAdd.go:12","message":{"title":"DateAdd","values":{"format":2006}}}

{"pid":"0be3e93f5e134d76ab4b031211403531","severity":"Debug","timestamp":"2025-05-02T16:17:24+0700","caller":"assigner.go:985","message":{"title":"execute dateAdd","values":{"loop":0,"result":"2026"}}}

{"pid":"0be3e93f5e134d76ab4b031211403531","severity":"Debug","timestamp":"2025-05-02T16:17:24+0700","caller":"assigner.go:496","message":"subArg: \"2026\", 0, 2"}

{"pid":"0be3e93f5e134d76ab4b031211403531","severity":"Debug","timestamp":"2025-05-02T16:17:24+0700","caller":"assigner.go:500","message":{"title":"CALL substr: \"2026\", 0, 2","values":{"loop":0}}}

{"pid":"0be3e93f5e134d76ab4b031211403531","severity":"Debug","timestamp":"2025-05-02T16:17:24+0700","caller":"assigner.go:578","message":{"title":"execute substr","values":{"loop":0,"param":"\"2026\", 0, 2"}}}

{"pid":"0be3e93f5e134d76ab4b031211403531","severity":"Debug","timestamp":"2025-05-02T16:17:24+0700","caller":"assigner.go:637","message":{"title":"execute substr","values":{"loop":0,"result":"\"20\""}}}

{"pid":"0be3e93f5e134d76ab4b031211403531","severity":"Debug","timestamp":"2025-05-02T16:17:24+0700","caller":"assigner.go:389","message":{"title":"ReadCommand","values":{"str":"substr(dateAdd(2006, dateNow(2006), 1, year), 0, 2)"}}}

{"pid":"0be3e93f5e134d76ab4b031211403531","severity":"Debug","timestamp":"2025-05-02T16:17:24+0700","caller":"assigner.go:489","message":"send to coreReadCommand: \"dateAdd(2006, dateNow(2006), 1, year), 0, 2\""}

{"pid":"0be3e93f5e134d76ab4b031211403531","severity":"Debug","timestamp":"2025-05-02T16:17:24+0700","caller":"assigner.go:389","message":{"title":"ReadCommand","values":{"str":"dateAdd(2006, dateNow(2006), 1, year), 0, 2"}}}

{"pid":"0be3e93f5e134d76ab4b031211403531","severity":"Debug","timestamp":"2025-05-02T16:17:24+0700","caller":"assigner.go:489","message":"send to coreReadCommand: \"2006, dateNow(2006), 1, year\""}

{"pid":"0be3e93f5e134d76ab4b031211403531","severity":"Debug","timestamp":"2025-05-02T16:17:24+0700","caller":"assigner.go:389","message":{"title":"ReadCommand","values":{"str":"2006, dateNow(2006), 1, year"}}}

{"pid":"0be3e93f5e134d76ab4b031211403531","severity":"Debug","timestamp":"2025-05-02T16:17:24+0700","caller":"assigner.go:489","message":"send to coreReadCommand: \"2006\""}

{"pid":"0be3e93f5e134d76ab4b031211403531","severity":"Debug","timestamp":"2025-05-02T16:17:24+0700","caller":"assigner.go:389","message":{"title":"ReadCommand","values":{"str":2006}}}

{"pid":"0be3e93f5e134d76ab4b031211403531","severity":"Debug","timestamp":"2025-05-02T16:17:24+0700","caller":"assigner.go:496","message":"subArg: 2006"}

{"pid":"0be3e93f5e134d76ab4b031211403531","severity":"Debug","timestamp":"2025-05-02T16:17:24+0700","caller":"assigner.go:500","message":{"title":"CALL dateNow: 2006","values":{"loop":0}}}

{"pid":"0be3e93f5e134d76ab4b031211403531","severity":"Debug","timestamp":"2025-05-02T16:17:24+0700","caller":"assigner.go:945","message":{"title":"execute dateNow","values":{"loop":0,"param":2006}}}

{"pid":"0be3e93f5e134d76ab4b031211403531","severity":"Debug","timestamp":"2025-05-02T16:17:24+0700","caller":"dateNow.go:10","message":{"title":"DateNow","values":{"format":2006}}}

{"pid":"0be3e93f5e134d76ab4b031211403531","severity":"Debug","timestamp":"2025-05-02T16:17:24+0700","caller":"assigner.go:956","message":{"title":"execute dateNow","values":{"loop":0,"result":"2025"}}}

{"pid":"0be3e93f5e134d76ab4b031211403531","severity":"Debug","timestamp":"2025-05-02T16:17:24+0700","caller":"assigner.go:496","message":"subArg: 2006,\"2025\", 1, year"}

{"pid":"0be3e93f5e134d76ab4b031211403531","severity":"Debug","timestamp":"2025-05-02T16:17:24+0700","caller":"assigner.go:500","message":{"title":"CALL dateAdd: 2006,\"2025\", 1, year","values":{"loop":0}}}

{"pid":"0be3e93f5e134d76ab4b031211403531","severity":"Debug","timestamp":"2025-05-02T16:17:24+0700","caller":"assigner.go:958","message":{"title":"execute dateAdd","values":{"loop":0,"param":"2006,\"2025\", 1, year"}}}

4
{"pid":"0be3e93f5e134d76ab4b031211403531","severity":"Debug","timestamp":"2025-05-02T16:17:24+0700","caller":"dateAdd.go:12","message":{"title":"DateAdd","values":{"format":2006}}}

{"pid":"0be3e93f5e134d76ab4b031211403531","severity":"Debug","timestamp":"2025-05-02T16:17:24+0700","caller":"assigner.go:985","message":{"title":"execute dateAdd","values":{"loop":0,"result":"2026"}}}

{"pid":"0be3e93f5e134d76ab4b031211403531","severity":"Debug","timestamp":"2025-05-02T16:17:24+0700","caller":"assigner.go:496","message":"subArg: \"2026\", 0, 2"}

{"pid":"0be3e93f5e134d76ab4b031211403531","severity":"Debug","timestamp":"2025-05-02T16:17:24+0700","caller":"assigner.go:500","message":{"title":"CALL substr: \"2026\", 0, 2","values":{"loop":0}}}

{"pid":"0be3e93f5e134d76ab4b031211403531","severity":"Debug","timestamp":"2025-05-02T16:17:24+0700","caller":"assigner.go:578","message":{"title":"execute substr","values":{"loop":0,"param":"\"2026\", 0, 2"}}}

{"pid":"0be3e93f5e134d76ab4b031211403531","severity":"Debug","timestamp":"2025-05-02T16:17:24+0700","caller":"assigner.go:637","message":{"title":"execute substr","values":{"loop":0,"result":"\"20\""}}}


{"pid":"0be3e93f5e134d76ab4b031211403531","severity":"Debug","timestamp":"2025-05-02T16:17:24+0700","caller":"assigner.go:389","message":{"title":"ReadCommand","values":{"str":"trim(substr(\"1267345625003090001303GAYCGKDPS 7502208061803GAYCGKDPS 7502208061803GAYCGKDPS 75022080618IDHAM DHIYAULHAQ HABIBI       ABC123         \", 89, 30))"}}}

{"pid":"0be3e93f5e134d76ab4b031211403531","severity":"Debug","timestamp":"2025-05-02T16:17:24+0700","caller":"assigner.go:489","message":"send to coreReadCommand: \"substr(\\\"1267345625003090001303GAYCGKDPS 7502208061803GAYCGKDPS 7502208061803GAYCGKDPS 75022080618IDHAM DHIYAULHAQ HABIBI       ABC123         \\\", 89, 30)\""}

{"pid":"0be3e93f5e134d76ab4b031211403531","severity":"Debug","timestamp":"2025-05-02T16:17:24+0700","caller":"assigner.go:389","message":{"title":"ReadCommand","values":{"str":"substr(\"1267345625003090001303GAYCGKDPS 7502208061803GAYCGKDPS 7502208061803GAYCGKDPS 75022080618IDHAM DHIYAULHAQ HABIBI       ABC123         \", 89, 30)"}}}

{"pid":"0be3e93f5e134d76ab4b031211403531","severity":"Debug","timestamp":"2025-05-02T16:17:24+0700","caller":"assigner.go:489","message":"send to coreReadCommand: \"\\\"1267345625003090001303GAYCGKDPS 7502208061803GAYCGKDPS 7502208061803GAYCGKDPS 75022080618IDHAM DHIYAULHAQ HABIBI       ABC123         \\\", 89, 30\""}

{"pid":"0be3e93f5e134d76ab4b031211403531","severity":"Debug","timestamp":"2025-05-02T16:17:24+0700","caller":"assigner.go:389","message":{"title":"ReadCommand","values":{"str":"\"1267345625003090001303GAYCGKDPS 7502208061803GAYCGKDPS 7502208061803GAYCGKDPS 75022080618IDHAM DHIYAULHAQ HABIBI       ABC123         \", 89, 30"}}}

{"pid":"0be3e93f5e134d76ab4b031211403531","severity":"Debug","timestamp":"2025-05-02T16:17:24+0700","caller":"assigner.go:496","message":"subArg: \"1267345625003090001303GAYCGKDPS 7502208061803GAYCGKDPS 7502208061803GAYCGKDPS 75022080618IDHAM DHIYAULHAQ HABIBI       ABC123         \", 89, 30"}

{"pid":"0be3e93f5e134d76ab4b031211403531","severity":"Debug","timestamp":"2025-05-02T16:17:24+0700","caller":"assigner.go:500","message":{"title":"CALL substr: \"1267345625003090001303GAYCGKDPS 7502208061803GAYCGKDPS 7502208061803GAYCGKDPS 75022080618IDHAM DHIYAULHAQ HABIBI       ABC123         \", 89, 30","values":{"loop":0}}}

{"pid":"0be3e93f5e134d76ab4b031211403531","severity":"Debug","timestamp":"2025-05-02T16:17:24+0700","caller":"assigner.go:578","message":{"title":"execute substr","values":{"loop":0,"param":"\"1267345625003090001303GAYCGKDPS 7502208061803GAYCGKDPS 7502208061803GAYCGKDPS 75022080618IDHAM DHIYAULHAQ HABIBI       ABC123         \", 89, 30"}}}

{"pid":"0be3e93f5e134d76ab4b031211403531","severity":"Debug","timestamp":"2025-05-02T16:17:24+0700","caller":"assigner.go:637","message":{"title":"execute substr","values":{"loop":0,"result":"\"IDHAM DHIYAULHAQ HABIBI       \""}}}

{"pid":"0be3e93f5e134d76ab4b031211403531","severity":"Debug","timestamp":"2025-05-02T16:17:24+0700","caller":"assigner.go:496","message":"subArg: \"IDHAM DHIYAULHAQ HABIBI       \""}

{"pid":"0be3e93f5e134d76ab4b031211403531","severity":"Debug","timestamp":"2025-05-02T16:17:24+0700","caller":"assigner.go:500","message":{"title":"CALL trim: \"IDHAM DHIYAULHAQ HABIBI       \"","values":{"loop":0}}}

{"pid":"0be3e93f5e134d76ab4b031211403531","severity":"Debug","timestamp":"2025-05-02T16:17:24+0700","caller":"assigner.go:506","message":{"title":"execute trim","values":{"loop":0,"param":"IDHAM DHIYAULHAQ HABIBI       "}}}

{"pid":"0be3e93f5e134d76ab4b031211403531","severity":"Debug","timestamp":"2025-05-02T16:17:24+0700","caller":"trim.go:11","message":{"title":"Trim","values":{"arg0":"IDHAM DHIYAULHAQ HABIBI       ","arg1":" "}}}

{"pid":"0be3e93f5e134d76ab4b031211403531","severity":"Debug","timestamp":"2025-05-02T16:17:24+0700","caller":"assigner.go:540","message":{"title":"execute trim","values":{"loop":0,"result":"IDHAM DHIYAULHAQ HABIBI"}}}

{"pid":"0be3e93f5e134d76ab4b031211403531","severity":"Debug","timestamp":"2025-05-02T16:17:24+0700","caller":"assigner.go:389","message":{"title":"ReadCommand","values":{"str":"trim(substr(\"1267345625003090001303GAYCGKDPS 7502208061803GAYCGKDPS 7502208061803GAYCGKDPS 75022080618IDHAM DHIYAULHAQ HABIBI       ABC123         \", 89, 30))"}}}

{"pid":"0be3e93f5e134d76ab4b031211403531","severity":"Debug","timestamp":"2025-05-02T16:17:24+0700","caller":"assigner.go:489","message":"send to coreReadCommand: \"substr(\\\"1267345625003090001303GAYCGKDPS 7502208061803GAYCGKDPS 7502208061803GAYCGKDPS 75022080618IDHAM DHIYAULHAQ HABIBI       ABC123         \\\", 89, 30)\""}

{"pid":"0be3e93f5e134d76ab4b031211403531","severity":"Debug","timestamp":"2025-05-02T16:17:24+0700","caller":"assigner.go:389","message":{"title":"ReadCommand","values":{"str":"substr(\"1267345625003090001303GAYCGKDPS 7502208061803GAYCGKDPS 7502208061803GAYCGKDPS 75022080618IDHAM DHIYAULHAQ HABIBI       ABC123         \", 89, 30)"}}}

{"pid":"0be3e93f5e134d76ab4b031211403531","severity":"Debug","timestamp":"2025-05-02T16:17:24+0700","caller":"assigner.go:489","message":"send to coreReadCommand: \"\\\"1267345625003090001303GAYCGKDPS 7502208061803GAYCGKDPS 7502208061803GAYCGKDPS 75022080618IDHAM DHIYAULHAQ HABIBI       ABC123         \\\", 89, 30\""}

{"pid":"0be3e93f5e134d76ab4b031211403531","severity":"Debug","timestamp":"2025-05-02T16:17:24+0700","caller":"assigner.go:389","message":{"title":"ReadCommand","values":{"str":"\"1267345625003090001303GAYCGKDPS 7502208061803GAYCGKDPS 7502208061803GAYCGKDPS 75022080618IDHAM DHIYAULHAQ HABIBI       ABC123         \", 89, 30"}}}

{"pid":"0be3e93f5e134d76ab4b031211403531","severity":"Debug","timestamp":"2025-05-02T16:17:24+0700","caller":"assigner.go:496","message":"subArg: \"1267345625003090001303GAYCGKDPS 7502208061803GAYCGKDPS 7502208061803GAYCGKDPS 75022080618IDHAM DHIYAULHAQ HABIBI       ABC123         \", 89, 30"}

{"pid":"0be3e93f5e134d76ab4b031211403531","severity":"Debug","timestamp":"2025-05-02T16:17:24+0700","caller":"assigner.go:500","message":{"title":"CALL substr: \"1267345625003090001303GAYCGKDPS 7502208061803GAYCGKDPS 7502208061803GAYCGKDPS 75022080618IDHAM DHIYAULHAQ HABIBI       ABC123         \", 89, 30","values":{"loop":0}}}

{"pid":"0be3e93f5e134d76ab4b031211403531","severity":"Debug","timestamp":"2025-05-02T16:17:24+0700","caller":"assigner.go:578","message":{"title":"execute substr","values":{"loop":0,"param":"\"1267345625003090001303GAYCGKDPS 7502208061803GAYCGKDPS 7502208061803GAYCGKDPS 75022080618IDHAM DHIYAULHAQ HABIBI       ABC123         \", 89, 30"}}}

{"pid":"0be3e93f5e134d76ab4b031211403531","severity":"Debug","timestamp":"2025-05-02T16:17:24+0700","caller":"assigner.go:637","message":{"title":"execute substr","values":{"loop":0,"result":"\"IDHAM DHIYAULHAQ HABIBI       \""}}}

{"pid":"0be3e93f5e134d76ab4b031211403531","severity":"Debug","timestamp":"2025-05-02T16:17:24+0700","caller":"assigner.go:496","message":"subArg: \"IDHAM DHIYAULHAQ HABIBI       \""}

{"pid":"0be3e93f5e134d76ab4b031211403531","severity":"Debug","timestamp":"2025-05-02T16:17:24+0700","caller":"assigner.go:500","message":{"title":"CALL trim: \"IDHAM DHIYAULHAQ HABIBI       \"","values":{"loop":0}}}

{"pid":"0be3e93f5e134d76ab4b031211403531","severity":"Debug","timestamp":"2025-05-02T16:17:24+0700","caller":"assigner.go:506","message":{"title":"execute trim","values":{"loop":0,"param":"IDHAM DHIYAULHAQ HABIBI       "}}}

{"pid":"0be3e93f5e134d76ab4b031211403531","severity":"Debug","timestamp":"2025-05-02T16:17:24+0700","caller":"trim.go:11","message":{"title":"Trim","values":{"arg0":"IDHAM DHIYAULHAQ HABIBI       ","arg1":" "}}}

{"pid":"0be3e93f5e134d76ab4b031211403531","severity":"Debug","timestamp":"2025-05-02T16:17:24+0700","caller":"assigner.go:540","message":{"title":"execute trim","values":{"loop":0,"result":"IDHAM DHIYAULHAQ HABIBI"}}}


{"pid":"0be3e93f5e134d76ab4b031211403531","severity":"Debug","timestamp":"2025-05-02T16:17:24+0700","caller":"assigner.go:389","message":{"title":"ReadCommand","values":{"str":"substr(\"FINNET - MUAMALAT\\r\\nSlamat thn baru 2025 - Byr Sbelum tgl 20 \\\"Tag\\\" Tepat waktu:\", 0, 18)"}}}

{"pid":"0be3e93f5e134d76ab4b031211403531","severity":"Debug","timestamp":"2025-05-02T16:17:24+0700","caller":"assigner.go:489","message":"send to coreReadCommand: \"\\\"FINNET - MUAMALAT\\\\r\\\\nSlamat thn baru 2025 - Byr Sbelum tgl 20 \\\\\\\"Tag\\\\\\\" Tepat waktu:\\\", 0, 18\""}

{"pid":"0be3e93f5e134d76ab4b031211403531","severity":"Debug","timestamp":"2025-05-02T16:17:24+0700","caller":"assigner.go:389","message":{"title":"ReadCommand","values":{"str":"\"FINNET - MUAMALAT\\r\\nSlamat thn baru 2025 - Byr Sbelum tgl 20 \\\"Tag\\\" Tepat waktu:\", 0, 18"}}}

{"pid":"0be3e93f5e134d76ab4b031211403531","severity":"Debug","timestamp":"2025-05-02T16:17:24+0700","caller":"assigner.go:496","message":"subArg: \"FINNET - MUAMALAT\\r\\nSlamat thn baru 2025 - Byr Sbelum tgl 20 \\\"Tag\\\" Tepat waktu:\", 0, 18"}

{"pid":"0be3e93f5e134d76ab4b031211403531","severity":"Debug","timestamp":"2025-05-02T16:17:24+0700","caller":"assigner.go:500","message":{"title":"CALL substr: \"FINNET - MUAMALAT\\r\\nSlamat thn baru 2025 - Byr Sbelum tgl 20 \\\"Tag\\\" Tepat waktu:\", 0, 18","values":{"loop":0}}}

{"pid":"0be3e93f5e134d76ab4b031211403531","severity":"Debug","timestamp":"2025-05-02T16:17:24+0700","caller":"assigner.go:578","message":{"title":"execute substr","values":{"loop":0,"param":"\"FINNET - MUAMALAT\\r\\nSlamat thn baru 2025 - Byr Sbelum tgl 20 \\\"Tag\\\" Tepat waktu:\", 0, 18"}}}

{"pid":"0be3e93f5e134d76ab4b031211403531","severity":"Debug","timestamp":"2025-05-02T16:17:24+0700","caller":"assigner.go:637","message":{"title":"execute substr","values":{"loop":0,"result":"\"FINNET - MUAMALAT\r\""}}}

{"pid":"0be3e93f5e134d76ab4b031211403531","severity":"Debug","timestamp":"2025-05-02T16:17:24+0700","caller":"assigner.go:389","message":{"title":"ReadCommand","values":{"str":"substr(\"FINNET - MUAMALAT\\r\\nSlamat thn baru 2025 - Byr Sbelum tgl 20 \\\"Tag\\\" Tepat waktu:\", 0, 18)"}}}

{"pid":"0be3e93f5e134d76ab4b031211403531","severity":"Debug","timestamp":"2025-05-02T16:17:24+0700","caller":"assigner.go:489","message":"send to coreReadCommand: \"\\\"FINNET - MUAMALAT\\\\r\\\\nSlamat thn baru 2025 - Byr Sbelum tgl 20 \\\\\\\"Tag\\\\\\\" Tepat waktu:\\\", 0, 18\""}

{"pid":"0be3e93f5e134d76ab4b031211403531","severity":"Debug","timestamp":"2025-05-02T16:17:24+0700","caller":"assigner.go:389","message":{"title":"ReadCommand","values":{"str":"\"FINNET - MUAMALAT\\r\\nSlamat thn baru 2025 - Byr Sbelum tgl 20 \\\"Tag\\\" Tepat waktu:\", 0, 18"}}}

{"pid":"0be3e93f5e134d76ab4b031211403531","severity":"Debug","timestamp":"2025-05-02T16:17:24+0700","caller":"assigner.go:496","message":"subArg: \"FINNET - MUAMALAT\\r\\nSlamat thn baru 2025 - Byr Sbelum tgl 20 \\\"Tag\\\" Tepat waktu:\", 0, 18"}

{"pid":"0be3e93f5e134d76ab4b031211403531","severity":"Debug","timestamp":"2025-05-02T16:17:24+0700","caller":"assigner.go:500","message":{"title":"CALL substr: \"FINNET - MUAMALAT\\r\\nSlamat thn baru 2025 - Byr Sbelum tgl 20 \\\"Tag\\\" Tepat waktu:\", 0, 18","values":{"loop":0}}}

{"pid":"0be3e93f5e134d76ab4b031211403531","severity":"Debug","timestamp":"2025-05-02T16:17:24+0700","caller":"assigner.go:578","message":{"title":"execute substr","values":{"loop":0,"param":"\"FINNET - MUAMALAT\\r\\nSlamat thn baru 2025 - Byr Sbelum tgl 20 \\\"Tag\\\" Tepat waktu:\", 0, 18"}}}

{"pid":"0be3e93f5e134d76ab4b031211403531","severity":"Debug","timestamp":"2025-05-02T16:17:24+0700","caller":"assigner.go:637","message":{"title":"execute substr","values":{"loop":0,"result":"\"FINNET - MUAMALAT\r\""}}}


--- PASS: TestReadCommand (0.01s)
=== RUN   Test_BasicAuth
{"pid":"2d5d1e0557b248a68e2e3f3beb98deb1","severity":"Debug","timestamp":"2025-05-02T16:17:24+0700","caller":"assigner.go:389","message":{"title":"ReadCommand","values":{"str":"basicAuth(admin:test123)"}}}

{"pid":"2d5d1e0557b248a68e2e3f3beb98deb1","severity":"Debug","timestamp":"2025-05-02T16:17:24+0700","caller":"assigner.go:489","message":"send to coreReadCommand: \"admin:test123\""}

{"pid":"2d5d1e0557b248a68e2e3f3beb98deb1","severity":"Debug","timestamp":"2025-05-02T16:17:24+0700","caller":"assigner.go:389","message":{"title":"ReadCommand","values":{"str":"admin:test123"}}}

{"pid":"2d5d1e0557b248a68e2e3f3beb98deb1","severity":"Debug","timestamp":"2025-05-02T16:17:24+0700","caller":"assigner.go:496","message":"subArg: admin:test123"}

{"pid":"2d5d1e0557b248a68e2e3f3beb98deb1","severity":"Debug","timestamp":"2025-05-02T16:17:24+0700","caller":"assigner.go:500","message":{"title":"CALL basicAuth: admin:test123","values":{"loop":0}}}

{"pid":"2d5d1e0557b248a68e2e3f3beb98deb1","severity":"Debug","timestamp":"2025-05-02T16:17:24+0700","caller":"assigner.go:1114","message":{"title":"execute basicAuth","values":{"loop":0,"param":"admin:test123"}}}

{"pid":"2d5d1e0557b248a68e2e3f3beb98deb1","severity":"Debug","timestamp":"2025-05-02T16:17:24+0700","caller":"assigner.go:1126","message":{"title":"execute basicAuth","values":{"loop":0,"result":"Basic YWRtaW46dGVzdDEyMw=="}}}

--- PASS: Test_BasicAuth (0.00s)
=== RUN   TestConcat
{"pid":"35d5555834ac4bf3ad4d739a40973f46","severity":"Debug","timestamp":"2025-05-02T16:17:24+0700","caller":"assigner.go:389","message":{"title":"ReadCommand","values":{"str":"concat(\"hallo \", \"anjing \", \"woi 1 \")"}}}

{"pid":"35d5555834ac4bf3ad4d739a40973f46","severity":"Debug","timestamp":"2025-05-02T16:17:24+0700","caller":"assigner.go:489","message":"send to coreReadCommand: \"\\\"hallo \\\", \\\"anjing \\\", \\\"woi 1 \\\"\""}

{"pid":"35d5555834ac4bf3ad4d739a40973f46","severity":"Debug","timestamp":"2025-05-02T16:17:24+0700","caller":"assigner.go:389","message":{"title":"ReadCommand","values":{"str":"\"hallo \", \"anjing \", \"woi 1 \""}}}

{"pid":"35d5555834ac4bf3ad4d739a40973f46","severity":"Debug","timestamp":"2025-05-02T16:17:24+0700","caller":"assigner.go:496","message":"subArg: \"hallo \", \"anjing \", \"woi 1 \""}

{"pid":"35d5555834ac4bf3ad4d739a40973f46","severity":"Debug","timestamp":"2025-05-02T16:17:24+0700","caller":"assigner.go:500","message":{"title":"CALL concat: \"hallo \", \"anjing \", \"woi 1 \"","values":{"loop":0}}}

{"pid":"35d5555834ac4bf3ad4d739a40973f46","severity":"Debug","timestamp":"2025-05-02T16:17:24+0700","caller":"assigner.go:1128","message":{"title":"execute concat","values":{"loop":0,"param":"\"hallo \", \"anjing \", \"woi 1 \""}}}

{"pid":"35d5555834ac4bf3ad4d739a40973f46","severity":"Debug","timestamp":"2025-05-02T16:17:24+0700","caller":"assigner.go:1154","message":{"title":"execute concat","values":{"loop":0,"result":"hallo anjing woi 1 "}}}

{"pid":"35d5555834ac4bf3ad4d739a40973f46","severity":"Debug","timestamp":"2025-05-02T16:17:24+0700","caller":"assigner.go:389","message":{"title":"ReadCommand","values":{"str":"concat(\"hallo\", \"anjing\", \"woi2\")"}}}

{"pid":"35d5555834ac4bf3ad4d739a40973f46","severity":"Debug","timestamp":"2025-05-02T16:17:24+0700","caller":"assigner.go:489","message":"send to coreReadCommand: \"\\\"hallo\\\", \\\"anjing\\\", \\\"woi2\\\"\""}

{"pid":"35d5555834ac4bf3ad4d739a40973f46","severity":"Debug","timestamp":"2025-05-02T16:17:24+0700","caller":"assigner.go:389","message":{"title":"ReadCommand","values":{"str":"\"hallo\", \"anjing\", \"woi2\""}}}

{"pid":"35d5555834ac4bf3ad4d739a40973f46","severity":"Debug","timestamp":"2025-05-02T16:17:24+0700","caller":"assigner.go:496","message":"subArg: \"hallo\", \"anjing\", \"woi2\""}

{"pid":"35d5555834ac4bf3ad4d739a40973f46","severity":"Debug","timestamp":"2025-05-02T16:17:24+0700","caller":"assigner.go:500","message":{"title":"CALL concat: \"hallo\", \"anjing\", \"woi2\"","values":{"loop":0}}}

{"pid":"35d5555834ac4bf3ad4d739a40973f46","severity":"Debug","timestamp":"2025-05-02T16:17:24+0700","caller":"assigner.go:1128","message":{"title":"execute concat","values":{"loop":0,"param":"\"hallo\", \"anjing\", \"woi2\""}}}

{"pid":"35d5555834ac4bf3ad4d739a40973f46","severity":"Debug","timestamp":"2025-05-02T16:17:24+0700","caller":"assigner.go:1154","message":{"title":"execute concat","values":{"loop":0,"result":"halloanjingwoi2"}}}

{"pid":"35d5555834ac4bf3ad4d739a40973f46","severity":"Debug","timestamp":"2025-05-02T16:17:24+0700","caller":"assigner.go:389","message":{"title":"ReadCommand","values":{"str":"concat(\"hallo, anjing\", woi3)"}}}

{"pid":"35d5555834ac4bf3ad4d739a40973f46","severity":"Debug","timestamp":"2025-05-02T16:17:24+0700","caller":"assigner.go:489","message":"send to coreReadCommand: \"\\\"hallo, anjing\\\", woi3\""}

{"pid":"35d5555834ac4bf3ad4d739a40973f46","severity":"Debug","timestamp":"2025-05-02T16:17:24+0700","caller":"assigner.go:389","message":{"title":"ReadCommand","values":{"str":"\"hallo, anjing\", woi3"}}}

{"pid":"35d5555834ac4bf3ad4d739a40973f46","severity":"Debug","timestamp":"2025-05-02T16:17:24+0700","caller":"assigner.go:496","message":"subArg: \"hallo, anjing\", woi3"}

{"pid":"35d5555834ac4bf3ad4d739a40973f46","severity":"Debug","timestamp":"2025-05-02T16:17:24+0700","caller":"assigner.go:500","message":{"title":"CALL concat: \"hallo, anjing\", woi3","values":{"loop":0}}}

{"pid":"35d5555834ac4bf3ad4d739a40973f46","severity":"Debug","timestamp":"2025-05-02T16:17:24+0700","caller":"assigner.go:1128","message":{"title":"execute concat","values":{"loop":0,"param":"\"hallo, anjing\", woi3"}}}

{"pid":"35d5555834ac4bf3ad4d739a40973f46","severity":"Debug","timestamp":"2025-05-02T16:17:24+0700","caller":"assigner.go:1154","message":{"title":"execute concat","values":{"loop":0,"result":"hallo, anjingwoi3"}}}

--- PASS: TestConcat (0.00s)
=== RUN   Test_isArgumentOrganic
--- PASS: Test_isArgumentOrganic (0.00s)
=== RUN   TestDateAdd
{"pid":"f79b795f9d9a45359ceb665475ba5551","severity":"Debug","timestamp":"2025-05-02T16:17:24+0700","caller":"assigner.go:389","message":{"title":"ReadCommand","values":{"str":"dateAdd(\"2006/01/02 15:04:05\", \"2023/05/17 10:33:01\", 5, second)"}}}

{"pid":"f79b795f9d9a45359ceb665475ba5551","severity":"Debug","timestamp":"2025-05-02T16:17:24+0700","caller":"assigner.go:489","message":"send to coreReadCommand: \"\\\"2006/01/02 15:04:05\\\", \\\"2023/05/17 10:33:01\\\", 5, second\""}

{"pid":"f79b795f9d9a45359ceb665475ba5551","severity":"Debug","timestamp":"2025-05-02T16:17:24+0700","caller":"assigner.go:389","message":{"title":"ReadCommand","values":{"str":"\"2006/01/02 15:04:05\", \"2023/05/17 10:33:01\", 5, second"}}}

{"pid":"f79b795f9d9a45359ceb665475ba5551","severity":"Debug","timestamp":"2025-05-02T16:17:24+0700","caller":"assigner.go:496","message":"subArg: \"2006/01/02 15:04:05\", \"2023/05/17 10:33:01\", 5, second"}

{"pid":"f79b795f9d9a45359ceb665475ba5551","severity":"Debug","timestamp":"2025-05-02T16:17:24+0700","caller":"assigner.go:500","message":{"title":"CALL dateAdd: \"2006/01/02 15:04:05\", \"2023/05/17 10:33:01\", 5, second","values":{"loop":0}}}

{"pid":"f79b795f9d9a45359ceb665475ba5551","severity":"Debug","timestamp":"2025-05-02T16:17:24+0700","caller":"assigner.go:958","message":{"title":"execute dateAdd","values":{"loop":0,"param":"\"2006/01/02 15:04:05\", \"2023/05/17 10:33:01\", 5, second"}}}

4
{"pid":"f79b795f9d9a45359ceb665475ba5551","severity":"Debug","timestamp":"2025-05-02T16:17:24+0700","caller":"dateAdd.go:12","message":{"title":"DateAdd","values":{"format":"2006/01/02 15:04:05"}}}

{"pid":"f79b795f9d9a45359ceb665475ba5551","severity":"Debug","timestamp":"2025-05-02T16:17:24+0700","caller":"assigner.go:985","message":{"title":"execute dateAdd","values":{"loop":0,"result":"2023/05/17 10:33:06"}}}

{"pid":"f79b795f9d9a45359ceb665475ba5551","severity":"Debug","timestamp":"2025-05-02T16:17:24+0700","caller":"assigner.go:389","message":{"title":"ReadCommand","values":{"str":"dateAdd(\"2006/01/02 15:04:05\", \"2023/05/17 10:33:01\", 2, minute)"}}}

{"pid":"f79b795f9d9a45359ceb665475ba5551","severity":"Debug","timestamp":"2025-05-02T16:17:24+0700","caller":"assigner.go:489","message":"send to coreReadCommand: \"\\\"2006/01/02 15:04:05\\\", \\\"2023/05/17 10:33:01\\\", 2, minute\""}

{"pid":"f79b795f9d9a45359ceb665475ba5551","severity":"Debug","timestamp":"2025-05-02T16:17:24+0700","caller":"assigner.go:389","message":{"title":"ReadCommand","values":{"str":"\"2006/01/02 15:04:05\", \"2023/05/17 10:33:01\", 2, minute"}}}

{"pid":"f79b795f9d9a45359ceb665475ba5551","severity":"Debug","timestamp":"2025-05-02T16:17:24+0700","caller":"assigner.go:496","message":"subArg: \"2006/01/02 15:04:05\", \"2023/05/17 10:33:01\", 2, minute"}

{"pid":"f79b795f9d9a45359ceb665475ba5551","severity":"Debug","timestamp":"2025-05-02T16:17:24+0700","caller":"assigner.go:500","message":{"title":"CALL dateAdd: \"2006/01/02 15:04:05\", \"2023/05/17 10:33:01\", 2, minute","values":{"loop":0}}}

{"pid":"f79b795f9d9a45359ceb665475ba5551","severity":"Debug","timestamp":"2025-05-02T16:17:24+0700","caller":"assigner.go:958","message":{"title":"execute dateAdd","values":{"loop":0,"param":"\"2006/01/02 15:04:05\", \"2023/05/17 10:33:01\", 2, minute"}}}

4
{"pid":"f79b795f9d9a45359ceb665475ba5551","severity":"Debug","timestamp":"2025-05-02T16:17:24+0700","caller":"dateAdd.go:12","message":{"title":"DateAdd","values":{"format":"2006/01/02 15:04:05"}}}

{"pid":"f79b795f9d9a45359ceb665475ba5551","severity":"Debug","timestamp":"2025-05-02T16:17:24+0700","caller":"assigner.go:985","message":{"title":"execute dateAdd","values":{"loop":0,"result":"2023/05/17 10:35:01"}}}

{"pid":"f79b795f9d9a45359ceb665475ba5551","severity":"Debug","timestamp":"2025-05-02T16:17:24+0700","caller":"assigner.go:389","message":{"title":"ReadCommand","values":{"str":"dateAdd(\"2006/01/02 15:04:05\", \"2023/05/17 10:33:01\", 20, hour)"}}}

{"pid":"f79b795f9d9a45359ceb665475ba5551","severity":"Debug","timestamp":"2025-05-02T16:17:24+0700","caller":"assigner.go:489","message":"send to coreReadCommand: \"\\\"2006/01/02 15:04:05\\\", \\\"2023/05/17 10:33:01\\\", 20, hour\""}

{"pid":"f79b795f9d9a45359ceb665475ba5551","severity":"Debug","timestamp":"2025-05-02T16:17:24+0700","caller":"assigner.go:389","message":{"title":"ReadCommand","values":{"str":"\"2006/01/02 15:04:05\", \"2023/05/17 10:33:01\", 20, hour"}}}

{"pid":"f79b795f9d9a45359ceb665475ba5551","severity":"Debug","timestamp":"2025-05-02T16:17:24+0700","caller":"assigner.go:496","message":"subArg: \"2006/01/02 15:04:05\", \"2023/05/17 10:33:01\", 20, hour"}

{"pid":"f79b795f9d9a45359ceb665475ba5551","severity":"Debug","timestamp":"2025-05-02T16:17:24+0700","caller":"assigner.go:500","message":{"title":"CALL dateAdd: \"2006/01/02 15:04:05\", \"2023/05/17 10:33:01\", 20, hour","values":{"loop":0}}}

{"pid":"f79b795f9d9a45359ceb665475ba5551","severity":"Debug","timestamp":"2025-05-02T16:17:24+0700","caller":"assigner.go:958","message":{"title":"execute dateAdd","values":{"loop":0,"param":"\"2006/01/02 15:04:05\", \"2023/05/17 10:33:01\", 20, hour"}}}

4
{"pid":"f79b795f9d9a45359ceb665475ba5551","severity":"Debug","timestamp":"2025-05-02T16:17:24+0700","caller":"dateAdd.go:12","message":{"title":"DateAdd","values":{"format":"2006/01/02 15:04:05"}}}

{"pid":"f79b795f9d9a45359ceb665475ba5551","severity":"Debug","timestamp":"2025-05-02T16:17:24+0700","caller":"assigner.go:985","message":{"title":"execute dateAdd","values":{"loop":0,"result":"2023/05/18 06:33:01"}}}

{"pid":"f79b795f9d9a45359ceb665475ba5551","severity":"Debug","timestamp":"2025-05-02T16:17:24+0700","caller":"assigner.go:389","message":{"title":"ReadCommand","values":{"str":"dateAdd(\"2006/01/02 15:04:05\", \"2023/05/17 10:33:01\", 30, day)"}}}

{"pid":"f79b795f9d9a45359ceb665475ba5551","severity":"Debug","timestamp":"2025-05-02T16:17:24+0700","caller":"assigner.go:489","message":"send to coreReadCommand: \"\\\"2006/01/02 15:04:05\\\", \\\"2023/05/17 10:33:01\\\", 30, day\""}

{"pid":"f79b795f9d9a45359ceb665475ba5551","severity":"Debug","timestamp":"2025-05-02T16:17:24+0700","caller":"assigner.go:389","message":{"title":"ReadCommand","values":{"str":"\"2006/01/02 15:04:05\", \"2023/05/17 10:33:01\", 30, day"}}}

{"pid":"f79b795f9d9a45359ceb665475ba5551","severity":"Debug","timestamp":"2025-05-02T16:17:24+0700","caller":"assigner.go:496","message":"subArg: \"2006/01/02 15:04:05\", \"2023/05/17 10:33:01\", 30, day"}

{"pid":"f79b795f9d9a45359ceb665475ba5551","severity":"Debug","timestamp":"2025-05-02T16:17:24+0700","caller":"assigner.go:500","message":{"title":"CALL dateAdd: \"2006/01/02 15:04:05\", \"2023/05/17 10:33:01\", 30, day","values":{"loop":0}}}

{"pid":"f79b795f9d9a45359ceb665475ba5551","severity":"Debug","timestamp":"2025-05-02T16:17:24+0700","caller":"assigner.go:958","message":{"title":"execute dateAdd","values":{"loop":0,"param":"\"2006/01/02 15:04:05\", \"2023/05/17 10:33:01\", 30, day"}}}

4
{"pid":"f79b795f9d9a45359ceb665475ba5551","severity":"Debug","timestamp":"2025-05-02T16:17:24+0700","caller":"dateAdd.go:12","message":{"title":"DateAdd","values":{"format":"2006/01/02 15:04:05"}}}

{"pid":"f79b795f9d9a45359ceb665475ba5551","severity":"Debug","timestamp":"2025-05-02T16:17:24+0700","caller":"assigner.go:985","message":{"title":"execute dateAdd","values":{"loop":0,"result":"2023/06/16 10:33:01"}}}

{"pid":"f79b795f9d9a45359ceb665475ba5551","severity":"Debug","timestamp":"2025-05-02T16:17:24+0700","caller":"assigner.go:389","message":{"title":"ReadCommand","values":{"str":"dateAdd(\"2006-01-02 15:04:05\", \"2023/05/17\", 2, month)"}}}

{"pid":"f79b795f9d9a45359ceb665475ba5551","severity":"Debug","timestamp":"2025-05-02T16:17:24+0700","caller":"assigner.go:489","message":"send to coreReadCommand: \"\\\"2006-01-02 15:04:05\\\", \\\"2023/05/17\\\", 2, month\""}

{"pid":"f79b795f9d9a45359ceb665475ba5551","severity":"Debug","timestamp":"2025-05-02T16:17:24+0700","caller":"assigner.go:389","message":{"title":"ReadCommand","values":{"str":"\"2006-01-02 15:04:05\", \"2023/05/17\", 2, month"}}}

{"pid":"f79b795f9d9a45359ceb665475ba5551","severity":"Debug","timestamp":"2025-05-02T16:17:24+0700","caller":"assigner.go:496","message":"subArg: \"2006-01-02 15:04:05\", \"2023/05/17\", 2, month"}

{"pid":"f79b795f9d9a45359ceb665475ba5551","severity":"Debug","timestamp":"2025-05-02T16:17:24+0700","caller":"assigner.go:500","message":{"title":"CALL dateAdd: \"2006-01-02 15:04:05\", \"2023/05/17\", 2, month","values":{"loop":0}}}

{"pid":"f79b795f9d9a45359ceb665475ba5551","severity":"Debug","timestamp":"2025-05-02T16:17:24+0700","caller":"assigner.go:958","message":{"title":"execute dateAdd","values":{"loop":0,"param":"\"2006-01-02 15:04:05\", \"2023/05/17\", 2, month"}}}

4
{"pid":"f79b795f9d9a45359ceb665475ba5551","severity":"Debug","timestamp":"2025-05-02T16:17:24+0700","caller":"dateAdd.go:12","message":{"title":"DateAdd","values":{"format":"2006-01-02 15:04:05"}}}

{"pid":"f79b795f9d9a45359ceb665475ba5551","severity":"Error","timestamp":"2025-05-02T16:17:24+0700","caller":"dateAdd.go:18","message":{"title":"DateAdd","values":{"error":"parsing time \"2023/05/17\" as \"2006-01-02 15:04:05\": cannot parse \"/05/17\" as \"-\""}}}

{"pid":"f79b795f9d9a45359ceb665475ba5551","severity":"Debug","timestamp":"2025-05-02T16:17:24+0700","caller":"assigner.go:985","message":{"title":"execute dateAdd","values":{"loop":0,"result":"2023-07-17 00:00:00"}}}

{"pid":"f79b795f9d9a45359ceb665475ba5551","severity":"Debug","timestamp":"2025-05-02T16:17:24+0700","caller":"assigner.go:389","message":{"title":"ReadCommand","values":{"str":"dateAdd()"}}}

{"pid":"f79b795f9d9a45359ceb665475ba5551","severity":"Debug","timestamp":"2025-05-02T16:17:24+0700","caller":"assigner.go:500","message":{"title":"CALL dateAdd: ","values":{"loop":0}}}

{"pid":"f79b795f9d9a45359ceb665475ba5551","severity":"Debug","timestamp":"2025-05-02T16:17:24+0700","caller":"assigner.go:958","message":{"title":"execute dateAdd","values":{"loop":0,"param":""}}}

0
{"pid":"f79b795f9d9a45359ceb665475ba5551","severity":"Error","timestamp":"2025-05-02T16:17:24+0700","caller":"assigner.go:974","message":{"title":"execute dateAdd","values":{"error":"invalid parameter"}}}

{"pid":"f79b795f9d9a45359ceb665475ba5551","severity":"Debug","timestamp":"2025-05-02T16:17:24+0700","caller":"assigner.go:985","message":{"title":"execute dateAdd","values":{"loop":0,"result":"invalid parameter"}}}

{"pid":"f79b795f9d9a45359ceb665475ba5551","severity":"Debug","timestamp":"2025-05-02T16:17:24+0700","caller":"assigner.go:389","message":{"title":"ReadCommand","values":{"str":"dateAdd(\"2006\")"}}}

{"pid":"f79b795f9d9a45359ceb665475ba5551","severity":"Debug","timestamp":"2025-05-02T16:17:24+0700","caller":"assigner.go:489","message":"send to coreReadCommand: \"\\\"2006\\\"\""}

{"pid":"f79b795f9d9a45359ceb665475ba5551","severity":"Debug","timestamp":"2025-05-02T16:17:24+0700","caller":"assigner.go:389","message":{"title":"ReadCommand","values":{"str":"2006"}}}

{"pid":"f79b795f9d9a45359ceb665475ba5551","severity":"Debug","timestamp":"2025-05-02T16:17:24+0700","caller":"assigner.go:496","message":"subArg: \"2006\""}

{"pid":"f79b795f9d9a45359ceb665475ba5551","severity":"Debug","timestamp":"2025-05-02T16:17:24+0700","caller":"assigner.go:500","message":{"title":"CALL dateAdd: \"2006\"","values":{"loop":0}}}

{"pid":"f79b795f9d9a45359ceb665475ba5551","severity":"Debug","timestamp":"2025-05-02T16:17:24+0700","caller":"assigner.go:958","message":{"title":"execute dateAdd","values":{"loop":0,"param":"2006"}}}

1
{"pid":"f79b795f9d9a45359ceb665475ba5551","severity":"Error","timestamp":"2025-05-02T16:17:24+0700","caller":"assigner.go:974","message":{"title":"execute dateAdd","values":{"error":"invalid parameter"}}}

{"pid":"f79b795f9d9a45359ceb665475ba5551","severity":"Debug","timestamp":"2025-05-02T16:17:24+0700","caller":"assigner.go:985","message":{"title":"execute dateAdd","values":{"loop":0,"result":"invalid parameter"}}}

{"pid":"f79b795f9d9a45359ceb665475ba5551","severity":"Debug","timestamp":"2025-05-02T16:17:24+0700","caller":"assigner.go:389","message":{"title":"ReadCommand","values":{"str":"dateAdd(\"2006-01-02\", \"2023/05/17\")"}}}

{"pid":"f79b795f9d9a45359ceb665475ba5551","severity":"Debug","timestamp":"2025-05-02T16:17:24+0700","caller":"assigner.go:489","message":"send to coreReadCommand: \"\\\"2006-01-02\\\", \\\"2023/05/17\\\"\""}

{"pid":"f79b795f9d9a45359ceb665475ba5551","severity":"Debug","timestamp":"2025-05-02T16:17:24+0700","caller":"assigner.go:389","message":{"title":"ReadCommand","values":{"str":"\"2006-01-02\", \"2023/05/17\""}}}

{"pid":"f79b795f9d9a45359ceb665475ba5551","severity":"Debug","timestamp":"2025-05-02T16:17:24+0700","caller":"assigner.go:496","message":"subArg: \"2006-01-02\", \"2023/05/17\""}

{"pid":"f79b795f9d9a45359ceb665475ba5551","severity":"Debug","timestamp":"2025-05-02T16:17:24+0700","caller":"assigner.go:500","message":{"title":"CALL dateAdd: \"2006-01-02\", \"2023/05/17\"","values":{"loop":0}}}

{"pid":"f79b795f9d9a45359ceb665475ba5551","severity":"Debug","timestamp":"2025-05-02T16:17:24+0700","caller":"assigner.go:958","message":{"title":"execute dateAdd","values":{"loop":0,"param":"\"2006-01-02\", \"2023/05/17\""}}}

2
{"pid":"f79b795f9d9a45359ceb665475ba5551","severity":"Error","timestamp":"2025-05-02T16:17:24+0700","caller":"assigner.go:974","message":{"title":"execute dateAdd","values":{"error":"invalid parameter"}}}

{"pid":"f79b795f9d9a45359ceb665475ba5551","severity":"Debug","timestamp":"2025-05-02T16:17:24+0700","caller":"assigner.go:985","message":{"title":"execute dateAdd","values":{"loop":0,"result":"invalid parameter"}}}

{"pid":"f79b795f9d9a45359ceb665475ba5551","severity":"Debug","timestamp":"2025-05-02T16:17:24+0700","caller":"assigner.go:389","message":{"title":"ReadCommand","values":{"str":"dateAdd(\"2006-01-02 15:04:05\", \"2023/05/17\", 2)"}}}

{"pid":"f79b795f9d9a45359ceb665475ba5551","severity":"Debug","timestamp":"2025-05-02T16:17:24+0700","caller":"assigner.go:489","message":"send to coreReadCommand: \"\\\"2006-01-02 15:04:05\\\", \\\"2023/05/17\\\", 2\""}

{"pid":"f79b795f9d9a45359ceb665475ba5551","severity":"Debug","timestamp":"2025-05-02T16:17:24+0700","caller":"assigner.go:389","message":{"title":"ReadCommand","values":{"str":"\"2006-01-02 15:04:05\", \"2023/05/17\", 2"}}}

{"pid":"f79b795f9d9a45359ceb665475ba5551","severity":"Debug","timestamp":"2025-05-02T16:17:24+0700","caller":"assigner.go:496","message":"subArg: \"2006-01-02 15:04:05\", \"2023/05/17\", 2"}

{"pid":"f79b795f9d9a45359ceb665475ba5551","severity":"Debug","timestamp":"2025-05-02T16:17:24+0700","caller":"assigner.go:500","message":{"title":"CALL dateAdd: \"2006-01-02 15:04:05\", \"2023/05/17\", 2","values":{"loop":0}}}

{"pid":"f79b795f9d9a45359ceb665475ba5551","severity":"Debug","timestamp":"2025-05-02T16:17:24+0700","caller":"assigner.go:958","message":{"title":"execute dateAdd","values":{"loop":0,"param":"\"2006-01-02 15:04:05\", \"2023/05/17\", 2"}}}

3
{"pid":"f79b795f9d9a45359ceb665475ba5551","severity":"Error","timestamp":"2025-05-02T16:17:24+0700","caller":"assigner.go:974","message":{"title":"execute dateAdd","values":{"error":"invalid parameter"}}}

{"pid":"f79b795f9d9a45359ceb665475ba5551","severity":"Debug","timestamp":"2025-05-02T16:17:24+0700","caller":"assigner.go:985","message":{"title":"execute dateAdd","values":{"loop":0,"result":"invalid parameter"}}}

--- PASS: TestDateAdd (0.00s)
=== RUN   TestDateFormat
{"pid":"c220789de4e0420ab4546387d42691cd","severity":"Debug","timestamp":"2025-05-02T16:17:24+0700","caller":"assigner.go:389","message":{"title":"ReadCommand","values":{"str":"dateFormat(20060102150405, 20230731165746, \"2006-01-02 15:04:05\")"}}}

{"pid":"c220789de4e0420ab4546387d42691cd","severity":"Debug","timestamp":"2025-05-02T16:17:24+0700","caller":"assigner.go:489","message":"send to coreReadCommand: \"20060102150405, 20230731165746, \\\"2006-01-02 15:04:05\\\"\""}

{"pid":"c220789de4e0420ab4546387d42691cd","severity":"Debug","timestamp":"2025-05-02T16:17:24+0700","caller":"assigner.go:389","message":{"title":"ReadCommand","values":{"str":"20060102150405, 20230731165746, \"2006-01-02 15:04:05\""}}}

{"pid":"c220789de4e0420ab4546387d42691cd","severity":"Debug","timestamp":"2025-05-02T16:17:24+0700","caller":"assigner.go:496","message":"subArg: 20060102150405, 20230731165746, \"2006-01-02 15:04:05\""}

{"pid":"c220789de4e0420ab4546387d42691cd","severity":"Debug","timestamp":"2025-05-02T16:17:24+0700","caller":"assigner.go:500","message":{"title":"CALL dateFormat: 20060102150405, 20230731165746, \"2006-01-02 15:04:05\"","values":{"loop":0}}}

{"pid":"c220789de4e0420ab4546387d42691cd","severity":"Debug","timestamp":"2025-05-02T16:17:24+0700","caller":"assigner.go:987","message":{"title":"execute dateFormat","values":{"loop":0,"param":"20060102150405, 20230731165746, \"2006-01-02 15:04:05\""}}}

{"pid":"c220789de4e0420ab4546387d42691cd","severity":"Debug","timestamp":"2025-05-02T16:17:24+0700","caller":"assigner.go:1012","message":{"title":"execute dateFormat","values":{"loop":0,"result":"2023-07-31 16:57:46"}}}

{"pid":"c220789de4e0420ab4546387d42691cd","severity":"Debug","timestamp":"2025-05-02T16:17:24+0700","caller":"assigner.go:389","message":{"title":"ReadCommand","values":{"str":"dateFormat(20060102150405, 20230731165746, \"2006/01/02 15:04:05\")"}}}

{"pid":"c220789de4e0420ab4546387d42691cd","severity":"Debug","timestamp":"2025-05-02T16:17:24+0700","caller":"assigner.go:489","message":"send to coreReadCommand: \"20060102150405, 20230731165746, \\\"2006/01/02 15:04:05\\\"\""}

{"pid":"c220789de4e0420ab4546387d42691cd","severity":"Debug","timestamp":"2025-05-02T16:17:24+0700","caller":"assigner.go:389","message":{"title":"ReadCommand","values":{"str":"20060102150405, 20230731165746, \"2006/01/02 15:04:05\""}}}

{"pid":"c220789de4e0420ab4546387d42691cd","severity":"Debug","timestamp":"2025-05-02T16:17:24+0700","caller":"assigner.go:496","message":"subArg: 20060102150405, 20230731165746, \"2006/01/02 15:04:05\""}

{"pid":"c220789de4e0420ab4546387d42691cd","severity":"Debug","timestamp":"2025-05-02T16:17:24+0700","caller":"assigner.go:500","message":{"title":"CALL dateFormat: 20060102150405, 20230731165746, \"2006/01/02 15:04:05\"","values":{"loop":0}}}

{"pid":"c220789de4e0420ab4546387d42691cd","severity":"Debug","timestamp":"2025-05-02T16:17:24+0700","caller":"assigner.go:987","message":{"title":"execute dateFormat","values":{"loop":0,"param":"20060102150405, 20230731165746, \"2006/01/02 15:04:05\""}}}

{"pid":"c220789de4e0420ab4546387d42691cd","severity":"Debug","timestamp":"2025-05-02T16:17:24+0700","caller":"assigner.go:1012","message":{"title":"execute dateFormat","values":{"loop":0,"result":"2023/07/31 16:57:46"}}}

{"pid":"c220789de4e0420ab4546387d42691cd","severity":"Debug","timestamp":"2025-05-02T16:17:24+0700","caller":"assigner.go:389","message":{"title":"ReadCommand","values":{"str":"dateFormat(20060102150405, 20230731165746, \"02-01-2006 15:04:05:000\")"}}}

{"pid":"c220789de4e0420ab4546387d42691cd","severity":"Debug","timestamp":"2025-05-02T16:17:24+0700","caller":"assigner.go:489","message":"send to coreReadCommand: \"20060102150405, 20230731165746, \\\"02-01-2006 15:04:05:000\\\"\""}

{"pid":"c220789de4e0420ab4546387d42691cd","severity":"Debug","timestamp":"2025-05-02T16:17:24+0700","caller":"assigner.go:389","message":{"title":"ReadCommand","values":{"str":"20060102150405, 20230731165746, \"02-01-2006 15:04:05:000\""}}}

{"pid":"c220789de4e0420ab4546387d42691cd","severity":"Debug","timestamp":"2025-05-02T16:17:24+0700","caller":"assigner.go:496","message":"subArg: 20060102150405, 20230731165746, \"02-01-2006 15:04:05:000\""}

{"pid":"c220789de4e0420ab4546387d42691cd","severity":"Debug","timestamp":"2025-05-02T16:17:24+0700","caller":"assigner.go:500","message":{"title":"CALL dateFormat: 20060102150405, 20230731165746, \"02-01-2006 15:04:05:000\"","values":{"loop":0}}}

{"pid":"c220789de4e0420ab4546387d42691cd","severity":"Debug","timestamp":"2025-05-02T16:17:24+0700","caller":"assigner.go:987","message":{"title":"execute dateFormat","values":{"loop":0,"param":"20060102150405, 20230731165746, \"02-01-2006 15:04:05:000\""}}}

{"pid":"c220789de4e0420ab4546387d42691cd","severity":"Debug","timestamp":"2025-05-02T16:17:24+0700","caller":"assigner.go:1012","message":{"title":"execute dateFormat","values":{"loop":0,"result":"31-07-2023 16:57:46:000"}}}

--- PASS: TestDateFormat (0.00s)
=== RUN   TestDateNow
{"pid":"9f29a6fa1ae840bea94d7259cf2570f7","severity":"Debug","timestamp":"2025-05-02T16:17:24+0700","caller":"assigner.go:389","message":{"title":"ReadCommand","values":{"str":"dateNow()"}}}

{"pid":"9f29a6fa1ae840bea94d7259cf2570f7","severity":"Debug","timestamp":"2025-05-02T16:17:24+0700","caller":"assigner.go:500","message":{"title":"CALL dateNow: ","values":{"loop":0}}}

{"pid":"9f29a6fa1ae840bea94d7259cf2570f7","severity":"Debug","timestamp":"2025-05-02T16:17:24+0700","caller":"assigner.go:945","message":{"title":"execute dateNow","values":{"loop":0,"param":""}}}

{"pid":"9f29a6fa1ae840bea94d7259cf2570f7","severity":"Debug","timestamp":"2025-05-02T16:17:24+0700","caller":"dateNow.go:10","message":{"title":"DateNow","values":{"format":""}}}

{"pid":"9f29a6fa1ae840bea94d7259cf2570f7","severity":"Debug","timestamp":"2025-05-02T16:17:24+0700","caller":"assigner.go:956","message":{"title":"execute dateNow","values":{"loop":0,"result":"2025-05-02T16:17:24+07:00"}}}

{"pid":"9f29a6fa1ae840bea94d7259cf2570f7","severity":"Debug","timestamp":"2025-05-02T16:17:24+0700","caller":"assigner.go:389","message":{"title":"ReadCommand","values":{"str":"dateNow(2006)"}}}

{"pid":"9f29a6fa1ae840bea94d7259cf2570f7","severity":"Debug","timestamp":"2025-05-02T16:17:24+0700","caller":"assigner.go:489","message":"send to coreReadCommand: \"2006\""}

{"pid":"9f29a6fa1ae840bea94d7259cf2570f7","severity":"Debug","timestamp":"2025-05-02T16:17:24+0700","caller":"assigner.go:389","message":{"title":"ReadCommand","values":{"str":2006}}}

{"pid":"9f29a6fa1ae840bea94d7259cf2570f7","severity":"Debug","timestamp":"2025-05-02T16:17:24+0700","caller":"assigner.go:496","message":"subArg: 2006"}

{"pid":"9f29a6fa1ae840bea94d7259cf2570f7","severity":"Debug","timestamp":"2025-05-02T16:17:24+0700","caller":"assigner.go:500","message":{"title":"CALL dateNow: 2006","values":{"loop":0}}}

{"pid":"9f29a6fa1ae840bea94d7259cf2570f7","severity":"Debug","timestamp":"2025-05-02T16:17:24+0700","caller":"assigner.go:945","message":{"title":"execute dateNow","values":{"loop":0,"param":2006}}}

{"pid":"9f29a6fa1ae840bea94d7259cf2570f7","severity":"Debug","timestamp":"2025-05-02T16:17:24+0700","caller":"dateNow.go:10","message":{"title":"DateNow","values":{"format":2006}}}

{"pid":"9f29a6fa1ae840bea94d7259cf2570f7","severity":"Debug","timestamp":"2025-05-02T16:17:24+0700","caller":"assigner.go:956","message":{"title":"execute dateNow","values":{"loop":0,"result":"2025"}}}

{"pid":"9f29a6fa1ae840bea94d7259cf2570f7","severity":"Debug","timestamp":"2025-05-02T16:17:24+0700","caller":"assigner.go:389","message":{"title":"ReadCommand","values":{"str":"dateNow(200601)"}}}

{"pid":"9f29a6fa1ae840bea94d7259cf2570f7","severity":"Debug","timestamp":"2025-05-02T16:17:24+0700","caller":"assigner.go:489","message":"send to coreReadCommand: \"200601\""}

{"pid":"9f29a6fa1ae840bea94d7259cf2570f7","severity":"Debug","timestamp":"2025-05-02T16:17:24+0700","caller":"assigner.go:389","message":{"title":"ReadCommand","values":{"str":200601}}}

{"pid":"9f29a6fa1ae840bea94d7259cf2570f7","severity":"Debug","timestamp":"2025-05-02T16:17:24+0700","caller":"assigner.go:496","message":"subArg: 200601"}

{"pid":"9f29a6fa1ae840bea94d7259cf2570f7","severity":"Debug","timestamp":"2025-05-02T16:17:24+0700","caller":"assigner.go:500","message":{"title":"CALL dateNow: 200601","values":{"loop":0}}}

{"pid":"9f29a6fa1ae840bea94d7259cf2570f7","severity":"Debug","timestamp":"2025-05-02T16:17:24+0700","caller":"assigner.go:945","message":{"title":"execute dateNow","values":{"loop":0,"param":200601}}}

{"pid":"9f29a6fa1ae840bea94d7259cf2570f7","severity":"Debug","timestamp":"2025-05-02T16:17:24+0700","caller":"dateNow.go:10","message":{"title":"DateNow","values":{"format":200601}}}

{"pid":"9f29a6fa1ae840bea94d7259cf2570f7","severity":"Debug","timestamp":"2025-05-02T16:17:24+0700","caller":"assigner.go:956","message":{"title":"execute dateNow","values":{"loop":0,"result":"202505"}}}

{"pid":"9f29a6fa1ae840bea94d7259cf2570f7","severity":"Debug","timestamp":"2025-05-02T16:17:24+0700","caller":"assigner.go:389","message":{"title":"ReadCommand","values":{"str":"dateNow(2006-01)"}}}

{"pid":"9f29a6fa1ae840bea94d7259cf2570f7","severity":"Debug","timestamp":"2025-05-02T16:17:24+0700","caller":"assigner.go:489","message":"send to coreReadCommand: \"2006-01\""}

{"pid":"9f29a6fa1ae840bea94d7259cf2570f7","severity":"Debug","timestamp":"2025-05-02T16:17:24+0700","caller":"assigner.go:389","message":{"title":"ReadCommand","values":{"str":"2006-01"}}}

{"pid":"9f29a6fa1ae840bea94d7259cf2570f7","severity":"Debug","timestamp":"2025-05-02T16:17:24+0700","caller":"assigner.go:496","message":"subArg: 2006-01"}

{"pid":"9f29a6fa1ae840bea94d7259cf2570f7","severity":"Debug","timestamp":"2025-05-02T16:17:24+0700","caller":"assigner.go:500","message":{"title":"CALL dateNow: 2006-01","values":{"loop":0}}}

{"pid":"9f29a6fa1ae840bea94d7259cf2570f7","severity":"Debug","timestamp":"2025-05-02T16:17:24+0700","caller":"assigner.go:945","message":{"title":"execute dateNow","values":{"loop":0,"param":"2006-01"}}}

{"pid":"9f29a6fa1ae840bea94d7259cf2570f7","severity":"Debug","timestamp":"2025-05-02T16:17:24+0700","caller":"dateNow.go:10","message":{"title":"DateNow","values":{"format":"2006-01"}}}

{"pid":"9f29a6fa1ae840bea94d7259cf2570f7","severity":"Debug","timestamp":"2025-05-02T16:17:24+0700","caller":"assigner.go:956","message":{"title":"execute dateNow","values":{"loop":0,"result":"2025-05"}}}

{"pid":"9f29a6fa1ae840bea94d7259cf2570f7","severity":"Debug","timestamp":"2025-05-02T16:17:24+0700","caller":"assigner.go:389","message":{"title":"ReadCommand","values":{"str":"dateNow(2006/01)"}}}

{"pid":"9f29a6fa1ae840bea94d7259cf2570f7","severity":"Debug","timestamp":"2025-05-02T16:17:24+0700","caller":"assigner.go:489","message":"send to coreReadCommand: \"2006/01\""}

{"pid":"9f29a6fa1ae840bea94d7259cf2570f7","severity":"Debug","timestamp":"2025-05-02T16:17:24+0700","caller":"assigner.go:389","message":{"title":"ReadCommand","values":{"str":"2006/01"}}}

{"pid":"9f29a6fa1ae840bea94d7259cf2570f7","severity":"Debug","timestamp":"2025-05-02T16:17:24+0700","caller":"assigner.go:496","message":"subArg: 2006/01"}

{"pid":"9f29a6fa1ae840bea94d7259cf2570f7","severity":"Debug","timestamp":"2025-05-02T16:17:24+0700","caller":"assigner.go:500","message":{"title":"CALL dateNow: 2006/01","values":{"loop":0}}}

{"pid":"9f29a6fa1ae840bea94d7259cf2570f7","severity":"Debug","timestamp":"2025-05-02T16:17:24+0700","caller":"assigner.go:945","message":{"title":"execute dateNow","values":{"loop":0,"param":"2006/01"}}}

{"pid":"9f29a6fa1ae840bea94d7259cf2570f7","severity":"Debug","timestamp":"2025-05-02T16:17:24+0700","caller":"dateNow.go:10","message":{"title":"DateNow","values":{"format":"2006/01"}}}

{"pid":"9f29a6fa1ae840bea94d7259cf2570f7","severity":"Debug","timestamp":"2025-05-02T16:17:24+0700","caller":"assigner.go:956","message":{"title":"execute dateNow","values":{"loop":0,"result":"2025/05"}}}

{"pid":"9f29a6fa1ae840bea94d7259cf2570f7","severity":"Debug","timestamp":"2025-05-02T16:17:24+0700","caller":"assigner.go:389","message":{"title":"ReadCommand","values":{"str":"dateNow(20060102)"}}}

{"pid":"9f29a6fa1ae840bea94d7259cf2570f7","severity":"Debug","timestamp":"2025-05-02T16:17:24+0700","caller":"assigner.go:489","message":"send to coreReadCommand: \"20060102\""}

{"pid":"9f29a6fa1ae840bea94d7259cf2570f7","severity":"Debug","timestamp":"2025-05-02T16:17:24+0700","caller":"assigner.go:389","message":{"title":"ReadCommand","values":{"str":20060102}}}

{"pid":"9f29a6fa1ae840bea94d7259cf2570f7","severity":"Debug","timestamp":"2025-05-02T16:17:24+0700","caller":"assigner.go:496","message":"subArg: 20060102"}

{"pid":"9f29a6fa1ae840bea94d7259cf2570f7","severity":"Debug","timestamp":"2025-05-02T16:17:24+0700","caller":"assigner.go:500","message":{"title":"CALL dateNow: 20060102","values":{"loop":0}}}

{"pid":"9f29a6fa1ae840bea94d7259cf2570f7","severity":"Debug","timestamp":"2025-05-02T16:17:24+0700","caller":"assigner.go:945","message":{"title":"execute dateNow","values":{"loop":0,"param":20060102}}}

{"pid":"9f29a6fa1ae840bea94d7259cf2570f7","severity":"Debug","timestamp":"2025-05-02T16:17:24+0700","caller":"dateNow.go:10","message":{"title":"DateNow","values":{"format":20060102}}}

{"pid":"9f29a6fa1ae840bea94d7259cf2570f7","severity":"Debug","timestamp":"2025-05-02T16:17:24+0700","caller":"assigner.go:956","message":{"title":"execute dateNow","values":{"loop":0,"result":"20250502"}}}

{"pid":"9f29a6fa1ae840bea94d7259cf2570f7","severity":"Debug","timestamp":"2025-05-02T16:17:24+0700","caller":"assigner.go:389","message":{"title":"ReadCommand","values":{"str":"dateNow(2006-01-02)"}}}

{"pid":"9f29a6fa1ae840bea94d7259cf2570f7","severity":"Debug","timestamp":"2025-05-02T16:17:24+0700","caller":"assigner.go:489","message":"send to coreReadCommand: \"2006-01-02\""}

{"pid":"9f29a6fa1ae840bea94d7259cf2570f7","severity":"Debug","timestamp":"2025-05-02T16:17:24+0700","caller":"assigner.go:389","message":{"title":"ReadCommand","values":{"str":"2006-01-02"}}}

{"pid":"9f29a6fa1ae840bea94d7259cf2570f7","severity":"Debug","timestamp":"2025-05-02T16:17:24+0700","caller":"assigner.go:496","message":"subArg: 2006-01-02"}

{"pid":"9f29a6fa1ae840bea94d7259cf2570f7","severity":"Debug","timestamp":"2025-05-02T16:17:24+0700","caller":"assigner.go:500","message":{"title":"CALL dateNow: 2006-01-02","values":{"loop":0}}}

{"pid":"9f29a6fa1ae840bea94d7259cf2570f7","severity":"Debug","timestamp":"2025-05-02T16:17:24+0700","caller":"assigner.go:945","message":{"title":"execute dateNow","values":{"loop":0,"param":"2006-01-02"}}}

{"pid":"9f29a6fa1ae840bea94d7259cf2570f7","severity":"Debug","timestamp":"2025-05-02T16:17:24+0700","caller":"dateNow.go:10","message":{"title":"DateNow","values":{"format":"2006-01-02"}}}

{"pid":"9f29a6fa1ae840bea94d7259cf2570f7","severity":"Debug","timestamp":"2025-05-02T16:17:24+0700","caller":"assigner.go:956","message":{"title":"execute dateNow","values":{"loop":0,"result":"2025-05-02"}}}

{"pid":"9f29a6fa1ae840bea94d7259cf2570f7","severity":"Debug","timestamp":"2025-05-02T16:17:24+0700","caller":"assigner.go:389","message":{"title":"ReadCommand","values":{"str":"dateNow(2006/01/02)"}}}

{"pid":"9f29a6fa1ae840bea94d7259cf2570f7","severity":"Debug","timestamp":"2025-05-02T16:17:24+0700","caller":"assigner.go:489","message":"send to coreReadCommand: \"2006/01/02\""}

{"pid":"9f29a6fa1ae840bea94d7259cf2570f7","severity":"Debug","timestamp":"2025-05-02T16:17:24+0700","caller":"assigner.go:389","message":{"title":"ReadCommand","values":{"str":"2006/01/02"}}}

{"pid":"9f29a6fa1ae840bea94d7259cf2570f7","severity":"Debug","timestamp":"2025-05-02T16:17:24+0700","caller":"assigner.go:496","message":"subArg: 2006/01/02"}

{"pid":"9f29a6fa1ae840bea94d7259cf2570f7","severity":"Debug","timestamp":"2025-05-02T16:17:24+0700","caller":"assigner.go:500","message":{"title":"CALL dateNow: 2006/01/02","values":{"loop":0}}}

{"pid":"9f29a6fa1ae840bea94d7259cf2570f7","severity":"Debug","timestamp":"2025-05-02T16:17:24+0700","caller":"assigner.go:945","message":{"title":"execute dateNow","values":{"loop":0,"param":"2006/01/02"}}}

{"pid":"9f29a6fa1ae840bea94d7259cf2570f7","severity":"Debug","timestamp":"2025-05-02T16:17:24+0700","caller":"dateNow.go:10","message":{"title":"DateNow","values":{"format":"2006/01/02"}}}

{"pid":"9f29a6fa1ae840bea94d7259cf2570f7","severity":"Debug","timestamp":"2025-05-02T16:17:24+0700","caller":"assigner.go:956","message":{"title":"execute dateNow","values":{"loop":0,"result":"2025/05/02"}}}

{"pid":"9f29a6fa1ae840bea94d7259cf2570f7","severity":"Debug","timestamp":"2025-05-02T16:17:24+0700","caller":"assigner.go:389","message":{"title":"ReadCommand","values":{"str":"dateNow(20060102150405)"}}}

{"pid":"9f29a6fa1ae840bea94d7259cf2570f7","severity":"Debug","timestamp":"2025-05-02T16:17:24+0700","caller":"assigner.go:489","message":"send to coreReadCommand: \"20060102150405\""}

{"pid":"9f29a6fa1ae840bea94d7259cf2570f7","severity":"Debug","timestamp":"2025-05-02T16:17:24+0700","caller":"assigner.go:389","message":{"title":"ReadCommand","values":{"str":20060102150405}}}

{"pid":"9f29a6fa1ae840bea94d7259cf2570f7","severity":"Debug","timestamp":"2025-05-02T16:17:24+0700","caller":"assigner.go:496","message":"subArg: 20060102150405"}

{"pid":"9f29a6fa1ae840bea94d7259cf2570f7","severity":"Debug","timestamp":"2025-05-02T16:17:24+0700","caller":"assigner.go:500","message":{"title":"CALL dateNow: 20060102150405","values":{"loop":0}}}

{"pid":"9f29a6fa1ae840bea94d7259cf2570f7","severity":"Debug","timestamp":"2025-05-02T16:17:24+0700","caller":"assigner.go:945","message":{"title":"execute dateNow","values":{"loop":0,"param":20060102150405}}}

{"pid":"9f29a6fa1ae840bea94d7259cf2570f7","severity":"Debug","timestamp":"2025-05-02T16:17:24+0700","caller":"dateNow.go:10","message":{"title":"DateNow","values":{"format":20060102150405}}}

{"pid":"9f29a6fa1ae840bea94d7259cf2570f7","severity":"Debug","timestamp":"2025-05-02T16:17:24+0700","caller":"assigner.go:956","message":{"title":"execute dateNow","values":{"loop":0,"result":"20250502161724"}}}

{"pid":"9f29a6fa1ae840bea94d7259cf2570f7","severity":"Debug","timestamp":"2025-05-02T16:17:24+0700","caller":"assigner.go:389","message":{"title":"ReadCommand","values":{"str":"dateNow(2006-01-02 15:04:05)"}}}

{"pid":"9f29a6fa1ae840bea94d7259cf2570f7","severity":"Debug","timestamp":"2025-05-02T16:17:24+0700","caller":"assigner.go:489","message":"send to coreReadCommand: \"2006-01-02 15:04:05\""}

{"pid":"9f29a6fa1ae840bea94d7259cf2570f7","severity":"Debug","timestamp":"2025-05-02T16:17:24+0700","caller":"assigner.go:389","message":{"title":"ReadCommand","values":{"str":"2006-01-02 15:04:05"}}}

{"pid":"9f29a6fa1ae840bea94d7259cf2570f7","severity":"Debug","timestamp":"2025-05-02T16:17:24+0700","caller":"assigner.go:496","message":"subArg: 2006-01-02 15:04:05"}

{"pid":"9f29a6fa1ae840bea94d7259cf2570f7","severity":"Debug","timestamp":"2025-05-02T16:17:24+0700","caller":"assigner.go:500","message":{"title":"CALL dateNow: 2006-01-02 15:04:05","values":{"loop":0}}}

{"pid":"9f29a6fa1ae840bea94d7259cf2570f7","severity":"Debug","timestamp":"2025-05-02T16:17:24+0700","caller":"assigner.go:945","message":{"title":"execute dateNow","values":{"loop":0,"param":"2006-01-02 15:04:05"}}}

{"pid":"9f29a6fa1ae840bea94d7259cf2570f7","severity":"Debug","timestamp":"2025-05-02T16:17:24+0700","caller":"dateNow.go:10","message":{"title":"DateNow","values":{"format":"2006-01-02 15:04:05"}}}

{"pid":"9f29a6fa1ae840bea94d7259cf2570f7","severity":"Debug","timestamp":"2025-05-02T16:17:24+0700","caller":"assigner.go:956","message":{"title":"execute dateNow","values":{"loop":0,"result":"2025-05-02 16:17:24"}}}

{"pid":"9f29a6fa1ae840bea94d7259cf2570f7","severity":"Debug","timestamp":"2025-05-02T16:17:24+0700","caller":"assigner.go:389","message":{"title":"ReadCommand","values":{"str":"dateNow(2006/01/02 15:04:05)"}}}

{"pid":"9f29a6fa1ae840bea94d7259cf2570f7","severity":"Debug","timestamp":"2025-05-02T16:17:24+0700","caller":"assigner.go:489","message":"send to coreReadCommand: \"2006/01/02 15:04:05\""}

{"pid":"9f29a6fa1ae840bea94d7259cf2570f7","severity":"Debug","timestamp":"2025-05-02T16:17:24+0700","caller":"assigner.go:389","message":{"title":"ReadCommand","values":{"str":"2006/01/02 15:04:05"}}}

{"pid":"9f29a6fa1ae840bea94d7259cf2570f7","severity":"Debug","timestamp":"2025-05-02T16:17:24+0700","caller":"assigner.go:496","message":"subArg: 2006/01/02 15:04:05"}

{"pid":"9f29a6fa1ae840bea94d7259cf2570f7","severity":"Debug","timestamp":"2025-05-02T16:17:24+0700","caller":"assigner.go:500","message":{"title":"CALL dateNow: 2006/01/02 15:04:05","values":{"loop":0}}}

{"pid":"9f29a6fa1ae840bea94d7259cf2570f7","severity":"Debug","timestamp":"2025-05-02T16:17:24+0700","caller":"assigner.go:945","message":{"title":"execute dateNow","values":{"loop":0,"param":"2006/01/02 15:04:05"}}}

{"pid":"9f29a6fa1ae840bea94d7259cf2570f7","severity":"Debug","timestamp":"2025-05-02T16:17:24+0700","caller":"dateNow.go:10","message":{"title":"DateNow","values":{"format":"2006/01/02 15:04:05"}}}

{"pid":"9f29a6fa1ae840bea94d7259cf2570f7","severity":"Debug","timestamp":"2025-05-02T16:17:24+0700","caller":"assigner.go:956","message":{"title":"execute dateNow","values":{"loop":0,"result":"2025/05/02 16:17:24"}}}

{"pid":"9f29a6fa1ae840bea94d7259cf2570f7","severity":"Debug","timestamp":"2025-05-02T16:17:24+0700","caller":"assigner.go:389","message":{"title":"ReadCommand","values":{"str":"dateNow(15:04:05)"}}}

{"pid":"9f29a6fa1ae840bea94d7259cf2570f7","severity":"Debug","timestamp":"2025-05-02T16:17:24+0700","caller":"assigner.go:489","message":"send to coreReadCommand: \"15:04:05\""}

{"pid":"9f29a6fa1ae840bea94d7259cf2570f7","severity":"Debug","timestamp":"2025-05-02T16:17:24+0700","caller":"assigner.go:389","message":{"title":"ReadCommand","values":{"str":"15:04:05"}}}

{"pid":"9f29a6fa1ae840bea94d7259cf2570f7","severity":"Debug","timestamp":"2025-05-02T16:17:24+0700","caller":"assigner.go:496","message":"subArg: 15:04:05"}

{"pid":"9f29a6fa1ae840bea94d7259cf2570f7","severity":"Debug","timestamp":"2025-05-02T16:17:24+0700","caller":"assigner.go:500","message":{"title":"CALL dateNow: 15:04:05","values":{"loop":0}}}

{"pid":"9f29a6fa1ae840bea94d7259cf2570f7","severity":"Debug","timestamp":"2025-05-02T16:17:24+0700","caller":"assigner.go:945","message":{"title":"execute dateNow","values":{"loop":0,"param":"15:04:05"}}}

{"pid":"9f29a6fa1ae840bea94d7259cf2570f7","severity":"Debug","timestamp":"2025-05-02T16:17:24+0700","caller":"dateNow.go:10","message":{"title":"DateNow","values":{"format":"15:04:05"}}}

{"pid":"9f29a6fa1ae840bea94d7259cf2570f7","severity":"Debug","timestamp":"2025-05-02T16:17:24+0700","caller":"assigner.go:956","message":{"title":"execute dateNow","values":{"loop":0,"result":"16:17:24"}}}

{"pid":"9f29a6fa1ae840bea94d7259cf2570f7","severity":"Debug","timestamp":"2025-05-02T16:17:24+0700","caller":"assigner.go:389","message":{"title":"ReadCommand","values":{"str":"dateNow(15/04/05)"}}}

{"pid":"9f29a6fa1ae840bea94d7259cf2570f7","severity":"Debug","timestamp":"2025-05-02T16:17:24+0700","caller":"assigner.go:489","message":"send to coreReadCommand: \"15/04/05\""}

{"pid":"9f29a6fa1ae840bea94d7259cf2570f7","severity":"Debug","timestamp":"2025-05-02T16:17:24+0700","caller":"assigner.go:389","message":{"title":"ReadCommand","values":{"str":"15/04/05"}}}

{"pid":"9f29a6fa1ae840bea94d7259cf2570f7","severity":"Debug","timestamp":"2025-05-02T16:17:24+0700","caller":"assigner.go:496","message":"subArg: 15/04/05"}

{"pid":"9f29a6fa1ae840bea94d7259cf2570f7","severity":"Debug","timestamp":"2025-05-02T16:17:24+0700","caller":"assigner.go:500","message":{"title":"CALL dateNow: 15/04/05","values":{"loop":0}}}

{"pid":"9f29a6fa1ae840bea94d7259cf2570f7","severity":"Debug","timestamp":"2025-05-02T16:17:24+0700","caller":"assigner.go:945","message":{"title":"execute dateNow","values":{"loop":0,"param":"15/04/05"}}}

{"pid":"9f29a6fa1ae840bea94d7259cf2570f7","severity":"Debug","timestamp":"2025-05-02T16:17:24+0700","caller":"dateNow.go:10","message":{"title":"DateNow","values":{"format":"15/04/05"}}}

{"pid":"9f29a6fa1ae840bea94d7259cf2570f7","severity":"Debug","timestamp":"2025-05-02T16:17:24+0700","caller":"assigner.go:956","message":{"title":"execute dateNow","values":{"loop":0,"result":"16/17/24"}}}

--- PASS: TestDateNow (0.01s)
=== RUN   Test_EncryptWithPrivateKey
{"pid":"0901bcb06167495d89077928070205b3","severity":"Debug","timestamp":"2025-05-02T16:17:24+0700","caller":"assigner.go:389","message":{"title":"ReadCommand","values":{"str":"encryptWithPrivateKey(\"9a698a48-30f9-4801-b39e-6fa43f3f2d94|2025-02-25T13:52:44+07:00\", -----BEGIN PRIVATE KEY-----MIIEvQIBADANBgkqhkiG9w0BAQEFAASCBKcwggSjAgEAAoIBAQCPMAI+Z/30MZnL8EZEXmCB1bxz/bIbAOFrIkaLPjMESGPGJc4cI4B/90MQoL5WRbE7uc2fFIaWJzco7CO4H8zPo9iOQ5rfXEyO/49S5DHBw0Wj8p+PvhDQ/XyFCW40gzL9B1UMu4driANV7wSBz4XB3NhVUcqQI1oXQhk9eLJf5tqryZ3OuvqYheY+st4IEn86foVL3t1KxdKVEpYNn0TlDIBlgDCcHKqO6v+Sec8Xa3FMfxY/RpUr9oZ+wWKN+uzXHW8DMglN+w4kFgThIaookUjC9qfsm5LqU6/X4uByL4Gv+0PLFLIdvawbzjaYhQ6AV2s2kjW7qUuiJ7XCcJEpAgMBAAECggEAGQKCsdHKKrfrLBLowxJU+viRNRVP4aWSufq/pZyUnp/iRX7e9E1DKZbPsPzSohEENvFqN+oG4/0vhkdQqd1sEayFq7ulNnRRrvx2VT0kb7qi1FMRibLiDw7ni/kstaFg6483TMUIj0CvjHf2KpJLw6PGaYiiv/Bc0QkrjXAif9t411Lr48KYsog6xZbF6M9Xk40twPMiHxz7s+v4NPOssaDaiGlW6u7/CWoKpwB6J/zr5YVKuxJ4XnLwlt3NcnSzkV0juKS5ZAGXlXLwFErLhjtw/9OS4HZHYlYpkBpZpwpj7O0alEB+0Srm4TbzD3izui40wz6m1ZXuzkZrUR99HQKBgQDFCFE1zHVqZhLm1gLfQBu1Bia/8utu7xy0zBhqy9geE6imEWPzO5aSUxlNuDVrY5jWIH3BItARPtrmcnpD3J/P7tRIZcbbUsegtbl3hyWqhfyi6MGS60jliALBlVV80zXVjhMtsqMenIGMPTQy1+hExh7zFfxdlHcMmhU6nLWlkwKBgQC6ClmKDcz3eIoXxG89kOX8ZDrCDp2ees+tBzkwC2nyWGlInx8vNu3GSHP3SqpX1tIMtCcTwW/uM5HcyvGpB8RP9niVNZ4fuBZL4l+9Brnq0EsWcuU/2opYNVo2x8D8+/DzgtTMG4zytzSQfeGj5CG2/TO6t44VETIDie8+nlIj0wKBgAv+46LY3dUqfcAcC3S4HHe69iT9jyPj3uWK/3mRC4lZPQ1PRbyLRjGGaaX3rxjoqWdv9vgJPI2wO/eHxLXY+snYCoiV2bOEqK66IZ6LVdm56pWoghCFzpxa2YAbrWa6HS7xRW2k0JWOhbyaBVGLH5MAVOYL0p+H6G+V+fDllZGNAoGBALGvpOloWPWbmTkuEpkYxbCUAlLKJtzwq121Yndyz1P6AUStRdmQevVAyhHMrHmM4b3katZBkKhPdOcOplUs5+D/pRfNyCK/bfw4T/x4aiXNn4nnXvHnxu6MtodPrhFyiCXsNVZkkfBX7sp6kII6J8FggIG7Qub4L26V1X1XNVilAoGAHNzBTVeY+l1eE65WwlxmAIBPZygptzB2Jqs6x5G6kj1+qwdyKhDWXDQr2W5LPl6/iwuwlJS9zyBGYg00/luCJzanZ/glRiJVqo23PnVVsnlpKmjYTqXAH+T4xh2imUTKZIE3O1tvji4gL4mFPAZLomfZxLVtIe8vpxCJsXIWWr0=-----END PRIVATE KEY-----\t\t)"}}}

{"pid":"0901bcb06167495d89077928070205b3","severity":"Debug","timestamp":"2025-05-02T16:17:24+0700","caller":"assigner.go:489","message":"send to coreReadCommand: \"\\\"9a698a48-30f9-4801-b39e-6fa43f3f2d94|2025-02-25T13:52:44+07:00\\\", \\n-----BEGIN PRIVATE KEY-----\\nMIIEvQIBADANBgkqhkiG9w0BAQEFAASCBKcwggSjAgEAAoIBAQCPMAI+Z/30MZnL\\n8EZEXmCB1bxz/bIbAOFrIkaLPjMESGPGJc4cI4B/90MQoL5WRbE7uc2fFIaWJzco\\n7CO4H8zPo9iOQ5rfXEyO/49S5DHBw0Wj8p+PvhDQ/XyFCW40gzL9B1UMu4driANV\\n7wSBz4XB3NhVUcqQI1oXQhk9eLJf5tqryZ3OuvqYheY+st4IEn86foVL3t1KxdKV\\nEpYNn0TlDIBlgDCcHKqO6v+Sec8Xa3FMfxY/RpUr9oZ+wWKN+uzXHW8DMglN+w4k\\nFgThIaookUjC9qfsm5LqU6/X4uByL4Gv+0PLFLIdvawbzjaYhQ6AV2s2kjW7qUui\\nJ7XCcJEpAgMBAAECggEAGQKCsdHKKrfrLBLowxJU+viRNRVP4aWSufq/pZyUnp/i\\nRX7e9E1DKZbPsPzSohEENvFqN+oG4/0vhkdQqd1sEayFq7ulNnRRrvx2VT0kb7qi\\n1FMRibLiDw7ni/kstaFg6483TMUIj0CvjHf2KpJLw6PGaYiiv/Bc0QkrjXAif9t4\\n11Lr48KYsog6xZbF6M9Xk40twPMiHxz7s+v4NPOssaDaiGlW6u7/CWoKpwB6J/zr\\n5YVKuxJ4XnLwlt3NcnSzkV0juKS5ZAGXlXLwFErLhjtw/9OS4HZHYlYpkBpZpwpj\\n7O0alEB+0Srm4TbzD3izui40wz6m1ZXuzkZrUR99HQKBgQDFCFE1zHVqZhLm1gLf\\nQBu1Bia/8utu7xy0zBhqy9geE6imEWPzO5aSUxlNuDVrY5jWIH3BItARPtrmcnpD\\n3J/P7tRIZcbbUsegtbl3hyWqhfyi6MGS60jliALBlVV80zXVjhMtsqMenIGMPTQy\\n1+hExh7zFfxdlHcMmhU6nLWlkwKBgQC6ClmKDcz3eIoXxG89kOX8ZDrCDp2ees+t\\nBzkwC2nyWGlInx8vNu3GSHP3SqpX1tIMtCcTwW/uM5HcyvGpB8RP9niVNZ4fuBZL\\n4l+9Brnq0EsWcuU/2opYNVo2x8D8+/DzgtTMG4zytzSQfeGj5CG2/TO6t44VETID\\nie8+nlIj0wKBgAv+46LY3dUqfcAcC3S4HHe69iT9jyPj3uWK/3mRC4lZPQ1PRbyL\\nRjGGaaX3rxjoqWdv9vgJPI2wO/eHxLXY+snYCoiV2bOEqK66IZ6LVdm56pWoghCF\\nzpxa2YAbrWa6HS7xRW2k0JWOhbyaBVGLH5MAVOYL0p+H6G+V+fDllZGNAoGBALGv\\npOloWPWbmTkuEpkYxbCUAlLKJtzwq121Yndyz1P6AUStRdmQevVAyhHMrHmM4b3k\\natZBkKhPdOcOplUs5+D/pRfNyCK/bfw4T/x4aiXNn4nnXvHnxu6MtodPrhFyiCXs\\nNVZkkfBX7sp6kII6J8FggIG7Qub4L26V1X1XNVilAoGAHNzBTVeY+l1eE65Wwlxm\\nAIBPZygptzB2Jqs6x5G6kj1+qwdyKhDWXDQr2W5LPl6/iwuwlJS9zyBGYg00/luC\\nJzanZ/glRiJVqo23PnVVsnlpKmjYTqXAH+T4xh2imUTKZIE3O1tvji4gL4mFPAZL\\nomfZxLVtIe8vpxCJsXIWWr0=\\n-----END PRIVATE KEY-----\\t\\n\\t\""}

{"pid":"0901bcb06167495d89077928070205b3","severity":"Debug","timestamp":"2025-05-02T16:17:24+0700","caller":"assigner.go:389","message":{"title":"ReadCommand","values":{"str":"\"9a698a48-30f9-4801-b39e-6fa43f3f2d94|2025-02-25T13:52:44+07:00\", -----BEGIN PRIVATE KEY-----MIIEvQIBADANBgkqhkiG9w0BAQEFAASCBKcwggSjAgEAAoIBAQCPMAI+Z/30MZnL8EZEXmCB1bxz/bIbAOFrIkaLPjMESGPGJc4cI4B/90MQoL5WRbE7uc2fFIaWJzco7CO4H8zPo9iOQ5rfXEyO/49S5DHBw0Wj8p+PvhDQ/XyFCW40gzL9B1UMu4driANV7wSBz4XB3NhVUcqQI1oXQhk9eLJf5tqryZ3OuvqYheY+st4IEn86foVL3t1KxdKVEpYNn0TlDIBlgDCcHKqO6v+Sec8Xa3FMfxY/RpUr9oZ+wWKN+uzXHW8DMglN+w4kFgThIaookUjC9qfsm5LqU6/X4uByL4Gv+0PLFLIdvawbzjaYhQ6AV2s2kjW7qUuiJ7XCcJEpAgMBAAECggEAGQKCsdHKKrfrLBLowxJU+viRNRVP4aWSufq/pZyUnp/iRX7e9E1DKZbPsPzSohEENvFqN+oG4/0vhkdQqd1sEayFq7ulNnRRrvx2VT0kb7qi1FMRibLiDw7ni/kstaFg6483TMUIj0CvjHf2KpJLw6PGaYiiv/Bc0QkrjXAif9t411Lr48KYsog6xZbF6M9Xk40twPMiHxz7s+v4NPOssaDaiGlW6u7/CWoKpwB6J/zr5YVKuxJ4XnLwlt3NcnSzkV0juKS5ZAGXlXLwFErLhjtw/9OS4HZHYlYpkBpZpwpj7O0alEB+0Srm4TbzD3izui40wz6m1ZXuzkZrUR99HQKBgQDFCFE1zHVqZhLm1gLfQBu1Bia/8utu7xy0zBhqy9geE6imEWPzO5aSUxlNuDVrY5jWIH3BItARPtrmcnpD3J/P7tRIZcbbUsegtbl3hyWqhfyi6MGS60jliALBlVV80zXVjhMtsqMenIGMPTQy1+hExh7zFfxdlHcMmhU6nLWlkwKBgQC6ClmKDcz3eIoXxG89kOX8ZDrCDp2ees+tBzkwC2nyWGlInx8vNu3GSHP3SqpX1tIMtCcTwW/uM5HcyvGpB8RP9niVNZ4fuBZL4l+9Brnq0EsWcuU/2opYNVo2x8D8+/DzgtTMG4zytzSQfeGj5CG2/TO6t44VETIDie8+nlIj0wKBgAv+46LY3dUqfcAcC3S4HHe69iT9jyPj3uWK/3mRC4lZPQ1PRbyLRjGGaaX3rxjoqWdv9vgJPI2wO/eHxLXY+snYCoiV2bOEqK66IZ6LVdm56pWoghCFzpxa2YAbrWa6HS7xRW2k0JWOhbyaBVGLH5MAVOYL0p+H6G+V+fDllZGNAoGBALGvpOloWPWbmTkuEpkYxbCUAlLKJtzwq121Yndyz1P6AUStRdmQevVAyhHMrHmM4b3katZBkKhPdOcOplUs5+D/pRfNyCK/bfw4T/x4aiXNn4nnXvHnxu6MtodPrhFyiCXsNVZkkfBX7sp6kII6J8FggIG7Qub4L26V1X1XNVilAoGAHNzBTVeY+l1eE65WwlxmAIBPZygptzB2Jqs6x5G6kj1+qwdyKhDWXDQr2W5LPl6/iwuwlJS9zyBGYg00/luCJzanZ/glRiJVqo23PnVVsnlpKmjYTqXAH+T4xh2imUTKZIE3O1tvji4gL4mFPAZLomfZxLVtIe8vpxCJsXIWWr0=-----END PRIVATE KEY-----\t\t"}}}

{"pid":"0901bcb06167495d89077928070205b3","severity":"Debug","timestamp":"2025-05-02T16:17:24+0700","caller":"assigner.go:496","message":"subArg: \"9a698a48-30f9-4801-b39e-6fa43f3f2d94|2025-02-25T13:52:44+07:00\", \n-----BEGIN PRIVATE KEY-----\nMIIEvQIBADANBgkqhkiG9w0BAQEFAASCBKcwggSjAgEAAoIBAQCPMAI+Z/30MZnL\n8EZEXmCB1bxz/bIbAOFrIkaLPjMESGPGJc4cI4B/90MQoL5WRbE7uc2fFIaWJzco\n7CO4H8zPo9iOQ5rfXEyO/49S5DHBw0Wj8p+PvhDQ/XyFCW40gzL9B1UMu4driANV\n7wSBz4XB3NhVUcqQI1oXQhk9eLJf5tqryZ3OuvqYheY+st4IEn86foVL3t1KxdKV\nEpYNn0TlDIBlgDCcHKqO6v+Sec8Xa3FMfxY/RpUr9oZ+wWKN+uzXHW8DMglN+w4k\nFgThIaookUjC9qfsm5LqU6/X4uByL4Gv+0PLFLIdvawbzjaYhQ6AV2s2kjW7qUui\nJ7XCcJEpAgMBAAECggEAGQKCsdHKKrfrLBLowxJU+viRNRVP4aWSufq/pZyUnp/i\nRX7e9E1DKZbPsPzSohEENvFqN+oG4/0vhkdQqd1sEayFq7ulNnRRrvx2VT0kb7qi\n1FMRibLiDw7ni/kstaFg6483TMUIj0CvjHf2KpJLw6PGaYiiv/Bc0QkrjXAif9t4\n11Lr48KYsog6xZbF6M9Xk40twPMiHxz7s+v4NPOssaDaiGlW6u7/CWoKpwB6J/zr\n5YVKuxJ4XnLwlt3NcnSzkV0juKS5ZAGXlXLwFErLhjtw/9OS4HZHYlYpkBpZpwpj\n7O0alEB+0Srm4TbzD3izui40wz6m1ZXuzkZrUR99HQKBgQDFCFE1zHVqZhLm1gLf\nQBu1Bia/8utu7xy0zBhqy9geE6imEWPzO5aSUxlNuDVrY5jWIH3BItARPtrmcnpD\n3J/P7tRIZcbbUsegtbl3hyWqhfyi6MGS60jliALBlVV80zXVjhMtsqMenIGMPTQy\n1+hExh7zFfxdlHcMmhU6nLWlkwKBgQC6ClmKDcz3eIoXxG89kOX8ZDrCDp2ees+t\nBzkwC2nyWGlInx8vNu3GSHP3SqpX1tIMtCcTwW/uM5HcyvGpB8RP9niVNZ4fuBZL\n4l+9Brnq0EsWcuU/2opYNVo2x8D8+/DzgtTMG4zytzSQfeGj5CG2/TO6t44VETID\nie8+nlIj0wKBgAv+46LY3dUqfcAcC3S4HHe69iT9jyPj3uWK/3mRC4lZPQ1PRbyL\nRjGGaaX3rxjoqWdv9vgJPI2wO/eHxLXY+snYCoiV2bOEqK66IZ6LVdm56pWoghCF\nzpxa2YAbrWa6HS7xRW2k0JWOhbyaBVGLH5MAVOYL0p+H6G+V+fDllZGNAoGBALGv\npOloWPWbmTkuEpkYxbCUAlLKJtzwq121Yndyz1P6AUStRdmQevVAyhHMrHmM4b3k\natZBkKhPdOcOplUs5+D/pRfNyCK/bfw4T/x4aiXNn4nnXvHnxu6MtodPrhFyiCXs\nNVZkkfBX7sp6kII6J8FggIG7Qub4L26V1X1XNVilAoGAHNzBTVeY+l1eE65Wwlxm\nAIBPZygptzB2Jqs6x5G6kj1+qwdyKhDWXDQr2W5LPl6/iwuwlJS9zyBGYg00/luC\nJzanZ/glRiJVqo23PnVVsnlpKmjYTqXAH+T4xh2imUTKZIE3O1tvji4gL4mFPAZL\nomfZxLVtIe8vpxCJsXIWWr0=\n-----END PRIVATE KEY-----\t\n\t"}

{"pid":"0901bcb06167495d89077928070205b3","severity":"Debug","timestamp":"2025-05-02T16:17:24+0700","caller":"assigner.go:500","message":{"title":"CALL encryptWithPrivateKey: \"9a698a48-30f9-4801-b39e-6fa43f3f2d94|2025-02-25T13:52:44+07:00\", \n-----BEGIN PRIVATE KEY-----\nMIIEvQIBADANBgkqhkiG9w0BAQEFAASCBKcwggSjAgEAAoIBAQCPMAI+Z/30MZnL\n8EZEXmCB1bxz/bIbAOFrIkaLPjMESGPGJc4cI4B/90MQoL5WRbE7uc2fFIaWJzco\n7CO4H8zPo9iOQ5rfXEyO/49S5DHBw0Wj8p+PvhDQ/XyFCW40gzL9B1UMu4driANV\n7wSBz4XB3NhVUcqQI1oXQhk9eLJf5tqryZ3OuvqYheY+st4IEn86foVL3t1KxdKV\nEpYNn0TlDIBlgDCcHKqO6v+Sec8Xa3FMfxY/RpUr9oZ+wWKN+uzXHW8DMglN+w4k\nFgThIaookUjC9qfsm5LqU6/X4uByL4Gv+0PLFLIdvawbzjaYhQ6AV2s2kjW7qUui\nJ7XCcJEpAgMBAAECggEAGQKCsdHKKrfrLBLowxJU+viRNRVP4aWSufq/pZyUnp/i\nRX7e9E1DKZbPsPzSohEENvFqN+oG4/0vhkdQqd1sEayFq7ulNnRRrvx2VT0kb7qi\n1FMRibLiDw7ni/kstaFg6483TMUIj0CvjHf2KpJLw6PGaYiiv/Bc0QkrjXAif9t4\n11Lr48KYsog6xZbF6M9Xk40twPMiHxz7s+v4NPOssaDaiGlW6u7/CWoKpwB6J/zr\n5YVKuxJ4XnLwlt3NcnSzkV0juKS5ZAGXlXLwFErLhjtw/9OS4HZHYlYpkBpZpwpj\n7O0alEB+0Srm4TbzD3izui40wz6m1ZXuzkZrUR99HQKBgQDFCFE1zHVqZhLm1gLf\nQBu1Bia/8utu7xy0zBhqy9geE6imEWPzO5aSUxlNuDVrY5jWIH3BItARPtrmcnpD\n3J/P7tRIZcbbUsegtbl3hyWqhfyi6MGS60jliALBlVV80zXVjhMtsqMenIGMPTQy\n1+hExh7zFfxdlHcMmhU6nLWlkwKBgQC6ClmKDcz3eIoXxG89kOX8ZDrCDp2ees+t\nBzkwC2nyWGlInx8vNu3GSHP3SqpX1tIMtCcTwW/uM5HcyvGpB8RP9niVNZ4fuBZL\n4l+9Brnq0EsWcuU/2opYNVo2x8D8+/DzgtTMG4zytzSQfeGj5CG2/TO6t44VETID\nie8+nlIj0wKBgAv+46LY3dUqfcAcC3S4HHe69iT9jyPj3uWK/3mRC4lZPQ1PRbyL\nRjGGaaX3rxjoqWdv9vgJPI2wO/eHxLXY+snYCoiV2bOEqK66IZ6LVdm56pWoghCF\nzpxa2YAbrWa6HS7xRW2k0JWOhbyaBVGLH5MAVOYL0p+H6G+V+fDllZGNAoGBALGv\npOloWPWbmTkuEpkYxbCUAlLKJtzwq121Yndyz1P6AUStRdmQevVAyhHMrHmM4b3k\natZBkKhPdOcOplUs5+D/pRfNyCK/bfw4T/x4aiXNn4nnXvHnxu6MtodPrhFyiCXs\nNVZkkfBX7sp6kII6J8FggIG7Qub4L26V1X1XNVilAoGAHNzBTVeY+l1eE65Wwlxm\nAIBPZygptzB2Jqs6x5G6kj1+qwdyKhDWXDQr2W5LPl6/iwuwlJS9zyBGYg00/luC\nJzanZ/glRiJVqo23PnVVsnlpKmjYTqXAH+T4xh2imUTKZIE3O1tvji4gL4mFPAZL\nomfZxLVtIe8vpxCJsXIWWr0=\n-----END PRIVATE KEY-----\t\n\t","values":{"loop":0}}}

{"pid":"0901bcb06167495d89077928070205b3","severity":"Debug","timestamp":"2025-05-02T16:17:24+0700","caller":"assigner.go:1085","message":{"title":"execute EncryptWithPrivateKey","values":{"loop":0,"param":"\"9a698a48-30f9-4801-b39e-6fa43f3f2d94|2025-02-25T13:52:44+07:00\", -----BEGIN PRIVATE KEY-----MIIEvQIBADANBgkqhkiG9w0BAQEFAASCBKcwggSjAgEAAoIBAQCPMAI+Z/30MZnL8EZEXmCB1bxz/bIbAOFrIkaLPjMESGPGJc4cI4B/90MQoL5WRbE7uc2fFIaWJzco7CO4H8zPo9iOQ5rfXEyO/49S5DHBw0Wj8p+PvhDQ/XyFCW40gzL9B1UMu4driANV7wSBz4XB3NhVUcqQI1oXQhk9eLJf5tqryZ3OuvqYheY+st4IEn86foVL3t1KxdKVEpYNn0TlDIBlgDCcHKqO6v+Sec8Xa3FMfxY/RpUr9oZ+wWKN+uzXHW8DMglN+w4kFgThIaookUjC9qfsm5LqU6/X4uByL4Gv+0PLFLIdvawbzjaYhQ6AV2s2kjW7qUuiJ7XCcJEpAgMBAAECggEAGQKCsdHKKrfrLBLowxJU+viRNRVP4aWSufq/pZyUnp/iRX7e9E1DKZbPsPzSohEENvFqN+oG4/0vhkdQqd1sEayFq7ulNnRRrvx2VT0kb7qi1FMRibLiDw7ni/kstaFg6483TMUIj0CvjHf2KpJLw6PGaYiiv/Bc0QkrjXAif9t411Lr48KYsog6xZbF6M9Xk40twPMiHxz7s+v4NPOssaDaiGlW6u7/CWoKpwB6J/zr5YVKuxJ4XnLwlt3NcnSzkV0juKS5ZAGXlXLwFErLhjtw/9OS4HZHYlYpkBpZpwpj7O0alEB+0Srm4TbzD3izui40wz6m1ZXuzkZrUR99HQKBgQDFCFE1zHVqZhLm1gLfQBu1Bia/8utu7xy0zBhqy9geE6imEWPzO5aSUxlNuDVrY5jWIH3BItARPtrmcnpD3J/P7tRIZcbbUsegtbl3hyWqhfyi6MGS60jliALBlVV80zXVjhMtsqMenIGMPTQy1+hExh7zFfxdlHcMmhU6nLWlkwKBgQC6ClmKDcz3eIoXxG89kOX8ZDrCDp2ees+tBzkwC2nyWGlInx8vNu3GSHP3SqpX1tIMtCcTwW/uM5HcyvGpB8RP9niVNZ4fuBZL4l+9Brnq0EsWcuU/2opYNVo2x8D8+/DzgtTMG4zytzSQfeGj5CG2/TO6t44VETIDie8+nlIj0wKBgAv+46LY3dUqfcAcC3S4HHe69iT9jyPj3uWK/3mRC4lZPQ1PRbyLRjGGaaX3rxjoqWdv9vgJPI2wO/eHxLXY+snYCoiV2bOEqK66IZ6LVdm56pWoghCFzpxa2YAbrWa6HS7xRW2k0JWOhbyaBVGLH5MAVOYL0p+H6G+V+fDllZGNAoGBALGvpOloWPWbmTkuEpkYxbCUAlLKJtzwq121Yndyz1P6AUStRdmQevVAyhHMrHmM4b3katZBkKhPdOcOplUs5+D/pRfNyCK/bfw4T/x4aiXNn4nnXvHnxu6MtodPrhFyiCXsNVZkkfBX7sp6kII6J8FggIG7Qub4L26V1X1XNVilAoGAHNzBTVeY+l1eE65WwlxmAIBPZygptzB2Jqs6x5G6kj1+qwdyKhDWXDQr2W5LPl6/iwuwlJS9zyBGYg00/luCJzanZ/glRiJVqo23PnVVsnlpKmjYTqXAH+T4xh2imUTKZIE3O1tvji4gL4mFPAZLomfZxLVtIe8vpxCJsXIWWr0=-----END PRIVATE KEY-----\t\t"}}}

{"pid":"0901bcb06167495d89077928070205b3","severity":"Debug","timestamp":"2025-05-02T16:17:24+0700","caller":"assigner.go:1097","message":{"title":"execute EncryptWithPrivateKey","values":{"info":"there is no escaped character"}}}

{"pid":"0901bcb06167495d89077928070205b3","severity":"Debug","timestamp":"2025-05-02T16:17:24+0700","caller":"assigner.go:1112","message":{"title":"execute EncryptWithPrivateKey","values":{"loop":0,"result":"Wi6dGrkoi2f1GvyPtQgt2+wXakSMfb8mDt1mhKKHiTsK4i/67lAtzbzV/iIOzC6/VFrXdBdGnC7ZX6iicOIq7i/AIxg7hArvTLuq30UxmhFLMkTwxkrTmc8FuRKeDumQAE51RGvm/4LlPAZsX+fY4PvbKYwXSTfkyXuk18pRQb50ZPrXc2ntjr24B9vEXK8uaxEz03kLMV/v9oprCcSSxI9Kl0Yf57mTp643xg0s6jEHE0dPaioV2iY0dXnREXwAbFrXPkQjp1RuhwTbhz8aNhtipq0HuzLVtv6DiAEz5R6iFK356KOjHy/luteC7H3xv7jWytWeUG53EpGY6LWkag=="}}}

--- PASS: Test_EncryptWithPrivateKey (0.00s)
=== RUN   TestJsonDecode
{"pid":"deab6f7a579643e3b6e545b9d967adab","severity":"Debug","timestamp":"2025-05-02T16:17:24+0700","caller":"assigner.go:389","message":{"title":"ReadCommand","values":{"str":"json_decode({\"NIK\":\"7302046706800003\",\"NAMA_LENGKAP\":\"HASANAINY ANAS\",\"MASA_AKTIF\":{\"TGL_GRACE\":\"21-09-2024 00:00:00\",\"TGL_EXPIRED\":\"21-06-2024 00:00:00\",\"TGL_EFEKTIF\":\"22-06-2023 06:45:51\",\"TGL_AKTIF\":\"22-06-2023 06:45:51\"},\"DATA_IURAN\":{\"BLTH\":\"06-2023\",\"PROG_JKM\":\"81600\",\"PROG_JKK\":\"120000\",\"UMP\":\"0\",\"KODE_IURAN\":\"923065279115\",\"BIAYA_TRANSAKSI\":\"0\",\"BIAYA_REGISTRASI\":\"0\",\"TOTAL\":\"201600\",\"BLN_PROGRAM\":\"12\",\"UPAH\":\"1000000\",\"DASAR_UPAH\":\"1000000\"},\"HITUNG_IURAN\":\"\",\"PROGRAM\":\"JKK,JKM\",\"KODE_KANTOR\":\"W15\",\"NAMA_KANTOR\":\"BULUKUMBA SAM RATULANGI(KCP)\",\"REQID\":\"IDM516127770935064919064915\"})"}}}

{"pid":"deab6f7a579643e3b6e545b9d967adab","severity":"Debug","timestamp":"2025-05-02T16:17:24+0700","caller":"assigner.go:477","message":{"title":"execute json_decode","values":{"loop":0,"param":{"DATA_IURAN":{"BIAYA_REGISTRASI":"0","BIAYA_TRANSAKSI":"0","BLN_PROGRAM":"12","BLTH":"06-2023","DASAR_UPAH":"1000000","KODE_IURAN":"923065279115","PROG_JKK":"120000","PROG_JKM":"81600","TOTAL":"201600","UMP":"0","UPAH":"1000000"},"HITUNG_IURAN":"","KODE_KANTOR":"W15","MASA_AKTIF":{"TGL_AKTIF":"22-06-2023 06:45:51","TGL_EFEKTIF":"22-06-2023 06:45:51","TGL_EXPIRED":"21-06-2024 00:00:00","TGL_GRACE":"21-09-2024 00:00:00"},"NAMA_KANTOR":"BULUKUMBA SAM RATULANGI(KCP)","NAMA_LENGKAP":"HASANAINY ANAS","NIK":"7302046706800003","PROGRAM":"JKK,JKM","REQID":"IDM516127770935064919064915"}}}}

{"pid":"deab6f7a579643e3b6e545b9d967adab","severity":"Debug","timestamp":"2025-05-02T16:17:24+0700","caller":"assigner.go:484","message":{"title":"execute json_decode","values":{"loop":0,"result":{"DATA_IURAN":{"BIAYA_REGISTRASI":0,"BIAYA_TRANSAKSI":0,"BLN_PROGRAM":12,"BLTH":"06-2023","DASAR_UPAH":1000000,"KODE_IURAN":923065279115,"PROG_JKK":120000,"PROG_JKM":81600,"TOTAL":201600,"UMP":0,"UPAH":1000000},"HITUNG_IURAN":"","KODE_KANTOR":"W15","MASA_AKTIF":{"TGL_AKTIF":"22-06-2023 06:45:51","TGL_EFEKTIF":"22-06-2023 06:45:51","TGL_EXPIRED":"21-06-2024 00:00:00","TGL_GRACE":"21-09-2024 00:00:00"},"NAMA_KANTOR":"BULUKUMBA SAM RATULANGI(KCP)","NAMA_LENGKAP":"HASANAINY ANAS","NIK":7302046706800003,"PROGRAM":"JKK,JKM","REQID":"IDM516127770935064919064915"}}}}

--- PASS: TestJsonDecode (0.00s)
=== RUN   TestArrayLength
{"pid":"5f404cd465ca42ebba6faf6391b420a9","severity":"Debug","timestamp":"2025-05-02T16:17:24+0700","caller":"assigner.go:389","message":{"title":"ReadCommand","values":{"str":"lengthArray([{\"alamat\": \"JL.TEBET TIMUR DALAM III NO.15\", \"amount\": \"329400\", \"amount_bunga\": \"0\", \"amount_denda\": \"0\", \"amount_pokok\": \"329400\", \"amount_sanksi\": \"0\", \"bulan_pajak\": \"\", \"jns_pajak\": \"REKLAME\", \"kd_rek_bunga\": \"4149707001\", \"kd_rek_denda\": \"4149707002\", \"kd_rek_pokok\": \"4110801\", \"kd_rek_sanksi\": \"0\", \"kode_billing\": \"311508030804300010\", \"nama\": \"PT. JCO DONUTS   COFFE\", \"no_skpd\": \"\", \"nop\": \"311508030804300010\", \"tahun_pajak\": \"\" }, { \"alamat\": \"JL. TEBET TIMUR DALAM III/15\", \"amount\": \"292800\", \"amount_bunga\": \"0\", \"amount_denda\": \"0\", \"amount_pokok\": \"292800\", \"amount_sanksi\": \"0\", \"bulan_pajak\": \"\", \"jns_pajak\": \"REKLAME\", \"kd_rek_bunga\": \"4149707001\", \"kd_rek_denda\": \"4149707002\", \"kd_rek_pokok\": \"4110801\", \"kd_rek_sanksi\": \"0\", \"kode_billing\": \"311508030805260090\", \"nama\": \"JCO DONUTS   COFFEE\", \"no_skpd\": \"\", \"nop\": \"311508030805260090\", \"tahun_pajak\": \"\" }, { \"alamat\": \"JL.TEBET TIMUR DALAM III NO.15\", \"amount\": \"512400\", \"amount_bunga\": \"0\", \"amount_denda\": \"0\", \"amount_pokok\": \"512400\", \"amount_sanksi\": \"0\", \"bulan_pajak\": \"\", \"jns_pajak\": \"REKLAME\", \"kd_rek_bunga\": \"4149707001\", \"kd_rek_denda\": \"4149707002\", \"kd_rek_pokok\": \"4110801\", \"kd_rek_sanksi\": \"0\", \"kode_billing\": \"311508030804330016\", \"nama\": \"PT. JCO DONUTS   COFFEE\", \"no_skpd\": \"\", \"nop\": \"311508030804330016\", \"tahun_pajak\": \"\" }, { \"alamat\": \"JL. TAMAN RATU INDAH BLOK A-1/15 JAKARTA 1151\", \"amount\": \"118950\", \"amount_bunga\": \"0\", \"amount_denda\": \"0\", \"amount_pokok\": \"118950\", \"amount_sanksi\": \"0\", \"bulan_pajak\": \"\", \"jns_pajak\": \"REKLAME\", \"kd_rek_bunga\": \"4149707001\", \"kd_rek_denda\": \"4149707002\", \"kd_rek_pokok\": \"4110801\", \"kd_rek_sanksi\": \"0\", \"kode_billing\": \"311507310804270022\", \"nama\": \"TALKINDO SELAKSA ANUGRAH, PT\", \"no_skpd\": \"\", \"nop\": \"311507310804270022\", \"tahun_pajak\": \"\" }, { \"alamat\": \"JL. TEBET TIMUR DALAM III NO. 15\", \"amount\": \"291657\", \"amount_bunga\": \"0\", \"amount_denda\": \"5719\", \"amount_pokok\": \"285938\", \"amount_sanksi\": \"0\", \"bulan_pajak\": \"\", \"jns_pajak\": \"REKLAME\", \"kd_rek_bunga\": \"4149707001\", \"kd_rek_denda\": \"4149707002\", \"kd_rek_pokok\": \"4110801\", \"kd_rek_sanksi\": \"0\", \"kode_billing\": \"311508030805170070\", \"nama\": \"PT. J.CO DONUTS COFFEE\", \"no_skpd\": \"\", \"nop\": \"311508030805170070\", \"tahun_pajak\": \"\" }, { \"alamat\": \"JLN. CASABLANCA KAV. 88 MALL KOTA KASABLANKA\", \"amount\": \"714488\", \"amount_bunga\": \"0\", \"amount_denda\": \"98550\", \"amount_pokok\": \"615938\", \"amount_sanksi\": \"0\", \"bulan_pajak\": \"\", \"jns_pajak\": \"REKLAME\", \"kd_rek_bunga\": \"4149707001\", \"kd_rek_denda\": \"4149707002\", \"kd_rek_pokok\": \"4110801\", \"kd_rek_sanksi\": \"0\", \"kode_billing\": \"311509020810490002\", \"nama\": \"ROYAL PANCA PERSADA ANUGERAH,\", \"no_skpd\": \"\", \"nop\": \"311509020810490002\", \"tahun_pajak\": \"\" }, { \"alamat\": \"JL. TAMAN RATU INDAH BLOK A-1/15 JAKARTA 1151\", \"amount\": \"1363350\", \"amount_bunga\": \"0\", \"amount_denda\": \"0\", \"amount_pokok\": \"1363350\", \"amount_sanksi\": \"0\", \"bulan_pajak\": \"\", \"jns_pajak\": \"REKLAME\", \"kd_rek_bunga\": \"4149707001\", \"kd_rek_denda\": \"4149707002\", \"kd_rek_pokok\": \"4110801\", \"kd_rek_sanksi\": \"0\", \"kode_billing\": \"311507310804250018\", \"nama\": \"TALKINDO SELAKSA ANUGRAH, PT\", \"no_skpd\": \"\", \"nop\": \"311507310804250018\", \"tahun_pajak\": \"\" }, { \"alamat\": \"JLN. SULTAN ISKANDAR MUDA /\", \"amount\": \"446063\", \"amount_bunga\": \"0\", \"amount_denda\": \"0\", \"amount_pokok\": \"446063\", \"amount_sanksi\": \"0\", \"bulan_pajak\": \"\", \"jns_pajak\": \"REKLAME\", \"kd_rek_bunga\": \"4149707001\", \"kd_rek_denda\": \"4149707002\", \"kd_rek_pokok\": \"4110801\", \"kd_rek_sanksi\": \"0\", \"kode_billing\": \"311508310811230002\", \"nama\": \"JOHNNY ANDREAN\", \"no_skpd\": \"\", \"nop\": \"311508310811230002\", \"tahun_pajak\": \"\" }, { \"alamat\": \"JL.TEBET TIMUR DALAM III NO.15\", \"amount\": \"146400\", \"amount_bunga\": \"0\", \"amount_denda\": \"0\", \"amount_pokok\": \"146400\", \"amount_sanksi\": \"0\", \"bulan_pajak\": \"\", \"jns_pajak\": \"REKLAME\", \"kd_rek_bunga\": \"4149707001\", \"kd_rek_denda\": \"4149707002\", \"kd_rek_pokok\": \"4110801\", \"kd_rek_sanksi\": \"0\", \"kode_billing\": \"311508030804320014\", \"nama\": \"PT. JCO DONUTS   COFFE\", \"no_skpd\": \"\", \"nop\": \"311508030804320014\", \"tahun_pajak\": \"\" }, { \"alamat\": \"JL. TEBET TIMUR DALAM III/15\", \"amount\": \"576450\", \"amount_bunga\": \"0\", \"amount_denda\": \"0\", \"amount_pokok\": \"576450\", \"amount_sanksi\": \"0\", \"bulan_pajak\": \"\", \"jns_pajak\": \"REKLAME\", \"kd_rek_bunga\": \"4149707001\", \"kd_rek_denda\": \"4149707002\", \"kd_rek_pokok\": \"4110801\", \"kd_rek_sanksi\": \"0\", \"kode_billing\": \"311508030805220082\", \"nama\": \"JCO DONUTS   COFFEE\", \"no_skpd\": \"\", \"nop\": \"311508030805220082\", \"tahun_pajak\": \"\"}])"}}}

{"pid":"5f404cd465ca42ebba6faf6391b420a9","severity":"Debug","timestamp":"2025-05-02T16:17:24+0700","caller":"assigner.go:489","message":"send to coreReadCommand: \"[{\\\"alamat\\\": \\\"JL.TEBET TIMUR DALAM III NO.15\\\", \\\"amount\\\": \\\"329400\\\", \\\"amount_bunga\\\": \\\"0\\\", \\\"amount_denda\\\": \\\"0\\\", \\\"amount_pokok\\\": \\\"329400\\\", \\\"amount_sanksi\\\": \\\"0\\\", \\\"bulan_pajak\\\": \\\"\\\", \\\"jns_pajak\\\": \\\"REKLAME\\\", \\\"kd_rek_bunga\\\": \\\"4149707001\\\", \\\"kd_rek_denda\\\": \\\"4149707002\\\", \\\"kd_rek_pokok\\\": \\\"4110801\\\", \\\"kd_rek_sanksi\\\": \\\"0\\\", \\\"kode_billing\\\": \\\"311508030804300010\\\", \\\"nama\\\": \\\"PT. JCO DONUTS   COFFE\\\", \\\"no_skpd\\\": \\\"\\\", \\\"nop\\\": \\\"311508030804300010\\\", \\\"tahun_pajak\\\": \\\"\\\" }, { \\\"alamat\\\": \\\"JL. TEBET TIMUR DALAM III/15\\\", \\\"amount\\\": \\\"292800\\\", \\\"amount_bunga\\\": \\\"0\\\", \\\"amount_denda\\\": \\\"0\\\", \\\"amount_pokok\\\": \\\"292800\\\", \\\"amount_sanksi\\\": \\\"0\\\", \\\"bulan_pajak\\\": \\\"\\\", \\\"jns_pajak\\\": \\\"REKLAME\\\", \\\"kd_rek_bunga\\\": \\\"4149707001\\\", \\\"kd_rek_denda\\\": \\\"4149707002\\\", \\\"kd_rek_pokok\\\": \\\"4110801\\\", \\\"kd_rek_sanksi\\\": \\\"0\\\", \\\"kode_billing\\\": \\\"311508030805260090\\\", \\\"nama\\\": \\\"JCO DONUTS   COFFEE\\\", \\\"no_skpd\\\": \\\"\\\", \\\"nop\\\": \\\"311508030805260090\\\", \\\"tahun_pajak\\\": \\\"\\\" }, { \\\"alamat\\\": \\\"JL.TEBET TIMUR DALAM III NO.15\\\", \\\"amount\\\": \\\"512400\\\", \\\"amount_bunga\\\": \\\"0\\\", \\\"amount_denda\\\": \\\"0\\\", \\\"amount_pokok\\\": \\\"512400\\\", \\\"amount_sanksi\\\": \\\"0\\\", \\\"bulan_pajak\\\": \\\"\\\", \\\"jns_pajak\\\": \\\"REKLAME\\\", \\\"kd_rek_bunga\\\": \\\"4149707001\\\", \\\"kd_rek_denda\\\": \\\"4149707002\\\", \\\"kd_rek_pokok\\\": \\\"4110801\\\", \\\"kd_rek_sanksi\\\": \\\"0\\\", \\\"kode_billing\\\": \\\"311508030804330016\\\", \\\"nama\\\": \\\"PT. JCO DONUTS   COFFEE\\\", \\\"no_skpd\\\": \\\"\\\", \\\"nop\\\": \\\"311508030804330016\\\", \\\"tahun_pajak\\\": \\\"\\\" }, { \\\"alamat\\\": \\\"JL. TAMAN RATU INDAH BLOK A-1/15 JAKARTA 1151\\\", \\\"amount\\\": \\\"118950\\\", \\\"amount_bunga\\\": \\\"0\\\", \\\"amount_denda\\\": \\\"0\\\", \\\"amount_pokok\\\": \\\"118950\\\", \\\"amount_sanksi\\\": \\\"0\\\", \\\"bulan_pajak\\\": \\\"\\\", \\\"jns_pajak\\\": \\\"REKLAME\\\", \\\"kd_rek_bunga\\\": \\\"4149707001\\\", \\\"kd_rek_denda\\\": \\\"4149707002\\\", \\\"kd_rek_pokok\\\": \\\"4110801\\\", \\\"kd_rek_sanksi\\\": \\\"0\\\", \\\"kode_billing\\\": \\\"311507310804270022\\\", \\\"nama\\\": \\\"TALKINDO SELAKSA ANUGRAH, PT\\\", \\\"no_skpd\\\": \\\"\\\", \\\"nop\\\": \\\"311507310804270022\\\", \\\"tahun_pajak\\\": \\\"\\\" }, { \\\"alamat\\\": \\\"JL. TEBET TIMUR DALAM III NO. 15\\\", \\\"amount\\\": \\\"291657\\\", \\\"amount_bunga\\\": \\\"0\\\", \\\"amount_denda\\\": \\\"5719\\\", \\\"amount_pokok\\\": \\\"285938\\\", \\\"amount_sanksi\\\": \\\"0\\\", \\\"bulan_pajak\\\": \\\"\\\", \\\"jns_pajak\\\": \\\"REKLAME\\\", \\\"kd_rek_bunga\\\": \\\"4149707001\\\", \\\"kd_rek_denda\\\": \\\"4149707002\\\", \\\"kd_rek_pokok\\\": \\\"4110801\\\", \\\"kd_rek_sanksi\\\": \\\"0\\\", \\\"kode_billing\\\": \\\"311508030805170070\\\", \\\"nama\\\": \\\"PT. J.CO DONUTS COFFEE\\\", \\\"no_skpd\\\": \\\"\\\", \\\"nop\\\": \\\"311508030805170070\\\", \\\"tahun_pajak\\\": \\\"\\\" }, { \\\"alamat\\\": \\\"JLN. CASABLANCA KAV. 88 MALL KOTA KASABLANKA\\\", \\\"amount\\\": \\\"714488\\\", \\\"amount_bunga\\\": \\\"0\\\", \\\"amount_denda\\\": \\\"98550\\\", \\\"amount_pokok\\\": \\\"615938\\\", \\\"amount_sanksi\\\": \\\"0\\\", \\\"bulan_pajak\\\": \\\"\\\", \\\"jns_pajak\\\": \\\"REKLAME\\\", \\\"kd_rek_bunga\\\": \\\"4149707001\\\", \\\"kd_rek_denda\\\": \\\"4149707002\\\", \\\"kd_rek_pokok\\\": \\\"4110801\\\", \\\"kd_rek_sanksi\\\": \\\"0\\\", \\\"kode_billing\\\": \\\"311509020810490002\\\", \\\"nama\\\": \\\"ROYAL PANCA PERSADA ANUGERAH,\\\", \\\"no_skpd\\\": \\\"\\\", \\\"nop\\\": \\\"311509020810490002\\\", \\\"tahun_pajak\\\": \\\"\\\" }, { \\\"alamat\\\": \\\"JL. TAMAN RATU INDAH BLOK A-1/15 JAKARTA 1151\\\", \\\"amount\\\": \\\"1363350\\\", \\\"amount_bunga\\\": \\\"0\\\", \\\"amount_denda\\\": \\\"0\\\", \\\"amount_pokok\\\": \\\"1363350\\\", \\\"amount_sanksi\\\": \\\"0\\\", \\\"bulan_pajak\\\": \\\"\\\", \\\"jns_pajak\\\": \\\"REKLAME\\\", \\\"kd_rek_bunga\\\": \\\"4149707001\\\", \\\"kd_rek_denda\\\": \\\"4149707002\\\", \\\"kd_rek_pokok\\\": \\\"4110801\\\", \\\"kd_rek_sanksi\\\": \\\"0\\\", \\\"kode_billing\\\": \\\"311507310804250018\\\", \\\"nama\\\": \\\"TALKINDO SELAKSA ANUGRAH, PT\\\", \\\"no_skpd\\\": \\\"\\\", \\\"nop\\\": \\\"311507310804250018\\\", \\\"tahun_pajak\\\": \\\"\\\" }, { \\\"alamat\\\": \\\"JLN. SULTAN ISKANDAR MUDA /\\\", \\\"amount\\\": \\\"446063\\\", \\\"amount_bunga\\\": \\\"0\\\", \\\"amount_denda\\\": \\\"0\\\", \\\"amount_pokok\\\": \\\"446063\\\", \\\"amount_sanksi\\\": \\\"0\\\", \\\"bulan_pajak\\\": \\\"\\\", \\\"jns_pajak\\\": \\\"REKLAME\\\", \\\"kd_rek_bunga\\\": \\\"4149707001\\\", \\\"kd_rek_denda\\\": \\\"4149707002\\\", \\\"kd_rek_pokok\\\": \\\"4110801\\\", \\\"kd_rek_sanksi\\\": \\\"0\\\", \\\"kode_billing\\\": \\\"311508310811230002\\\", \\\"nama\\\": \\\"JOHNNY ANDREAN\\\", \\\"no_skpd\\\": \\\"\\\", \\\"nop\\\": \\\"311508310811230002\\\", \\\"tahun_pajak\\\": \\\"\\\" }, { \\\"alamat\\\": \\\"JL.TEBET TIMUR DALAM III NO.15\\\", \\\"amount\\\": \\\"146400\\\", \\\"amount_bunga\\\": \\\"0\\\", \\\"amount_denda\\\": \\\"0\\\", \\\"amount_pokok\\\": \\\"146400\\\", \\\"amount_sanksi\\\": \\\"0\\\", \\\"bulan_pajak\\\": \\\"\\\", \\\"jns_pajak\\\": \\\"REKLAME\\\", \\\"kd_rek_bunga\\\": \\\"4149707001\\\", \\\"kd_rek_denda\\\": \\\"4149707002\\\", \\\"kd_rek_pokok\\\": \\\"4110801\\\", \\\"kd_rek_sanksi\\\": \\\"0\\\", \\\"kode_billing\\\": \\\"311508030804320014\\\", \\\"nama\\\": \\\"PT. JCO DONUTS   COFFE\\\", \\\"no_skpd\\\": \\\"\\\", \\\"nop\\\": \\\"311508030804320014\\\", \\\"tahun_pajak\\\": \\\"\\\" }, { \\\"alamat\\\": \\\"JL. TEBET TIMUR DALAM III/15\\\", \\\"amount\\\": \\\"576450\\\", \\\"amount_bunga\\\": \\\"0\\\", \\\"amount_denda\\\": \\\"0\\\", \\\"amount_pokok\\\": \\\"576450\\\", \\\"amount_sanksi\\\": \\\"0\\\", \\\"bulan_pajak\\\": \\\"\\\", \\\"jns_pajak\\\": \\\"REKLAME\\\", \\\"kd_rek_bunga\\\": \\\"4149707001\\\", \\\"kd_rek_denda\\\": \\\"4149707002\\\", \\\"kd_rek_pokok\\\": \\\"4110801\\\", \\\"kd_rek_sanksi\\\": \\\"0\\\", \\\"kode_billing\\\": \\\"311508030805220082\\\", \\\"nama\\\": \\\"JCO DONUTS   COFFEE\\\", \\\"no_skpd\\\": \\\"\\\", \\\"nop\\\": \\\"311508030805220082\\\", \\\"tahun_pajak\\\": \\\"\\\"}]\""}

{"pid":"5f404cd465ca42ebba6faf6391b420a9","severity":"Debug","timestamp":"2025-05-02T16:17:24+0700","caller":"assigner.go:389","message":{"title":"ReadCommand","values":{"str":[{"alamat":"JL.TEBET TIMUR DALAM III NO.15","amount":"329400","amount_bunga":"0","amount_denda":"0","amount_pokok":"329400","amount_sanksi":"0","bulan_pajak":"","jns_pajak":"REKLAME","kd_rek_bunga":"4149707001","kd_rek_denda":"4149707002","kd_rek_pokok":"4110801","kd_rek_sanksi":"0","kode_billing":"311508030804300010","nama":"PT. JCO DONUTS   COFFE","no_skpd":"","nop":"311508030804300010","tahun_pajak":""},{"alamat":"JL. TEBET TIMUR DALAM III/15","amount":"292800","amount_bunga":"0","amount_denda":"0","amount_pokok":"292800","amount_sanksi":"0","bulan_pajak":"","jns_pajak":"REKLAME","kd_rek_bunga":"4149707001","kd_rek_denda":"4149707002","kd_rek_pokok":"4110801","kd_rek_sanksi":"0","kode_billing":"311508030805260090","nama":"JCO DONUTS   COFFEE","no_skpd":"","nop":"311508030805260090","tahun_pajak":""},{"alamat":"JL.TEBET TIMUR DALAM III NO.15","amount":"512400","amount_bunga":"0","amount_denda":"0","amount_pokok":"512400","amount_sanksi":"0","bulan_pajak":"","jns_pajak":"REKLAME","kd_rek_bunga":"4149707001","kd_rek_denda":"4149707002","kd_rek_pokok":"4110801","kd_rek_sanksi":"0","kode_billing":"311508030804330016","nama":"PT. JCO DONUTS   COFFEE","no_skpd":"","nop":"311508030804330016","tahun_pajak":""},{"alamat":"JL. TAMAN RATU INDAH BLOK A-1/15 JAKARTA 1151","amount":"118950","amount_bunga":"0","amount_denda":"0","amount_pokok":"118950","amount_sanksi":"0","bulan_pajak":"","jns_pajak":"REKLAME","kd_rek_bunga":"4149707001","kd_rek_denda":"4149707002","kd_rek_pokok":"4110801","kd_rek_sanksi":"0","kode_billing":"311507310804270022","nama":"TALKINDO SELAKSA ANUGRAH, PT","no_skpd":"","nop":"311507310804270022","tahun_pajak":""},{"alamat":"JL. TEBET TIMUR DALAM III NO. 15","amount":"291657","amount_bunga":"0","amount_denda":"5719","amount_pokok":"285938","amount_sanksi":"0","bulan_pajak":"","jns_pajak":"REKLAME","kd_rek_bunga":"4149707001","kd_rek_denda":"4149707002","kd_rek_pokok":"4110801","kd_rek_sanksi":"0","kode_billing":"311508030805170070","nama":"PT. J.CO DONUTS COFFEE","no_skpd":"","nop":"311508030805170070","tahun_pajak":""},{"alamat":"JLN. CASABLANCA KAV. 88 MALL KOTA KASABLANKA","amount":"714488","amount_bunga":"0","amount_denda":"98550","amount_pokok":"615938","amount_sanksi":"0","bulan_pajak":"","jns_pajak":"REKLAME","kd_rek_bunga":"4149707001","kd_rek_denda":"4149707002","kd_rek_pokok":"4110801","kd_rek_sanksi":"0","kode_billing":"311509020810490002","nama":"ROYAL PANCA PERSADA ANUGERAH,","no_skpd":"","nop":"311509020810490002","tahun_pajak":""},{"alamat":"JL. TAMAN RATU INDAH BLOK A-1/15 JAKARTA 1151","amount":"1363350","amount_bunga":"0","amount_denda":"0","amount_pokok":"1363350","amount_sanksi":"0","bulan_pajak":"","jns_pajak":"REKLAME","kd_rek_bunga":"4149707001","kd_rek_denda":"4149707002","kd_rek_pokok":"4110801","kd_rek_sanksi":"0","kode_billing":"311507310804250018","nama":"TALKINDO SELAKSA ANUGRAH, PT","no_skpd":"","nop":"311507310804250018","tahun_pajak":""},{"alamat":"JLN. SULTAN ISKANDAR MUDA /","amount":"446063","amount_bunga":"0","amount_denda":"0","amount_pokok":"446063","amount_sanksi":"0","bulan_pajak":"","jns_pajak":"REKLAME","kd_rek_bunga":"4149707001","kd_rek_denda":"4149707002","kd_rek_pokok":"4110801","kd_rek_sanksi":"0","kode_billing":"311508310811230002","nama":"JOHNNY ANDREAN","no_skpd":"","nop":"311508310811230002","tahun_pajak":""},{"alamat":"JL.TEBET TIMUR DALAM III NO.15","amount":"146400","amount_bunga":"0","amount_denda":"0","amount_pokok":"146400","amount_sanksi":"0","bulan_pajak":"","jns_pajak":"REKLAME","kd_rek_bunga":"4149707001","kd_rek_denda":"4149707002","kd_rek_pokok":"4110801","kd_rek_sanksi":"0","kode_billing":"311508030804320014","nama":"PT. JCO DONUTS   COFFE","no_skpd":"","nop":"311508030804320014","tahun_pajak":""},{"alamat":"JL. TEBET TIMUR DALAM III/15","amount":"576450","amount_bunga":"0","amount_denda":"0","amount_pokok":"576450","amount_sanksi":"0","bulan_pajak":"","jns_pajak":"REKLAME","kd_rek_bunga":"4149707001","kd_rek_denda":"4149707002","kd_rek_pokok":"4110801","kd_rek_sanksi":"0","kode_billing":"311508030805220082","nama":"JCO DONUTS   COFFEE","no_skpd":"","nop":"311508030805220082","tahun_pajak":""}]}}}

{"pid":"5f404cd465ca42ebba6faf6391b420a9","severity":"Debug","timestamp":"2025-05-02T16:17:24+0700","caller":"assigner.go:496","message":"subArg: [{\"alamat\": \"JL.TEBET TIMUR DALAM III NO.15\", \"amount\": \"329400\", \"amount_bunga\": \"0\", \"amount_denda\": \"0\", \"amount_pokok\": \"329400\", \"amount_sanksi\": \"0\", \"bulan_pajak\": \"\", \"jns_pajak\": \"REKLAME\", \"kd_rek_bunga\": \"4149707001\", \"kd_rek_denda\": \"4149707002\", \"kd_rek_pokok\": \"4110801\", \"kd_rek_sanksi\": \"0\", \"kode_billing\": \"311508030804300010\", \"nama\": \"PT. JCO DONUTS   COFFE\", \"no_skpd\": \"\", \"nop\": \"311508030804300010\", \"tahun_pajak\": \"\" }, { \"alamat\": \"JL. TEBET TIMUR DALAM III/15\", \"amount\": \"292800\", \"amount_bunga\": \"0\", \"amount_denda\": \"0\", \"amount_pokok\": \"292800\", \"amount_sanksi\": \"0\", \"bulan_pajak\": \"\", \"jns_pajak\": \"REKLAME\", \"kd_rek_bunga\": \"4149707001\", \"kd_rek_denda\": \"4149707002\", \"kd_rek_pokok\": \"4110801\", \"kd_rek_sanksi\": \"0\", \"kode_billing\": \"311508030805260090\", \"nama\": \"JCO DONUTS   COFFEE\", \"no_skpd\": \"\", \"nop\": \"311508030805260090\", \"tahun_pajak\": \"\" }, { \"alamat\": \"JL.TEBET TIMUR DALAM III NO.15\", \"amount\": \"512400\", \"amount_bunga\": \"0\", \"amount_denda\": \"0\", \"amount_pokok\": \"512400\", \"amount_sanksi\": \"0\", \"bulan_pajak\": \"\", \"jns_pajak\": \"REKLAME\", \"kd_rek_bunga\": \"4149707001\", \"kd_rek_denda\": \"4149707002\", \"kd_rek_pokok\": \"4110801\", \"kd_rek_sanksi\": \"0\", \"kode_billing\": \"311508030804330016\", \"nama\": \"PT. JCO DONUTS   COFFEE\", \"no_skpd\": \"\", \"nop\": \"311508030804330016\", \"tahun_pajak\": \"\" }, { \"alamat\": \"JL. TAMAN RATU INDAH BLOK A-1/15 JAKARTA 1151\", \"amount\": \"118950\", \"amount_bunga\": \"0\", \"amount_denda\": \"0\", \"amount_pokok\": \"118950\", \"amount_sanksi\": \"0\", \"bulan_pajak\": \"\", \"jns_pajak\": \"REKLAME\", \"kd_rek_bunga\": \"4149707001\", \"kd_rek_denda\": \"4149707002\", \"kd_rek_pokok\": \"4110801\", \"kd_rek_sanksi\": \"0\", \"kode_billing\": \"311507310804270022\", \"nama\": \"TALKINDO SELAKSA ANUGRAH, PT\", \"no_skpd\": \"\", \"nop\": \"311507310804270022\", \"tahun_pajak\": \"\" }, { \"alamat\": \"JL. TEBET TIMUR DALAM III NO. 15\", \"amount\": \"291657\", \"amount_bunga\": \"0\", \"amount_denda\": \"5719\", \"amount_pokok\": \"285938\", \"amount_sanksi\": \"0\", \"bulan_pajak\": \"\", \"jns_pajak\": \"REKLAME\", \"kd_rek_bunga\": \"4149707001\", \"kd_rek_denda\": \"4149707002\", \"kd_rek_pokok\": \"4110801\", \"kd_rek_sanksi\": \"0\", \"kode_billing\": \"311508030805170070\", \"nama\": \"PT. J.CO DONUTS COFFEE\", \"no_skpd\": \"\", \"nop\": \"311508030805170070\", \"tahun_pajak\": \"\" }, { \"alamat\": \"JLN. CASABLANCA KAV. 88 MALL KOTA KASABLANKA\", \"amount\": \"714488\", \"amount_bunga\": \"0\", \"amount_denda\": \"98550\", \"amount_pokok\": \"615938\", \"amount_sanksi\": \"0\", \"bulan_pajak\": \"\", \"jns_pajak\": \"REKLAME\", \"kd_rek_bunga\": \"4149707001\", \"kd_rek_denda\": \"4149707002\", \"kd_rek_pokok\": \"4110801\", \"kd_rek_sanksi\": \"0\", \"kode_billing\": \"311509020810490002\", \"nama\": \"ROYAL PANCA PERSADA ANUGERAH,\", \"no_skpd\": \"\", \"nop\": \"311509020810490002\", \"tahun_pajak\": \"\" }, { \"alamat\": \"JL. TAMAN RATU INDAH BLOK A-1/15 JAKARTA 1151\", \"amount\": \"1363350\", \"amount_bunga\": \"0\", \"amount_denda\": \"0\", \"amount_pokok\": \"1363350\", \"amount_sanksi\": \"0\", \"bulan_pajak\": \"\", \"jns_pajak\": \"REKLAME\", \"kd_rek_bunga\": \"4149707001\", \"kd_rek_denda\": \"4149707002\", \"kd_rek_pokok\": \"4110801\", \"kd_rek_sanksi\": \"0\", \"kode_billing\": \"311507310804250018\", \"nama\": \"TALKINDO SELAKSA ANUGRAH, PT\", \"no_skpd\": \"\", \"nop\": \"311507310804250018\", \"tahun_pajak\": \"\" }, { \"alamat\": \"JLN. SULTAN ISKANDAR MUDA /\", \"amount\": \"446063\", \"amount_bunga\": \"0\", \"amount_denda\": \"0\", \"amount_pokok\": \"446063\", \"amount_sanksi\": \"0\", \"bulan_pajak\": \"\", \"jns_pajak\": \"REKLAME\", \"kd_rek_bunga\": \"4149707001\", \"kd_rek_denda\": \"4149707002\", \"kd_rek_pokok\": \"4110801\", \"kd_rek_sanksi\": \"0\", \"kode_billing\": \"311508310811230002\", \"nama\": \"JOHNNY ANDREAN\", \"no_skpd\": \"\", \"nop\": \"311508310811230002\", \"tahun_pajak\": \"\" }, { \"alamat\": \"JL.TEBET TIMUR DALAM III NO.15\", \"amount\": \"146400\", \"amount_bunga\": \"0\", \"amount_denda\": \"0\", \"amount_pokok\": \"146400\", \"amount_sanksi\": \"0\", \"bulan_pajak\": \"\", \"jns_pajak\": \"REKLAME\", \"kd_rek_bunga\": \"4149707001\", \"kd_rek_denda\": \"4149707002\", \"kd_rek_pokok\": \"4110801\", \"kd_rek_sanksi\": \"0\", \"kode_billing\": \"311508030804320014\", \"nama\": \"PT. JCO DONUTS   COFFE\", \"no_skpd\": \"\", \"nop\": \"311508030804320014\", \"tahun_pajak\": \"\" }, { \"alamat\": \"JL. TEBET TIMUR DALAM III/15\", \"amount\": \"576450\", \"amount_bunga\": \"0\", \"amount_denda\": \"0\", \"amount_pokok\": \"576450\", \"amount_sanksi\": \"0\", \"bulan_pajak\": \"\", \"jns_pajak\": \"REKLAME\", \"kd_rek_bunga\": \"4149707001\", \"kd_rek_denda\": \"4149707002\", \"kd_rek_pokok\": \"4110801\", \"kd_rek_sanksi\": \"0\", \"kode_billing\": \"311508030805220082\", \"nama\": \"JCO DONUTS   COFFEE\", \"no_skpd\": \"\", \"nop\": \"311508030805220082\", \"tahun_pajak\": \"\"}]"}

{"pid":"5f404cd465ca42ebba6faf6391b420a9","severity":"Debug","timestamp":"2025-05-02T16:17:24+0700","caller":"assigner.go:500","message":{"title":"CALL lengthArray: [{\"alamat\": \"JL.TEBET TIMUR DALAM III NO.15\", \"amount\": \"329400\", \"amount_bunga\": \"0\", \"amount_denda\": \"0\", \"amount_pokok\": \"329400\", \"amount_sanksi\": \"0\", \"bulan_pajak\": \"\", \"jns_pajak\": \"REKLAME\", \"kd_rek_bunga\": \"4149707001\", \"kd_rek_denda\": \"4149707002\", \"kd_rek_pokok\": \"4110801\", \"kd_rek_sanksi\": \"0\", \"kode_billing\": \"311508030804300010\", \"nama\": \"PT. JCO DONUTS   COFFE\", \"no_skpd\": \"\", \"nop\": \"311508030804300010\", \"tahun_pajak\": \"\" }, { \"alamat\": \"JL. TEBET TIMUR DALAM III/15\", \"amount\": \"292800\", \"amount_bunga\": \"0\", \"amount_denda\": \"0\", \"amount_pokok\": \"292800\", \"amount_sanksi\": \"0\", \"bulan_pajak\": \"\", \"jns_pajak\": \"REKLAME\", \"kd_rek_bunga\": \"4149707001\", \"kd_rek_denda\": \"4149707002\", \"kd_rek_pokok\": \"4110801\", \"kd_rek_sanksi\": \"0\", \"kode_billing\": \"311508030805260090\", \"nama\": \"JCO DONUTS   COFFEE\", \"no_skpd\": \"\", \"nop\": \"311508030805260090\", \"tahun_pajak\": \"\" }, { \"alamat\": \"JL.TEBET TIMUR DALAM III NO.15\", \"amount\": \"512400\", \"amount_bunga\": \"0\", \"amount_denda\": \"0\", \"amount_pokok\": \"512400\", \"amount_sanksi\": \"0\", \"bulan_pajak\": \"\", \"jns_pajak\": \"REKLAME\", \"kd_rek_bunga\": \"4149707001\", \"kd_rek_denda\": \"4149707002\", \"kd_rek_pokok\": \"4110801\", \"kd_rek_sanksi\": \"0\", \"kode_billing\": \"311508030804330016\", \"nama\": \"PT. JCO DONUTS   COFFEE\", \"no_skpd\": \"\", \"nop\": \"311508030804330016\", \"tahun_pajak\": \"\" }, { \"alamat\": \"JL. TAMAN RATU INDAH BLOK A-1/15 JAKARTA 1151\", \"amount\": \"118950\", \"amount_bunga\": \"0\", \"amount_denda\": \"0\", \"amount_pokok\": \"118950\", \"amount_sanksi\": \"0\", \"bulan_pajak\": \"\", \"jns_pajak\": \"REKLAME\", \"kd_rek_bunga\": \"4149707001\", \"kd_rek_denda\": \"4149707002\", \"kd_rek_pokok\": \"4110801\", \"kd_rek_sanksi\": \"0\", \"kode_billing\": \"311507310804270022\", \"nama\": \"TALKINDO SELAKSA ANUGRAH, PT\", \"no_skpd\": \"\", \"nop\": \"311507310804270022\", \"tahun_pajak\": \"\" }, { \"alamat\": \"JL. TEBET TIMUR DALAM III NO. 15\", \"amount\": \"291657\", \"amount_bunga\": \"0\", \"amount_denda\": \"5719\", \"amount_pokok\": \"285938\", \"amount_sanksi\": \"0\", \"bulan_pajak\": \"\", \"jns_pajak\": \"REKLAME\", \"kd_rek_bunga\": \"4149707001\", \"kd_rek_denda\": \"4149707002\", \"kd_rek_pokok\": \"4110801\", \"kd_rek_sanksi\": \"0\", \"kode_billing\": \"311508030805170070\", \"nama\": \"PT. J.CO DONUTS COFFEE\", \"no_skpd\": \"\", \"nop\": \"311508030805170070\", \"tahun_pajak\": \"\" }, { \"alamat\": \"JLN. CASABLANCA KAV. 88 MALL KOTA KASABLANKA\", \"amount\": \"714488\", \"amount_bunga\": \"0\", \"amount_denda\": \"98550\", \"amount_pokok\": \"615938\", \"amount_sanksi\": \"0\", \"bulan_pajak\": \"\", \"jns_pajak\": \"REKLAME\", \"kd_rek_bunga\": \"4149707001\", \"kd_rek_denda\": \"4149707002\", \"kd_rek_pokok\": \"4110801\", \"kd_rek_sanksi\": \"0\", \"kode_billing\": \"311509020810490002\", \"nama\": \"ROYAL PANCA PERSADA ANUGERAH,\", \"no_skpd\": \"\", \"nop\": \"311509020810490002\", \"tahun_pajak\": \"\" }, { \"alamat\": \"JL. TAMAN RATU INDAH BLOK A-1/15 JAKARTA 1151\", \"amount\": \"1363350\", \"amount_bunga\": \"0\", \"amount_denda\": \"0\", \"amount_pokok\": \"1363350\", \"amount_sanksi\": \"0\", \"bulan_pajak\": \"\", \"jns_pajak\": \"REKLAME\", \"kd_rek_bunga\": \"4149707001\", \"kd_rek_denda\": \"4149707002\", \"kd_rek_pokok\": \"4110801\", \"kd_rek_sanksi\": \"0\", \"kode_billing\": \"311507310804250018\", \"nama\": \"TALKINDO SELAKSA ANUGRAH, PT\", \"no_skpd\": \"\", \"nop\": \"311507310804250018\", \"tahun_pajak\": \"\" }, { \"alamat\": \"JLN. SULTAN ISKANDAR MUDA /\", \"amount\": \"446063\", \"amount_bunga\": \"0\", \"amount_denda\": \"0\", \"amount_pokok\": \"446063\", \"amount_sanksi\": \"0\", \"bulan_pajak\": \"\", \"jns_pajak\": \"REKLAME\", \"kd_rek_bunga\": \"4149707001\", \"kd_rek_denda\": \"4149707002\", \"kd_rek_pokok\": \"4110801\", \"kd_rek_sanksi\": \"0\", \"kode_billing\": \"311508310811230002\", \"nama\": \"JOHNNY ANDREAN\", \"no_skpd\": \"\", \"nop\": \"311508310811230002\", \"tahun_pajak\": \"\" }, { \"alamat\": \"JL.TEBET TIMUR DALAM III NO.15\", \"amount\": \"146400\", \"amount_bunga\": \"0\", \"amount_denda\": \"0\", \"amount_pokok\": \"146400\", \"amount_sanksi\": \"0\", \"bulan_pajak\": \"\", \"jns_pajak\": \"REKLAME\", \"kd_rek_bunga\": \"4149707001\", \"kd_rek_denda\": \"4149707002\", \"kd_rek_pokok\": \"4110801\", \"kd_rek_sanksi\": \"0\", \"kode_billing\": \"311508030804320014\", \"nama\": \"PT. JCO DONUTS   COFFE\", \"no_skpd\": \"\", \"nop\": \"311508030804320014\", \"tahun_pajak\": \"\" }, { \"alamat\": \"JL. TEBET TIMUR DALAM III/15\", \"amount\": \"576450\", \"amount_bunga\": \"0\", \"amount_denda\": \"0\", \"amount_pokok\": \"576450\", \"amount_sanksi\": \"0\", \"bulan_pajak\": \"\", \"jns_pajak\": \"REKLAME\", \"kd_rek_bunga\": \"4149707001\", \"kd_rek_denda\": \"4149707002\", \"kd_rek_pokok\": \"4110801\", \"kd_rek_sanksi\": \"0\", \"kode_billing\": \"311508030805220082\", \"nama\": \"JCO DONUTS   COFFEE\", \"no_skpd\": \"\", \"nop\": \"311508030805220082\", \"tahun_pajak\": \"\"}]","values":{"loop":0}}}

{"pid":"5f404cd465ca42ebba6faf6391b420a9","severity":"Debug","timestamp":"2025-05-02T16:17:24+0700","caller":"assigner.go:1271","message":{"title":"execute lengthArray","values":{"loop":0,"param":[{"alamat":"JL.TEBET TIMUR DALAM III NO.15","amount":"329400","amount_bunga":"0","amount_denda":"0","amount_pokok":"329400","amount_sanksi":"0","bulan_pajak":"","jns_pajak":"REKLAME","kd_rek_bunga":"4149707001","kd_rek_denda":"4149707002","kd_rek_pokok":"4110801","kd_rek_sanksi":"0","kode_billing":"311508030804300010","nama":"PT. JCO DONUTS   COFFE","no_skpd":"","nop":"311508030804300010","tahun_pajak":""},{"alamat":"JL. TEBET TIMUR DALAM III/15","amount":"292800","amount_bunga":"0","amount_denda":"0","amount_pokok":"292800","amount_sanksi":"0","bulan_pajak":"","jns_pajak":"REKLAME","kd_rek_bunga":"4149707001","kd_rek_denda":"4149707002","kd_rek_pokok":"4110801","kd_rek_sanksi":"0","kode_billing":"311508030805260090","nama":"JCO DONUTS   COFFEE","no_skpd":"","nop":"311508030805260090","tahun_pajak":""},{"alamat":"JL.TEBET TIMUR DALAM III NO.15","amount":"512400","amount_bunga":"0","amount_denda":"0","amount_pokok":"512400","amount_sanksi":"0","bulan_pajak":"","jns_pajak":"REKLAME","kd_rek_bunga":"4149707001","kd_rek_denda":"4149707002","kd_rek_pokok":"4110801","kd_rek_sanksi":"0","kode_billing":"311508030804330016","nama":"PT. JCO DONUTS   COFFEE","no_skpd":"","nop":"311508030804330016","tahun_pajak":""},{"alamat":"JL. TAMAN RATU INDAH BLOK A-1/15 JAKARTA 1151","amount":"118950","amount_bunga":"0","amount_denda":"0","amount_pokok":"118950","amount_sanksi":"0","bulan_pajak":"","jns_pajak":"REKLAME","kd_rek_bunga":"4149707001","kd_rek_denda":"4149707002","kd_rek_pokok":"4110801","kd_rek_sanksi":"0","kode_billing":"311507310804270022","nama":"TALKINDO SELAKSA ANUGRAH, PT","no_skpd":"","nop":"311507310804270022","tahun_pajak":""},{"alamat":"JL. TEBET TIMUR DALAM III NO. 15","amount":"291657","amount_bunga":"0","amount_denda":"5719","amount_pokok":"285938","amount_sanksi":"0","bulan_pajak":"","jns_pajak":"REKLAME","kd_rek_bunga":"4149707001","kd_rek_denda":"4149707002","kd_rek_pokok":"4110801","kd_rek_sanksi":"0","kode_billing":"311508030805170070","nama":"PT. J.CO DONUTS COFFEE","no_skpd":"","nop":"311508030805170070","tahun_pajak":""},{"alamat":"JLN. CASABLANCA KAV. 88 MALL KOTA KASABLANKA","amount":"714488","amount_bunga":"0","amount_denda":"98550","amount_pokok":"615938","amount_sanksi":"0","bulan_pajak":"","jns_pajak":"REKLAME","kd_rek_bunga":"4149707001","kd_rek_denda":"4149707002","kd_rek_pokok":"4110801","kd_rek_sanksi":"0","kode_billing":"311509020810490002","nama":"ROYAL PANCA PERSADA ANUGERAH,","no_skpd":"","nop":"311509020810490002","tahun_pajak":""},{"alamat":"JL. TAMAN RATU INDAH BLOK A-1/15 JAKARTA 1151","amount":"1363350","amount_bunga":"0","amount_denda":"0","amount_pokok":"1363350","amount_sanksi":"0","bulan_pajak":"","jns_pajak":"REKLAME","kd_rek_bunga":"4149707001","kd_rek_denda":"4149707002","kd_rek_pokok":"4110801","kd_rek_sanksi":"0","kode_billing":"311507310804250018","nama":"TALKINDO SELAKSA ANUGRAH, PT","no_skpd":"","nop":"311507310804250018","tahun_pajak":""},{"alamat":"JLN. SULTAN ISKANDAR MUDA /","amount":"446063","amount_bunga":"0","amount_denda":"0","amount_pokok":"446063","amount_sanksi":"0","bulan_pajak":"","jns_pajak":"REKLAME","kd_rek_bunga":"4149707001","kd_rek_denda":"4149707002","kd_rek_pokok":"4110801","kd_rek_sanksi":"0","kode_billing":"311508310811230002","nama":"JOHNNY ANDREAN","no_skpd":"","nop":"311508310811230002","tahun_pajak":""},{"alamat":"JL.TEBET TIMUR DALAM III NO.15","amount":"146400","amount_bunga":"0","amount_denda":"0","amount_pokok":"146400","amount_sanksi":"0","bulan_pajak":"","jns_pajak":"REKLAME","kd_rek_bunga":"4149707001","kd_rek_denda":"4149707002","kd_rek_pokok":"4110801","kd_rek_sanksi":"0","kode_billing":"311508030804320014","nama":"PT. JCO DONUTS   COFFE","no_skpd":"","nop":"311508030804320014","tahun_pajak":""},{"alamat":"JL. TEBET TIMUR DALAM III/15","amount":"576450","amount_bunga":"0","amount_denda":"0","amount_pokok":"576450","amount_sanksi":"0","bulan_pajak":"","jns_pajak":"REKLAME","kd_rek_bunga":"4149707001","kd_rek_denda":"4149707002","kd_rek_pokok":"4110801","kd_rek_sanksi":"0","kode_billing":"311508030805220082","nama":"JCO DONUTS   COFFEE","no_skpd":"","nop":"311508030805220082","tahun_pajak":""}]}}}

{"pid":"5f404cd465ca42ebba6faf6391b420a9","severity":"Debug","timestamp":"2025-05-02T16:17:24+0700","caller":"assigner.go:1281","message":{"title":"execute lengthArray","values":{"loop":0,"result":10}}}

--- PASS: TestArrayLength (0.00s)
=== RUN   Test_Lps
{"pid":"0a19a233d6b34bbf953431a9b3ebc9f1","severity":"Debug","timestamp":"2025-05-02T16:17:24+0700","caller":"assigner.go:389","message":{"title":"ReadCommand","values":{"str":"lps(zeni, 10)"}}}

{"pid":"0a19a233d6b34bbf953431a9b3ebc9f1","severity":"Debug","timestamp":"2025-05-02T16:17:24+0700","caller":"assigner.go:489","message":"send to coreReadCommand: \"zeni, 10\""}

{"pid":"0a19a233d6b34bbf953431a9b3ebc9f1","severity":"Debug","timestamp":"2025-05-02T16:17:24+0700","caller":"assigner.go:389","message":{"title":"ReadCommand","values":{"str":"zeni, 10"}}}

{"pid":"0a19a233d6b34bbf953431a9b3ebc9f1","severity":"Debug","timestamp":"2025-05-02T16:17:24+0700","caller":"assigner.go:496","message":"subArg: zeni, 10"}

{"pid":"0a19a233d6b34bbf953431a9b3ebc9f1","severity":"Debug","timestamp":"2025-05-02T16:17:24+0700","caller":"assigner.go:500","message":{"title":"CALL lps: zeni, 10","values":{"loop":0}}}

{"pid":"0a19a233d6b34bbf953431a9b3ebc9f1","severity":"Debug","timestamp":"2025-05-02T16:17:24+0700","caller":"assigner.go:782","message":{"title":"execute lps","values":{"loop":0,"param":"zeni, 10"}}}

{"pid":"0a19a233d6b34bbf953431a9b3ebc9f1","severity":"Debug","timestamp":"2025-05-02T16:17:24+0700","caller":"assigner.go:831","message":{"title":"execute lps","values":{"loop":0,"result":"      zeni"}}}

{"pid":"0a19a233d6b34bbf953431a9b3ebc9f1","severity":"Debug","timestamp":"2025-05-02T16:17:24+0700","caller":"assigner.go:389","message":{"title":"ReadCommand","values":{"str":"lps(zeni, 2)"}}}

{"pid":"0a19a233d6b34bbf953431a9b3ebc9f1","severity":"Debug","timestamp":"2025-05-02T16:17:24+0700","caller":"assigner.go:489","message":"send to coreReadCommand: \"zeni, 2\""}

{"pid":"0a19a233d6b34bbf953431a9b3ebc9f1","severity":"Debug","timestamp":"2025-05-02T16:17:24+0700","caller":"assigner.go:389","message":{"title":"ReadCommand","values":{"str":"zeni, 2"}}}

{"pid":"0a19a233d6b34bbf953431a9b3ebc9f1","severity":"Debug","timestamp":"2025-05-02T16:17:24+0700","caller":"assigner.go:496","message":"subArg: zeni, 2"}

{"pid":"0a19a233d6b34bbf953431a9b3ebc9f1","severity":"Debug","timestamp":"2025-05-02T16:17:24+0700","caller":"assigner.go:500","message":{"title":"CALL lps: zeni, 2","values":{"loop":0}}}

{"pid":"0a19a233d6b34bbf953431a9b3ebc9f1","severity":"Debug","timestamp":"2025-05-02T16:17:24+0700","caller":"assigner.go:782","message":{"title":"execute lps","values":{"loop":0,"param":"zeni, 2"}}}

{"pid":"0a19a233d6b34bbf953431a9b3ebc9f1","severity":"Debug","timestamp":"2025-05-02T16:17:24+0700","caller":"assigner.go:831","message":{"title":"execute lps","values":{"loop":0,"result":"zeni"}}}

{"pid":"0a19a233d6b34bbf953431a9b3ebc9f1","severity":"Debug","timestamp":"2025-05-02T16:17:24+0700","caller":"assigner.go:389","message":{"title":"ReadCommand","values":{"str":"lps(\"\", 5)"}}}

{"pid":"0a19a233d6b34bbf953431a9b3ebc9f1","severity":"Debug","timestamp":"2025-05-02T16:17:24+0700","caller":"assigner.go:489","message":"send to coreReadCommand: \"\\\"\\\", 5\""}

{"pid":"0a19a233d6b34bbf953431a9b3ebc9f1","severity":"Debug","timestamp":"2025-05-02T16:17:24+0700","caller":"assigner.go:389","message":{"title":"ReadCommand","values":{"str":"\"\", 5"}}}

{"pid":"0a19a233d6b34bbf953431a9b3ebc9f1","severity":"Debug","timestamp":"2025-05-02T16:17:24+0700","caller":"assigner.go:496","message":"subArg: \"\", 5"}

{"pid":"0a19a233d6b34bbf953431a9b3ebc9f1","severity":"Debug","timestamp":"2025-05-02T16:17:24+0700","caller":"assigner.go:500","message":{"title":"CALL lps: \"\", 5","values":{"loop":0}}}

{"pid":"0a19a233d6b34bbf953431a9b3ebc9f1","severity":"Debug","timestamp":"2025-05-02T16:17:24+0700","caller":"assigner.go:782","message":{"title":"execute lps","values":{"loop":0,"param":"\"\", 5"}}}

{"pid":"0a19a233d6b34bbf953431a9b3ebc9f1","severity":"Debug","timestamp":"2025-05-02T16:17:24+0700","caller":"assigner.go:831","message":{"title":"execute lps","values":{"loop":0,"result":"     "}}}

--- PASS: Test_Lps (0.00s)
=== RUN   Test_Lpz
{"pid":"010dba5a3c194e2a862841372ebf0423","severity":"Debug","timestamp":"2025-05-02T16:17:24+0700","caller":"assigner.go:389","message":{"title":"ReadCommand","values":{"str":"lpz(zeni, 10)"}}}

{"pid":"010dba5a3c194e2a862841372ebf0423","severity":"Debug","timestamp":"2025-05-02T16:17:24+0700","caller":"assigner.go:489","message":"send to coreReadCommand: \"zeni, 10\""}

{"pid":"010dba5a3c194e2a862841372ebf0423","severity":"Debug","timestamp":"2025-05-02T16:17:24+0700","caller":"assigner.go:389","message":{"title":"ReadCommand","values":{"str":"zeni, 10"}}}

{"pid":"010dba5a3c194e2a862841372ebf0423","severity":"Debug","timestamp":"2025-05-02T16:17:24+0700","caller":"assigner.go:496","message":"subArg: zeni, 10"}

{"pid":"010dba5a3c194e2a862841372ebf0423","severity":"Debug","timestamp":"2025-05-02T16:17:24+0700","caller":"assigner.go:500","message":{"title":"CALL lpz: zeni, 10","values":{"loop":0}}}

{"pid":"010dba5a3c194e2a862841372ebf0423","severity":"Debug","timestamp":"2025-05-02T16:17:24+0700","caller":"assigner.go:680","message":{"title":"execute lpz","values":{"loop":0,"param":"zeni, 10"}}}

{"pid":"010dba5a3c194e2a862841372ebf0423","severity":"Debug","timestamp":"2025-05-02T16:17:24+0700","caller":"assigner.go:729","message":{"title":"execute lpz","values":{"loop":0,"result":"000000zeni"}}}

{"pid":"010dba5a3c194e2a862841372ebf0423","severity":"Debug","timestamp":"2025-05-02T16:17:24+0700","caller":"assigner.go:389","message":{"title":"ReadCommand","values":{"str":"lpz(zeni, 2)"}}}

{"pid":"010dba5a3c194e2a862841372ebf0423","severity":"Debug","timestamp":"2025-05-02T16:17:24+0700","caller":"assigner.go:489","message":"send to coreReadCommand: \"zeni, 2\""}

{"pid":"010dba5a3c194e2a862841372ebf0423","severity":"Debug","timestamp":"2025-05-02T16:17:24+0700","caller":"assigner.go:389","message":{"title":"ReadCommand","values":{"str":"zeni, 2"}}}

{"pid":"010dba5a3c194e2a862841372ebf0423","severity":"Debug","timestamp":"2025-05-02T16:17:24+0700","caller":"assigner.go:496","message":"subArg: zeni, 2"}

{"pid":"010dba5a3c194e2a862841372ebf0423","severity":"Debug","timestamp":"2025-05-02T16:17:24+0700","caller":"assigner.go:500","message":{"title":"CALL lpz: zeni, 2","values":{"loop":0}}}

{"pid":"010dba5a3c194e2a862841372ebf0423","severity":"Debug","timestamp":"2025-05-02T16:17:24+0700","caller":"assigner.go:680","message":{"title":"execute lpz","values":{"loop":0,"param":"zeni, 2"}}}

{"pid":"010dba5a3c194e2a862841372ebf0423","severity":"Debug","timestamp":"2025-05-02T16:17:24+0700","caller":"assigner.go:729","message":{"title":"execute lpz","values":{"loop":0,"result":"zeni"}}}

{"pid":"010dba5a3c194e2a862841372ebf0423","severity":"Debug","timestamp":"2025-05-02T16:17:24+0700","caller":"assigner.go:389","message":{"title":"ReadCommand","values":{"str":"lpz(\"\", 4)"}}}

{"pid":"010dba5a3c194e2a862841372ebf0423","severity":"Debug","timestamp":"2025-05-02T16:17:24+0700","caller":"assigner.go:489","message":"send to coreReadCommand: \"\\\"\\\", 4\""}

{"pid":"010dba5a3c194e2a862841372ebf0423","severity":"Debug","timestamp":"2025-05-02T16:17:24+0700","caller":"assigner.go:389","message":{"title":"ReadCommand","values":{"str":"\"\", 4"}}}

{"pid":"010dba5a3c194e2a862841372ebf0423","severity":"Debug","timestamp":"2025-05-02T16:17:24+0700","caller":"assigner.go:496","message":"subArg: \"\", 4"}

{"pid":"010dba5a3c194e2a862841372ebf0423","severity":"Debug","timestamp":"2025-05-02T16:17:24+0700","caller":"assigner.go:500","message":{"title":"CALL lpz: \"\", 4","values":{"loop":0}}}

{"pid":"010dba5a3c194e2a862841372ebf0423","severity":"Debug","timestamp":"2025-05-02T16:17:24+0700","caller":"assigner.go:680","message":{"title":"execute lpz","values":{"loop":0,"param":"\"\", 4"}}}

{"pid":"010dba5a3c194e2a862841372ebf0423","severity":"Debug","timestamp":"2025-05-02T16:17:24+0700","caller":"assigner.go:729","message":{"title":"execute lpz","values":{"loop":0,"result":"0000"}}}

--- PASS: Test_Lpz (0.00s)
=== RUN   TestLtrim
{"pid":"90c55f48fcd94291bd6d5cb64b7bb1ca","severity":"Debug","timestamp":"2025-05-02T16:17:24+0700","caller":"assigner.go:389","message":{"title":"ReadCommand","values":{"str":"ltrim(\"          halooooo       \")"}}}

{"pid":"90c55f48fcd94291bd6d5cb64b7bb1ca","severity":"Debug","timestamp":"2025-05-02T16:17:24+0700","caller":"assigner.go:489","message":"send to coreReadCommand: \"\\\"          halooooo       \\\"\""}

{"pid":"90c55f48fcd94291bd6d5cb64b7bb1ca","severity":"Debug","timestamp":"2025-05-02T16:17:24+0700","caller":"assigner.go:389","message":{"title":"ReadCommand","values":{"str":"          halooooo       "}}}

{"pid":"90c55f48fcd94291bd6d5cb64b7bb1ca","severity":"Debug","timestamp":"2025-05-02T16:17:24+0700","caller":"assigner.go:496","message":"subArg: \"          halooooo       \""}

{"pid":"90c55f48fcd94291bd6d5cb64b7bb1ca","severity":"Debug","timestamp":"2025-05-02T16:17:24+0700","caller":"assigner.go:500","message":{"title":"CALL ltrim: \"          halooooo       \"","values":{"loop":0}}}

{"pid":"90c55f48fcd94291bd6d5cb64b7bb1ca","severity":"Debug","timestamp":"2025-05-02T16:17:24+0700","caller":"assigner.go:542","message":{"title":"execute ltrim","values":{"loop":0,"param":"          halooooo       "}}}

{"pid":"90c55f48fcd94291bd6d5cb64b7bb1ca","severity":"Debug","timestamp":"2025-05-02T16:17:24+0700","caller":"ltrim.go:13","message":{"title":"Ltrim","values":{"arg0":"          halooooo       ","arg1":" ","kind":"string"}}}

{"pid":"90c55f48fcd94291bd6d5cb64b7bb1ca","severity":"Debug","timestamp":"2025-05-02T16:17:24+0700","caller":"assigner.go:576","message":{"title":"execute ltrim","values":{"loop":0,"result":"halooooo       "}}}

{"pid":"90c55f48fcd94291bd6d5cb64b7bb1ca","severity":"Debug","timestamp":"2025-05-02T16:17:24+0700","caller":"assigner.go:389","message":{"title":"ReadCommand","values":{"str":"ltrim(00000000055000, 0)"}}}

{"pid":"90c55f48fcd94291bd6d5cb64b7bb1ca","severity":"Debug","timestamp":"2025-05-02T16:17:24+0700","caller":"assigner.go:489","message":"send to coreReadCommand: \"00000000055000, 0\""}

{"pid":"90c55f48fcd94291bd6d5cb64b7bb1ca","severity":"Debug","timestamp":"2025-05-02T16:17:24+0700","caller":"assigner.go:389","message":{"title":"ReadCommand","values":{"str":"00000000055000, 0"}}}

{"pid":"90c55f48fcd94291bd6d5cb64b7bb1ca","severity":"Debug","timestamp":"2025-05-02T16:17:24+0700","caller":"assigner.go:496","message":"subArg: 00000000055000, 0"}

{"pid":"90c55f48fcd94291bd6d5cb64b7bb1ca","severity":"Debug","timestamp":"2025-05-02T16:17:24+0700","caller":"assigner.go:500","message":{"title":"CALL ltrim: 00000000055000, 0","values":{"loop":0}}}

{"pid":"90c55f48fcd94291bd6d5cb64b7bb1ca","severity":"Debug","timestamp":"2025-05-02T16:17:24+0700","caller":"assigner.go:542","message":{"title":"execute ltrim","values":{"loop":0,"param":"00000000055000, 0"}}}

{"pid":"90c55f48fcd94291bd6d5cb64b7bb1ca","severity":"Debug","timestamp":"2025-05-02T16:17:24+0700","caller":"ltrim.go:13","message":{"title":"Ltrim","values":{"arg0":"00000000055000","arg1":0,"kind":"string"}}}

{"pid":"90c55f48fcd94291bd6d5cb64b7bb1ca","severity":"Debug","timestamp":"2025-05-02T16:17:24+0700","caller":"assigner.go:576","message":{"title":"execute ltrim","values":{"loop":0,"result":"55000"}}}

{"pid":"90c55f48fcd94291bd6d5cb64b7bb1ca","severity":"Debug","timestamp":"2025-05-02T16:17:24+0700","caller":"assigner.go:389","message":{"title":"ReadCommand","values":{"str":"ltrim(zzzz125000, z)"}}}

{"pid":"90c55f48fcd94291bd6d5cb64b7bb1ca","severity":"Debug","timestamp":"2025-05-02T16:17:24+0700","caller":"assigner.go:489","message":"send to coreReadCommand: \"zzzz125000, z\""}

{"pid":"90c55f48fcd94291bd6d5cb64b7bb1ca","severity":"Debug","timestamp":"2025-05-02T16:17:24+0700","caller":"assigner.go:389","message":{"title":"ReadCommand","values":{"str":"zzzz125000, z"}}}

{"pid":"90c55f48fcd94291bd6d5cb64b7bb1ca","severity":"Debug","timestamp":"2025-05-02T16:17:24+0700","caller":"assigner.go:496","message":"subArg: zzzz125000, z"}

{"pid":"90c55f48fcd94291bd6d5cb64b7bb1ca","severity":"Debug","timestamp":"2025-05-02T16:17:24+0700","caller":"assigner.go:500","message":{"title":"CALL ltrim: zzzz125000, z","values":{"loop":0}}}

{"pid":"90c55f48fcd94291bd6d5cb64b7bb1ca","severity":"Debug","timestamp":"2025-05-02T16:17:24+0700","caller":"assigner.go:542","message":{"title":"execute ltrim","values":{"loop":0,"param":"zzzz125000, z"}}}

{"pid":"90c55f48fcd94291bd6d5cb64b7bb1ca","severity":"Debug","timestamp":"2025-05-02T16:17:24+0700","caller":"ltrim.go:13","message":{"title":"Ltrim","values":{"arg0":"zzzz125000","arg1":"z","kind":"string"}}}

{"pid":"90c55f48fcd94291bd6d5cb64b7bb1ca","severity":"Debug","timestamp":"2025-05-02T16:17:24+0700","caller":"assigner.go:576","message":{"title":"execute ltrim","values":{"loop":0,"result":"125000"}}}

{"pid":"90c55f48fcd94291bd6d5cb64b7bb1ca","severity":"Debug","timestamp":"2025-05-02T16:17:24+0700","caller":"assigner.go:389","message":{"title":"ReadCommand","values":{"str":"ltrim(zzzz35000, t)"}}}

{"pid":"90c55f48fcd94291bd6d5cb64b7bb1ca","severity":"Debug","timestamp":"2025-05-02T16:17:24+0700","caller":"assigner.go:489","message":"send to coreReadCommand: \"zzzz35000, t\""}

{"pid":"90c55f48fcd94291bd6d5cb64b7bb1ca","severity":"Debug","timestamp":"2025-05-02T16:17:24+0700","caller":"assigner.go:389","message":{"title":"ReadCommand","values":{"str":"zzzz35000, t"}}}

{"pid":"90c55f48fcd94291bd6d5cb64b7bb1ca","severity":"Debug","timestamp":"2025-05-02T16:17:24+0700","caller":"assigner.go:496","message":"subArg: zzzz35000, t"}

{"pid":"90c55f48fcd94291bd6d5cb64b7bb1ca","severity":"Debug","timestamp":"2025-05-02T16:17:24+0700","caller":"assigner.go:500","message":{"title":"CALL ltrim: zzzz35000, t","values":{"loop":0}}}

{"pid":"90c55f48fcd94291bd6d5cb64b7bb1ca","severity":"Debug","timestamp":"2025-05-02T16:17:24+0700","caller":"assigner.go:542","message":{"title":"execute ltrim","values":{"loop":0,"param":"zzzz35000, t"}}}

{"pid":"90c55f48fcd94291bd6d5cb64b7bb1ca","severity":"Debug","timestamp":"2025-05-02T16:17:24+0700","caller":"ltrim.go:13","message":{"title":"Ltrim","values":{"arg0":"zzzz35000","arg1":"t","kind":"string"}}}

{"pid":"90c55f48fcd94291bd6d5cb64b7bb1ca","severity":"Debug","timestamp":"2025-05-02T16:17:24+0700","caller":"assigner.go:576","message":{"title":"execute ltrim","values":{"loop":0,"result":"zzzz35000"}}}

{"pid":"90c55f48fcd94291bd6d5cb64b7bb1ca","severity":"Debug","timestamp":"2025-05-02T16:17:24+0700","caller":"assigner.go:389","message":{"title":"ReadCommand","values":{"str":"ltrim()"}}}

{"pid":"90c55f48fcd94291bd6d5cb64b7bb1ca","severity":"Debug","timestamp":"2025-05-02T16:17:24+0700","caller":"assigner.go:500","message":{"title":"CALL ltrim: ","values":{"loop":0}}}

{"pid":"90c55f48fcd94291bd6d5cb64b7bb1ca","severity":"Debug","timestamp":"2025-05-02T16:17:24+0700","caller":"assigner.go:542","message":{"title":"execute ltrim","values":{"loop":0,"param":""}}}

{"pid":"90c55f48fcd94291bd6d5cb64b7bb1ca","severity":"Debug","timestamp":"2025-05-02T16:17:24+0700","caller":"assigner.go:576","message":{"title":"execute ltrim","values":{"loop":0,"result":"invalid parameter"}}}

{"pid":"90c55f48fcd94291bd6d5cb64b7bb1ca","severity":"Debug","timestamp":"2025-05-02T16:17:24+0700","caller":"assigner.go:389","message":{"title":"ReadCommand","values":{"str":"ltrim(0002500, 0, 3)"}}}

{"pid":"90c55f48fcd94291bd6d5cb64b7bb1ca","severity":"Debug","timestamp":"2025-05-02T16:17:24+0700","caller":"assigner.go:489","message":"send to coreReadCommand: \"0002500, 0, 3\""}

{"pid":"90c55f48fcd94291bd6d5cb64b7bb1ca","severity":"Debug","timestamp":"2025-05-02T16:17:24+0700","caller":"assigner.go:389","message":{"title":"ReadCommand","values":{"str":"0002500, 0, 3"}}}

{"pid":"90c55f48fcd94291bd6d5cb64b7bb1ca","severity":"Debug","timestamp":"2025-05-02T16:17:24+0700","caller":"assigner.go:496","message":"subArg: 0002500, 0, 3"}

{"pid":"90c55f48fcd94291bd6d5cb64b7bb1ca","severity":"Debug","timestamp":"2025-05-02T16:17:24+0700","caller":"assigner.go:500","message":{"title":"CALL ltrim: 0002500, 0, 3","values":{"loop":0}}}

{"pid":"90c55f48fcd94291bd6d5cb64b7bb1ca","severity":"Debug","timestamp":"2025-05-02T16:17:24+0700","caller":"assigner.go:542","message":{"title":"execute ltrim","values":{"loop":0,"param":"0002500, 0, 3"}}}

{"pid":"90c55f48fcd94291bd6d5cb64b7bb1ca","severity":"Debug","timestamp":"2025-05-02T16:17:24+0700","caller":"assigner.go:576","message":{"title":"execute ltrim","values":{"loop":0,"result":"invalid parameter"}}}

--- PASS: TestLtrim (0.00s)
=== RUN   Test_MD5
{"pid":"b7c7e30e48004eccbe343733db10e33c","severity":"Debug","timestamp":"2025-05-02T16:17:24+0700","caller":"assigner.go:389","message":{"title":"ReadCommand","values":{"str":"md5(\"Darmaj4y4\")"}}}

{"pid":"b7c7e30e48004eccbe343733db10e33c","severity":"Debug","timestamp":"2025-05-02T16:17:24+0700","caller":"assigner.go:489","message":"send to coreReadCommand: \"\\\"Darmaj4y4\\\"\""}

{"pid":"b7c7e30e48004eccbe343733db10e33c","severity":"Debug","timestamp":"2025-05-02T16:17:24+0700","caller":"assigner.go:389","message":{"title":"ReadCommand","values":{"str":"Darmaj4y4"}}}

{"pid":"b7c7e30e48004eccbe343733db10e33c","severity":"Debug","timestamp":"2025-05-02T16:17:24+0700","caller":"assigner.go:496","message":"subArg: \"Darmaj4y4\""}

{"pid":"b7c7e30e48004eccbe343733db10e33c","severity":"Debug","timestamp":"2025-05-02T16:17:24+0700","caller":"assigner.go:500","message":{"title":"CALL md5: \"Darmaj4y4\"","values":{"loop":0}}}

{"pid":"b7c7e30e48004eccbe343733db10e33c","severity":"Debug","timestamp":"2025-05-02T16:17:24+0700","caller":"assigner.go:1014","message":{"title":"execute md5","values":{"loop":0,"param":"Darmaj4y4"}}}

{"pid":"b7c7e30e48004eccbe343733db10e33c","severity":"Debug","timestamp":"2025-05-02T16:17:24+0700","caller":"assigner.go:1028","message":{"title":"execute md5","values":{"loop":0,"result":"3c63e9db65160b08944286486f6f0672"}}}

{"pid":"b7c7e30e48004eccbe343733db10e33c","severity":"Debug","timestamp":"2025-05-02T16:17:24+0700","caller":"assigner.go:389","message":{"title":"ReadCommand","values":{"str":"md5(\"bangsat\")"}}}

{"pid":"b7c7e30e48004eccbe343733db10e33c","severity":"Debug","timestamp":"2025-05-02T16:17:24+0700","caller":"assigner.go:489","message":"send to coreReadCommand: \"\\\"bangsat\\\"\""}

{"pid":"b7c7e30e48004eccbe343733db10e33c","severity":"Debug","timestamp":"2025-05-02T16:17:24+0700","caller":"assigner.go:389","message":{"title":"ReadCommand","values":{"str":"bangsat"}}}

{"pid":"b7c7e30e48004eccbe343733db10e33c","severity":"Debug","timestamp":"2025-05-02T16:17:24+0700","caller":"assigner.go:496","message":"subArg: \"bangsat\""}

{"pid":"b7c7e30e48004eccbe343733db10e33c","severity":"Debug","timestamp":"2025-05-02T16:17:24+0700","caller":"assigner.go:500","message":{"title":"CALL md5: \"bangsat\"","values":{"loop":0}}}

{"pid":"b7c7e30e48004eccbe343733db10e33c","severity":"Debug","timestamp":"2025-05-02T16:17:24+0700","caller":"assigner.go:1014","message":{"title":"execute md5","values":{"loop":0,"param":"bangsat"}}}

{"pid":"b7c7e30e48004eccbe343733db10e33c","severity":"Debug","timestamp":"2025-05-02T16:17:24+0700","caller":"assigner.go:1028","message":{"title":"execute md5","values":{"loop":0,"result":"528f980649c80a7269402447b51e815a"}}}

{"pid":"b7c7e30e48004eccbe343733db10e33c","severity":"Debug","timestamp":"2025-05-02T16:17:24+0700","caller":"assigner.go:389","message":{"title":"ReadCommand","values":{"str":"md5(\"210020250429111311224559FINNET501001000006106174468792427953000000000000000DwZ3cOwCt22CzOgaghCnKdw0DIGceg5WapkOIPcziqCIX\")"}}}

{"pid":"b7c7e30e48004eccbe343733db10e33c","severity":"Debug","timestamp":"2025-05-02T16:17:24+0700","caller":"assigner.go:489","message":"send to coreReadCommand: \"\\\"210020250429111311224559FINNET501001000006106174468792427953000000000000000DwZ3cOwCt22CzOgaghCnKdw0DIGceg5WapkOIPcziqCIX\\\"\""}

{"pid":"b7c7e30e48004eccbe343733db10e33c","severity":"Debug","timestamp":"2025-05-02T16:17:24+0700","caller":"assigner.go:389","message":{"title":"ReadCommand","values":{"str":"210020250429111311224559FINNET501001000006106174468792427953000000000000000DwZ3cOwCt22CzOgaghCnKdw0DIGceg5WapkOIPcziqCIX"}}}

{"pid":"b7c7e30e48004eccbe343733db10e33c","severity":"Debug","timestamp":"2025-05-02T16:17:24+0700","caller":"assigner.go:496","message":"subArg: \"210020250429111311224559FINNET501001000006106174468792427953000000000000000DwZ3cOwCt22CzOgaghCnKdw0DIGceg5WapkOIPcziqCIX\""}

{"pid":"b7c7e30e48004eccbe343733db10e33c","severity":"Debug","timestamp":"2025-05-02T16:17:24+0700","caller":"assigner.go:500","message":{"title":"CALL md5: \"210020250429111311224559FINNET501001000006106174468792427953000000000000000DwZ3cOwCt22CzOgaghCnKdw0DIGceg5WapkOIPcziqCIX\"","values":{"loop":0}}}

{"pid":"b7c7e30e48004eccbe343733db10e33c","severity":"Debug","timestamp":"2025-05-02T16:17:24+0700","caller":"assigner.go:1014","message":{"title":"execute md5","values":{"loop":0,"param":"210020250429111311224559FINNET501001000006106174468792427953000000000000000DwZ3cOwCt22CzOgaghCnKdw0DIGceg5WapkOIPcziqCIX"}}}

{"pid":"b7c7e30e48004eccbe343733db10e33c","severity":"Debug","timestamp":"2025-05-02T16:17:24+0700","caller":"assigner.go:1028","message":{"title":"execute md5","values":{"loop":0,"result":"7676b5f7aecbb596f6935fcb6e0a6662"}}}

--- PASS: Test_MD5 (0.00s)
=== RUN   TestRandomInt
{"pid":"70759ea5b8c04dddae8702a3f621f547","severity":"Debug","timestamp":"2025-05-02T16:17:24+0700","caller":"assigner.go:389","message":{"title":"ReadCommand","values":{"str":""}}}

{"pid":"70759ea5b8c04dddae8702a3f621f547","severity":"Debug","timestamp":"2025-05-02T16:17:24+0700","caller":"assigner.go:389","message":{"title":"ReadCommand","values":{"str":"randomInt(1, 2)"}}}

{"pid":"70759ea5b8c04dddae8702a3f621f547","severity":"Debug","timestamp":"2025-05-02T16:17:24+0700","caller":"assigner.go:489","message":"send to coreReadCommand: \"1, 2\""}

{"pid":"70759ea5b8c04dddae8702a3f621f547","severity":"Debug","timestamp":"2025-05-02T16:17:24+0700","caller":"assigner.go:389","message":{"title":"ReadCommand","values":{"str":"1, 2"}}}

{"pid":"70759ea5b8c04dddae8702a3f621f547","severity":"Debug","timestamp":"2025-05-02T16:17:24+0700","caller":"assigner.go:496","message":"subArg: 1, 2"}

{"pid":"70759ea5b8c04dddae8702a3f621f547","severity":"Debug","timestamp":"2025-05-02T16:17:24+0700","caller":"assigner.go:500","message":{"title":"CALL randomInt: 1, 2","values":{"loop":0}}}

{"pid":"70759ea5b8c04dddae8702a3f621f547","severity":"Debug","timestamp":"2025-05-02T16:17:24+0700","caller":"assigner.go:884","message":{"title":"execute randomInt","values":{"loop":0,"param":"1, 2"}}}

{"pid":"70759ea5b8c04dddae8702a3f621f547","severity":"Debug","timestamp":"2025-05-02T16:17:24+0700","caller":"randomInt.go:11","message":{"title":"RandomInt","values":{"from":0,"to":2}}}

{"pid":"70759ea5b8c04dddae8702a3f621f547","severity":"Debug","timestamp":"2025-05-02T16:17:24+0700","caller":"assigner.go:927","message":{"title":"execute randomInt","values":{"loop":0,"result":51}}}

{"pid":"70759ea5b8c04dddae8702a3f621f547","severity":"Debug","timestamp":"2025-05-02T16:17:24+0700","caller":"assigner.go:389","message":{"title":"ReadCommand","values":{"str":"randomInt(1, 4)"}}}

{"pid":"70759ea5b8c04dddae8702a3f621f547","severity":"Debug","timestamp":"2025-05-02T16:17:24+0700","caller":"assigner.go:489","message":"send to coreReadCommand: \"1, 4\""}

{"pid":"70759ea5b8c04dddae8702a3f621f547","severity":"Debug","timestamp":"2025-05-02T16:17:24+0700","caller":"assigner.go:389","message":{"title":"ReadCommand","values":{"str":"1, 4"}}}

{"pid":"70759ea5b8c04dddae8702a3f621f547","severity":"Debug","timestamp":"2025-05-02T16:17:24+0700","caller":"assigner.go:496","message":"subArg: 1, 4"}

{"pid":"70759ea5b8c04dddae8702a3f621f547","severity":"Debug","timestamp":"2025-05-02T16:17:24+0700","caller":"assigner.go:500","message":{"title":"CALL randomInt: 1, 4","values":{"loop":0}}}

{"pid":"70759ea5b8c04dddae8702a3f621f547","severity":"Debug","timestamp":"2025-05-02T16:17:24+0700","caller":"assigner.go:884","message":{"title":"execute randomInt","values":{"loop":0,"param":"1, 4"}}}

{"pid":"70759ea5b8c04dddae8702a3f621f547","severity":"Debug","timestamp":"2025-05-02T16:17:24+0700","caller":"randomInt.go:11","message":{"title":"RandomInt","values":{"from":0,"to":4}}}

{"pid":"70759ea5b8c04dddae8702a3f621f547","severity":"Debug","timestamp":"2025-05-02T16:17:24+0700","caller":"assigner.go:927","message":{"title":"execute randomInt","values":{"loop":0,"result":7240}}}

{"pid":"70759ea5b8c04dddae8702a3f621f547","severity":"Debug","timestamp":"2025-05-02T16:17:24+0700","caller":"assigner.go:389","message":{"title":"ReadCommand","values":{"str":"randomInt()"}}}

{"pid":"70759ea5b8c04dddae8702a3f621f547","severity":"Debug","timestamp":"2025-05-02T16:17:24+0700","caller":"assigner.go:500","message":{"title":"CALL randomInt: ","values":{"loop":0}}}

{"pid":"70759ea5b8c04dddae8702a3f621f547","severity":"Debug","timestamp":"2025-05-02T16:17:24+0700","caller":"assigner.go:884","message":{"title":"execute randomInt","values":{"loop":0,"param":""}}}

{"pid":"70759ea5b8c04dddae8702a3f621f547","severity":"Debug","timestamp":"2025-05-02T16:17:24+0700","caller":"randomInt.go:11","message":{"title":"RandomInt","values":{"from":0,"to":17}}}

{"pid":"70759ea5b8c04dddae8702a3f621f547","severity":"Debug","timestamp":"2025-05-02T16:17:24+0700","caller":"assigner.go:927","message":{"title":"execute randomInt","values":{"loop":0,"result":35913317430120384}}}

{"pid":"70759ea5b8c04dddae8702a3f621f547","severity":"Debug","timestamp":"2025-05-02T16:17:24+0700","caller":"assigner.go:389","message":{"title":"ReadCommand","values":{"str":"randomInt(1, 2, 3)"}}}

{"pid":"70759ea5b8c04dddae8702a3f621f547","severity":"Debug","timestamp":"2025-05-02T16:17:24+0700","caller":"assigner.go:489","message":"send to coreReadCommand: \"1, 2, 3\""}

{"pid":"70759ea5b8c04dddae8702a3f621f547","severity":"Debug","timestamp":"2025-05-02T16:17:24+0700","caller":"assigner.go:389","message":{"title":"ReadCommand","values":{"str":"1, 2, 3"}}}

{"pid":"70759ea5b8c04dddae8702a3f621f547","severity":"Debug","timestamp":"2025-05-02T16:17:24+0700","caller":"assigner.go:496","message":"subArg: 1, 2, 3"}

{"pid":"70759ea5b8c04dddae8702a3f621f547","severity":"Debug","timestamp":"2025-05-02T16:17:24+0700","caller":"assigner.go:500","message":{"title":"CALL randomInt: 1, 2, 3","values":{"loop":0}}}

{"pid":"70759ea5b8c04dddae8702a3f621f547","severity":"Debug","timestamp":"2025-05-02T16:17:24+0700","caller":"assigner.go:884","message":{"title":"execute randomInt","values":{"loop":0,"param":"1, 2, 3"}}}

{"pid":"70759ea5b8c04dddae8702a3f621f547","severity":"Debug","timestamp":"2025-05-02T16:17:24+0700","caller":"assigner.go:927","message":{"title":"execute randomInt","values":{"loop":0,"result":"invalid parameter"}}}

{"pid":"70759ea5b8c04dddae8702a3f621f547","severity":"Debug","timestamp":"2025-05-02T16:17:24+0700","caller":"assigner.go:389","message":{"title":"ReadCommand","values":{"str":"randomInt(20)"}}}

{"pid":"70759ea5b8c04dddae8702a3f621f547","severity":"Debug","timestamp":"2025-05-02T16:17:24+0700","caller":"assigner.go:489","message":"send to coreReadCommand: \"20\""}

{"pid":"70759ea5b8c04dddae8702a3f621f547","severity":"Debug","timestamp":"2025-05-02T16:17:24+0700","caller":"assigner.go:389","message":{"title":"ReadCommand","values":{"str":20}}}

{"pid":"70759ea5b8c04dddae8702a3f621f547","severity":"Debug","timestamp":"2025-05-02T16:17:24+0700","caller":"assigner.go:496","message":"subArg: 20"}

{"pid":"70759ea5b8c04dddae8702a3f621f547","severity":"Debug","timestamp":"2025-05-02T16:17:24+0700","caller":"assigner.go:500","message":{"title":"CALL randomInt: 20","values":{"loop":0}}}

{"pid":"70759ea5b8c04dddae8702a3f621f547","severity":"Debug","timestamp":"2025-05-02T16:17:24+0700","caller":"assigner.go:884","message":{"title":"execute randomInt","values":{"loop":0,"param":20}}}

{"pid":"70759ea5b8c04dddae8702a3f621f547","severity":"Debug","timestamp":"2025-05-02T16:17:24+0700","caller":"randomInt.go:11","message":{"title":"RandomInt","values":{"from":0,"to":20}}}

{"pid":"70759ea5b8c04dddae8702a3f621f547","severity":"Debug","timestamp":"2025-05-02T16:17:24+0700","caller":"assigner.go:927","message":{"title":"execute randomInt","values":{"loop":0,"result":79182073804659900000}}}

--- PASS: TestRandomInt (0.00s)
=== RUN   Test_ReplaceAll
{"pid":"6ca9ddf4355b4511add6679b0f39d354","severity":"Debug","timestamp":"2025-05-02T16:17:24+0700","caller":"assigner.go:389","message":{"title":"ReadCommand","values":{"str":"replaceAll(uuid(),-)"}}}

{"pid":"6ca9ddf4355b4511add6679b0f39d354","severity":"Debug","timestamp":"2025-05-02T16:17:24+0700","caller":"assigner.go:489","message":"send to coreReadCommand: \"uuid(),-\""}

{"pid":"6ca9ddf4355b4511add6679b0f39d354","severity":"Debug","timestamp":"2025-05-02T16:17:24+0700","caller":"assigner.go:389","message":{"title":"ReadCommand","values":{"str":"uuid(),-"}}}

{"pid":"6ca9ddf4355b4511add6679b0f39d354","severity":"Debug","timestamp":"2025-05-02T16:17:24+0700","caller":"assigner.go:500","message":{"title":"CALL uuid: ","values":{"loop":0}}}

{"pid":"6ca9ddf4355b4511add6679b0f39d354","severity":"Debug","timestamp":"2025-05-02T16:17:24+0700","caller":"assigner.go:929","message":{"title":"execute uuid","values":{"loop":0,"param":""}}}

{"pid":"6ca9ddf4355b4511add6679b0f39d354","severity":"Debug","timestamp":"2025-05-02T16:17:24+0700","caller":"assigner.go:943","message":{"title":"execute uuid","values":{"loop":0,"result":"9d7c0c30-a0ce-4af1-9607-6134eb6f2e32"}}}

{"pid":"6ca9ddf4355b4511add6679b0f39d354","severity":"Debug","timestamp":"2025-05-02T16:17:24+0700","caller":"assigner.go:496","message":"subArg: \"9d7c0c30-a0ce-4af1-9607-6134eb6f2e32\",-"}

{"pid":"6ca9ddf4355b4511add6679b0f39d354","severity":"Debug","timestamp":"2025-05-02T16:17:24+0700","caller":"assigner.go:500","message":{"title":"CALL replaceAll: \"9d7c0c30-a0ce-4af1-9607-6134eb6f2e32\",-","values":{"loop":0}}}

{"pid":"6ca9ddf4355b4511add6679b0f39d354","severity":"Debug","timestamp":"2025-05-02T16:17:24+0700","caller":"assigner.go:639","message":{"title":"execute replaceAll","values":{"loop":0,"param":"\"9d7c0c30-a0ce-4af1-9607-6134eb6f2e32\",-"}}}

["9d7c0c30-a0ce-4af1-9607-6134eb6f2e32" "-"]
{"pid":"6ca9ddf4355b4511add6679b0f39d354","severity":"Debug","timestamp":"2025-05-02T16:17:24+0700","caller":"replaceAll.go:13","message":{"title":"ReplaceAll","values":{"kind":"string","replaceTo":"","text":"9d7c0c30-a0ce-4af1-9607-6134eb6f2e32","toReplace":"-"}}}

{"pid":"6ca9ddf4355b4511add6679b0f39d354","severity":"Debug","timestamp":"2025-05-02T16:17:24+0700","caller":"assigner.go:678","message":{"title":"execute replaceAll","values":{"loop":0,"result":"9d7c0c30a0ce4af196076134eb6f2e32"}}}

{"pid":"6ca9ddf4355b4511add6679b0f39d354","severity":"Debug","timestamp":"2025-05-02T16:17:24+0700","caller":"assigner.go:389","message":{"title":"ReadCommand","values":{"str":"replaceAll(uuid(),\"-\")"}}}

{"pid":"6ca9ddf4355b4511add6679b0f39d354","severity":"Debug","timestamp":"2025-05-02T16:17:24+0700","caller":"assigner.go:489","message":"send to coreReadCommand: \"uuid(),\\\"-\\\"\""}

{"pid":"6ca9ddf4355b4511add6679b0f39d354","severity":"Debug","timestamp":"2025-05-02T16:17:24+0700","caller":"assigner.go:389","message":{"title":"ReadCommand","values":{"str":"uuid(),\"-\""}}}

{"pid":"6ca9ddf4355b4511add6679b0f39d354","severity":"Debug","timestamp":"2025-05-02T16:17:24+0700","caller":"assigner.go:500","message":{"title":"CALL uuid: ","values":{"loop":0}}}

{"pid":"6ca9ddf4355b4511add6679b0f39d354","severity":"Debug","timestamp":"2025-05-02T16:17:24+0700","caller":"assigner.go:929","message":{"title":"execute uuid","values":{"loop":0,"param":""}}}

{"pid":"6ca9ddf4355b4511add6679b0f39d354","severity":"Debug","timestamp":"2025-05-02T16:17:24+0700","caller":"assigner.go:943","message":{"title":"execute uuid","values":{"loop":0,"result":"717ef2e2-71f2-4eda-9642-9233d243481a"}}}

{"pid":"6ca9ddf4355b4511add6679b0f39d354","severity":"Debug","timestamp":"2025-05-02T16:17:24+0700","caller":"assigner.go:496","message":"subArg: \"717ef2e2-71f2-4eda-9642-9233d243481a\",\"-\""}

{"pid":"6ca9ddf4355b4511add6679b0f39d354","severity":"Debug","timestamp":"2025-05-02T16:17:24+0700","caller":"assigner.go:500","message":{"title":"CALL replaceAll: \"717ef2e2-71f2-4eda-9642-9233d243481a\",\"-\"","values":{"loop":0}}}

{"pid":"6ca9ddf4355b4511add6679b0f39d354","severity":"Debug","timestamp":"2025-05-02T16:17:24+0700","caller":"assigner.go:639","message":{"title":"execute replaceAll","values":{"loop":0,"param":"\"717ef2e2-71f2-4eda-9642-9233d243481a\",\"-\""}}}

["717ef2e2-71f2-4eda-9642-9233d243481a" "-"]
{"pid":"6ca9ddf4355b4511add6679b0f39d354","severity":"Debug","timestamp":"2025-05-02T16:17:24+0700","caller":"replaceAll.go:13","message":{"title":"ReplaceAll","values":{"kind":"string","replaceTo":"","text":"717ef2e2-71f2-4eda-9642-9233d243481a","toReplace":"-"}}}

{"pid":"6ca9ddf4355b4511add6679b0f39d354","severity":"Debug","timestamp":"2025-05-02T16:17:24+0700","caller":"assigner.go:678","message":{"title":"execute replaceAll","values":{"loop":0,"result":"717ef2e271f24eda96429233d243481a"}}}

{"pid":"6ca9ddf4355b4511add6679b0f39d354","severity":"Debug","timestamp":"2025-05-02T16:17:24+0700","caller":"assigner.go:389","message":{"title":"ReadCommand","values":{"str":"replaceAll(uuid(),\"-\")"}}}

{"pid":"6ca9ddf4355b4511add6679b0f39d354","severity":"Debug","timestamp":"2025-05-02T16:17:24+0700","caller":"assigner.go:489","message":"send to coreReadCommand: \"uuid(),\\\"-\\\"\""}

{"pid":"6ca9ddf4355b4511add6679b0f39d354","severity":"Debug","timestamp":"2025-05-02T16:17:24+0700","caller":"assigner.go:389","message":{"title":"ReadCommand","values":{"str":"uuid(),\"-\""}}}

{"pid":"6ca9ddf4355b4511add6679b0f39d354","severity":"Debug","timestamp":"2025-05-02T16:17:24+0700","caller":"assigner.go:500","message":{"title":"CALL uuid: ","values":{"loop":0}}}

{"pid":"6ca9ddf4355b4511add6679b0f39d354","severity":"Debug","timestamp":"2025-05-02T16:17:24+0700","caller":"assigner.go:929","message":{"title":"execute uuid","values":{"loop":0,"param":""}}}

{"pid":"6ca9ddf4355b4511add6679b0f39d354","severity":"Debug","timestamp":"2025-05-02T16:17:24+0700","caller":"assigner.go:943","message":{"title":"execute uuid","values":{"loop":0,"result":"151a9d77-3557-4b25-a682-09a29711b8f3"}}}

{"pid":"6ca9ddf4355b4511add6679b0f39d354","severity":"Debug","timestamp":"2025-05-02T16:17:24+0700","caller":"assigner.go:496","message":"subArg: \"151a9d77-3557-4b25-a682-09a29711b8f3\",\"-\""}

{"pid":"6ca9ddf4355b4511add6679b0f39d354","severity":"Debug","timestamp":"2025-05-02T16:17:24+0700","caller":"assigner.go:500","message":{"title":"CALL replaceAll: \"151a9d77-3557-4b25-a682-09a29711b8f3\",\"-\"","values":{"loop":0}}}

{"pid":"6ca9ddf4355b4511add6679b0f39d354","severity":"Debug","timestamp":"2025-05-02T16:17:24+0700","caller":"assigner.go:639","message":{"title":"execute replaceAll","values":{"loop":0,"param":"\"151a9d77-3557-4b25-a682-09a29711b8f3\",\"-\""}}}

["151a9d77-3557-4b25-a682-09a29711b8f3" "-"]
{"pid":"6ca9ddf4355b4511add6679b0f39d354","severity":"Debug","timestamp":"2025-05-02T16:17:24+0700","caller":"replaceAll.go:13","message":{"title":"ReplaceAll","values":{"kind":"string","replaceTo":"","text":"151a9d77-3557-4b25-a682-09a29711b8f3","toReplace":"-"}}}

{"pid":"6ca9ddf4355b4511add6679b0f39d354","severity":"Debug","timestamp":"2025-05-02T16:17:24+0700","caller":"assigner.go:678","message":{"title":"execute replaceAll","values":{"loop":0,"result":"151a9d7735574b25a68209a29711b8f3"}}}

--- PASS: Test_ReplaceAll (0.00s)
=== RUN   Test_Rps
{"pid":"251c3de736a34678b83c50fcf02015cc","severity":"Debug","timestamp":"2025-05-02T16:17:24+0700","caller":"assigner.go:389","message":{"title":"ReadCommand","values":{"str":"rps(zaw, 10)"}}}

{"pid":"251c3de736a34678b83c50fcf02015cc","severity":"Debug","timestamp":"2025-05-02T16:17:24+0700","caller":"assigner.go:489","message":"send to coreReadCommand: \"zaw, 10\""}

{"pid":"251c3de736a34678b83c50fcf02015cc","severity":"Debug","timestamp":"2025-05-02T16:17:24+0700","caller":"assigner.go:389","message":{"title":"ReadCommand","values":{"str":"zaw, 10"}}}

{"pid":"251c3de736a34678b83c50fcf02015cc","severity":"Debug","timestamp":"2025-05-02T16:17:24+0700","caller":"assigner.go:496","message":"subArg: zaw, 10"}

{"pid":"251c3de736a34678b83c50fcf02015cc","severity":"Debug","timestamp":"2025-05-02T16:17:24+0700","caller":"assigner.go:500","message":{"title":"CALL rps: zaw, 10","values":{"loop":0}}}

{"pid":"251c3de736a34678b83c50fcf02015cc","severity":"Debug","timestamp":"2025-05-02T16:17:24+0700","caller":"assigner.go:833","message":{"title":"execute rps","values":{"loop":0,"param":"zaw, 10"}}}

{"pid":"251c3de736a34678b83c50fcf02015cc","severity":"Debug","timestamp":"2025-05-02T16:17:24+0700","caller":"assigner.go:882","message":{"title":"execute rps","values":{"loop":0,"result":"zaw       "}}}

{"pid":"251c3de736a34678b83c50fcf02015cc","severity":"Debug","timestamp":"2025-05-02T16:17:24+0700","caller":"assigner.go:389","message":{"title":"ReadCommand","values":{"str":"rps(\"zeni\", 10)"}}}

{"pid":"251c3de736a34678b83c50fcf02015cc","severity":"Debug","timestamp":"2025-05-02T16:17:24+0700","caller":"assigner.go:489","message":"send to coreReadCommand: \"\\\"zeni\\\", 10\""}

{"pid":"251c3de736a34678b83c50fcf02015cc","severity":"Debug","timestamp":"2025-05-02T16:17:24+0700","caller":"assigner.go:389","message":{"title":"ReadCommand","values":{"str":"\"zeni\", 10"}}}

{"pid":"251c3de736a34678b83c50fcf02015cc","severity":"Debug","timestamp":"2025-05-02T16:17:24+0700","caller":"assigner.go:496","message":"subArg: \"zeni\", 10"}

{"pid":"251c3de736a34678b83c50fcf02015cc","severity":"Debug","timestamp":"2025-05-02T16:17:24+0700","caller":"assigner.go:500","message":{"title":"CALL rps: \"zeni\", 10","values":{"loop":0}}}

{"pid":"251c3de736a34678b83c50fcf02015cc","severity":"Debug","timestamp":"2025-05-02T16:17:24+0700","caller":"assigner.go:833","message":{"title":"execute rps","values":{"loop":0,"param":"\"zeni\", 10"}}}

{"pid":"251c3de736a34678b83c50fcf02015cc","severity":"Debug","timestamp":"2025-05-02T16:17:24+0700","caller":"assigner.go:882","message":{"title":"execute rps","values":{"loop":0,"result":"zeni      "}}}

{"pid":"251c3de736a34678b83c50fcf02015cc","severity":"Debug","timestamp":"2025-05-02T16:17:24+0700","caller":"assigner.go:389","message":{"title":"ReadCommand","values":{"str":"rps(\"zeni\", 2)"}}}

{"pid":"251c3de736a34678b83c50fcf02015cc","severity":"Debug","timestamp":"2025-05-02T16:17:24+0700","caller":"assigner.go:489","message":"send to coreReadCommand: \"\\\"zeni\\\", 2\""}

{"pid":"251c3de736a34678b83c50fcf02015cc","severity":"Debug","timestamp":"2025-05-02T16:17:24+0700","caller":"assigner.go:389","message":{"title":"ReadCommand","values":{"str":"\"zeni\", 2"}}}

{"pid":"251c3de736a34678b83c50fcf02015cc","severity":"Debug","timestamp":"2025-05-02T16:17:24+0700","caller":"assigner.go:496","message":"subArg: \"zeni\", 2"}

{"pid":"251c3de736a34678b83c50fcf02015cc","severity":"Debug","timestamp":"2025-05-02T16:17:24+0700","caller":"assigner.go:500","message":{"title":"CALL rps: \"zeni\", 2","values":{"loop":0}}}

{"pid":"251c3de736a34678b83c50fcf02015cc","severity":"Debug","timestamp":"2025-05-02T16:17:24+0700","caller":"assigner.go:833","message":{"title":"execute rps","values":{"loop":0,"param":"\"zeni\", 2"}}}

{"pid":"251c3de736a34678b83c50fcf02015cc","severity":"Debug","timestamp":"2025-05-02T16:17:24+0700","caller":"assigner.go:882","message":{"title":"execute rps","values":{"loop":0,"result":"zeni"}}}

{"pid":"251c3de736a34678b83c50fcf02015cc","severity":"Debug","timestamp":"2025-05-02T16:17:24+0700","caller":"assigner.go:389","message":{"title":"ReadCommand","values":{"str":"rps(\"\", 120)"}}}

{"pid":"251c3de736a34678b83c50fcf02015cc","severity":"Debug","timestamp":"2025-05-02T16:17:24+0700","caller":"assigner.go:489","message":"send to coreReadCommand: \"\\\"\\\", 120\""}

{"pid":"251c3de736a34678b83c50fcf02015cc","severity":"Debug","timestamp":"2025-05-02T16:17:24+0700","caller":"assigner.go:389","message":{"title":"ReadCommand","values":{"str":"\"\", 120"}}}

{"pid":"251c3de736a34678b83c50fcf02015cc","severity":"Debug","timestamp":"2025-05-02T16:17:24+0700","caller":"assigner.go:496","message":"subArg: \"\", 120"}

{"pid":"251c3de736a34678b83c50fcf02015cc","severity":"Debug","timestamp":"2025-05-02T16:17:24+0700","caller":"assigner.go:500","message":{"title":"CALL rps: \"\", 120","values":{"loop":0}}}

{"pid":"251c3de736a34678b83c50fcf02015cc","severity":"Debug","timestamp":"2025-05-02T16:17:24+0700","caller":"assigner.go:833","message":{"title":"execute rps","values":{"loop":0,"param":"\"\", 120"}}}

{"pid":"251c3de736a34678b83c50fcf02015cc","severity":"Debug","timestamp":"2025-05-02T16:17:24+0700","caller":"assigner.go:882","message":{"title":"execute rps","values":{"loop":0,"result":"                                                                                                                        "}}}

{"pid":"251c3de736a34678b83c50fcf02015cc","severity":"Debug","timestamp":"2025-05-02T16:17:24+0700","caller":"assigner.go:389","message":{"title":"ReadCommand","values":{"str":"rps(\"FINNET - MUAMALAT\\r\\nHindari dend4 \\\"Tag+\\\", bayar sb3lum tgl 20 tiap bulannya ya:\", 120)"}}}

{"pid":"251c3de736a34678b83c50fcf02015cc","severity":"Debug","timestamp":"2025-05-02T16:17:24+0700","caller":"assigner.go:489","message":"send to coreReadCommand: \"\\\"FINNET - MUAMALAT\\\\r\\\\nHindari dend4 \\\\\\\"Tag+\\\\\\\", bayar sb3lum tgl 20 tiap bulannya ya:\\\", 120\""}

{"pid":"251c3de736a34678b83c50fcf02015cc","severity":"Debug","timestamp":"2025-05-02T16:17:24+0700","caller":"assigner.go:389","message":{"title":"ReadCommand","values":{"str":"\"FINNET - MUAMALAT\\r\\nHindari dend4 \\\"Tag+\\\", bayar sb3lum tgl 20 tiap bulannya ya:\", 120"}}}

{"pid":"251c3de736a34678b83c50fcf02015cc","severity":"Debug","timestamp":"2025-05-02T16:17:24+0700","caller":"assigner.go:496","message":"subArg: \"FINNET - MUAMALAT\\r\\nHindari dend4 \\\"Tag+\\\", bayar sb3lum tgl 20 tiap bulannya ya:\", 120"}

{"pid":"251c3de736a34678b83c50fcf02015cc","severity":"Debug","timestamp":"2025-05-02T16:17:24+0700","caller":"assigner.go:500","message":{"title":"CALL rps: \"FINNET - MUAMALAT\\r\\nHindari dend4 \\\"Tag+\\\", bayar sb3lum tgl 20 tiap bulannya ya:\", 120","values":{"loop":0}}}

{"pid":"251c3de736a34678b83c50fcf02015cc","severity":"Debug","timestamp":"2025-05-02T16:17:24+0700","caller":"assigner.go:833","message":{"title":"execute rps","values":{"loop":0,"param":"\"FINNET - MUAMALAT\\r\\nHindari dend4 \\\"Tag+\\\", bayar sb3lum tgl 20 tiap bulannya ya:\", 120"}}}

{"pid":"251c3de736a34678b83c50fcf02015cc","severity":"Debug","timestamp":"2025-05-02T16:17:24+0700","caller":"assigner.go:882","message":{"title":"execute rps","values":{"loop":0,"result":"\"FINNET - MUAMALATHindari dend4 \"Tag+\", bayar sb3lum tgl 20 tiap bulannya ya:                                          \""}}}

--- PASS: Test_Rps (0.00s)
=== RUN   Test_Rpz
{"pid":"7a83356c0ea74f97a6df29c222acc1fa","severity":"Debug","timestamp":"2025-05-02T16:17:24+0700","caller":"assigner.go:389","message":{"title":"ReadCommand","values":{"str":"rpz(\"zeni\", 10)"}}}

{"pid":"7a83356c0ea74f97a6df29c222acc1fa","severity":"Debug","timestamp":"2025-05-02T16:17:24+0700","caller":"assigner.go:489","message":"send to coreReadCommand: \"\\\"zeni\\\", 10\""}

{"pid":"7a83356c0ea74f97a6df29c222acc1fa","severity":"Debug","timestamp":"2025-05-02T16:17:24+0700","caller":"assigner.go:389","message":{"title":"ReadCommand","values":{"str":"\"zeni\", 10"}}}

{"pid":"7a83356c0ea74f97a6df29c222acc1fa","severity":"Debug","timestamp":"2025-05-02T16:17:24+0700","caller":"assigner.go:496","message":"subArg: \"zeni\", 10"}

{"pid":"7a83356c0ea74f97a6df29c222acc1fa","severity":"Debug","timestamp":"2025-05-02T16:17:24+0700","caller":"assigner.go:500","message":{"title":"CALL rpz: \"zeni\", 10","values":{"loop":0}}}

{"pid":"7a83356c0ea74f97a6df29c222acc1fa","severity":"Debug","timestamp":"2025-05-02T16:17:24+0700","caller":"assigner.go:731","message":{"title":"execute rpz","values":{"loop":0,"param":"\"zeni\", 10"}}}

{"pid":"7a83356c0ea74f97a6df29c222acc1fa","severity":"Debug","timestamp":"2025-05-02T16:17:24+0700","caller":"assigner.go:780","message":{"title":"execute rpz","values":{"loop":0,"result":"zeni000000"}}}

{"pid":"7a83356c0ea74f97a6df29c222acc1fa","severity":"Debug","timestamp":"2025-05-02T16:17:24+0700","caller":"assigner.go:389","message":{"title":"ReadCommand","values":{"str":"rpz(\"zeni\", 2)"}}}

{"pid":"7a83356c0ea74f97a6df29c222acc1fa","severity":"Debug","timestamp":"2025-05-02T16:17:24+0700","caller":"assigner.go:489","message":"send to coreReadCommand: \"\\\"zeni\\\", 2\""}

{"pid":"7a83356c0ea74f97a6df29c222acc1fa","severity":"Debug","timestamp":"2025-05-02T16:17:24+0700","caller":"assigner.go:389","message":{"title":"ReadCommand","values":{"str":"\"zeni\", 2"}}}

{"pid":"7a83356c0ea74f97a6df29c222acc1fa","severity":"Debug","timestamp":"2025-05-02T16:17:24+0700","caller":"assigner.go:496","message":"subArg: \"zeni\", 2"}

{"pid":"7a83356c0ea74f97a6df29c222acc1fa","severity":"Debug","timestamp":"2025-05-02T16:17:24+0700","caller":"assigner.go:500","message":{"title":"CALL rpz: \"zeni\", 2","values":{"loop":0}}}

{"pid":"7a83356c0ea74f97a6df29c222acc1fa","severity":"Debug","timestamp":"2025-05-02T16:17:24+0700","caller":"assigner.go:731","message":{"title":"execute rpz","values":{"loop":0,"param":"\"zeni\", 2"}}}

{"pid":"7a83356c0ea74f97a6df29c222acc1fa","severity":"Debug","timestamp":"2025-05-02T16:17:24+0700","caller":"assigner.go:780","message":{"title":"execute rpz","values":{"loop":0,"result":"zeni"}}}

{"pid":"7a83356c0ea74f97a6df29c222acc1fa","severity":"Debug","timestamp":"2025-05-02T16:17:24+0700","caller":"assigner.go:389","message":{"title":"ReadCommand","values":{"str":"rpz(\"\", 2)"}}}

{"pid":"7a83356c0ea74f97a6df29c222acc1fa","severity":"Debug","timestamp":"2025-05-02T16:17:24+0700","caller":"assigner.go:489","message":"send to coreReadCommand: \"\\\"\\\", 2\""}

{"pid":"7a83356c0ea74f97a6df29c222acc1fa","severity":"Debug","timestamp":"2025-05-02T16:17:24+0700","caller":"assigner.go:389","message":{"title":"ReadCommand","values":{"str":"\"\", 2"}}}

{"pid":"7a83356c0ea74f97a6df29c222acc1fa","severity":"Debug","timestamp":"2025-05-02T16:17:24+0700","caller":"assigner.go:496","message":"subArg: \"\", 2"}

{"pid":"7a83356c0ea74f97a6df29c222acc1fa","severity":"Debug","timestamp":"2025-05-02T16:17:24+0700","caller":"assigner.go:500","message":{"title":"CALL rpz: \"\", 2","values":{"loop":0}}}

{"pid":"7a83356c0ea74f97a6df29c222acc1fa","severity":"Debug","timestamp":"2025-05-02T16:17:24+0700","caller":"assigner.go:731","message":{"title":"execute rpz","values":{"loop":0,"param":"\"\", 2"}}}

{"pid":"7a83356c0ea74f97a6df29c222acc1fa","severity":"Debug","timestamp":"2025-05-02T16:17:24+0700","caller":"assigner.go:780","message":{"title":"execute rpz","values":{"loop":0,"result":"00"}}}

--- PASS: Test_Rpz (0.00s)
=== RUN   Test_Sha1
{"pid":"60112a72f8dd4381a88c5b4644e29be5","severity":"Debug","timestamp":"2025-05-02T16:17:24+0700","caller":"assigner.go:389","message":{"title":"ReadCommand","values":{"str":"sha1(\"Darmaj4y4\")"}}}

{"pid":"60112a72f8dd4381a88c5b4644e29be5","severity":"Debug","timestamp":"2025-05-02T16:17:24+0700","caller":"assigner.go:489","message":"send to coreReadCommand: \"\\\"Darmaj4y4\\\"\""}

{"pid":"60112a72f8dd4381a88c5b4644e29be5","severity":"Debug","timestamp":"2025-05-02T16:17:24+0700","caller":"assigner.go:389","message":{"title":"ReadCommand","values":{"str":"Darmaj4y4"}}}

{"pid":"60112a72f8dd4381a88c5b4644e29be5","severity":"Debug","timestamp":"2025-05-02T16:17:24+0700","caller":"assigner.go:496","message":"subArg: \"Darmaj4y4\""}

{"pid":"60112a72f8dd4381a88c5b4644e29be5","severity":"Debug","timestamp":"2025-05-02T16:17:24+0700","caller":"assigner.go:500","message":{"title":"CALL sha1: \"Darmaj4y4\"","values":{"loop":0}}}

{"pid":"60112a72f8dd4381a88c5b4644e29be5","severity":"Debug","timestamp":"2025-05-02T16:17:24+0700","caller":"assigner.go:1030","message":{"title":"execute sha1","values":{"loop":0,"param":"Darmaj4y4"}}}

{"pid":"60112a72f8dd4381a88c5b4644e29be5","severity":"Debug","timestamp":"2025-05-02T16:17:24+0700","caller":"assigner.go:1045","message":{"title":"execute sha1","values":{"loop":0,"result":"2cff38c4dd478b1c80f4612bbed67af8db0865a9"}}}

{"pid":"60112a72f8dd4381a88c5b4644e29be5","severity":"Debug","timestamp":"2025-05-02T16:17:24+0700","caller":"assigner.go:389","message":{"title":"ReadCommand","values":{"str":"sha1(\"bangsat\")"}}}

{"pid":"60112a72f8dd4381a88c5b4644e29be5","severity":"Debug","timestamp":"2025-05-02T16:17:24+0700","caller":"assigner.go:489","message":"send to coreReadCommand: \"\\\"bangsat\\\"\""}

{"pid":"60112a72f8dd4381a88c5b4644e29be5","severity":"Debug","timestamp":"2025-05-02T16:17:24+0700","caller":"assigner.go:389","message":{"title":"ReadCommand","values":{"str":"bangsat"}}}

{"pid":"60112a72f8dd4381a88c5b4644e29be5","severity":"Debug","timestamp":"2025-05-02T16:17:24+0700","caller":"assigner.go:496","message":"subArg: \"bangsat\""}

{"pid":"60112a72f8dd4381a88c5b4644e29be5","severity":"Debug","timestamp":"2025-05-02T16:17:24+0700","caller":"assigner.go:500","message":{"title":"CALL sha1: \"bangsat\"","values":{"loop":0}}}

{"pid":"60112a72f8dd4381a88c5b4644e29be5","severity":"Debug","timestamp":"2025-05-02T16:17:24+0700","caller":"assigner.go:1030","message":{"title":"execute sha1","values":{"loop":0,"param":"bangsat"}}}

{"pid":"60112a72f8dd4381a88c5b4644e29be5","severity":"Debug","timestamp":"2025-05-02T16:17:24+0700","caller":"assigner.go:1045","message":{"title":"execute sha1","values":{"loop":0,"result":"93bccfd866e61053c3f769435b40574b94352a69"}}}

{"pid":"60112a72f8dd4381a88c5b4644e29be5","severity":"Debug","timestamp":"2025-05-02T16:17:24+0700","caller":"assigner.go:389","message":{"title":"ReadCommand","values":{"str":"sha1(\"71947bea4c63-63ad-3489-a73a-2d73668356a460236703\")"}}}

{"pid":"60112a72f8dd4381a88c5b4644e29be5","severity":"Debug","timestamp":"2025-05-02T16:17:24+0700","caller":"assigner.go:489","message":"send to coreReadCommand: \"\\\"71947bea4c63-63ad-3489-a73a-2d73668356a460236703\\\"\""}

{"pid":"60112a72f8dd4381a88c5b4644e29be5","severity":"Debug","timestamp":"2025-05-02T16:17:24+0700","caller":"assigner.go:389","message":{"title":"ReadCommand","values":{"str":"71947bea4c63-63ad-3489-a73a-2d73668356a460236703"}}}

{"pid":"60112a72f8dd4381a88c5b4644e29be5","severity":"Debug","timestamp":"2025-05-02T16:17:24+0700","caller":"assigner.go:496","message":"subArg: \"71947bea4c63-63ad-3489-a73a-2d73668356a460236703\""}

{"pid":"60112a72f8dd4381a88c5b4644e29be5","severity":"Debug","timestamp":"2025-05-02T16:17:24+0700","caller":"assigner.go:500","message":{"title":"CALL sha1: \"71947bea4c63-63ad-3489-a73a-2d73668356a460236703\"","values":{"loop":0}}}

{"pid":"60112a72f8dd4381a88c5b4644e29be5","severity":"Debug","timestamp":"2025-05-02T16:17:24+0700","caller":"assigner.go:1030","message":{"title":"execute sha1","values":{"loop":0,"param":"71947bea4c63-63ad-3489-a73a-2d73668356a460236703"}}}

{"pid":"60112a72f8dd4381a88c5b4644e29be5","severity":"Debug","timestamp":"2025-05-02T16:17:24+0700","caller":"assigner.go:1045","message":{"title":"execute sha1","values":{"loop":0,"result":"a95d947b6c5696c0713b6d6427bc50f6c16175cd"}}}

{"pid":"60112a72f8dd4381a88c5b4644e29be5","severity":"Debug","timestamp":"2025-05-02T16:17:24+0700","caller":"assigner.go:389","message":{"title":"ReadCommand","values":{"str":"sha1(\"210020250429111311224559FINNET501001000006106174468792427953000000000000000DwZ3cOwCt22CzOgaghCnKdw0DIGceg5WapkOIPcziqCIX\")"}}}

{"pid":"60112a72f8dd4381a88c5b4644e29be5","severity":"Debug","timestamp":"2025-05-02T16:17:24+0700","caller":"assigner.go:489","message":"send to coreReadCommand: \"\\\"210020250429111311224559FINNET501001000006106174468792427953000000000000000DwZ3cOwCt22CzOgaghCnKdw0DIGceg5WapkOIPcziqCIX\\\"\""}

{"pid":"60112a72f8dd4381a88c5b4644e29be5","severity":"Debug","timestamp":"2025-05-02T16:17:24+0700","caller":"assigner.go:389","message":{"title":"ReadCommand","values":{"str":"210020250429111311224559FINNET501001000006106174468792427953000000000000000DwZ3cOwCt22CzOgaghCnKdw0DIGceg5WapkOIPcziqCIX"}}}

{"pid":"60112a72f8dd4381a88c5b4644e29be5","severity":"Debug","timestamp":"2025-05-02T16:17:24+0700","caller":"assigner.go:496","message":"subArg: \"210020250429111311224559FINNET501001000006106174468792427953000000000000000DwZ3cOwCt22CzOgaghCnKdw0DIGceg5WapkOIPcziqCIX\""}

{"pid":"60112a72f8dd4381a88c5b4644e29be5","severity":"Debug","timestamp":"2025-05-02T16:17:24+0700","caller":"assigner.go:500","message":{"title":"CALL sha1: \"210020250429111311224559FINNET501001000006106174468792427953000000000000000DwZ3cOwCt22CzOgaghCnKdw0DIGceg5WapkOIPcziqCIX\"","values":{"loop":0}}}

{"pid":"60112a72f8dd4381a88c5b4644e29be5","severity":"Debug","timestamp":"2025-05-02T16:17:24+0700","caller":"assigner.go:1030","message":{"title":"execute sha1","values":{"loop":0,"param":"210020250429111311224559FINNET501001000006106174468792427953000000000000000DwZ3cOwCt22CzOgaghCnKdw0DIGceg5WapkOIPcziqCIX"}}}

{"pid":"60112a72f8dd4381a88c5b4644e29be5","severity":"Debug","timestamp":"2025-05-02T16:17:24+0700","caller":"assigner.go:1045","message":{"title":"execute sha1","values":{"loop":0,"result":"9feaa8545018006f0315eba52e6bfaeeb68aff9a"}}}

--- PASS: Test_Sha1 (0.00s)
=== RUN   Test_Sha256
{"pid":"62dfb3e3dffa4858a9e8836a38febaa6","severity":"Debug","timestamp":"2025-05-02T16:17:24+0700","caller":"assigner.go:389","message":{"title":"ReadCommand","values":{"str":"sha256(\"Darmaj4y4\")"}}}

{"pid":"62dfb3e3dffa4858a9e8836a38febaa6","severity":"Debug","timestamp":"2025-05-02T16:17:24+0700","caller":"assigner.go:489","message":"send to coreReadCommand: \"\\\"Darmaj4y4\\\"\""}

{"pid":"62dfb3e3dffa4858a9e8836a38febaa6","severity":"Debug","timestamp":"2025-05-02T16:17:24+0700","caller":"assigner.go:389","message":{"title":"ReadCommand","values":{"str":"Darmaj4y4"}}}

{"pid":"62dfb3e3dffa4858a9e8836a38febaa6","severity":"Debug","timestamp":"2025-05-02T16:17:24+0700","caller":"assigner.go:496","message":"subArg: \"Darmaj4y4\""}

{"pid":"62dfb3e3dffa4858a9e8836a38febaa6","severity":"Debug","timestamp":"2025-05-02T16:17:24+0700","caller":"assigner.go:500","message":{"title":"CALL sha256: \"Darmaj4y4\"","values":{"loop":0}}}

{"pid":"62dfb3e3dffa4858a9e8836a38febaa6","severity":"Debug","timestamp":"2025-05-02T16:17:24+0700","caller":"assigner.go:1047","message":{"title":"execute sha256","values":{"loop":0,"param":"Darmaj4y4"}}}

{"pid":"62dfb3e3dffa4858a9e8836a38febaa6","severity":"Debug","timestamp":"2025-05-02T16:17:24+0700","caller":"assigner.go:1060","message":{"title":"execute sha256","values":{"loop":0,"result":"1532a22b0d3525e94c7455945a30943a205ed15cde722532f4f4cda08ded0f88"}}}

{"pid":"62dfb3e3dffa4858a9e8836a38febaa6","severity":"Debug","timestamp":"2025-05-02T16:17:24+0700","caller":"assigner.go:389","message":{"title":"ReadCommand","values":{"str":"sha256(\"bangsat\")"}}}

{"pid":"62dfb3e3dffa4858a9e8836a38febaa6","severity":"Debug","timestamp":"2025-05-02T16:17:24+0700","caller":"assigner.go:489","message":"send to coreReadCommand: \"\\\"bangsat\\\"\""}

{"pid":"62dfb3e3dffa4858a9e8836a38febaa6","severity":"Debug","timestamp":"2025-05-02T16:17:24+0700","caller":"assigner.go:389","message":{"title":"ReadCommand","values":{"str":"bangsat"}}}

{"pid":"62dfb3e3dffa4858a9e8836a38febaa6","severity":"Debug","timestamp":"2025-05-02T16:17:24+0700","caller":"assigner.go:496","message":"subArg: \"bangsat\""}

{"pid":"62dfb3e3dffa4858a9e8836a38febaa6","severity":"Debug","timestamp":"2025-05-02T16:17:24+0700","caller":"assigner.go:500","message":{"title":"CALL sha256: \"bangsat\"","values":{"loop":0}}}

{"pid":"62dfb3e3dffa4858a9e8836a38febaa6","severity":"Debug","timestamp":"2025-05-02T16:17:24+0700","caller":"assigner.go:1047","message":{"title":"execute sha256","values":{"loop":0,"param":"bangsat"}}}

{"pid":"62dfb3e3dffa4858a9e8836a38febaa6","severity":"Debug","timestamp":"2025-05-02T16:17:24+0700","caller":"assigner.go:1060","message":{"title":"execute sha256","values":{"loop":0,"result":"4077902c11d06e1058060d1bd789e7c5a1db2bbecbc39b8d161c1d131c2ac1b7"}}}

{"pid":"62dfb3e3dffa4858a9e8836a38febaa6","severity":"Debug","timestamp":"2025-05-02T16:17:24+0700","caller":"assigner.go:389","message":{"title":"ReadCommand","values":{"str":"sha256(\"71947bea4c63-63ad-3489-a73a-2d73668356a460236703\")"}}}

{"pid":"62dfb3e3dffa4858a9e8836a38febaa6","severity":"Debug","timestamp":"2025-05-02T16:17:24+0700","caller":"assigner.go:489","message":"send to coreReadCommand: \"\\\"71947bea4c63-63ad-3489-a73a-2d73668356a460236703\\\"\""}

{"pid":"62dfb3e3dffa4858a9e8836a38febaa6","severity":"Debug","timestamp":"2025-05-02T16:17:24+0700","caller":"assigner.go:389","message":{"title":"ReadCommand","values":{"str":"71947bea4c63-63ad-3489-a73a-2d73668356a460236703"}}}

{"pid":"62dfb3e3dffa4858a9e8836a38febaa6","severity":"Debug","timestamp":"2025-05-02T16:17:24+0700","caller":"assigner.go:496","message":"subArg: \"71947bea4c63-63ad-3489-a73a-2d73668356a460236703\""}

{"pid":"62dfb3e3dffa4858a9e8836a38febaa6","severity":"Debug","timestamp":"2025-05-02T16:17:24+0700","caller":"assigner.go:500","message":{"title":"CALL sha256: \"71947bea4c63-63ad-3489-a73a-2d73668356a460236703\"","values":{"loop":0}}}

{"pid":"62dfb3e3dffa4858a9e8836a38febaa6","severity":"Debug","timestamp":"2025-05-02T16:17:24+0700","caller":"assigner.go:1047","message":{"title":"execute sha256","values":{"loop":0,"param":"71947bea4c63-63ad-3489-a73a-2d73668356a460236703"}}}

{"pid":"62dfb3e3dffa4858a9e8836a38febaa6","severity":"Debug","timestamp":"2025-05-02T16:17:24+0700","caller":"assigner.go:1060","message":{"title":"execute sha256","values":{"loop":0,"result":"16afeefe52a2fc5fae12023b56b990fac59ffd0674c26aafd2e2e061f0629504"}}}

{"pid":"62dfb3e3dffa4858a9e8836a38febaa6","severity":"Debug","timestamp":"2025-05-02T16:17:24+0700","caller":"assigner.go:389","message":{"title":"ReadCommand","values":{"str":"sha256(\"9a698a48-30f9-4801-b39e-6fa43f3f2d94|2025-02-25T13:52:44+07:00\", \"-----BEGIN PRIVATE KEY----- MIIEvQIBADANBgkqhkiG9w0BAQEFAASCBKcwggSjAgEAAoIBAQCPMAI+Z/30MZnL 8EZEXmCB1bxz/bIbAOFrIkaLPjMESGPGJc4cI4B/90MQoL5WRbE7uc2fFIaWJzco 7CO4H8zPo9iOQ5rfXEyO/49S5DHBw0Wj8p+PvhDQ/XyFCW40gzL9B1UMu4driANV 7wSBz4XB3NhVUcqQI1oXQhk9eLJf5tqryZ3OuvqYheY+st4IEn86foVL3t1KxdKV EpYNn0TlDIBlgDCcHKqO6v+Sec8Xa3FMfxY/RpUr9oZ+wWKN+uzXHW8DMglN+w4k FgThIaookUjC9qfsm5LqU6/X4uByL4Gv+0PLFLIdvawbzjaYhQ6AV2s2kjW7qUui J7XCcJEpAgMBAAECggEAGQKCsdHKKrfrLBLowxJU+viRNRVP4aWSufq/pZyUnp/i RX7e9E1DKZbPsPzSohEENvFqN+oG4/0vhkdQqd1sEayFq7ulNnRRrvx2VT0kb7qi 1FMRibLiDw7ni/kstaFg6483TMUIj0CvjHf2KpJLw6PGaYiiv/Bc0QkrjXAif9t4 11Lr48KYsog6xZbF6M9Xk40twPMiHxz7s+v4NPOssaDaiGlW6u7/CWoKpwB6J/zr 5YVKuxJ4XnLwlt3NcnSzkV0juKS5ZAGXlXLwFErLhjtw/9OS4HZHYlYpkBpZpwpj 7O0alEB+0Srm4TbzD3izui40wz6m1ZXuzkZrUR99HQKBgQDFCFE1zHVqZhLm1gLf QBu1Bia/8utu7xy0zBhqy9geE6imEWPzO5aSUxlNuDVrY5jWIH3BItARPtrmcnpD 3J/P7tRIZcbbUsegtbl3hyWqhfyi6MGS60jliALBlVV80zXVjhMtsqMenIGMPTQy 1+hExh7zFfxdlHcMmhU6nLWlkwKBgQC6ClmKDcz3eIoXxG89kOX8ZDrCDp2ees+t BzkwC2nyWGlInx8vNu3GSHP3SqpX1tIMtCcTwW/uM5HcyvGpB8RP9niVNZ4fuBZL 4l+9Brnq0EsWcuU/2opYNVo2x8D8+/DzgtTMG4zytzSQfeGj5CG2/TO6t44VETID ie8+nlIj0wKBgAv+46LY3dUqfcAcC3S4HHe69iT9jyPj3uWK/3mRC4lZPQ1PRbyL RjGGaaX3rxjoqWdv9vgJPI2wO/eHxLXY+snYCoiV2bOEqK66IZ6LVdm56pWoghCF zpxa2YAbrWa6HS7xRW2k0JWOhbyaBVGLH5MAVOYL0p+H6G+V+fDllZGNAoGBALGv pOloWPWbmTkuEpkYxbCUAlLKJtzwq121Yndyz1P6AUStRdmQevVAyhHMrHmM4b3k atZBkKhPdOcOplUs5+D/pRfNyCK/bfw4T/x4aiXNn4nnXvHnxu6MtodPrhFyiCXs NVZkkfBX7sp6kII6J8FggIG7Qub4L26V1X1XNVilAoGAHNzBTVeY+l1eE65Wwlxm AIBPZygptzB2Jqs6x5G6kj1+qwdyKhDWXDQr2W5LPl6/iwuwlJS9zyBGYg00/luC JzanZ/glRiJVqo23PnVVsnlpKmjYTqXAH+T4xh2imUTKZIE3O1tvji4gL4mFPAZL omfZxLVtIe8vpxCJsXIWWr0= -----END PRIVATE KEY-----\")"}}}

{"pid":"62dfb3e3dffa4858a9e8836a38febaa6","severity":"Debug","timestamp":"2025-05-02T16:17:24+0700","caller":"assigner.go:489","message":"send to coreReadCommand: \"\\\"9a698a48-30f9-4801-b39e-6fa43f3f2d94|2025-02-25T13:52:44+07:00\\\", \\\"-----BEGIN PRIVATE KEY----- MIIEvQIBADANBgkqhkiG9w0BAQEFAASCBKcwggSjAgEAAoIBAQCPMAI+Z/30MZnL 8EZEXmCB1bxz/bIbAOFrIkaLPjMESGPGJc4cI4B/90MQoL5WRbE7uc2fFIaWJzco 7CO4H8zPo9iOQ5rfXEyO/49S5DHBw0Wj8p+PvhDQ/XyFCW40gzL9B1UMu4driANV 7wSBz4XB3NhVUcqQI1oXQhk9eLJf5tqryZ3OuvqYheY+st4IEn86foVL3t1KxdKV EpYNn0TlDIBlgDCcHKqO6v+Sec8Xa3FMfxY/RpUr9oZ+wWKN+uzXHW8DMglN+w4k FgThIaookUjC9qfsm5LqU6/X4uByL4Gv+0PLFLIdvawbzjaYhQ6AV2s2kjW7qUui J7XCcJEpAgMBAAECggEAGQKCsdHKKrfrLBLowxJU+viRNRVP4aWSufq/pZyUnp/i RX7e9E1DKZbPsPzSohEENvFqN+oG4/0vhkdQqd1sEayFq7ulNnRRrvx2VT0kb7qi 1FMRibLiDw7ni/kstaFg6483TMUIj0CvjHf2KpJLw6PGaYiiv/Bc0QkrjXAif9t4 11Lr48KYsog6xZbF6M9Xk40twPMiHxz7s+v4NPOssaDaiGlW6u7/CWoKpwB6J/zr 5YVKuxJ4XnLwlt3NcnSzkV0juKS5ZAGXlXLwFErLhjtw/9OS4HZHYlYpkBpZpwpj 7O0alEB+0Srm4TbzD3izui40wz6m1ZXuzkZrUR99HQKBgQDFCFE1zHVqZhLm1gLf QBu1Bia/8utu7xy0zBhqy9geE6imEWPzO5aSUxlNuDVrY5jWIH3BItARPtrmcnpD 3J/P7tRIZcbbUsegtbl3hyWqhfyi6MGS60jliALBlVV80zXVjhMtsqMenIGMPTQy 1+hExh7zFfxdlHcMmhU6nLWlkwKBgQC6ClmKDcz3eIoXxG89kOX8ZDrCDp2ees+t BzkwC2nyWGlInx8vNu3GSHP3SqpX1tIMtCcTwW/uM5HcyvGpB8RP9niVNZ4fuBZL 4l+9Brnq0EsWcuU/2opYNVo2x8D8+/DzgtTMG4zytzSQfeGj5CG2/TO6t44VETID ie8+nlIj0wKBgAv+46LY3dUqfcAcC3S4HHe69iT9jyPj3uWK/3mRC4lZPQ1PRbyL RjGGaaX3rxjoqWdv9vgJPI2wO/eHxLXY+snYCoiV2bOEqK66IZ6LVdm56pWoghCF zpxa2YAbrWa6HS7xRW2k0JWOhbyaBVGLH5MAVOYL0p+H6G+V+fDllZGNAoGBALGv pOloWPWbmTkuEpkYxbCUAlLKJtzwq121Yndyz1P6AUStRdmQevVAyhHMrHmM4b3k atZBkKhPdOcOplUs5+D/pRfNyCK/bfw4T/x4aiXNn4nnXvHnxu6MtodPrhFyiCXs NVZkkfBX7sp6kII6J8FggIG7Qub4L26V1X1XNVilAoGAHNzBTVeY+l1eE65Wwlxm AIBPZygptzB2Jqs6x5G6kj1+qwdyKhDWXDQr2W5LPl6/iwuwlJS9zyBGYg00/luC JzanZ/glRiJVqo23PnVVsnlpKmjYTqXAH+T4xh2imUTKZIE3O1tvji4gL4mFPAZL omfZxLVtIe8vpxCJsXIWWr0= -----END PRIVATE KEY-----\\\"\""}

{"pid":"62dfb3e3dffa4858a9e8836a38febaa6","severity":"Debug","timestamp":"2025-05-02T16:17:24+0700","caller":"assigner.go:389","message":{"title":"ReadCommand","values":{"str":"\"9a698a48-30f9-4801-b39e-6fa43f3f2d94|2025-02-25T13:52:44+07:00\", \"-----BEGIN PRIVATE KEY----- MIIEvQIBADANBgkqhkiG9w0BAQEFAASCBKcwggSjAgEAAoIBAQCPMAI+Z/30MZnL 8EZEXmCB1bxz/bIbAOFrIkaLPjMESGPGJc4cI4B/90MQoL5WRbE7uc2fFIaWJzco 7CO4H8zPo9iOQ5rfXEyO/49S5DHBw0Wj8p+PvhDQ/XyFCW40gzL9B1UMu4driANV 7wSBz4XB3NhVUcqQI1oXQhk9eLJf5tqryZ3OuvqYheY+st4IEn86foVL3t1KxdKV EpYNn0TlDIBlgDCcHKqO6v+Sec8Xa3FMfxY/RpUr9oZ+wWKN+uzXHW8DMglN+w4k FgThIaookUjC9qfsm5LqU6/X4uByL4Gv+0PLFLIdvawbzjaYhQ6AV2s2kjW7qUui J7XCcJEpAgMBAAECggEAGQKCsdHKKrfrLBLowxJU+viRNRVP4aWSufq/pZyUnp/i RX7e9E1DKZbPsPzSohEENvFqN+oG4/0vhkdQqd1sEayFq7ulNnRRrvx2VT0kb7qi 1FMRibLiDw7ni/kstaFg6483TMUIj0CvjHf2KpJLw6PGaYiiv/Bc0QkrjXAif9t4 11Lr48KYsog6xZbF6M9Xk40twPMiHxz7s+v4NPOssaDaiGlW6u7/CWoKpwB6J/zr 5YVKuxJ4XnLwlt3NcnSzkV0juKS5ZAGXlXLwFErLhjtw/9OS4HZHYlYpkBpZpwpj 7O0alEB+0Srm4TbzD3izui40wz6m1ZXuzkZrUR99HQKBgQDFCFE1zHVqZhLm1gLf QBu1Bia/8utu7xy0zBhqy9geE6imEWPzO5aSUxlNuDVrY5jWIH3BItARPtrmcnpD 3J/P7tRIZcbbUsegtbl3hyWqhfyi6MGS60jliALBlVV80zXVjhMtsqMenIGMPTQy 1+hExh7zFfxdlHcMmhU6nLWlkwKBgQC6ClmKDcz3eIoXxG89kOX8ZDrCDp2ees+t BzkwC2nyWGlInx8vNu3GSHP3SqpX1tIMtCcTwW/uM5HcyvGpB8RP9niVNZ4fuBZL 4l+9Brnq0EsWcuU/2opYNVo2x8D8+/DzgtTMG4zytzSQfeGj5CG2/TO6t44VETID ie8+nlIj0wKBgAv+46LY3dUqfcAcC3S4HHe69iT9jyPj3uWK/3mRC4lZPQ1PRbyL RjGGaaX3rxjoqWdv9vgJPI2wO/eHxLXY+snYCoiV2bOEqK66IZ6LVdm56pWoghCF zpxa2YAbrWa6HS7xRW2k0JWOhbyaBVGLH5MAVOYL0p+H6G+V+fDllZGNAoGBALGv pOloWPWbmTkuEpkYxbCUAlLKJtzwq121Yndyz1P6AUStRdmQevVAyhHMrHmM4b3k atZBkKhPdOcOplUs5+D/pRfNyCK/bfw4T/x4aiXNn4nnXvHnxu6MtodPrhFyiCXs NVZkkfBX7sp6kII6J8FggIG7Qub4L26V1X1XNVilAoGAHNzBTVeY+l1eE65Wwlxm AIBPZygptzB2Jqs6x5G6kj1+qwdyKhDWXDQr2W5LPl6/iwuwlJS9zyBGYg00/luC JzanZ/glRiJVqo23PnVVsnlpKmjYTqXAH+T4xh2imUTKZIE3O1tvji4gL4mFPAZL omfZxLVtIe8vpxCJsXIWWr0= -----END PRIVATE KEY-----\""}}}

{"pid":"62dfb3e3dffa4858a9e8836a38febaa6","severity":"Debug","timestamp":"2025-05-02T16:17:24+0700","caller":"assigner.go:496","message":"subArg: \"9a698a48-30f9-4801-b39e-6fa43f3f2d94|2025-02-25T13:52:44+07:00\", \"-----BEGIN PRIVATE KEY----- MIIEvQIBADANBgkqhkiG9w0BAQEFAASCBKcwggSjAgEAAoIBAQCPMAI+Z/30MZnL 8EZEXmCB1bxz/bIbAOFrIkaLPjMESGPGJc4cI4B/90MQoL5WRbE7uc2fFIaWJzco 7CO4H8zPo9iOQ5rfXEyO/49S5DHBw0Wj8p+PvhDQ/XyFCW40gzL9B1UMu4driANV 7wSBz4XB3NhVUcqQI1oXQhk9eLJf5tqryZ3OuvqYheY+st4IEn86foVL3t1KxdKV EpYNn0TlDIBlgDCcHKqO6v+Sec8Xa3FMfxY/RpUr9oZ+wWKN+uzXHW8DMglN+w4k FgThIaookUjC9qfsm5LqU6/X4uByL4Gv+0PLFLIdvawbzjaYhQ6AV2s2kjW7qUui J7XCcJEpAgMBAAECggEAGQKCsdHKKrfrLBLowxJU+viRNRVP4aWSufq/pZyUnp/i RX7e9E1DKZbPsPzSohEENvFqN+oG4/0vhkdQqd1sEayFq7ulNnRRrvx2VT0kb7qi 1FMRibLiDw7ni/kstaFg6483TMUIj0CvjHf2KpJLw6PGaYiiv/Bc0QkrjXAif9t4 11Lr48KYsog6xZbF6M9Xk40twPMiHxz7s+v4NPOssaDaiGlW6u7/CWoKpwB6J/zr 5YVKuxJ4XnLwlt3NcnSzkV0juKS5ZAGXlXLwFErLhjtw/9OS4HZHYlYpkBpZpwpj 7O0alEB+0Srm4TbzD3izui40wz6m1ZXuzkZrUR99HQKBgQDFCFE1zHVqZhLm1gLf QBu1Bia/8utu7xy0zBhqy9geE6imEWPzO5aSUxlNuDVrY5jWIH3BItARPtrmcnpD 3J/P7tRIZcbbUsegtbl3hyWqhfyi6MGS60jliALBlVV80zXVjhMtsqMenIGMPTQy 1+hExh7zFfxdlHcMmhU6nLWlkwKBgQC6ClmKDcz3eIoXxG89kOX8ZDrCDp2ees+t BzkwC2nyWGlInx8vNu3GSHP3SqpX1tIMtCcTwW/uM5HcyvGpB8RP9niVNZ4fuBZL 4l+9Brnq0EsWcuU/2opYNVo2x8D8+/DzgtTMG4zytzSQfeGj5CG2/TO6t44VETID ie8+nlIj0wKBgAv+46LY3dUqfcAcC3S4HHe69iT9jyPj3uWK/3mRC4lZPQ1PRbyL RjGGaaX3rxjoqWdv9vgJPI2wO/eHxLXY+snYCoiV2bOEqK66IZ6LVdm56pWoghCF zpxa2YAbrWa6HS7xRW2k0JWOhbyaBVGLH5MAVOYL0p+H6G+V+fDllZGNAoGBALGv pOloWPWbmTkuEpkYxbCUAlLKJtzwq121Yndyz1P6AUStRdmQevVAyhHMrHmM4b3k atZBkKhPdOcOplUs5+D/pRfNyCK/bfw4T/x4aiXNn4nnXvHnxu6MtodPrhFyiCXs NVZkkfBX7sp6kII6J8FggIG7Qub4L26V1X1XNVilAoGAHNzBTVeY+l1eE65Wwlxm AIBPZygptzB2Jqs6x5G6kj1+qwdyKhDWXDQr2W5LPl6/iwuwlJS9zyBGYg00/luC JzanZ/glRiJVqo23PnVVsnlpKmjYTqXAH+T4xh2imUTKZIE3O1tvji4gL4mFPAZL omfZxLVtIe8vpxCJsXIWWr0= -----END PRIVATE KEY-----\""}

{"pid":"62dfb3e3dffa4858a9e8836a38febaa6","severity":"Debug","timestamp":"2025-05-02T16:17:24+0700","caller":"assigner.go:500","message":{"title":"CALL sha256: \"9a698a48-30f9-4801-b39e-6fa43f3f2d94|2025-02-25T13:52:44+07:00\", \"-----BEGIN PRIVATE KEY----- MIIEvQIBADANBgkqhkiG9w0BAQEFAASCBKcwggSjAgEAAoIBAQCPMAI+Z/30MZnL 8EZEXmCB1bxz/bIbAOFrIkaLPjMESGPGJc4cI4B/90MQoL5WRbE7uc2fFIaWJzco 7CO4H8zPo9iOQ5rfXEyO/49S5DHBw0Wj8p+PvhDQ/XyFCW40gzL9B1UMu4driANV 7wSBz4XB3NhVUcqQI1oXQhk9eLJf5tqryZ3OuvqYheY+st4IEn86foVL3t1KxdKV EpYNn0TlDIBlgDCcHKqO6v+Sec8Xa3FMfxY/RpUr9oZ+wWKN+uzXHW8DMglN+w4k FgThIaookUjC9qfsm5LqU6/X4uByL4Gv+0PLFLIdvawbzjaYhQ6AV2s2kjW7qUui J7XCcJEpAgMBAAECggEAGQKCsdHKKrfrLBLowxJU+viRNRVP4aWSufq/pZyUnp/i RX7e9E1DKZbPsPzSohEENvFqN+oG4/0vhkdQqd1sEayFq7ulNnRRrvx2VT0kb7qi 1FMRibLiDw7ni/kstaFg6483TMUIj0CvjHf2KpJLw6PGaYiiv/Bc0QkrjXAif9t4 11Lr48KYsog6xZbF6M9Xk40twPMiHxz7s+v4NPOssaDaiGlW6u7/CWoKpwB6J/zr 5YVKuxJ4XnLwlt3NcnSzkV0juKS5ZAGXlXLwFErLhjtw/9OS4HZHYlYpkBpZpwpj 7O0alEB+0Srm4TbzD3izui40wz6m1ZXuzkZrUR99HQKBgQDFCFE1zHVqZhLm1gLf QBu1Bia/8utu7xy0zBhqy9geE6imEWPzO5aSUxlNuDVrY5jWIH3BItARPtrmcnpD 3J/P7tRIZcbbUsegtbl3hyWqhfyi6MGS60jliALBlVV80zXVjhMtsqMenIGMPTQy 1+hExh7zFfxdlHcMmhU6nLWlkwKBgQC6ClmKDcz3eIoXxG89kOX8ZDrCDp2ees+t BzkwC2nyWGlInx8vNu3GSHP3SqpX1tIMtCcTwW/uM5HcyvGpB8RP9niVNZ4fuBZL 4l+9Brnq0EsWcuU/2opYNVo2x8D8+/DzgtTMG4zytzSQfeGj5CG2/TO6t44VETID ie8+nlIj0wKBgAv+46LY3dUqfcAcC3S4HHe69iT9jyPj3uWK/3mRC4lZPQ1PRbyL RjGGaaX3rxjoqWdv9vgJPI2wO/eHxLXY+snYCoiV2bOEqK66IZ6LVdm56pWoghCF zpxa2YAbrWa6HS7xRW2k0JWOhbyaBVGLH5MAVOYL0p+H6G+V+fDllZGNAoGBALGv pOloWPWbmTkuEpkYxbCUAlLKJtzwq121Yndyz1P6AUStRdmQevVAyhHMrHmM4b3k atZBkKhPdOcOplUs5+D/pRfNyCK/bfw4T/x4aiXNn4nnXvHnxu6MtodPrhFyiCXs NVZkkfBX7sp6kII6J8FggIG7Qub4L26V1X1XNVilAoGAHNzBTVeY+l1eE65Wwlxm AIBPZygptzB2Jqs6x5G6kj1+qwdyKhDWXDQr2W5LPl6/iwuwlJS9zyBGYg00/luC JzanZ/glRiJVqo23PnVVsnlpKmjYTqXAH+T4xh2imUTKZIE3O1tvji4gL4mFPAZL omfZxLVtIe8vpxCJsXIWWr0= -----END PRIVATE KEY-----\"","values":{"loop":0}}}

{"pid":"62dfb3e3dffa4858a9e8836a38febaa6","severity":"Debug","timestamp":"2025-05-02T16:17:24+0700","caller":"assigner.go:1047","message":{"title":"execute sha256","values":{"loop":0,"param":"\"9a698a48-30f9-4801-b39e-6fa43f3f2d94|2025-02-25T13:52:44+07:00\", \"-----BEGIN PRIVATE KEY----- MIIEvQIBADANBgkqhkiG9w0BAQEFAASCBKcwggSjAgEAAoIBAQCPMAI+Z/30MZnL 8EZEXmCB1bxz/bIbAOFrIkaLPjMESGPGJc4cI4B/90MQoL5WRbE7uc2fFIaWJzco 7CO4H8zPo9iOQ5rfXEyO/49S5DHBw0Wj8p+PvhDQ/XyFCW40gzL9B1UMu4driANV 7wSBz4XB3NhVUcqQI1oXQhk9eLJf5tqryZ3OuvqYheY+st4IEn86foVL3t1KxdKV EpYNn0TlDIBlgDCcHKqO6v+Sec8Xa3FMfxY/RpUr9oZ+wWKN+uzXHW8DMglN+w4k FgThIaookUjC9qfsm5LqU6/X4uByL4Gv+0PLFLIdvawbzjaYhQ6AV2s2kjW7qUui J7XCcJEpAgMBAAECggEAGQKCsdHKKrfrLBLowxJU+viRNRVP4aWSufq/pZyUnp/i RX7e9E1DKZbPsPzSohEENvFqN+oG4/0vhkdQqd1sEayFq7ulNnRRrvx2VT0kb7qi 1FMRibLiDw7ni/kstaFg6483TMUIj0CvjHf2KpJLw6PGaYiiv/Bc0QkrjXAif9t4 11Lr48KYsog6xZbF6M9Xk40twPMiHxz7s+v4NPOssaDaiGlW6u7/CWoKpwB6J/zr 5YVKuxJ4XnLwlt3NcnSzkV0juKS5ZAGXlXLwFErLhjtw/9OS4HZHYlYpkBpZpwpj 7O0alEB+0Srm4TbzD3izui40wz6m1ZXuzkZrUR99HQKBgQDFCFE1zHVqZhLm1gLf QBu1Bia/8utu7xy0zBhqy9geE6imEWPzO5aSUxlNuDVrY5jWIH3BItARPtrmcnpD 3J/P7tRIZcbbUsegtbl3hyWqhfyi6MGS60jliALBlVV80zXVjhMtsqMenIGMPTQy 1+hExh7zFfxdlHcMmhU6nLWlkwKBgQC6ClmKDcz3eIoXxG89kOX8ZDrCDp2ees+t BzkwC2nyWGlInx8vNu3GSHP3SqpX1tIMtCcTwW/uM5HcyvGpB8RP9niVNZ4fuBZL 4l+9Brnq0EsWcuU/2opYNVo2x8D8+/DzgtTMG4zytzSQfeGj5CG2/TO6t44VETID ie8+nlIj0wKBgAv+46LY3dUqfcAcC3S4HHe69iT9jyPj3uWK/3mRC4lZPQ1PRbyL RjGGaaX3rxjoqWdv9vgJPI2wO/eHxLXY+snYCoiV2bOEqK66IZ6LVdm56pWoghCF zpxa2YAbrWa6HS7xRW2k0JWOhbyaBVGLH5MAVOYL0p+H6G+V+fDllZGNAoGBALGv pOloWPWbmTkuEpkYxbCUAlLKJtzwq121Yndyz1P6AUStRdmQevVAyhHMrHmM4b3k atZBkKhPdOcOplUs5+D/pRfNyCK/bfw4T/x4aiXNn4nnXvHnxu6MtodPrhFyiCXs NVZkkfBX7sp6kII6J8FggIG7Qub4L26V1X1XNVilAoGAHNzBTVeY+l1eE65Wwlxm AIBPZygptzB2Jqs6x5G6kj1+qwdyKhDWXDQr2W5LPl6/iwuwlJS9zyBGYg00/luC JzanZ/glRiJVqo23PnVVsnlpKmjYTqXAH+T4xh2imUTKZIE3O1tvji4gL4mFPAZL omfZxLVtIe8vpxCJsXIWWr0= -----END PRIVATE KEY-----\""}}}

{"pid":"62dfb3e3dffa4858a9e8836a38febaa6","severity":"Debug","timestamp":"2025-05-02T16:17:24+0700","caller":"assigner.go:1060","message":{"title":"execute sha256","values":{"loop":0,"result":"a607776069236c9f94d3c67543d39f42ad228b7358f5f3f3a2070f57e9ae6ca1"}}}

--- PASS: Test_Sha256 (0.01s)
=== RUN   Test_SplitArgs
--- PASS: Test_SplitArgs (0.00s)
=== RUN   TestSplitWithEscapedCommas
--- PASS: TestSplitWithEscapedCommas (0.00s)
=== RUN   TestSplitWithEscapedCommas2
--- PASS: TestSplitWithEscapedCommas2 (0.00s)
=== RUN   TestStrtolower
{"pid":"95bc3ab645a34b20aa3dffaa9f1ec0b5","severity":"Debug","timestamp":"2025-05-02T16:17:24+0700","caller":"assigner.go:389","message":{"title":"ReadCommand","values":{"str":"strtolower(\"SUCCESS woi BERHASIL SATU\")"}}}

{"pid":"95bc3ab645a34b20aa3dffaa9f1ec0b5","severity":"Debug","timestamp":"2025-05-02T16:17:24+0700","caller":"assigner.go:489","message":"send to coreReadCommand: \"\\\"SUCCESS woi BERHASIL SATU\\\"\""}

{"pid":"95bc3ab645a34b20aa3dffaa9f1ec0b5","severity":"Debug","timestamp":"2025-05-02T16:17:24+0700","caller":"assigner.go:389","message":{"title":"ReadCommand","values":{"str":"SUCCESS woi BERHASIL SATU"}}}

{"pid":"95bc3ab645a34b20aa3dffaa9f1ec0b5","severity":"Debug","timestamp":"2025-05-02T16:17:24+0700","caller":"assigner.go:496","message":"subArg: \"SUCCESS woi BERHASIL SATU\""}

{"pid":"95bc3ab645a34b20aa3dffaa9f1ec0b5","severity":"Debug","timestamp":"2025-05-02T16:17:24+0700","caller":"assigner.go:500","message":{"title":"CALL strtolower: \"SUCCESS woi BERHASIL SATU\"","values":{"loop":0}}}

{"pid":"95bc3ab645a34b20aa3dffaa9f1ec0b5","severity":"Debug","timestamp":"2025-05-02T16:17:24+0700","caller":"assigner.go:1156","message":{"title":"execute strtolower","values":{"loop":0,"param":"SUCCESS woi BERHASIL SATU"}}}

{"pid":"95bc3ab645a34b20aa3dffaa9f1ec0b5","severity":"Debug","timestamp":"2025-05-02T16:17:24+0700","caller":"assigner.go:1179","message":{"title":"execute strtolower","values":{"loop":0,"result":"success woi berhasil satu"}}}

{"pid":"95bc3ab645a34b20aa3dffaa9f1ec0b5","severity":"Debug","timestamp":"2025-05-02T16:17:24+0700","caller":"assigner.go:389","message":{"title":"ReadCommand","values":{"str":"strtolower(\"SUCCESS woi BERHASIL dUA\")"}}}

{"pid":"95bc3ab645a34b20aa3dffaa9f1ec0b5","severity":"Debug","timestamp":"2025-05-02T16:17:24+0700","caller":"assigner.go:489","message":"send to coreReadCommand: \"\\\"SUCCESS woi BERHASIL dUA\\\"\""}

{"pid":"95bc3ab645a34b20aa3dffaa9f1ec0b5","severity":"Debug","timestamp":"2025-05-02T16:17:24+0700","caller":"assigner.go:389","message":{"title":"ReadCommand","values":{"str":"SUCCESS woi BERHASIL dUA"}}}

{"pid":"95bc3ab645a34b20aa3dffaa9f1ec0b5","severity":"Debug","timestamp":"2025-05-02T16:17:24+0700","caller":"assigner.go:496","message":"subArg: \"SUCCESS woi BERHASIL dUA\""}

{"pid":"95bc3ab645a34b20aa3dffaa9f1ec0b5","severity":"Debug","timestamp":"2025-05-02T16:17:24+0700","caller":"assigner.go:500","message":{"title":"CALL strtolower: \"SUCCESS woi BERHASIL dUA\"","values":{"loop":0}}}

{"pid":"95bc3ab645a34b20aa3dffaa9f1ec0b5","severity":"Debug","timestamp":"2025-05-02T16:17:24+0700","caller":"assigner.go:1156","message":{"title":"execute strtolower","values":{"loop":0,"param":"SUCCESS woi BERHASIL dUA"}}}

{"pid":"95bc3ab645a34b20aa3dffaa9f1ec0b5","severity":"Debug","timestamp":"2025-05-02T16:17:24+0700","caller":"assigner.go:1179","message":{"title":"execute strtolower","values":{"loop":0,"result":"success woi berhasil dua"}}}

--- PASS: TestStrtolower (0.00s)
=== RUN   TestSubstr
512233350072 0700010220230614150549721391424021249469                                Plg.\,De'mo512233350072   R3  00002400051223          123            202107  2007202105072021000000358200000000000000000000035820000000000000000000284936000000284981000000358200202108  2008202105082021000000310440000000000000000000031044000000000000000000284981000000285020000000310440                        000000000000000000000000000000000000000000000000000000000000000000000000000000000000                        000000000000000000000000000000000000000000000000000000000000000000000000000000000000000000000000
{"pid":"cc786d9ecf624cc795f7312eb7aa3651","severity":"Debug","timestamp":"2025-05-02T16:17:24+0700","caller":"assigner.go:389","message":{"title":"ReadCommand","values":{"str":"substr(\"FINNET - MUAMALAT\\r\\nSlamat thn baru 2025 - Byr Sbelum tgl 20 \\\"Tag\\\" Tepat waktu:|Download PLN Mobile\", 0, 21)"}}}

{"pid":"cc786d9ecf624cc795f7312eb7aa3651","severity":"Debug","timestamp":"2025-05-02T16:17:24+0700","caller":"assigner.go:489","message":"send to coreReadCommand: \"\\\"FINNET - MUAMALAT\\\\r\\\\nSlamat thn baru 2025 - Byr Sbelum tgl 20 \\\\\\\"Tag\\\\\\\" Tepat waktu:|Download PLN Mobile\\\", 0, 21\""}

{"pid":"cc786d9ecf624cc795f7312eb7aa3651","severity":"Debug","timestamp":"2025-05-02T16:17:24+0700","caller":"assigner.go:389","message":{"title":"ReadCommand","values":{"str":"\"FINNET - MUAMALAT\\r\\nSlamat thn baru 2025 - Byr Sbelum tgl 20 \\\"Tag\\\" Tepat waktu:|Download PLN Mobile\", 0, 21"}}}

{"pid":"cc786d9ecf624cc795f7312eb7aa3651","severity":"Debug","timestamp":"2025-05-02T16:17:24+0700","caller":"assigner.go:496","message":"subArg: \"FINNET - MUAMALAT\\r\\nSlamat thn baru 2025 - Byr Sbelum tgl 20 \\\"Tag\\\" Tepat waktu:|Download PLN Mobile\", 0, 21"}

{"pid":"cc786d9ecf624cc795f7312eb7aa3651","severity":"Debug","timestamp":"2025-05-02T16:17:24+0700","caller":"assigner.go:500","message":{"title":"CALL substr: \"FINNET - MUAMALAT\\r\\nSlamat thn baru 2025 - Byr Sbelum tgl 20 \\\"Tag\\\" Tepat waktu:|Download PLN Mobile\", 0, 21","values":{"loop":0}}}

{"pid":"cc786d9ecf624cc795f7312eb7aa3651","severity":"Debug","timestamp":"2025-05-02T16:17:24+0700","caller":"assigner.go:578","message":{"title":"execute substr","values":{"loop":0,"param":"\"FINNET - MUAMALAT\\r\\nSlamat thn baru 2025 - Byr Sbelum tgl 20 \\\"Tag\\\" Tepat waktu:|Download PLN Mobile\", 0, 21"}}}

{"pid":"cc786d9ecf624cc795f7312eb7aa3651","severity":"Debug","timestamp":"2025-05-02T16:17:24+0700","caller":"assigner.go:637","message":{"title":"execute substr","values":{"loop":0,"result":"\"FINNET - MUAMALAT\r\n\""}}}

--- PASS: TestSubstr (0.00s)
=== RUN   TestTrim
{"pid":"8b26597818ed4501acca0ce06ba89e20","severity":"Debug","timestamp":"2025-05-02T16:17:24+0700","caller":"assigner.go:389","message":{"title":"ReadCommand","values":{"str":""}}}

{"pid":"8b26597818ed4501acca0ce06ba89e20","severity":"Debug","timestamp":"2025-05-02T16:17:24+0700","caller":"assigner.go:389","message":{"title":"ReadCommand","values":{"str":"trim(000070000, 0)"}}}

{"pid":"8b26597818ed4501acca0ce06ba89e20","severity":"Debug","timestamp":"2025-05-02T16:17:24+0700","caller":"assigner.go:489","message":"send to coreReadCommand: \"000070000, 0\""}

{"pid":"8b26597818ed4501acca0ce06ba89e20","severity":"Debug","timestamp":"2025-05-02T16:17:24+0700","caller":"assigner.go:389","message":{"title":"ReadCommand","values":{"str":"000070000, 0"}}}

{"pid":"8b26597818ed4501acca0ce06ba89e20","severity":"Debug","timestamp":"2025-05-02T16:17:24+0700","caller":"assigner.go:496","message":"subArg: 000070000, 0"}

{"pid":"8b26597818ed4501acca0ce06ba89e20","severity":"Debug","timestamp":"2025-05-02T16:17:24+0700","caller":"assigner.go:500","message":{"title":"CALL trim: 000070000, 0","values":{"loop":0}}}

{"pid":"8b26597818ed4501acca0ce06ba89e20","severity":"Debug","timestamp":"2025-05-02T16:17:24+0700","caller":"assigner.go:506","message":{"title":"execute trim","values":{"loop":0,"param":"000070000, 0"}}}

{"pid":"8b26597818ed4501acca0ce06ba89e20","severity":"Debug","timestamp":"2025-05-02T16:17:24+0700","caller":"trim.go:11","message":{"title":"Trim","values":{"arg0":"000070000","arg1":0}}}

{"pid":"8b26597818ed4501acca0ce06ba89e20","severity":"Debug","timestamp":"2025-05-02T16:17:24+0700","caller":"assigner.go:540","message":{"title":"execute trim","values":{"loop":0,"result":"7"}}}

{"pid":"8b26597818ed4501acca0ce06ba89e20","severity":"Debug","timestamp":"2025-05-02T16:17:24+0700","caller":"assigner.go:389","message":{"title":"ReadCommand","values":{"str":"trim(\"   hayo loooo   \")"}}}

{"pid":"8b26597818ed4501acca0ce06ba89e20","severity":"Debug","timestamp":"2025-05-02T16:17:24+0700","caller":"assigner.go:489","message":"send to coreReadCommand: \"\\\"   hayo loooo   \\\"\""}

{"pid":"8b26597818ed4501acca0ce06ba89e20","severity":"Debug","timestamp":"2025-05-02T16:17:24+0700","caller":"assigner.go:389","message":{"title":"ReadCommand","values":{"str":"   hayo loooo   "}}}

{"pid":"8b26597818ed4501acca0ce06ba89e20","severity":"Debug","timestamp":"2025-05-02T16:17:24+0700","caller":"assigner.go:496","message":"subArg: \"   hayo loooo   \""}

{"pid":"8b26597818ed4501acca0ce06ba89e20","severity":"Debug","timestamp":"2025-05-02T16:17:24+0700","caller":"assigner.go:500","message":{"title":"CALL trim: \"   hayo loooo   \"","values":{"loop":0}}}

{"pid":"8b26597818ed4501acca0ce06ba89e20","severity":"Debug","timestamp":"2025-05-02T16:17:24+0700","caller":"assigner.go:506","message":{"title":"execute trim","values":{"loop":0,"param":"   hayo loooo   "}}}

{"pid":"8b26597818ed4501acca0ce06ba89e20","severity":"Debug","timestamp":"2025-05-02T16:17:24+0700","caller":"trim.go:11","message":{"title":"Trim","values":{"arg0":"   hayo loooo   ","arg1":" "}}}

{"pid":"8b26597818ed4501acca0ce06ba89e20","severity":"Debug","timestamp":"2025-05-02T16:17:24+0700","caller":"assigner.go:540","message":{"title":"execute trim","values":{"loop":0,"result":"hayo loooo"}}}

{"pid":"8b26597818ed4501acca0ce06ba89e20","severity":"Debug","timestamp":"2025-05-02T16:17:24+0700","caller":"assigner.go:389","message":{"title":"ReadCommand","values":{"str":"trim(\"zzzzwoi taizzzzzz\", z)"}}}

{"pid":"8b26597818ed4501acca0ce06ba89e20","severity":"Debug","timestamp":"2025-05-02T16:17:24+0700","caller":"assigner.go:489","message":"send to coreReadCommand: \"\\\"zzzzwoi taizzzzzz\\\", z\""}

{"pid":"8b26597818ed4501acca0ce06ba89e20","severity":"Debug","timestamp":"2025-05-02T16:17:24+0700","caller":"assigner.go:389","message":{"title":"ReadCommand","values":{"str":"\"zzzzwoi taizzzzzz\", z"}}}

{"pid":"8b26597818ed4501acca0ce06ba89e20","severity":"Debug","timestamp":"2025-05-02T16:17:24+0700","caller":"assigner.go:496","message":"subArg: \"zzzzwoi taizzzzzz\", z"}

{"pid":"8b26597818ed4501acca0ce06ba89e20","severity":"Debug","timestamp":"2025-05-02T16:17:24+0700","caller":"assigner.go:500","message":{"title":"CALL trim: \"zzzzwoi taizzzzzz\", z","values":{"loop":0}}}

{"pid":"8b26597818ed4501acca0ce06ba89e20","severity":"Debug","timestamp":"2025-05-02T16:17:24+0700","caller":"assigner.go:506","message":{"title":"execute trim","values":{"loop":0,"param":"\"zzzzwoi taizzzzzz\", z"}}}

{"pid":"8b26597818ed4501acca0ce06ba89e20","severity":"Debug","timestamp":"2025-05-02T16:17:24+0700","caller":"trim.go:11","message":{"title":"Trim","values":{"arg0":"zzzzwoi taizzzzzz","arg1":"z"}}}

{"pid":"8b26597818ed4501acca0ce06ba89e20","severity":"Debug","timestamp":"2025-05-02T16:17:24+0700","caller":"assigner.go:540","message":{"title":"execute trim","values":{"loop":0,"result":"woi tai"}}}

{"pid":"8b26597818ed4501acca0ce06ba89e20","severity":"Debug","timestamp":"2025-05-02T16:17:24+0700","caller":"assigner.go:389","message":{"title":"ReadCommand","values":{"str":"trim()"}}}

{"pid":"8b26597818ed4501acca0ce06ba89e20","severity":"Debug","timestamp":"2025-05-02T16:17:24+0700","caller":"assigner.go:500","message":{"title":"CALL trim: ","values":{"loop":0}}}

{"pid":"8b26597818ed4501acca0ce06ba89e20","severity":"Debug","timestamp":"2025-05-02T16:17:24+0700","caller":"assigner.go:506","message":{"title":"execute trim","values":{"loop":0,"param":""}}}

{"pid":"8b26597818ed4501acca0ce06ba89e20","severity":"Debug","timestamp":"2025-05-02T16:17:24+0700","caller":"assigner.go:540","message":{"title":"execute trim","values":{"loop":0,"result":"invalid parameter"}}}

{"pid":"8b26597818ed4501acca0ce06ba89e20","severity":"Debug","timestamp":"2025-05-02T16:17:24+0700","caller":"assigner.go:389","message":{"title":"ReadCommand","values":{"str":"trim(007000, 0, 7)"}}}

{"pid":"8b26597818ed4501acca0ce06ba89e20","severity":"Debug","timestamp":"2025-05-02T16:17:24+0700","caller":"assigner.go:489","message":"send to coreReadCommand: \"007000, 0, 7\""}

{"pid":"8b26597818ed4501acca0ce06ba89e20","severity":"Debug","timestamp":"2025-05-02T16:17:24+0700","caller":"assigner.go:389","message":{"title":"ReadCommand","values":{"str":"007000, 0, 7"}}}

{"pid":"8b26597818ed4501acca0ce06ba89e20","severity":"Debug","timestamp":"2025-05-02T16:17:24+0700","caller":"assigner.go:496","message":"subArg: 007000, 0, 7"}

{"pid":"8b26597818ed4501acca0ce06ba89e20","severity":"Debug","timestamp":"2025-05-02T16:17:24+0700","caller":"assigner.go:500","message":{"title":"CALL trim: 007000, 0, 7","values":{"loop":0}}}

{"pid":"8b26597818ed4501acca0ce06ba89e20","severity":"Debug","timestamp":"2025-05-02T16:17:24+0700","caller":"assigner.go:506","message":{"title":"execute trim","values":{"loop":0,"param":"007000, 0, 7"}}}

{"pid":"8b26597818ed4501acca0ce06ba89e20","severity":"Debug","timestamp":"2025-05-02T16:17:24+0700","caller":"assigner.go:540","message":{"title":"execute trim","values":{"loop":0,"result":"invalid parameter"}}}

--- PASS: TestTrim (0.00s)
=== RUN   Test_Uuid
{"pid":"6647db6f1da24e53895dbfe55bafedfb","severity":"Debug","timestamp":"2025-05-02T16:17:24+0700","caller":"assigner.go:389","message":{"title":"ReadCommand","values":{"str":"uuid()"}}}

{"pid":"6647db6f1da24e53895dbfe55bafedfb","severity":"Debug","timestamp":"2025-05-02T16:17:24+0700","caller":"assigner.go:500","message":{"title":"CALL uuid: ","values":{"loop":0}}}

{"pid":"6647db6f1da24e53895dbfe55bafedfb","severity":"Debug","timestamp":"2025-05-02T16:17:24+0700","caller":"assigner.go:929","message":{"title":"execute uuid","values":{"loop":0,"param":""}}}

{"pid":"6647db6f1da24e53895dbfe55bafedfb","severity":"Debug","timestamp":"2025-05-02T16:17:24+0700","caller":"assigner.go:943","message":{"title":"execute uuid","values":{"loop":0,"result":"ecae2b18-6b19-4e1a-a05e-ad55094163e9"}}}

    uuid_test.go:42: input: uuid(), result: ecae2b18-6b19-4e1a-a05e-ad55094163e9, length: 36
--- PASS: Test_Uuid (0.00s)
PASS
ok  	github.com/zenmuharom/zenfunction/function	(cached)
